03-08 15:13:41.415  2578  2727 D NetworkController.WifiSignalController: notifyListener: visible=true, connected=true, inetCondition=1, isDefault=true, wifiTestReported=true, receivedInetCondition=-1, hideDuringMobileSwitching=false
03-08 15:13:41.415  7315  8402 I ChimeraSrvcProxy: NullBinder for android.net.action.RECOMMEND_NETWORKS triggering remote TransactionTooLargeException due to Service without Chimera impl
03-08 15:13:41.415  7315  8402 W .gms.persistent: Large reply transaction of 1056768 bytes, interface descriptor , code 1
03-08 15:13:41.416  1472  2376 D ConnectivityService:    accepting network in place of null
03-08 15:13:41.420  1472  2366 D WifiNetworkFactory: got request NetworkRequest [ REQUEST id=7859, [ Capabilities: INTERNET&NOT_RESTRICTED&TRUSTED&NOT_VCN_MANAGED Uid: 10451 RequestorUid: 10451 RequestorPkg: com.example.cmput301w24t33 UnderlyingNetworks: Null] ]
03-08 15:13:41.420  1472  2366 D UntrustedWifiNetworkFactory: got request NetworkRequest [ REQUEST id=7859, [ Capabilities: INTERNET&NOT_RESTRICTED&TRUSTED&NOT_VCN_MANAGED Uid: 10451 RequestorUid: 10451 RequestorPkg: com.example.cmput301w24t33 UnderlyingNetworks: Null] ]
03-08 15:13:41.420  1472  2366 D OemPaidWifiNetworkFactory: got request NetworkRequest [ REQUEST id=7859, [ Capabilities: INTERNET&NOT_RESTRICTED&TRUSTED&NOT_VCN_MANAGED Uid: 10451 RequestorUid: 10451 RequestorPkg: com.example.cmput301w24t33 UnderlyingNetworks: Null] ]
03-08 15:13:41.421  1472  2366 D MultiInternetWifiNetworkFactory: got request NetworkRequest [ REQUEST id=7859, [ Capabilities: INTERNET&NOT_RESTRICTED&TRUSTED&NOT_VCN_MANAGED Uid: 10451 RequestorUid: 10451 RequestorPkg: com.example.cmput301w24t33 UnderlyingNetworks: Null] ]
03-08 15:13:41.421  1472  2376 D ConnectivityService: Rematched networks [computed 0ms] [applied 2ms] [issued 3]
03-08 15:13:41.421  1472  2376 D ConnectivityService: NetworkReassignment :
03-08 15:13:41.421  1472  2376 D ConnectivityService:   7859 : null  162
03-08 15:13:41.436 26770 26770 D CompatibilityChangeReporter: Compat change id reported: 171979766; UID 10233; state: ENABLED
03-08 15:13:41.442 26652 26652 I Rubin   : [2] a7.c.d(SourceFile:2) : current version = 4 upgrade version = 4
03-08 15:13:41.443 26652 26652 I Rubin   : [2] z7.f.b(SourceFile:6) : checkForUI = false isGdprAffected = false isCMSFeatureSupported = true
03-08 15:13:41.443 26770 26770 D nativeloader: Configuring clns-4 for other apk /system/framework/org.apache.http.legacy.jar. target_sdk_version=34, uses_libraries=ALL, library_path=/data/app/~~qZfaCzdmQBABvXnJ95C3mA==/com.android.vending-p7X2hj1wUbHKwH1yuQ8RDA==/lib/arm64:/data/app/~~qZfaCzdmQBABvXnJ95C3mA==/com.android.vending-p7X2hj1wUbHKwH1yuQ8RDA==/base.apk!/lib/arm64-v8a:/data/app/~~qZfaCzdmQBABvXnJ95C3mA==/com.android.vending-p7X2hj1wUbHKwH1yuQ8RDA==/split_config.arm64_v8a.apk!/lib/arm64-v8a:/data/app/~~qZfaCzdmQBABvXnJ95C3mA==/com.android.vending-p7X2hj1wUbHKwH1yuQ8RDA==/split_config.en.apk!/lib/arm64-v8a:/data/app/~~qZfaCzdmQBABvXnJ95C3mA==/com.android.vending-p7X2hj1wUbHKwH1yuQ8RDA==/split_phonesky_data_loader.apk!/lib/arm64-v8a:/data/app/~~qZfaCzdmQBABvXnJ95C3mA==/com.android.vending-p7X2hj1wUbHKwH1yuQ8RDA==/split_phonesky_data_loader.config.arm64_v8a.apk!/lib/arm64-v8a, permitted_path=/data:/mnt/expand:/data/user/0/com.android.vending
03-08 15:13:41.443 26770 26770 D nativeloader: Extending system_exposed_libraries: libhumantracking.arcsoft.so:libPortraitDistortionCorrection.arcsoft.so:libPortraitDistortionCorrectionCali.arcsoft.so:libface_landmark.arcsoft.so:libFacialStickerEngine.arcsoft.so:libveengine.arcsoft.so:liblow_light_hdr.arcsoft.so:libhigh_dynamic_range.arcsoft.so:libFacialAttributeDetection.arcsoft.so:libBeauty_v4.camera.samsung.so:libexifa.camera.samsung.so:libjpega.camera.samsung.so:libOpenCv.camera.samsung.so:libImageScreener.camera.samsung.so:libMyFilter.camera.samsung.so:libtensorflowLite.myfilter.camera.samsung.so:libtensorflowlite_inference_api.myfilter.camera.samsung.so:libEventFinder.camera.samsung.so:libSmartScan.camera.samsung.so:libRectify.camera.samsung.so:libDocRectifyWrapper.camera.samsung.so:libUltraWideDistortionCorrection.camera.samsung.so:libWideDistortionCorrection.camera.samsung.so:libHpr_RecGAE_cvFeature_v1.0.camera.samsung.so:libHprFace_GAE_api.camera.samsung.so:libFace_Landmark_API.camera.samsung.so:libHprFace_GAE_jni.camera.samsung.so:libFacialBase
03-08 15:13:41.447  1472  2465 D NetdEventListenerService: DNS Requested by : 162, 10451
03-08 15:13:41.447  1472  2465 D NetdEventListenerService: DNS Requested by : 162, 10451
03-08 15:13:41.448 26652 26652 I Rubin   : [2] v7.f.o(SourceFile:3) : device rubin state : false -> false
03-08 15:13:41.448 26652 26652 I Rubin   : [2] z7.f.b(SourceFile:6) : checkForUI = false isGdprAffected = false isCMSFeatureSupported = true
03-08 15:13:41.451  1180  1180 I Zygote  : Process 26437 exited due to signal 9 (Killed)
03-08 15:13:41.452 30756 30902 I SamsungAccount: [OpenContentProvider] query tnc
03-08 15:13:41.452 30756 30902 I SamsungAccount: [AccountManagerUtil] isSamsungAccountSignedIn : true
03-08 15:13:41.452 30756 30902 I SamsungAccount: [SignatureCheckUtil] runCheckSignatureWithEmptyId
03-08 15:13:41.452  1472  2020 I libprocessgroup: Successfully killed process cgroup uid 10188 pid 26437 in 0ms
03-08 15:13:41.453 30756 30902 I SamsungAccount: [SignatureCheckUtil] runCheckSignatureAsync
03-08 15:13:41.453 30756 30902 I SamsungAccount: [SignaturePreconditionChecker] getSignatureResult - fromSesSdk : true
03-08 15:13:41.453 30756 30902 I SamsungAccount: [SignatureInfoDbHelper] getSignatureResult - [][rubin.app.]
03-08 15:13:41.454 30756 30902 I SamsungAccount: [SignatureInfoDbHelper] searchOnUser
03-08 15:13:41.456  1257 26470 I HYPER-HAL: [ResourceManager.cpp]removeResource(): [CPUMaxFreq] RemoveResource Request ID : 12784108
03-08 15:13:41.456  1257 26470 I HYPER-HAL: [RequestManager.cpp]releaseLocked(): Released ID : 12784108
03-08 15:13:41.458 30756 30902 I SamsungAccount: [SignatureInfoDbHelper] searchOnUser - [][rubin.app.][64/3291d] => matched
03-08 15:13:41.458 30756 30902 I SamsungAccount: [SignatureInfoDbHelper] search - matched
03-08 15:13:41.458 30756 30902 I SamsungAccount: [SignatureCheckUtil] runCheckSignatureAsync(fromDb) - matched
03-08 15:13:41.464 26652 26652 I Rubin   : [2] z7.f.b(SourceFile:6) : checkForUI = false isGdprAffected = false isCMSFeatureSupported = true
03-08 15:13:41.466  1244  3730 D vendor.qti.bluetooth@1.0-wake_lock: Release wakelock is released
03-08 15:13:41.476   603   603 I lmkd    : cached 2, sandbox(not0) 0
03-08 15:13:41.478 26652 26810 I Rubin   : [487] e8.b.c(SourceFile:2) : Reusing the existing key
03-08 15:13:41.479   603   603 I lmkd    : Reclaim 'com.samsung.android.samsungpass' (26486), uid 10112, oom_score_adj 945, state 19 to free 104084kB rss, 24432kb swap
03-08 15:13:41.479   603   603 I lmkd    : Reclaimed 128516kB at oom_score_adj 850
03-08 15:13:41.483 26770 26770 W ziparchive: Unable to open '/data/app/~~qZfaCzdmQBABvXnJ95C3mA==/com.android.vending-p7X2hj1wUbHKwH1yuQ8RDA==/split_config.arm64_v8a.dm': No such file or directory
03-08 15:13:41.483 26770 26770 W ziparchive: Unable to open '/data/app/~~qZfaCzdmQBABvXnJ95C3mA==/com.android.vending-p7X2hj1wUbHKwH1yuQ8RDA==/split_config.arm64_v8a.dm': No such file or directory
03-08 15:13:41.484 26770 26770 W android.vending: Entry not found
03-08 15:13:41.485 26770 26770 W ziparchive: Unable to open '/data/app/~~qZfaCzdmQBABvXnJ95C3mA==/com.android.vending-p7X2hj1wUbHKwH1yuQ8RDA==/split_config.en.dm': No such file or directory
03-08 15:13:41.485 26770 26770 W ziparchive: Unable to open '/data/app/~~qZfaCzdmQBABvXnJ95C3mA==/com.android.vending-p7X2hj1wUbHKwH1yuQ8RDA==/split_config.en.dm': No such file or directory
03-08 15:13:41.486 26770 26770 W android.vending: Entry not found
03-08 15:13:41.487 26770 26770 W ziparchive: Unable to open '/data/app/~~qZfaCzdmQBABvXnJ95C3mA==/com.android.vending-p7X2hj1wUbHKwH1yuQ8RDA==/split_phonesky_data_loader.dm': No such file or directory
03-08 15:13:41.487 26770 26770 W ziparchive: Unable to open '/data/app/~~qZfaCzdmQBABvXnJ95C3mA==/com.android.vending-p7X2hj1wUbHKwH1yuQ8RDA==/split_phonesky_data_loader.dm': No such file or directory
03-08 15:13:41.487 26770 26770 W android.vending: Entry not found
03-08 15:13:41.487 26770 26770 W ziparchive: Unable to open '/data/app/~~qZfaCzdmQBABvXnJ95C3mA==/com.android.vending-p7X2hj1wUbHKwH1yuQ8RDA==/split_phonesky_data_loader.config.arm64_v8a.dm': No such file or directory
03-08 15:13:41.487 26770 26770 W ziparchive: Unable to open '/data/app/~~qZfaCzdmQBABvXnJ95C3mA==/com.android.vending-p7X2hj1wUbHKwH1yuQ8RDA==/split_phonesky_data_loader.config.arm64_v8a.dm': No such file or directory
03-08 15:13:41.488 26770 26770 W android.vending: Entry not found
03-08 15:13:41.489   679   679 W keymaster_tee: [WRN]begin req PARAMS: A32 B2 P64
03-08 15:13:41.489 26361 26813 D TrafficStats: tagSocket(136) with statsTag=0xffffffff, statsUid=-1
03-08 15:13:41.489 26770 26770 D nativeloader: Configuring clns-5 for other apk /data/app/~~qZfaCzdmQBABvXnJ95C3mA==/com.android.vending-p7X2hj1wUbHKwH1yuQ8RDA==/base.apk:/data/app/~~qZfaCzdmQBABvXnJ95C3mA==/com.android.vending-p7X2hj1wUbHKwH1yuQ8RDA==/split_config.arm64_v8a.apk:/data/app/~~qZfaCzdmQBABvXnJ95C3mA==/com.android.vending-p7X2hj1wUbHKwH1yuQ8RDA==/split_config.en.apk:/data/app/~~qZfaCzdmQBABvXnJ95C3mA==/com.android.vending-p7X2hj1wUbHKwH1yuQ8RDA==/split_phonesky_data_loader.apk:/data/app/~~qZfaCzdmQBABvXnJ95C3mA==/com.android.vending-p7X2hj1wUbHKwH1yuQ8RDA==/split_phonesky_data_loader.config.arm64_v8a.apk. target_sdk_version=34, uses_libraries=, library_path=/data/app/~~qZfaCzdmQBABvXnJ95C3mA==/com.android.vending-p7X2hj1wUbHKwH1yuQ8RDA==/lib/arm64:/data/app/~~qZfaCzdmQBABvXnJ95C3mA==/com.android.vending-p7X2hj1wUbHKwH1yuQ8RDA==/base.apk!/lib/arm64-v8a:/data/app/~~qZfaCzdmQBABvXnJ95C3mA==/com.android.vending-p7X2hj1wUbHKwH1yuQ8RDA==/split_config.arm64_v8a.apk!/lib/arm64-v8a:/data/app/~~qZfaCzdmQBABvXnJ95C3mA==/com.android.vending-p7X2hj1wUbHK
03-08 15:13:41.495 26607 26607 I [PASS][SDK]h: onServiceDisconnected
03-08 15:13:41.495  1472  2020 I libprocessgroup: Successfully killed process cgroup uid 10112 pid 26486 in 0ms
03-08 15:13:41.496   679   679 D keymaster_swd: keymaster_swd [WRN] (swd_run_cb:257) swd_begin() returns 0
03-08 15:13:41.497  1180  1180 I Zygote  : Process 26486 exited due to signal 9 (Killed)
03-08 15:13:41.500   679   679 D keymaster_swd: keymaster_swd [WRN] (swd_run_cb:257) swd_update() returns 0
03-08 15:13:41.502 26607 26607 I [AUTHFW][PASS]AuthFwApp: otlv40
03-08 15:13:41.504   679   679 D keymaster_swd: keymaster_swd [WRN] (swd_run_cb:257) swd_finish() returns 0
03-08 15:13:41.506 26770 26770 V GraphicsEnvironment: ANGLE Developer option for 'com.android.vending' set to: 'default'
03-08 15:13:41.506 26770 26770 V GraphicsEnvironment: ANGLE GameManagerService for com.android.vending: false
03-08 15:13:41.506 12908 12908 I HBD     : g onCapabilityChanged  setNetworkState currentNetworkState : wifi
03-08 15:13:41.508 26770 26770 D NetworkSecurityConfig: No Network Security Config specified, using platform default
03-08 15:13:41.509 26770 26770 D NetworkSecurityConfig: No Network Security Config specified, using platform default
03-08 15:13:41.513 26361 26813 W .cmput301w24t33: Accessing hidden field Ljava/net/Socket;->impl:Ljava/net/SocketImpl; (unsupported, reflection, allowed)
03-08 15:13:41.517 26770 26770 I Finsky  : [2] krm.i(82): Process created at version: 39.9.31-31 [0] [PR] 610866660
03-08 15:13:41.532  1180  1180 D Zygote  : Forked child process 26825
03-08 15:13:41.533 26770 26822 I Finsky  : [457] agsk.bB(289): Finished reading experiment flags from file [0tGUNCGIkbk4o6-fQ335kUYSKwVj4lusnHT-A5Dsy08] numFlags=1597.
03-08 15:13:41.539 26770 26822 I Finsky  : [457] agsk.bB(289): Finished reading experiment flags from file [Se-xCc4LzNyh3UrKMIU2sUf-PUKz4oQEbpKZDMuaFno] numFlags=1905.
03-08 15:13:41.556 26825 26825 I ocess.gservices: Using CollectorTypeCC GC.
03-08 15:13:41.560 26825 26825 E ocess.gservices: Not starting debugger since process cannot load the jdwp agent.
03-08 15:13:41.575   603   603 I lmkd    : cached 2, sandbox(not0) 0
03-08 15:13:41.575 26825 26825 D ActivityThread: setConscryptValidator
03-08 15:13:41.575 26825 26825 D ActivityThread: setConscryptValidator - put
03-08 15:13:41.577   603   603 I lmkd    : Reclaim 'com.brave.browser' (26554), uid 10423, oom_score_adj 925, state 19 to free 114296kB rss, 24624kb swap
03-08 15:13:41.577   603   603 I lmkd    : Reclaimed 138920kB at oom_score_adj 850
03-08 15:13:41.584 26361 26813 W .cmput301w24t33: Accessing hidden method Ljava/security/spec/ECParameterSpec;->setCurveName(Ljava/lang/String;)V (unsupported, reflection, allowed)
03-08 15:13:41.597 26825 26825 D CompatibilityChangeReporter: Compat change id reported: 171979766; UID 10231; state: ENABLED
03-08 15:13:41.600  1472  2020 I libprocessgroup: Successfully killed process cgroup uid 10423 pid 26554 in 0ms
03-08 15:13:41.600  1180  1180 I Zygote  : Process 26554 exited due to signal 9 (Killed)
03-08 15:13:41.603 26607 26607 I [AUTHFW][PASS]AuthFwApp: otlv60
03-08 15:13:41.607 26825 26825 D nativeloader: Configuring clns-shared-4 for other apk /system/framework/org.apache.http.legacy.jar. target_sdk_version=33, uses_libraries=ALL, library_path=/system/system_ext/priv-app/GoogleServicesFramework/lib/arm64:/system/system_ext/priv-app/GoogleServicesFramework/GoogleServicesFramework.apk!/lib/arm64-v8a:/system/lib64:/system/system_ext/lib64, permitted_path=/data:/mnt/expand:/data/user/0/com.google.android.gsf:/system/system_ext/priv-app/GoogleServicesFramework:/system/lib64:/system/system_ext/lib64
03-08 15:13:41.607 26825 26825 D nativeloader: Extending system_exposed_libraries: libhumantracking.arcsoft.so:libPortraitDistortionCorrection.arcsoft.so:libPortraitDistortionCorrectionCali.arcsoft.so:libface_landmark.arcsoft.so:libFacialStickerEngine.arcsoft.so:libveengine.arcsoft.so:liblow_light_hdr.arcsoft.so:libhigh_dynamic_range.arcsoft.so:libFacialAttributeDetection.arcsoft.so:libBeauty_v4.camera.samsung.so:libexifa.camera.samsung.so:libjpega.camera.samsung.so:libOpenCv.camera.samsung.so:libImageScreener.camera.samsung.so:libMyFilter.camera.samsung.so:libtensorflowLite.myfilter.camera.samsung.so:libtensorflowlite_inference_api.myfilter.camera.samsung.so:libEventFinder.camera.samsung.so:libSmartScan.camera.samsung.so:libRectify.camera.samsung.so:libDocRectifyWrapper.camera.samsung.so:libUltraWideDistortionCorrection.camera.samsung.so:libWideDistortionCorrection.camera.samsung.so:libHpr_RecGAE_cvFeature_v1.0.camera.samsung.so:libHprFace_GAE_api.camera.samsung.so:libFace_Landmark_API.camera.samsung.so:libHprFace_GAE_jni.camera.samsung.so:libFacialBase
03-08 15:13:41.611 26825 26825 D nativeloader: Configuring clns-shared-5 for other apk /system/system_ext/priv-app/GoogleServicesFramework/GoogleServicesFramework.apk. target_sdk_version=33, uses_libraries=, library_path=/system/system_ext/priv-app/GoogleServicesFramework/lib/arm64:/system/system_ext/priv-app/GoogleServicesFramework/GoogleServicesFramework.apk!/lib/arm64-v8a:/system/lib64:/system/system_ext/lib64, permitted_path=/data:/mnt/expand:/data/user/0/com.google.android.gsf:/system/system_ext/priv-app/GoogleServicesFramework:/system/lib64:/system/system_ext/lib64
03-08 15:13:41.621 26361 26361 I ViewInteraction: Checking 'MatchesViewAssertion{viewMatcher=(view has effective visibility <VISIBLE> and view.getGlobalVisibleRect() to return non-empty rectangle)}' assertion on view view.getId() is <2131230797/com.example.cmput301w24t33:id/admin_events_layout>
03-08 15:13:41.624 26825 26825 V GraphicsEnvironment: ANGLE Developer option for 'com.google.android.gsf' set to: 'default'
03-08 15:13:41.625 26825 26825 V GraphicsEnvironment: ANGLE GameManagerService for com.google.android.gsf: false
03-08 15:13:41.627 26825 26825 D NetworkSecurityConfig: No Network Security Config specified, using platform default
03-08 15:13:41.627 26361 26361 I ViewInteraction: Performing 'single click' action on view view.getId() is <2131231335/com.example.cmput301w24t33:id/view_events_back_button>
03-08 15:13:41.628 26825 26825 D NetworkSecurityConfig: No Network Security Config specified, using platform default
03-08 15:13:41.629  1472  1504 D InputDispatcher: Inject motion (26361/10451): action=0x0, time=154413877000000, f=0x0, d=0 dsdx=1.000000 dtdx=0.000000
03-08 15:13:41.630  1472  2259 I InputDispatcher: Delivering touch to (2578): action: 0x4, f=0x0, d=0, '296f76f', t=0
03-08 15:13:41.630  1472  2259 I InputDispatcher: Delivering touch to (26361): action: 0x0, f=0x0, d=0, '18176f7', t=0
03-08 15:13:41.631  1472  1877 I GestureDetector: obtain mCurrentDownEvent. id: -335912903 caller: com.android.server.wm.SystemGesturesPointerEventListener.onPointerEvent:203 com.android.server.wm.PointerEventDispatcher.onInputEvent:53 android.view.InputEventReceiver.dispatchInputEvent:285
03-08 15:13:41.631  1472  1877 I GestureDetector: obtain mCurrentDownEvent. id: -335912903 caller: com.android.server.wm.SystemPerformancePointerEventListener.onPointerEvent:89 com.android.server.wm.PointerEventDispatcher.onInputEvent:53 android.view.InputEventReceiver.dispatchInputEvent:285
03-08 15:13:41.632 26361 26361 I ViewRootImpl@311210d[Admin]: ViewPostIme pointer 0
03-08 15:13:41.633 26825 26825 I GservicesProvider: Gservices pushing to system: true; secure/global: true
03-08 15:13:41.638 26825 26849 E GmsClient: unable to connect to service: com.google.android.gms.gservices.START on com.google.android.gms
03-08 15:13:41.655  1244  3899 I vendor.qti.bluetooth@1.0-ibs_handler: ProcessIbsCmd: Received IBS_WAKE_IND: 0xFD
03-08 15:13:41.655  1244  3899 D vendor.qti.bluetooth@1.0-ibs_handler: SerialClockVote: vote for UART CLK ON
03-08 15:13:41.656  1244  3899 D vendor.qti.bluetooth@1.0-wake_lock: Acquire wakelock is acquired
03-08 15:13:41.656  1244  3899 I vendor.qti.bluetooth@1.0-ibs_handler: ProcessIbsCmd: Writing IBS_WAKE_ACK
03-08 15:13:41.671  1472  5212 D InputDispatcher: Inject motion (26361/10451): action=0x1, time=154413918000000, f=0x0, d=0 dsdx=1.000000 dtdx=0.000000
03-08 15:13:41.671  1472  2259 I InputDispatcher: Delivering touch to (26361): action: 0x1, f=0x0, d=0, '18176f7', t=0
03-08 15:13:41.672 26361 26361 I ViewRootImpl@311210d[Admin]: ViewPostIme pointer 1
03-08 15:13:41.673  1472  1877 I GestureDetector: obtain mCurrentMotionEventRaw. action: 1 id: -387097676
03-08 15:13:41.673  1472  1877 I GestureDetector: obtain mCurrentMotionEventRaw. action: 1 id: -387097676
03-08 15:13:41.688 26770 26823 D CompatibilityChangeReporter: Compat change id reported: 183155436; UID 10233; state: ENABLED
03-08 15:13:41.699 26770 26823 I Finsky  : [458] agsk.bB(289): Finished reading experiment flags from file [zyior8vm0xYjTnbjBqbmVQgHO51tT_LlAmkwu91Lf94] numFlags=1914.
03-08 15:13:41.700 26770 26819 E Finsky  : [454] kpg.ar(65): Failed to get the task info for cold start.
03-08 15:13:41.701 26770 26770 I Finsky  : [2] krm.i(1012): Profiling: Starting up (0)
03-08 15:13:41.701  1244  3899 I vendor.qti.bluetooth@1.0-ibs_handler: ProcessIbsCmd: Received IBS_SLEEP_IND: 0xFE
03-08 15:13:41.701  1244  3899 D vendor.qti.bluetooth@1.0-ibs_handler: SerialClockVote: vote for UART CLK OFF
03-08 15:13:41.707   603   603 I lmkd    : cached 2, sandbox(not0) 0
03-08 15:13:41.707 26770 26823 I Finsky  : [458] agsk.bB(289): Finished reading experiment flags from file [pgOEtUAtpWQ-OHmjyOD8NsXSCAcV8C3b5Y3WTF8QUWI] numFlags=1913.
03-08 15:13:41.708 26770 26822 E debug   : provideWarmableValueStore
03-08 15:13:41.709 26770 26820 I Finsky  : [455] xev.<init>(69): xex - Registering in memory receiver for android.intent.action.PACKAGE_ADDED and android.intent.action.PACKAGE_REMOVED
03-08 15:13:41.709   603   603 I lmkd    : Reclaim 'com.samsung.android.messaging' (14488), uid 10115, oom_score_adj 910, state 18 to free 129532kB rss, 66004kb swap
03-08 15:13:41.710   603   603 I lmkd    : Reclaimed 195536kB at oom_score_adj 850
03-08 15:13:41.727 26770 26770 I Finsky  : [2] krm.i(1040): AsyncInit: Mandatory tasks are executed!
03-08 15:13:41.728 26770 26770 I Finsky  : [2] uuk.onTrimMemory(13): Memory trim requested to level 5
03-08 15:13:41.729 26770 26770 W Settings: Setting download_manager_max_bytes_over_mobile has moved from android.provider.Settings.Secure to android.provider.Settings.Global.
03-08 15:13:41.729 26770 26770 I Finsky  : [2] wlk.k(28): SettingNotFoundException, fall through to G.downloadBytesOverMobileMaximum
03-08 15:13:41.729 26770 26770 W Settings: Setting download_manager_recommended_max_bytes_over_mobile has moved from android.provider.Settings.Secure to android.provider.Settings.Global.
03-08 15:13:41.730 26770 26770 I Finsky  : [2] wlk.j(31): SettingNotFoundException, fall through to G.downloadBytesOverMobileRecommended
03-08 15:13:41.751 26770 26770 I Finsky  : [2] jzz.j(307): This process start was not selected for Play memory metrics collection.
03-08 15:13:41.756 26770 26863 D cr_HttpFlagsLoader: [Handler.java:942] Not loading HTTP flags because they are disabled in the manifest
03-08 15:13:41.757 26770 26819 I Finsky  : [454] muc.f(38): Subscription detail: DataSubscriptionInfo{groupIdLevel1=4B4F, serviceProviderName=[TRao4LDilAkygMcEI1xreCKSyApJoo9Zq5fr_7Q_48c], simCarrierId=2020}
03-08 15:13:41.758  1472  1504 D PackageManager: setEnabledSetting : userId = 0 packageName = com.android.vending cmp = com.android.vending.AssetBrowserActivity newState = 1 callingPackage = 10233/com.android.vending
03-08 15:13:41.758  1472  1504 D ApplicationPolicy: getApplicationStateEnabled : pkg = com.android.vending userId : 0
03-08 15:13:41.761  1472  1504 D ApplicationPolicy: getApplicationComponentState : pkg = com.android.vending userId : 0
03-08 15:13:41.764  1472  2685 D InputTransport: Input channel destroyed: 'ClientS', fd=949
03-08 15:13:41.766  1472  2020 I libprocessgroup: Successfully killed process cgroup uid 10115 pid 14488 in 0ms
03-08 15:13:41.767  3185  3664 I CapabilityServiceEventListener<0>: unregisterListener: com.sec.internal.ims.servicemodules.options.SemCapabilityDiscoveryService$CapabilityServiceEventCallBack@c5aaafc
03-08 15:13:41.769  1180  1180 I Zygote  : Process 14488 exited due to signal 9 (Killed)
03-08 15:13:41.769 26770 26861 I Finsky  : [473] aixr.<init>(4): VerifyApps: Setup app restrictions monitor
03-08 15:13:41.774  1472  3480 D PackageManager: setEnabledSetting : userId = 0 packageName = com.android.vending cmp = com.google.android.finsky.activities.DebugActivity newState = 2 callingPackage = 10233/com.android.vending
03-08 15:13:41.775 26770 26861 I Finsky  : [473] ajes.a(32): VerifyApps: Device wide unknown source restriction updated
03-08 15:13:41.777 26770 26863 D ConnectivityManager: StackLog: [android.net.ConnectivityManager.sendRequestForNetwork(ConnectivityManager.java:4359)] [android.net.ConnectivityManager.registerDefaultNetworkCallbackForUid(ConnectivityManager.java:4923)] [android.net.ConnectivityManager.registerDefaultNetworkCallback(ConnectivityManager.java:4890)] [bchg.b(PG:33)] [bcha.<init>(PG:85)] [org.chromium.net.NetworkChangeNotifier.g(PG:14)] [org.chromium.net.impl.CronetLibraryLoader.b(PG:709)] [arqj.run(PG:7)]
03-08 15:13:41.779  1472  4570 D ConnectivityService: requestNetwork for uid/pid:10233/26770 activeRequest: null callbackRequest: 7860 [NetworkRequest [ REQUEST id=7861, [ Capabilities: INTERNET&NOT_RESTRICTED&TRUSTED&NOT_VCN_MANAGED Uid: 10233 RequestorUid: 10233 RequestorPkg: com.android.vending UnderlyingNetworks: Null] ]] callback flags: 0 order: 2147483647
03-08 15:13:41.779  1472  2376 D ConnectivityService:    accepting network in place of null
03-08 15:13:41.781  1472  2366 D WifiNetworkFactory: got request NetworkRequest [ REQUEST id=7861, [ Capabilities: INTERNET&NOT_RESTRICTED&TRUSTED&NOT_VCN_MANAGED Uid: 10233 RequestorUid: 10233 RequestorPkg: com.android.vending UnderlyingNetworks: Null] ]
03-08 15:13:41.781  1472  2376 D ConnectivityService: Rematched networks [computed 0ms] [applied 1ms] [issued 1]
03-08 15:13:41.781  1472  2376 D ConnectivityService: NetworkReassignment :
03-08 15:13:41.781  1472  2376 D ConnectivityService:   7861 : null  162
03-08 15:13:41.781  1472  2366 D UntrustedWifiNetworkFactory: got request NetworkRequest [ REQUEST id=7861, [ Capabilities: INTERNET&NOT_RESTRICTED&TRUSTED&NOT_VCN_MANAGED Uid: 10233 RequestorUid: 10233 RequestorPkg: com.android.vending UnderlyingNetworks: Null] ]
03-08 15:13:41.781  1472  2366 D OemPaidWifiNetworkFactory: got request NetworkRequest [ REQUEST id=7861, [ Capabilities: INTERNET&NOT_RESTRICTED&TRUSTED&NOT_VCN_MANAGED Uid: 10233 RequestorUid: 10233 RequestorPkg: com.android.vending UnderlyingNetworks: Null] ]
03-08 15:13:41.781  1472  2366 D MultiInternetWifiNetworkFactory: got request NetworkRequest [ REQUEST id=7861, [ Capabilities: INTERNET&NOT_RESTRICTED&TRUSTED&NOT_VCN_MANAGED Uid: 10233 RequestorUid: 10233 RequestorPkg: com.android.vending UnderlyingNetworks: Null] ]
03-08 15:13:41.783 26770 26861 I Finsky  : [473] sze.<init>(46): Item store provider started.
03-08 15:13:41.784 26770 26863 D ConnectivityManager: StackLog: [android.net.ConnectivityManager.sendRequestForNetwork(ConnectivityManager.java:4359)] [android.net.ConnectivityManager.sendRequestForNetwork(ConnectivityManager.java:4401)] [android.net.ConnectivityManager.registerNetworkCallback(ConnectivityManager.java:4783)] [bchg.b(PG:118)] [bcha.<init>(PG:85)] [org.chromium.net.NetworkChangeNotifier.g(PG:14)] [org.chromium.net.impl.CronetLibraryLoader.b(PG:709)] [arqj.run(PG:7)]
03-08 15:13:41.786 26770 26821 I Finsky  : [456] kpg.R(306): com.google.android.finsky.rubiks.cubes.activity.CubesActivityLauncher is COMPONENT_ENABLED_STATE_DEFAULT.
03-08 15:13:41.786 26770 26821 I Finsky  : [456] kpg.R(306): com.google.android.finsky.rubiks.cubes.widget.CubesAppWidgetProvider is COMPONENT_ENABLED_STATE_DEFAULT.
03-08 15:13:41.786 26770 26821 I Finsky  : [456] kpg.R(306): com.google.android.finsky.rubiks.cubes.widget.ContentForwardWidgetProvider is COMPONENT_ENABLED_STATE_DEFAULT.
03-08 15:13:41.787 26770 26821 I Finsky  : [456] kpg.R(306): com.google.android.finsky.rubiks.cubes.activity.CubesActivity is COMPONENT_ENABLED_STATE_DEFAULT.
03-08 15:13:41.787 26770 26861 I Finsky  : [473] tzt.s(77): Enqueuing libraries load for -99133906
03-08 15:13:41.788  1472  2376 D ConnectivityService: Rematched networks [computed 0ms] [applied 1ms] [issued 1]
03-08 15:13:41.788  1472  2376 D ConnectivityService: NetworkReassignment : no changes
03-08 15:13:41.788 26770 26871 I Finsky  : [481] tzt.t(14): Starting libraries load for -99133906
03-08 15:13:41.789 26770 26822 I cr_CronetLibraryLoader: Cronet version: 122.0.6238.3, arch: aarch64
03-08 15:13:41.794  1472  5017 D PackageManager: setEnabledSetting : userId = 0 packageName = com.android.vending cmp = com.google.android.finsky.systemcomponentupdateui.common.SystemComponentUpdateActivity newState = 0 callingPackage = 10233/com.android.vending
03-08 15:13:41.795  1472  5017 D ApplicationPolicy: getApplicationStateEnabled : pkg = com.android.vending userId : 0
03-08 15:13:41.796  1472  5017 D ApplicationPolicy: getApplicationComponentState : pkg = com.android.vending userId : 0
03-08 15:13:41.796 26770 26856 I Finsky  : [468] xds.run(372): SysCUA: Set {com.android.vending/com.google.android.finsky.systemcomponentupdateui.common.SystemComponentUpdateActivity} enabled state to 0
03-08 15:13:41.801 26770 26822 D bcjy    : Failed to get store_server_configs_in_properties options: No value for store_server_configs_in_properties
03-08 15:13:41.801  1472  5017 D PackageManager: setEnabledSetting : userId = 0 packageName = com.android.vending cmp = com.google.android.finsky.systemupdateactivity.SystemUpdateActivity newState = 1 callingPackage = 10233/com.android.vending
03-08 15:13:41.801 26770 26822 D bcjy    : Failed to get max_server_configs_stored_in_properties options: No value for max_server_configs_stored_in_properties
03-08 15:13:41.801 26770 26822 D bcjy    : Failed to get goaway_sessions_on_ip_change options: No value for goaway_sessions_on_ip_change
03-08 15:13:41.802 26770 26822 D bcjy    : Failed to get close_sessions_on_ip_change options: No value for close_sessions_on_ip_change
03-08 15:13:41.802 26770 26822 D bcjy    : Failed to get migrate_sessions_on_network_change_v2 options: No value for migrate_sessions_on_network_change_v2
03-08 15:13:41.802 26770 26822 D bcjy    : Failed to get migrate_sessions_early_v2 options: No value for migrate_sessions_early_v2
03-08 15:13:41.802 26770 26822 D bcjy    : Failed to get disable_bidirectional_streams options: No value for disable_bidirectional_streams
03-08 15:13:41.802 26770 26822 D bcjy    : Failed to get max_time_before_crypto_handshake_seconds options: No value for max_time_before_crypto_handshake_seconds
03-08 15:13:41.802  1472  3480 D PackageManager: setEnabledSetting : userId = 0 packageName = com.android.vending cmp = com.google.android.finsky.remotesetup.PlayRemoteSetupActivity newState = 0 callingPackage = 10233/com.android.vending
03-08 15:13:41.802 26770 26822 D bcjy    : Failed to get max_idle_time_before_crypto_handshake_seconds options: No value for max_idle_time_before_crypto_handshake_seconds
03-08 15:13:41.802 26770 26822 D bcjy    : Failed to get enable_socket_recv_optimization options: No value for enable_socket_recv_optimization
03-08 15:13:41.802 26770 26822 D bcjy    : Failed to get AsyncDNS options: No value for AsyncDNS
03-08 15:13:41.802 26770 26822 D bcjy    : Failed to get max_stale_uses options: No value for max_stale_uses
03-08 15:13:41.802  1472  5017 D ApplicationPolicy: getApplicationStateEnabled : pkg = com.android.vending userId : 0
03-08 15:13:41.802 26770 26822 D bcjy    : Failed to get persist_to_disk options: No value for persist_to_disk
03-08 15:13:41.802 26770 26822 D bcjy    : Failed to get persist_delay_ms options: No value for persist_delay_ms
03-08 15:13:41.802 26770 26822 D bcjy    : Failed to get use_stale_on_name_not_resolved options: No value for use_stale_on_name_not_resolved
03-08 15:13:41.802 26770 26822 D bcjy    : Failed to get disable_ipv6_on_wifi options: No value for disable_ipv6_on_wifi
03-08 15:13:41.802  1472  5017 D ApplicationPolicy: getApplicationComponentState : pkg = com.android.vending userId : 0
03-08 15:13:41.804  1472  3480 D ApplicationPolicy: getApplicationStateEnabled : pkg = com.android.vending userId : 0
03-08 15:13:41.804  1472  3480 D ApplicationPolicy: getApplicationComponentState : pkg = com.android.vending userId : 0
03-08 15:13:41.805 26770 26860 I Finsky  : [472] xds.run(331): SysUA: Set SystemUpdateActivity enabled state to 1
03-08 15:13:41.807  1472  2465 D NetdEventListenerService: DNS Requested by : 162, 10233
03-08 15:13:41.808 26770 26856 I Finsky  : [468] xds.run(627): RemoteSetup: Set {com.android.vending/com.google.android.finsky.remotesetup.PlayRemoteSetupActivity} enabled state to 0
03-08 15:13:41.809  1472  6022 D PackageManager: setEnabledSetting : userId = 0 packageName = com.android.vending cmp = com.google.android.finsky.hibernation.impl.UnhibernateActivity newState = 1 callingPackage = 10233/com.android.vending
03-08 15:13:41.810  1472  6022 D ApplicationPolicy: getApplicationStateEnabled : pkg = com.android.vending userId : 0
03-08 15:13:41.810  1472  6022 D ApplicationPolicy: getApplicationComponentState : pkg = com.android.vending userId : 0
03-08 15:13:41.811 26770 26856 I Finsky  : [468] np.run(126): Set UnhibernateActivity enabled state to 1
03-08 15:13:41.814 26770 26821 I Finsky  : [456] apcf.e(7): registerListener
03-08 15:13:41.815 26770 26821 I Finsky  : [456] apcf.e(7): registerListener
03-08 15:13:41.820 26770 26770 I Finsky  : [2] xex.g(1): xex - Received: android.intent.action.PACKAGE_CHANGED, [4Ngwt9Ypi0-ZK_wmdpFIgx3rEifDNxxGyenyP1rVMxQ]
03-08 15:13:41.821  1472  2465 D NetdEventListenerService: DNS Requested by : 162, 10233
03-08 15:13:41.825  1180  1180 D Zygote  : Forked child process 26898
03-08 15:13:41.826  1472  2465 D NetdEventListenerService: DNS Requested by : 162, 10233
03-08 15:13:41.844  1472  2465 D NetdEventListenerService: DNS Requested by : 162, 10233
03-08 15:13:41.847 26898 26898 I e.process.gapps: Using CollectorTypeCC GC.
03-08 15:13:41.852  1244  3730 D vendor.qti.bluetooth@1.0-wake_lock: Release wakelock is released
03-08 15:13:41.857 26770 26871 I Finsky  : [481] tzt.t(284): Loaded library for account: [41ELlJhGcG_olllDdByoN7XCLDWWfZwsDhxGYyWumKQ]
03-08 15:13:41.858 26770 26871 I Finsky  : [481] tzt.t(284): Loaded library for account: [FDZ5mQ3WUZJk8cxsR8iewwxd8Udmv0OCy1529JXaSIw]
03-08 15:13:41.858 26770 26871 I Finsky  : [481] tzt.t(353): Finished loading 2 libraries.
03-08 15:13:41.862 26898 26898 E e.process.gapps: Not starting debugger since process cannot load the jdwp agent.
03-08 15:13:41.866 26898 26898 D ActivityThread: setConscryptValidator
03-08 15:13:41.866 26898 26898 D ActivityThread: setConscryptValidator - put
03-08 15:13:41.878 26770 26770 I Finsky  : [2] kkt.f(9): AIM: AppInfoCacheUpdater -> invalidating apps: [com.example.cmput301w24t33]
03-08 15:13:41.878 26770 26770 I Finsky  : [2] klk.a(26): AIM: AppInfoManager-Perf > Creating AppInfoManager ...
03-08 15:13:41.879 26898 26898 D CompatibilityChangeReporter: Compat change id reported: 171979766; UID 10231; state: ENABLED
03-08 15:13:41.885 26770 26770 I Finsky  : [2] kli.g(21): AIM: AppInfoManager-Perf > getApps > called for 1 apps
03-08 15:13:41.886 26770 26924 I Finsky  : [501] ons.accept(113): Wrote row to frosting DB: 139265
03-08 15:13:41.890 26770 26860 I Finsky  : [472] kmo.a(55): AIM: AppInfoManager-Perf > OnDeviceAppInfo > cacheHitCount=0, cacheMissCount=1. Missed  in cache (limit 10) : [com.example.cmput301w24t33]
03-08 15:13:41.899 26770 26924 I Finsky  : [501] ons.accept(113): Wrote row to frosting DB: 139266
03-08 15:13:41.899 26898 26898 D nativeloader: Configuring clns-shared-4 for other apk /system/framework/org.apache.http.legacy.jar. target_sdk_version=33, uses_libraries=ALL, library_path=/system/system_ext/priv-app/GoogleServicesFramework/lib/arm64:/system/system_ext/priv-app/GoogleServicesFramework/GoogleServicesFramework.apk!/lib/arm64-v8a:/system/lib64:/system/system_ext/lib64, permitted_path=/data:/mnt/expand:/data/user/0/com.google.android.gsf:/system/system_ext/priv-app/GoogleServicesFramework:/system/lib64:/system/system_ext/lib64
03-08 15:13:41.899 26898 26898 D nativeloader: Extending system_exposed_libraries: libhumantracking.arcsoft.so:libPortraitDistortionCorrection.arcsoft.so:libPortraitDistortionCorrectionCali.arcsoft.so:libface_landmark.arcsoft.so:libFacialStickerEngine.arcsoft.so:libveengine.arcsoft.so:liblow_light_hdr.arcsoft.so:libhigh_dynamic_range.arcsoft.so:libFacialAttributeDetection.arcsoft.so:libBeauty_v4.camera.samsung.so:libexifa.camera.samsung.so:libjpega.camera.samsung.so:libOpenCv.camera.samsung.so:libImageScreener.camera.samsung.so:libMyFilter.camera.samsung.so:libtensorflowLite.myfilter.camera.samsung.so:libtensorflowlite_inference_api.myfilter.camera.samsung.so:libEventFinder.camera.samsung.so:libSmartScan.camera.samsung.so:libRectify.camera.samsung.so:libDocRectifyWrapper.camera.samsung.so:libUltraWideDistortionCorrection.camera.samsung.so:libWideDistortionCorrection.camera.samsung.so:libHpr_RecGAE_cvFeature_v1.0.camera.samsung.so:libHprFace_GAE_api.camera.samsung.so:libFace_Landmark_API.camera.samsung.so:libHprFace_GAE_jni.camera.samsung.so:libFacialBase
03-08 15:13:41.903 26898 26898 D nativeloader: Configuring clns-shared-5 for other apk /system/system_ext/priv-app/GoogleServicesFramework/GoogleServicesFramework.apk. target_sdk_version=33, uses_libraries=, library_path=/system/system_ext/priv-app/GoogleServicesFramework/lib/arm64:/system/system_ext/priv-app/GoogleServicesFramework/GoogleServicesFramework.apk!/lib/arm64-v8a:/system/lib64:/system/system_ext/lib64, permitted_path=/data:/mnt/expand:/data/user/0/com.google.android.gsf:/system/system_ext/priv-app/GoogleServicesFramework:/system/lib64:/system/system_ext/lib64
03-08 15:13:41.910 26361 26361 I ViewInteraction: Checking 'MatchesViewAssertion{viewMatcher=(view has effective visibility <VISIBLE> and view.getGlobalVisibleRect() to return non-empty rectangle)}' assertion on view view.getId() is <2131230795/com.example.cmput301w24t33:id/admin_activity>
03-08 15:13:41.916 26770 26770 I Finsky  : [2] rmf.x(24): Installer: Attempting to start installer
03-08 15:13:41.918 26770 26770 I Finsky  : [2] apcf.e(7): registerListener
03-08 15:13:41.919  1472  1882 I ChimeraSystemEventListener: appLaunchIntent package name is: com.example.cmput301w24t33.test
03-08 15:13:41.924 26770 26770 I Finsky  : [2] acju.<init>(239): Initializing pausers from value store.
03-08 15:13:41.925 26770 26770 I Finsky  : [2] acju.<init>(280): setup::RES: Callers (Pausers) in PauseUpdatesCallersValueStore: []
03-08 15:13:41.927 26770 26770 I Finsky  : [2] mub.onSubscriptionsChanged(6): onSubscriptionsChanged
03-08 15:13:41.928 26770 26770 I Finsky  : [2] uuk.onTrimMemory(13): Memory trim requested to level 60
03-08 15:13:41.928 26770 26770 I Finsky  : [2] uuj.accept(93): Flushing in-memory image cache
03-08 15:13:41.928  1472  3404 I SemDvfsHyPerManager: acquire hyper - AMS_APP_SWITCH/1472@18, type = -999
03-08 15:13:41.929  1257  1326 I HYPER-HAL: [RequestManager.cpp]acquire(): Acquired ID : 1110813  [1472 / 18]    HINT : AMS_APP_SWITCH    list :
03-08 15:13:41.930  1257  1326 I HYPER-HAL: [ResourceManager.cpp]updateResource(): [CPULittleMinFreq] UpdateResource Request ID : 1110813    Value : 1804800
03-08 15:13:41.930  1327  2296 I SurfaceFlinger: id=35373 createSurf, flag=24004, Task=3067#35373
03-08 15:13:41.931   603   603 I lmkd    : cached 2, sandbox(not0) 0
03-08 15:13:41.930  5044  5044 I SemDvfsHyPerManager: acquire hyper - APP_START_SHORT/5044@12, type = -999
03-08 15:13:41.932  1472  1877 I GestureDetector: handleMessage TAP
03-08 15:13:41.932   603   603 I lmkd    : Reclaim 'com.google.android.adservices.api' (26636), uid 10027, oom_score_adj 935, state 19 to free 84804kB rss, 24620kb swap
03-08 15:13:41.933   603   603 I lmkd    : Reclaimed 109424kB at oom_score_adj 850
03-08 15:13:41.934 26770 26770 I Finsky  : [2] rmf.Q(15): Installer: Installer kick - no action, not running yet
03-08 15:13:41.935  1472  1472 I GestureDetector: handleMessage TAP
03-08 15:13:41.935  1327  1414 I SurfaceFlinger: id=35374 createSurf, flag=80004, ActivityRecord{71f937a u0 com.example.cmput301w24t33.test/androidx.test.core.app.InstrumentationActivityInvoker$EmptyActivity} t3067}#35374
03-08 15:13:41.935 26898 26898 V GraphicsEnvironment: ANGLE Developer option for 'com.google.android.gsf' set to: 'default'
03-08 15:13:41.936 26898 26898 V GraphicsEnvironment: ANGLE GameManagerService for com.google.android.gsf: false
03-08 15:13:41.940  1180  1180 D Zygote  : Forked child process 26934
03-08 15:13:41.942  1257  1326 I HYPER-HAL: [ResourceManager.cpp]updateResource(): [CPUMinFreq] UpdateResource Request ID : 1110813    Value : 2208000
03-08 15:13:41.943  1257  1326 I HYPER-HAL: [RequestManager.cpp]acquire(): Acquired ID : 12784108  [5044 / 12]    HINT : APP_START    list : [TIMEOUT / 1500]
03-08 15:13:41.943  1257  1326 I HYPER-HAL: [ResourceManager.cpp]updateResource(): [CPUMaxFreq] UpdateResource Request ID : 12784108    Value : 2208000
03-08 15:13:41.948  1472  6022 I SemDvfsHyPerManager: acquire hyper - AMS_APP_LAUNCH/1472@15, type = -999
03-08 15:13:41.948  1257  1326 I HYPER-HAL: [RequestManager.cpp]acquire(): Acquired ID : 1106343  [1472 / 15]    HINT : AMS_APP_LAUNCH    list :
03-08 15:13:41.948  1257  1326 I HYPER-HAL: [ResourceManager.cpp]updateResource(): [CPULittleMinFreq] UpdateResource Request ID : 1106343    Value : 1804800
03-08 15:13:41.948  1257  1326 I HYPER-HAL: [ResourceManager.cpp]updateResource(): [CPUMinFreq] UpdateResource Request ID : 1106343    Value : 2208000
03-08 15:13:41.949  5044  5044 I SemDvfsHyPerManager: acquire hyper - APP_START/5044@14, type = -999
03-08 15:13:41.949 26898 26898 D NetworkSecurityConfig: No Network Security Config specified, using platform default
03-08 15:13:41.950 26898 26898 D NetworkSecurityConfig: No Network Security Config specified, using platform default
03-08 15:13:41.951  1257  1326 I HYPER-HAL: [RequestManager.cpp]acquire(): Acquired ID : 12794225  [5044 / 14]    HINT : APP_START    list :
03-08 15:13:41.951  1257  1326 I HYPER-HAL: [ResourceManager.cpp]updateResource(): [CPUMaxFreq] UpdateResource Request ID : 12794225    Value : 2208000
03-08 15:13:41.955 26361 26361 D LifecycleMonitor: Lifecycle status change: com.example.cmput301w24t33.activities.AdminActivity@4aaf27f in: PAUSED
03-08 15:13:41.956 26361 26361 V ActivityScenario: Update currentActivityStage to PAUSED, currentActivity=com.example.cmput301w24t33.activities.AdminActivity@4aaf27f
03-08 15:13:41.957  2578  2664 D NativeCustomFrequencyManager: [NativeCFMS] BpCustomFrequencyManager::BpCustomFrequencyManager()
03-08 15:13:41.960  3258  3258 I TopTaskTracker: onTaskMovedToFront : taskId = 3067
03-08 15:13:41.966  1472  3440 I AS.AudioService: uid:10333is using audio
03-08 15:13:41.967  1472  5017 D InputTransport: Input channel constructed: '42096c7', fd=902
03-08 15:13:41.967  1472  5017 D InputTransport: Input channel constructed: '42096c7', fd=921
03-08 15:13:41.967  1472  5017 D InputTransport: Input channel constructed: '42096c7', fd=938
03-08 15:13:41.968  1327  1414 I SurfaceFlinger: id=35375 createSurf, flag=80004, 42096c7 Splash Screen com.example.cmput301w24t33.test#35375
03-08 15:13:41.970  1472  5017 D InputTransport: Input channel destroyed: '42096c7', fd=938
03-08 15:13:41.972  2578  2656 D InsetsController: onStateChanged: InsetsState: {mDisplayFrame=Rect(0, 0 - 1080, 2400), mDisplayCutout=DisplayCutout{insets=Rect(0, 91 - 0, 0) waterfall=Insets{left=0, top=0, right=0, bottom=0} boundingRect={Bounds=[Rect(0, 0 - 0, 0), Rect(503, 0 - 577, 91), Rect(0, 0 - 0, 0), Rect(0, 0 - 0, 0)]} cutoutPathParserInfo={CutoutPathParserInfo{displayWidth=1080 displayHeight=2400 physicalDisplayWidth=1080 physicalDisplayHeight=2400 density={2.625} cutoutSpec={M 0,0 H -14.0952380952381 V 34.66666666666667 H 14.0952380952381 V 0 H 0 Z @dp} rotation={0} scale={1.0} physicalPixelDisplaySizeRatio={1.0}}}}, mRoundedCorners=RoundedCorners{[RoundedCorner{position=TopLeft, radius=84, center=Point(84, 84)}, RoundedCorner{position=TopRight, radius=84, center=Point(996, 84)}, RoundedCorner{position=BottomRight, radius=84, center=Point(996, 2316)}, RoundedCorner{position=BottomLeft, radius=84, center=Point(84, 2316)}]}  mRoundedCornerFrame=Rect(0, 0 - 1080, 2400), mPrivacyIndicatorBounds=PrivacyIndicatorBounds {static bounds=Rect(964, 0 - 1080, 91) rotation=0}, mSources= { InsetsSource: {mType=ITYPE_STATUS_BAR, mFrame=[0,0][1080,91], mVisible=true, mInsetsRoundedCornerFrame=false}, InsetsSource: {mType=ITYPE_NAVIGATION_BAR, mFrame=[0,2274][1080,2400], mVisible=true, mInsetsRoundedCornerFrame=false}, InsetsSource: {mType=ITYPE_LEFT_GESTURES, mFrame=[0,0][0,2400], mVisible=true, mInsetsRoundedCornerFrame=false}, InsetsSource: {mType=ITYPE_RIGHT_GESTURES, mFrame=[1080,0][1080,2400], mVisible=true, mInsetsRoundedCornerFrame=false}, InsetsSource: {mType=ITYPE_TOP_MANDATORY_GESTURES, mFrame=[0,0][1080,123], mVisible=true, mInsetsRoundedCornerFrame=false}, InsetsSource: {mType=ITYPE_BOTTOM_MANDATORY_GESTURES, mFrame=[0,2274][1080,2400], mVisible=true, mInsetsRoundedCornerFrame=false}, InsetsSource: {mType=ITYPE_LEFT_DISPLAY_CUTOUT, mFrame=[0,0][-100000,2400], mVisible=true, mInsetsRoundedCornerFrame=false}, InsetsSource: {mType=ITYPE_TOP_DISPLAY_CUTOUT, mFrame=[0,0][1080,91], mVisible=true, mInsetsRoundedCornerFrame=false}, InsetsSource: {mType=ITYPE_RIGHT_DISPLAY_CUTOUT, mFrame=[100000,0][1080,2400], mVisible=true, mInsetsRoundedCornerFrame=false}, InsetsSource: {mType=ITYPE_BOTTOM_DISPLAY_CUTOUT, mFrame=[0,100000][1080,2400], mVisible=true, mInsetsRoundedCornerFrame=false}, InsetsSource: {mType=ITYPE_TOP_TAPPABLE_ELEMENT, mFrame=[0,0][1080,91], mVisible=true, mInsetsRoundedCornerFrame=false}, InsetsSource: {mType=ITYPE_BOTTOM_TAPPABLE_ELEMENT, mFrame=[0,2274][1080,2400], mVisible=true, mInsetsRoundedCornerFrame=false}, InsetsSource: {mType=ITYPE_IME, mFrame=[0,0][0,0], mVisibleFrame=[0,1409][1080,2400], mVisible=false, mInsetsRoundedCornerFrame=false} } host=Splash Screen com.example.cmput301w24t33.test from=android.view.ViewRootImpl.setView:1732
03-08 15:13:41.973  2578  2656 I ViewRootImpl@8a64a32[test]: setView = android.widget.FrameLayout@16ad77e TM=true
03-08 15:13:41.973  1180  1180 I Zygote  : Process 26636 exited due to signal 9 (Killed)
03-08 15:13:41.974  2578  2656 I ViewRootImpl@8a64a32[test]: performTraversals params={(0,0)(fillxfill) sim={adjust=pan} ty=APPLICATION_STARTING fmt=TRANSLUCENT
03-08 15:13:41.974  2578  2656 I ViewRootImpl@8a64a32[test]:   fl=81030118
03-08 15:13:41.974  2578  2656 I ViewRootImpl@8a64a32[test]:   pfl=16000010
03-08 15:13:41.974  2578  2656 I ViewRootImpl@8a64a32[test]:   apr=LIGHT_STATUS_BARS LIGHT_NAVIGATION_BARS
03-08 15:13:41.974  2578  2656 I ViewRootImpl@8a64a32[test]:   bhv=DEFAULT
03-08 15:13:41.974  2578  2656 I ViewRootImpl@8a64a32[test]:   fitSides= naviIconColor=0}
03-08 15:13:41.975  2578  2656 I ViewRootImpl@8a64a32[test]: performTraversals mFirst=true windowShouldResize=true viewVisibilityChanged=false mForceNextWindowRelayout=false params={(0,0)(fillxfill) sim={adjust=pan} ty=APPLICATION_STARTING fmt=TRANSLUCENT
03-08 15:13:41.975  2578  2656 I ViewRootImpl@8a64a32[test]:   fl=81030118
03-08 15:13:41.975  2578  2656 I ViewRootImpl@8a64a32[test]:   pfl=16000010
03-08 15:13:41.975  2578  2656 I ViewRootImpl@8a64a32[test]:   apr=LIGHT_STATUS_BARS LIGHT_NAVIGATION_BARS
03-08 15:13:41.975  2578  2656 I ViewRootImpl@8a64a32[test]:   bhv=DEFAULT
03-08 15:13:41.975  2578  2656 I ViewRootImpl@8a64a32[test]:   fitSides= naviIconColor=0}
03-08 15:13:41.975  1472  5031 V WindowManager: Relayout Window{42096c7 u0 Splash Screen com.example.cmput301w24t33.test}: viewVisibility=0 req=1080x2400 d0
03-08 15:13:41.976  1327  1414 I SurfaceFlinger: id=35376 createSurf, flag=40004, Splash Screen com.example.cmput301w24t33.test$_2578#35376
03-08 15:13:41.984 26934 26934 I ding:background: Using CollectorTypeCC GC.
03-08 15:13:41.989 26934 26934 E ding:background: Not starting debugger since process cannot load the jdwp agent.
03-08 15:13:41.994  1472  5031 V WindowManager: Relayout hash=42096c7, pid=2578, syncId=-1: mAttrs={(0,0)(fillxfill) sim={adjust=pan} ty=APPLICATION_STARTING fmt=TRANSLUCENT
03-08 15:13:41.994  1472  5031 V WindowManager:   fl=81030118
03-08 15:13:41.994  1472  5031 V WindowManager:   pfl=16000010
03-08 15:13:41.994  1472  5031 V WindowManager:   apr=LIGHT_STATUS_BARS LIGHT_NAVIGATION_BARS
03-08 15:13:41.994  1472  5031 V WindowManager:   bhv=DEFAULT
03-08 15:13:41.994  1472  5031 V WindowManager:   fitSides= naviIconColor=0}
03-08 15:13:41.995  1472  1503 D InputDispatcher: Focus left window (0): 18176f7 com.example.cmput301w24t33/com.example.cmput301w24t33.activities.AdminActivity
03-08 15:13:41.996  2578  2656 I ViewRootImpl@8a64a32[test]: updateBlastSurfaceIfNeeded mBlastBufferQueue=null isSameSurfaceControl=false
03-08 15:13:41.997  2578  2656 I BLASTBufferQueue: new BLASTBufferQueue, mName= ViewRootImpl@8a64a32[test] mNativeObject= 0xb400007ce2105680 sc.mNativeObject= 0xb400007c52e5a440 caller= android.view.ViewRootImpl.updateBlastSurfaceIfNeeded:2909 android.view.ViewRootImpl.relayoutWindow:9847 android.view.ViewRootImpl.performTraversals:3884 android.view.ViewRootImpl.doTraversal:3116 android.view.ViewRootImpl$TraversalRunnable.run:10885 android.view.Choreographer$CallbackRecord.run:1301 android.view.Choreographer$CallbackRecord.run:1309 android.view.Choreographer.doCallbacks:923 android.view.Choreographer.doFrame:852 android.view.Choreographer$FrameDisplayEventReceiver.run:1283
03-08 15:13:41.997  2578  2656 I BLASTBufferQueue: update, w= 1080 h= 2400 mName = ViewRootImpl@8a64a32[test] mNativeObject= 0xb400007ce2105680 sc.mNativeObject= 0xb400007c52e5a440 format= -3 caller= android.graphics.BLASTBufferQueue.<init>:84 android.view.ViewRootImpl.updateBlastSurfaceIfNeeded:2909 android.view.ViewRootImpl.relayoutWindow:9847 android.view.ViewRootImpl.performTraversals:3884 android.view.ViewRootImpl.doTraversal:3116 android.view.ViewRootImpl$TraversalRunnable.run:10885
03-08 15:13:41.997  2578  2656 I ViewRootImpl@8a64a32[test]: Relayout returned: old=(0,0,1080,2400) new=(0,0,1080,2400) req=(1080,2400)0 dur=21 res=0x3 s={true 0xb400007c529ac000} ch=true seqId=0
03-08 15:13:41.998  2578  2656 I ViewRootImpl@8a64a32[test]: mThreadedRenderer.initialize() mSurface={isValid=true 0xb400007c529ac000} hwInitialized=true
03-08 15:13:41.998  2578  2664 D OpenGLRenderer: eglCreateWindowSurface
03-08 15:13:41.999  2578  2656 I ViewRootImpl@8a64a32[test]: reportNextDraw android.view.ViewRootImpl.performTraversals:4438 android.view.ViewRootImpl.doTraversal:3116 android.view.ViewRootImpl$TraversalRunnable.run:10885 android.view.Choreographer$CallbackRecord.run:1301 android.view.Choreographer$CallbackRecord.run:1309
03-08 15:13:41.999  2578  2656 I ViewRootImpl@8a64a32[test]: Setup new sync id=0
03-08 15:13:41.999  2578  2656 I ViewRootImpl@8a64a32[test]: Setting syncFrameCallback
03-08 15:13:41.999  2578  2656 I ViewRootImpl@8a64a32[test]: registerCallbacksForSync syncBuffer=false
03-08 15:13:41.999  2578  2711 I ViewRootImpl@8a64a32[test]: Received frameDrawingCallback syncResult=0 frameNum=1.
03-08 15:13:42.000  2578  2711 I ViewRootImpl@8a64a32[test]: Setting up sync and frameCommitCallback
03-08 15:13:42.004   603   603 I lmkd    : cached 2, sandbox(not0) 0
03-08 15:13:42.005  1472  2020 I libprocessgroup: Successfully killed process cgroup uid 10027 pid 26636 in 0ms
