03-08 15:13:39.881 26361 26459 I TestRunner: started: testAdminViewEvent(com.example.cmput301w24t33.AdminActivityUITest)
03-08 15:13:39.895 26361 26459 W Settings: Setting always_finish_activities has moved from android.provider.Settings.System to android.provider.Settings.Global, returning read-only value.
03-08 15:13:39.903   603   603 I lmkd    : cached 2, sandbox(not0) 0
03-08 15:13:39.905   603   603 I lmkd    : Reclaim 'com.samsung.android.app.appsedge' (25702), uid 10056, oom_score_adj 975, state 19 to free 82656kB rss, 24832kb swap
03-08 15:13:39.905   603   603 I lmkd    : Reclaimed 107488kB at oom_score_adj 850
03-08 15:13:39.905  1472  1882 I ChimeraSystemEventListener: appLaunchIntent package name is: com.example.cmput301w24t33
03-08 15:13:39.910  1327  3508 I SurfaceFlinger: id=35360 createSurf, flag=24004, Task=3066#35360
03-08 15:13:39.911  1472  3404 I SemDvfsHyPerManager: acquire hyper - AMS_APP_SWITCH/1472@18, type = -999
03-08 15:13:39.911  1257  1326 I HYPER-HAL: [RequestManager.cpp]acquire(): Acquired ID : 1110813  [1472 / 18]    HINT : AMS_APP_SWITCH    list :
03-08 15:13:39.912  1257  1326 I HYPER-HAL: [ResourceManager.cpp]updateResource(): [CPULittleMinFreq] UpdateResource Request ID : 1110813    Value : 1804800
03-08 15:13:39.912  1327  3508 I SurfaceFlinger: id=35361 createSurf, flag=80004, ActivityRecord{68828a4 u0 com.example.cmput301w24t33/.activities.Admin} t3066}#35361
03-08 15:13:39.916  5044  5044 I SemDvfsHyPerManager: acquire hyper - APP_START_SHORT/5044@12, type = -999
03-08 15:13:39.919  1472  5160 I SemDvfsHyPerManager: acquire hyper - AMS_APP_LAUNCH/1472@15, type = -999
03-08 15:13:39.920  3258  3258 I BaseActivity: removeActivityFlags, flags : 16
03-08 15:13:39.920  3258  3258 I BaseActivity: removeActivityFlags, flags : 6
03-08 15:13:39.920  3258  3258 I DragController: endDrag
03-08 15:13:39.920  3258  3258 W LauncherAppWidgetHost: setShouldListenFlag, mFlags:15 flag:resume on:false isFront:false
03-08 15:13:39.921  3258  3258 I SPayUpdater: updateSpayHandler launcher activity is paused false
03-08 15:13:39.924  5044  5044 I SemDvfsHyPerManager: acquire hyper - APP_START/5044@14, type = -999
03-08 15:13:39.926  1472  3440 I AS.AudioService: uid:10333is using audio
03-08 15:13:39.927  1472  5160 D InputDispatcher: Focused application(0): ActivityRecord{68828a4 u0 com.example.cmput301w24t33/.activities.Admin} t3066}
03-08 15:13:39.932  1472  2020 I libprocessgroup: Successfully killed process cgroup uid 10056 pid 25702 in 0ms
03-08 15:13:39.933  1180  1180 I Zygote  : Process 25702 exited due to signal 9 (Killed)
03-08 15:13:39.934  3258  3258 I TopTaskTracker: onTaskMovedToFront : taskId = 3066
03-08 15:13:39.936  1472  2391 D AS.MultiSoundManager: mForegroundUid = 10451
03-08 15:13:39.936 26361 26463 D OpenGLRenderer: RenderThread::requireGlContext()
03-08 15:13:39.938 26361 26463 I AdrenoGLES-0: QUALCOMM build                   : e1ac91e, I2b3b5fbd00
03-08 15:13:39.938 26361 26463 I AdrenoGLES-0: Build Date                       : 11/17/20
03-08 15:13:39.938 26361 26463 I AdrenoGLES-0: OpenGL ES Shader Compiler Version: EV031.32.02.06
03-08 15:13:39.938 26361 26463 I AdrenoGLES-0: Local Branch                     :
03-08 15:13:39.938 26361 26463 I AdrenoGLES-0: Remote Branch                    :
03-08 15:13:39.938 26361 26463 I AdrenoGLES-0: Remote Branch                    :
03-08 15:13:39.938 26361 26463 I AdrenoGLES-0: Reconstruct Branch               :
03-08 15:13:39.938 26361 26463 I AdrenoGLES-0: Build Config                     : S P 10.0.7 AArch64
03-08 15:13:39.938 26361 26463 I AdrenoGLES-0: Driver Path                      : /vendor/lib64/egl/libGLESv2_adreno.so
03-08 15:13:39.945  1472  2440 D TrafficStats: tagSocket(886) with statsTag=0xffffffff, statsUid=-1
03-08 15:13:39.945  1472  2465 D NetdEventListenerService: DNS Requested by : 162, 1000
03-08 15:13:39.948  1472  3678 I MediaSessionMonitor: Media session stopped : diffrent pkg
03-08 15:13:39.949 26361 26463 I AdrenoGLES-0: PFP: 0x016ee190, ME: 0x00000000
03-08 15:13:39.950  1273  1344 E ANDR-PERF-UTIL: Failed to update node /proc/3258/sched_low_latency with value 1
03-08 15:13:39.950  1273  1344 E ANDR-PERF-OPTSHANDLER: can't set low latency for tid 3258
03-08 15:13:39.950  1273  1344 E ANDR-PERF-RESOURCEQS: Failed to apply optimization [3, 52]
03-08 15:13:39.950  1273  1344 E ANDR-PERF-UTIL: Failed to update node /proc/5771/sched_low_latency with value 1
03-08 15:13:39.950  1273  1344 E ANDR-PERF-OPTSHANDLER: can't set low latency for tid 5771
03-08 15:13:39.950  1273  1344 E ANDR-PERF-RESOURCEQS: Failed to apply optimization [3, 52]
03-08 15:13:39.950  1273  1344 E ANDR-PERF-UTIL: Failed to update node /proc/5770/sched_low_latency with value 1
03-08 15:13:39.950  1273  1344 E ANDR-PERF-OPTSHANDLER: can't set low latency for tid 5770
03-08 15:13:39.950  1273  1344 E ANDR-PERF-RESOURCEQS: Failed to apply optimization [3, 52]
03-08 15:13:39.950  1273  1344 E ANDR-PERF-UTIL: Failed to update node /proc/5393/sched_low_latency with value 1
03-08 15:13:39.950  1273  1344 E ANDR-PERF-OPTSHANDLER: can't set low latency for tid 5393
03-08 15:13:39.950  1273  1344 E ANDR-PERF-RESOURCEQS: Failed to apply optimization [3, 52]
03-08 15:13:39.950  1273  1344 E ANDR-PERF-UTIL: Failed to read /proc/sys/kernel/walt_low_latency_task_threshold
03-08 15:13:39.950  1273  1344 E ANDR-PERF-OPTSHANDLER: Failed to read /proc/sys/kernel/walt_low_latency_task_threshold
03-08 15:13:39.950  1273  1344 E ANDR-PERF-RESOURCEQS: Failed to apply optimization [3, 54]
03-08 15:13:39.952  5242  5242 I ActivityUtils: HomePackage : com.sec.android.app.launcher, resumePackageName : com.example.cmput301w24t33
03-08 15:13:39.954  1257  1326 I HYPER-HAL: [ResourceManager.cpp]updateResource(): [CPUMinFreq] UpdateResource Request ID : 1110813    Value : 2208000
03-08 15:13:39.954  1257  1326 I HYPER-HAL: [RequestManager.cpp]acquire(): Acquired ID : 12784108  [5044 / 12]    HINT : APP_START    list : [TIMEOUT / 1500]
03-08 15:13:39.955  1257  1326 I HYPER-HAL: [ResourceManager.cpp]updateResource(): [CPUMaxFreq] UpdateResource Request ID : 12784108    Value : 2208000
03-08 15:13:39.955  1257  1326 I HYPER-HAL: [RequestManager.cpp]acquire(): Acquired ID : 1106343  [1472 / 15]    HINT : AMS_APP_LAUNCH    list :
03-08 15:13:39.955  1257  1326 I HYPER-HAL: [ResourceManager.cpp]updateResource(): [CPULittleMinFreq] UpdateResource Request ID : 1106343    Value : 1804800
03-08 15:13:39.956 26361 26463 D OpenGLRenderer: RenderThread::setGrContext()
03-08 15:13:39.957  1257  1326 I HYPER-HAL: [ResourceManager.cpp]updateResource(): [CPUMinFreq] UpdateResource Request ID : 1106343    Value : 2208000
03-08 15:13:39.957  1257  1326 I HYPER-HAL: [RequestManager.cpp]acquire(): Acquired ID : 12794225  [5044 / 14]    HINT : APP_START    list :
03-08 15:13:39.957  1257  1326 I HYPER-HAL: [ResourceManager.cpp]updateResource(): [CPUMaxFreq] UpdateResource Request ID : 12794225    Value : 2208000
03-08 15:13:39.963  1472  5212 D InputDispatcher: Focus left window (0): 25ecb59 com.sec.android.app.launcher/com.sec.android.app.launcher.activities.LauncherActivity
03-08 15:13:39.969  1537  2721 I CameraService: onUidStateChanged: uid=10052, procState is changed. (0 -> 1)
03-08 15:13:39.969  3258  3258 I ViewRootImpl@133027e[LauncherActivity]: MSG_WINDOW_FOCUS_CHANGED 0 0
03-08 15:13:39.969  3258  3258 I BaseActivity: removeActivityFlags, flags : 8
03-08 15:13:39.972  2578  2664 D NativeCustomFrequencyManager: [NativeCFMS] BpCustomFrequencyManager::BpCustomFrequencyManager()
03-08 15:13:39.974  1472  5212 D InputTransport: Input channel constructed: 'b6cc904', fd=902
03-08 15:13:39.974  1472  5212 D InputTransport: Input channel constructed: 'b6cc904', fd=938
03-08 15:13:39.974  1472  5212 D InputTransport: Input channel constructed: 'b6cc904', fd=939
03-08 15:13:39.974  1327  1414 I SurfaceFlinger: id=35362 createSurf, flag=80004, b6cc904 Splash Screen com.example.cmput301w24t33#35362
03-08 15:13:39.976  1472  5212 D InputTransport: Input channel destroyed: 'b6cc904', fd=939
03-08 15:13:39.977  2578  2656 D InsetsController: onStateChanged: InsetsState: {mDisplayFrame=Rect(0, 0 - 1080, 2400), mDisplayCutout=DisplayCutout{insets=Rect(0, 91 - 0, 0) waterfall=Insets{left=0, top=0, right=0, bottom=0} boundingRect={Bounds=[Rect(0, 0 - 0, 0), Rect(503, 0 - 577, 91), Rect(0, 0 - 0, 0), Rect(0, 0 - 0, 0)]} cutoutPathParserInfo={CutoutPathParserInfo{displayWidth=1080 displayHeight=2400 physicalDisplayWidth=1080 physicalDisplayHeight=2400 density={2.625} cutoutSpec={M 0,0 H -14.0952380952381 V 34.66666666666667 H 14.0952380952381 V 0 H 0 Z @dp} rotation={0} scale={1.0} physicalPixelDisplaySizeRatio={1.0}}}}, mRoundedCorners=RoundedCorners{[RoundedCorner{position=TopLeft, radius=84, center=Point(84, 84)}, RoundedCorner{position=TopRight, radius=84, center=Point(996, 84)}, RoundedCorner{position=BottomRight, radius=84, center=Point(996, 2316)}, RoundedCorner{position=BottomLeft, radius=84, center=Point(84, 2316)}]}  mRoundedCornerFrame=Rect(0, 0 - 1080, 2400), mPrivacyIndicatorBounds=PrivacyIndicatorBounds {static bounds=Rect(964, 0 - 1080, 91) rotation=0}, mSources= { InsetsSource: {mType=ITYPE_STATUS_BAR, mFrame=[0,0][1080,91], mVisible=true, mInsetsRoundedCornerFrame=false}, InsetsSource: {mType=ITYPE_NAVIGATION_BAR, mFrame=[0,2274][1080,2400], mVisible=true, mInsetsRoundedCornerFrame=false}, InsetsSource: {mType=ITYPE_LEFT_GESTURES, mFrame=[0,0][0,2400], mVisible=true, mInsetsRoundedCornerFrame=false}, InsetsSource: {mType=ITYPE_RIGHT_GESTURES, mFrame=[1080,0][1080,2400], mVisible=true, mInsetsRoundedCornerFrame=false}, InsetsSource: {mType=ITYPE_TOP_MANDATORY_GESTURES, mFrame=[0,0][1080,123], mVisible=true, mInsetsRoundedCornerFrame=false}, InsetsSource: {mType=ITYPE_BOTTOM_MANDATORY_GESTURES, mFrame=[0,2274][1080,2400], mVisible=true, mInsetsRoundedCornerFrame=false}, InsetsSource: {mType=ITYPE_LEFT_DISPLAY_CUTOUT, mFrame=[0,0][-100000,2400], mVisible=true, mInsetsRoundedCornerFrame=false}, InsetsSource: {mType=ITYPE_TOP_DISPLAY_CUTOUT, mFrame=[0,0][1080,91], mVisible=true, mInsetsRoundedCornerFrame=false}, InsetsSource: {mType=ITYPE_RIGHT_DISPLAY_CUTOUT, mFrame=[100000,0][1080,2400], mVisible=true, mInsetsRoundedCornerFrame=false}, InsetsSource: {mType=ITYPE_BOTTOM_DISPLAY_CUTOUT, mFrame=[0,100000][1080,2400], mVisible=true, mInsetsRoundedCornerFrame=false}, InsetsSource: {mType=ITYPE_TOP_TAPPABLE_ELEMENT, mFrame=[0,0][1080,91], mVisible=true, mInsetsRoundedCornerFrame=false}, InsetsSource: {mType=ITYPE_BOTTOM_TAPPABLE_ELEMENT, mFrame=[0,2274][1080,2400], mVisible=true, mInsetsRoundedCornerFrame=false}, InsetsSource: {mType=ITYPE_IME, mFrame=[0,0][0,0], mVisibleFrame=[0,1409][1080,2400], mVisible=false, mInsetsRoundedCornerFrame=false} } host=Splash Screen com.example.cmput301w24t33 from=android.view.ViewRootImpl.setView:1732
03-08 15:13:39.979  2578  2656 I ViewRootImpl@3225436[cmput301w24t33]: setView = android.widget.FrameLayout@b77dc2 TM=true
03-08 15:13:39.980  2578  2656 I ViewRootImpl@3225436[cmput301w24t33]: performTraversals params={(0,0)(fillxfill) sim={adjust=pan} ty=APPLICATION_STARTING fmt=TRANSLUCENT wanim=0x1030309
03-08 15:13:39.980  2578  2656 I ViewRootImpl@3225436[cmput301w24t33]:   fl=81030118
03-08 15:13:39.980  2578  2656 I ViewRootImpl@3225436[cmput301w24t33]:   pfl=16000010
03-08 15:13:39.980  2578  2656 I ViewRootImpl@3225436[cmput301w24t33]:   apr=LIGHT_STATUS_BARS LIGHT_NAVIGATION_BARS
03-08 15:13:39.980  2578  2656 I ViewRootImpl@3225436[cmput301w24t33]:   bhv=DEFAULT
03-08 15:13:39.980  2578  2656 I ViewRootImpl@3225436[cmput301w24t33]:   fitSides= naviIconColor=0}
03-08 15:13:39.980  2578  2656 I ViewRootImpl@3225436[cmput301w24t33]: performTraversals mFirst=true windowShouldResize=true viewVisibilityChanged=false mForceNextWindowRelayout=false params={(0,0)(fillxfill) sim={adjust=pan} ty=APPLICATION_STARTING fmt=TRANSLUCENT wanim=0x1030309
03-08 15:13:39.980  2578  2656 I ViewRootImpl@3225436[cmput301w24t33]:   fl=81030118
03-08 15:13:39.980  2578  2656 I ViewRootImpl@3225436[cmput301w24t33]:   pfl=16000010
03-08 15:13:39.980  2578  2656 I ViewRootImpl@3225436[cmput301w24t33]:   apr=LIGHT_STATUS_BARS LIGHT_NAVIGATION_BARS
03-08 15:13:39.980  2578  2656 I ViewRootImpl@3225436[cmput301w24t33]:   bhv=DEFAULT
03-08 15:13:39.980  2578  2656 I ViewRootImpl@3225436[cmput301w24t33]:   fitSides= naviIconColor=0}
03-08 15:13:39.980   603   603 I lmkd    : cached 2, sandbox(not0) 0
03-08 15:13:39.981  1472  2910 V WindowManager: Relayout Window{b6cc904 u0 Splash Screen com.example.cmput301w24t33}: viewVisibility=0 req=1080x2400 d0
03-08 15:13:39.981  1327  1414 I SurfaceFlinger: id=35363 createSurf, flag=40004, Splash Screen com.example.cmput301w24t33$_2578#35363
03-08 15:13:39.983   603   603 I lmkd    : Reclaim 'com.android.chrome' (25451), uid 10244, oom_score_adj 975, state 19 to free 96568kB rss, 24656kb swap
03-08 15:13:39.983   603   603 I lmkd    : Reclaimed 121224kB at oom_score_adj 850
03-08 15:13:39.984  1472  2910 V WindowManager: Relayout hash=b6cc904, pid=2578, syncId=-1: mAttrs={(0,0)(fillxfill) sim={adjust=pan} ty=APPLICATION_STARTING fmt=TRANSLUCENT wanim=0x1030309
03-08 15:13:39.984  1472  2910 V WindowManager:   fl=81030118
03-08 15:13:39.984  1472  2910 V WindowManager:   pfl=16000010
03-08 15:13:39.984  1472  2910 V WindowManager:   apr=LIGHT_STATUS_BARS LIGHT_NAVIGATION_BARS
03-08 15:13:39.984  1472  2910 V WindowManager:   bhv=DEFAULT
03-08 15:13:39.984  1472  2910 V WindowManager:   fitSides= naviIconColor=0}
03-08 15:13:39.986  2578  2656 I ViewRootImpl@3225436[cmput301w24t33]: updateBlastSurfaceIfNeeded mBlastBufferQueue=null isSameSurfaceControl=false
03-08 15:13:39.986  2578  2656 I BLASTBufferQueue: new BLASTBufferQueue, mName= ViewRootImpl@3225436[cmput301w24t33] mNativeObject= 0xb400007ce2105680 sc.mNativeObject= 0xb400007c52367560 caller= android.view.ViewRootImpl.updateBlastSurfaceIfNeeded:2909 android.view.ViewRootImpl.relayoutWindow:9847 android.view.ViewRootImpl.performTraversals:3884 android.view.ViewRootImpl.doTraversal:3116 android.view.ViewRootImpl$TraversalRunnable.run:10885 android.view.Choreographer$CallbackRecord.run:1301 android.view.Choreographer$CallbackRecord.run:1309 android.view.Choreographer.doCallbacks:923 android.view.Choreographer.doFrame:852 android.view.Choreographer$FrameDisplayEventReceiver.run:1283
03-08 15:13:39.986  2578  2656 I BLASTBufferQueue: update, w= 1080 h= 2400 mName = ViewRootImpl@3225436[cmput301w24t33] mNativeObject= 0xb400007ce2105680 sc.mNativeObject= 0xb400007c52367560 format= -3 caller= android.graphics.BLASTBufferQueue.<init>:84 android.view.ViewRootImpl.updateBlastSurfaceIfNeeded:2909 android.view.ViewRootImpl.relayoutWindow:9847 android.view.ViewRootImpl.performTraversals:3884 android.view.ViewRootImpl.doTraversal:3116 android.view.ViewRootImpl$TraversalRunnable.run:10885
03-08 15:13:39.987  2578  2656 I ViewRootImpl@3225436[cmput301w24t33]: Relayout returned: old=(0,0,1080,2400) new=(0,0,1080,2400) req=(1080,2400)0 dur=6 res=0x3 s={true 0xb400007c4aa2a000} ch=true seqId=0
03-08 15:13:39.987  2578  2664 D OpenGLRenderer: eglCreateWindowSurface
03-08 15:13:39.987  2578  2656 I ViewRootImpl@3225436[cmput301w24t33]: mThreadedRenderer.initialize() mSurface={isValid=true 0xb400007c4aa2a000} hwInitialized=true
03-08 15:13:39.988 26361 26361 D AppCompatDelegate: Checking for metadata for AppLocalesMetadataHolderService : Service not found
03-08 15:13:39.988  2578  2656 I ViewRootImpl@3225436[cmput301w24t33]: reportNextDraw android.view.ViewRootImpl.performTraversals:4438 android.view.ViewRootImpl.doTraversal:3116 android.view.ViewRootImpl$TraversalRunnable.run:10885 android.view.Choreographer$CallbackRecord.run:1301 android.view.Choreographer$CallbackRecord.run:1309
03-08 15:13:39.988  2578  2656 I ViewRootImpl@3225436[cmput301w24t33]: Setup new sync id=0
03-08 15:13:39.988  2578  2656 I ViewRootImpl@3225436[cmput301w24t33]: Setting syncFrameCallback
03-08 15:13:39.988  2578  2656 I ViewRootImpl@3225436[cmput301w24t33]: registerCallbacksForSync syncBuffer=false
03-08 15:13:39.988  2578  2711 I ViewRootImpl@3225436[cmput301w24t33]: Received frameDrawingCallback syncResult=0 frameNum=1.
03-08 15:13:39.988  2578  2711 I ViewRootImpl@3225436[cmput301w24t33]: Setting up sync and frameCommitCallback
03-08 15:13:39.994  2578  2664 I BLASTBufferQueue: [ViewRootImpl@3225436[cmput301w24t33]#937](f:0,a:0) onFrameAvailable the first frame is available
03-08 15:13:39.994  2578  2664 I ViewRootImpl@3225436[cmput301w24t33]: Received frameCommittedCallback lastAttemptedDrawFrameNum=1 didProduceBuffer=true
03-08 15:13:39.996  2578  2664 D OpenGLRenderer: CFMS:: SetUp Pid : 2578    Tid : 2664
03-08 15:13:39.997  2578  2664 W Parcel  : Expecting binder but got null!
03-08 15:13:39.997  2578  2656 I ViewRootImpl@3225436[cmput301w24t33]: onSyncComplete
03-08 15:13:39.998  2578  2656 I ViewRootImpl@3225436[cmput301w24t33]: setupSync seqId=0 mSyncId=0 fn=1 caller=android.view.ViewRootImpl$$ExternalSyntheticLambda11.accept:6 android.window.SurfaceSyncer.lambda$setupSync$1$android-window-SurfaceSyncer:128 android.window.SurfaceSyncer$$ExternalSyntheticLambda1.accept:8 android.window.SurfaceSyncer$SyncSet.checkIfSyncIsComplete:382 android.window.SurfaceSyncer$SyncSet.markSyncReady:359 android.window.SurfaceSyncer.markSyncReady:151 android.view.ViewRootImpl.performTraversals:4503
03-08 15:13:39.998  2578  2656 I ViewRootImpl@3225436[cmput301w24t33]: reportDrawFinished seqId=0 mSyncId=-1 fn=1 mSurfaceChangedTransaction=0xb400007c82084200
03-08 15:13:40.000 26361 26361 D LifecycleMonitor: Lifecycle status change: com.example.cmput301w24t33.activities.AdminActivity@4aaf27f in: PRE_ON_CREATE
03-08 15:13:40.001 26361 26361 V ActivityScenario: Activity lifecycle changed event received but ignored because the reported transition was not ON_CREATE while the last known transition was PRE_ON_CREATE
03-08 15:13:40.008  1327  2296 I SurfaceFlinger: id=35364 createSurf, flag=24000, Surface(name=Task=1)/@0x464f238 - animation-leash of app_transition#35364
03-08 15:13:40.009  1327  1414 I SurfaceFlinger: id=35365 createSurf, flag=24004, Surface(name=Task=3066)/@0x4d1ea2b - animation-leash of app_transition#35365
03-08 15:13:40.012  1327  1414 I SurfaceFlinger: id=35366 createSurf, flag=80000, 4023b37 ActivityRecordInputSink com.example.cmput301w24t33/.activities.Admin#35366
03-08 15:13:40.015  2578  2643 D Bubbles : onLocusVisibilityChanged: LocusId[17_chars] visible=false
03-08 15:13:40.022   603   603 I lmkd    : 1(delay), 0(swap), 0(freelimit), 0(reentrymode) memory pressure events were skipped after a kill!
03-08 15:13:40.022   603   603 I lmkd    : cached 2, sandbox(not0) 0
03-08 15:13:40.023  1180  1180 I Zygote  : Process 25451 exited due to signal 9 (Killed)
03-08 15:13:40.024   603   603 I lmkd    : Reclaim 'com.samsung.android.forest' (26037), uid 1000, oom_score_adj 965, state 19 to free 85800kB rss, 24696kb swap
03-08 15:13:40.024  1244  3899 I vendor.qti.bluetooth@1.0-ibs_handler: ProcessIbsCmd: Received IBS_WAKE_IND: 0xFD
03-08 15:13:40.024  1244  3899 D vendor.qti.bluetooth@1.0-ibs_handler: SerialClockVote: vote for UART CLK ON
03-08 15:13:40.024   603   603 I lmkd    : Reclaimed 110496kB at oom_score_adj 850
03-08 15:13:40.024  1244  3899 D vendor.qti.bluetooth@1.0-wake_lock: Acquire wakelock is acquired
03-08 15:13:40.024  1244  3899 I vendor.qti.bluetooth@1.0-ibs_handler: ProcessIbsCmd: Writing IBS_WAKE_ACK
03-08 15:13:40.026  1472  2020 I libprocessgroup: Successfully killed process cgroup uid 10244 pid 25451 in 6ms
03-08 15:13:40.028  1327  1327 I Layer   : Layer [Splash Screen com.example.cmput301w24t33$_2578#35363] hidden!! flag(0)
03-08 15:13:40.031  3258  9846 I RecentModel: onTaskStackChangedBackground
03-08 15:13:40.037  3258  3627 I RecentTasksList: loadTasksInBackground : groupTask = GroupTask{task1=[id=3053 windowingMode=1 user=0 lastActiveTime=328746373] null, task2=null, task3=null, mStagedSplitBounds=null}
03-08 15:13:40.037  3258  3627 I RecentTasksList: loadTasksInBackground : groupTask = GroupTask{task1=[id=3049 windowingMode=1 user=0 lastActiveTime=329064735] null, task2=null, task3=null, mStagedSplitBounds=null}
03-08 15:13:40.037  3258  3627 I RecentTasksList: loadTasksInBackground : groupTask = GroupTask{task1=[id=3066 windowingMode=1 user=0 lastActiveTime=329090646] null, task2=null, task3=null, mStagedSplitBounds=null}
03-08 15:13:40.038 26361 26361 I DecorView: [INFO] isPopOver=false config=true
03-08 15:13:40.038 26361 26361 I DecorView: updateCaptionType: isFloating=false isApplication=true hasWindowDecorCaption=false this=DecorView@38d2349[]
03-08 15:13:40.038 26361 26361 D DecorView: setCaptionType = 0, this = DecorView@38d2349[]
03-08 15:13:40.049  1327  1327 D SurfaceFlinger: Display 4630947232161729153 HWC layers:
03-08 15:13:40.049  1327  1327 D SurfaceFlinger:      DEVICE | 0xb400007446147f00 | 0100 | RGBx_8888    |  152.0    0.0 1232.0 2400.0 |    0    0 1080 2400 | Wallpaper BBQ wrapper#88
03-08 15:13:40.049  1327  1327 D SurfaceFlinger:      DEVICE | 0xb400007446149080 | 0100 | RGBA_8888    |    0.0    0.0 1080.0 2400.0 |    0    0 1080 2400 | com.sec.android.app.launcher/com.sec[...]ivities.LauncherActivity$_3258#35351
03-08 15:13:40.049  1327  1327 D SurfaceFlinger:      DEVICE | 0xb400007446149390 | 0100 | RGBA_8888    |    0.0    0.0 1080.0 2400.0 |   76  168 1004 2232 | Splash Screen com.example.cmput301w24t33$_2578#35363
03-08 15:13:40.049  1327  1327 D SurfaceFlinger:      DEVICE | 0xb400007446147a30 | 0100 | RGBA_8888    |    0.0    0.0 1080.0   91.0 |    0    0 1080   91 | StatusBar$_2578#95
03-08 15:13:40.049  1327  1327 D SurfaceFlinger:      DEVICE | 0xb400007446147bf0 | 0100 | RGBA_8888    |    0.0    0.0   67.0  515.0 |    0  301   67  816 | com.samsung.android.app.cocktailbars[...]rvice.CocktailBarService$_5242#35333
03-08 15:13:40.049  1327  1327 D SurfaceFlinger:      DEVICE | 0xb400007446149b70 | 0100 | RGBA_8888    |    0.0    0.0 1080.0  126.0 |    0 2274 1080 2400 | NavigationBar0$_2578#89
03-08 15:13:40.049  1327  1327 D SurfaceFlinger:
03-08 15:13:40.051 26361 26361 I DecorView: getCurrentDensityDpi: from real metrics. densityDpi=420 msg=resources_loaded
03-08 15:13:40.051 26361 26361 I DecorView: setWindowBackground: isPopOver=false color=ffffffff d=android.graphics.drawable.ColorDrawable@62b796f
03-08 15:13:40.058  1472  2020 I libprocessgroup: Successfully killed process cgroup uid 1000 pid 26037 in 0ms
03-08 15:13:40.060   603   603 I lmkd    : 2(delay), 0(swap), 0(freelimit), 0(reentrymode) memory pressure events were skipped after a kill!
03-08 15:13:40.060   603   603 I lmkd    : cached 2, sandbox(not0) 0
03-08 15:13:40.061  1180  1180 I Zygote  : Process 26037 exited due to signal 9 (Killed)
03-08 15:13:40.063   603   603 I lmkd    : Reclaim 'com.samsung.android.bixby.agent' (26221), uid 5018, oom_score_adj 965, state 19 to free 105708kB rss, 24640kb swap
03-08 15:13:40.063 26361 26361 W .cmput301w24t33: Accessing hidden method Landroid/view/View;->computeFitSystemWindows(Landroid/graphics/Rect;Landroid/graphics/Rect;)Z (unsupported, reflection, allowed)
03-08 15:13:40.063 26361 26361 W .cmput301w24t33: Accessing hidden method Landroid/view/ViewGroup;->makeOptionalFitsSystemWindows()V (unsupported, reflection, allowed)
03-08 15:13:40.063   603   603 I lmkd    : Reclaimed 130348kB at oom_score_adj 850
03-08 15:13:40.071  1244  3899 I vendor.qti.bluetooth@1.0-ibs_handler: ProcessIbsCmd: Received IBS_SLEEP_IND: 0xFE
03-08 15:13:40.071  1244  3899 D vendor.qti.bluetooth@1.0-ibs_handler: SerialClockVote: vote for UART CLK OFF
03-08 15:13:40.083  3258  3258 I TaskThumbnailCache: handleResult: taskId = 3049, taskThumbnail = android.graphics.Bitmap@2931868
03-08 15:13:40.096 26361 26361 D CompatibilityChangeReporter: Compat change id reported: 210923482; UID 10451; state: ENABLED
03-08 15:13:40.099  1472  2020 I libprocessgroup: Successfully killed process cgroup uid 5018 pid 26221 in 0ms
03-08 15:13:40.099  1180  1180 I Zygote  : Process 26221 exited due to signal 9 (Killed)
03-08 15:13:40.099   603   603 I lmkd    : cached 2, sandbox(not0) 0
03-08 15:13:40.104   603   603 I lmkd    : Reclaim 'com.samsung.android.bixby.wakeup' (26302), uid 1000, oom_score_adj 955, state 19 to free 83072kB rss, 24792kb swap
03-08 15:13:40.104   603   603 I lmkd    : Reclaimed 107864kB at oom_score_adj 850
03-08 15:13:40.105  3407  3407 W DeviceManager_FLP: onTrimMemory : 5
03-08 15:13:40.106 10975 10975 I MCFQS   : (DeviceConnectionService) onTrimMemory()-[td:main] level: 5
03-08 15:13:40.106  4995  4995 W DMASA[U]: [AppLogData]onTrimMemory(5):1709936020104
03-08 15:13:40.106  4995  4995 W DMASA[C]: [DiagMonAgentApplication]onTrimMemory (5)
03-08 15:13:40.107  3407  3453 I GpsSessionManager_FLP: arrangeInvalidSessions
03-08 15:13:40.107  7780  7780 I CMHApplication: [#CMH#] Block to verify, Change Trim Memory Level: 40
03-08 15:13:40.108 24964 24964 I [AUTHFW][PASS]AuthFwApp: otlv60
03-08 15:13:40.108 21632 21632 I Finsky  : [2] uuk.onTrimMemory(13): Memory trim requested to level 40
03-08 15:13:40.109 26344 26344 I [IPSA-C] IpsApplication: onTrimMemory : level=80
03-08 15:13:40.109 25767 25767 I SCS@AiSearch user 0: (SearchProvider) onTrimMemory(): 60
03-08 15:13:40.109 21632 21632 I Finsky  : [2] uuj.accept(93): Flushing in-memory image cache
03-08 15:13:40.109 26344 26344 W Glide   : Failed to find GeneratedAppGlideModule. You should include an annotationProcessor compile dependency on com.github.bumptech.glide:compiler in your application and a @GlideModule annotated AppGlideModule implementation or LibraryGlideModules will be silently ignored
03-08 15:13:40.111  2578  2578 D SystemUIService: SYSUI_RAM_OPTIMIZATION onTrimMemory=5
03-08 15:13:40.113 14141 14141 I ContactsProvider: onTrimMemory-success
03-08 15:13:40.119  1472  2284 D OpenGLRenderer: trimMemory(TRIM_MEMORY_COMPLETE)::destroyRenderingContext
03-08 15:13:40.119  1472  2284 D OpenGLRenderer: RenderThread::destroyRenderingContext()
03-08 15:13:40.119  1472  2284 D OpenGLRenderer: RenderThread::setGrContext()
03-08 15:13:40.128 12908 12908 I HBD     : HoneyBoardService onTrimMemory 5
03-08 15:13:40.136  1472  2020 I libprocessgroup: Successfully killed process cgroup uid 1000 pid 26302 in 0ms
03-08 15:13:40.139 26361 26361 D LifecycleMonitor: Lifecycle status change: com.example.cmput301w24t33.activities.AdminActivity@4aaf27f in: CREATED
03-08 15:13:40.140 26361 26361 V ActivityScenario: Update currentActivityStage to CREATED, currentActivity=com.example.cmput301w24t33.activities.AdminActivity@4aaf27f
03-08 15:13:40.140  7780  7780 I CMHApplication: [#CMH#] Block to verify, Change Trim Memory Level: 60
03-08 15:13:40.140 24964 24964 I [AUTHFW][PASS]AuthFwApp: otlv80
03-08 15:13:40.140  1180  1180 D Zygote  : Forked child process 26486
03-08 15:13:40.142  1180  1180 I Zygote  : Process 26302 exited due to signal 9 (Killed)
03-08 15:13:40.145 26361 26361 D LifecycleMonitor: Lifecycle status change: com.example.cmput301w24t33.activities.AdminActivity@4aaf27f in: STARTED
03-08 15:13:40.145 26361 26361 V ActivityScenario: Update currentActivityStage to STARTED, currentActivity=com.example.cmput301w24t33.activities.AdminActivity@4aaf27f
03-08 15:13:40.148 26361 26361 D ContentValues: ADMIN RESUME
03-08 15:13:40.149 26361 26361 D LifecycleMonitor: Lifecycle status change: com.example.cmput301w24t33.activities.AdminActivity@4aaf27f in: RESUMED
03-08 15:13:40.149 26361 26361 V ActivityScenario: Update currentActivityStage to RESUMED, currentActivity=com.example.cmput301w24t33.activities.AdminActivity@4aaf27f
03-08 15:13:40.150 26361 26361 I MSHandlerLifeCycle: check: return. pkg=com.example.cmput301w24t33 parent=null callers=com.android.internal.policy.DecorView.setVisibility:4412 android.app.ActivityThread.handleResumeActivity:5476 android.app.servertransaction.ResumeActivityItem.execute:54 android.app.servertransaction.ActivityTransactionItem.execute:45 android.app.servertransaction.TransactionExecutor.executeLifecycleState:176
03-08 15:13:40.151 26361 26361 I MSHandlerLifeCycle: removeMultiSplitHandler: no exist. decor=DecorView@38d2349[]
03-08 15:13:40.161 26361 26463 D NativeCustomFrequencyManager: [NativeCFMS] BpCustomFrequencyManager::BpCustomFrequencyManager()
03-08 15:13:40.164  1472  2440 W SemWifiTransportLayerUtils: getApplicationCategory - IOException com.example.cmput301w24t33
03-08 15:13:40.164  1472  2440 W System.err: java.io.FileNotFoundException: https://play.google.com/store/apps/details?id=com.example.cmput301w24t33&hl=en
03-08 15:13:40.165  1472  2440 W System.err: 	at com.android.okhttp.internal.huc.HttpURLConnectionImpl.getInputStream(HttpURLConnectionImpl.java:255)
03-08 15:13:40.165  1472  2440 W System.err: 	at com.android.okhttp.internal.huc.DelegatingHttpsURLConnection.getInputStream(DelegatingHttpsURLConnection.java:211)
03-08 15:13:40.165  1472  2440 W System.err: 	at com.android.okhttp.internal.huc.HttpsURLConnectionImpl.getInputStream(HttpsURLConnectionImpl.java:30)
03-08 15:13:40.165  1472  2440 W System.err: 	at com.samsung.android.server.wifi.tcp.SemWifiTransportLayerUtils.getApplicationCategory(SemWifiTransportLayerUtils.java:104)
03-08 15:13:40.165  1472  2440 W System.err: 	at com.samsung.android.server.wifi.tcp.SemWifiTransportLayerMonitor$TcpMonitorHandler.handleMessage(SemWifiTransportLayerMonitor.java:244)
03-08 15:13:40.165  1472  2440 W System.err: 	at android.os.Handler.dispatchMessage(Handler.java:106)
03-08 15:13:40.165  1472  2440 W System.err: 	at android.os.Looper.loopOnce(Looper.java:226)
03-08 15:13:40.165  1472  2440 W System.err: 	at android.os.Looper.loop(Looper.java:313)
03-08 15:13:40.165  1472  2440 W System.err: 	at android.os.HandlerThread.run(HandlerThread.java:67)
03-08 15:13:40.166  1472  2440 D SemWifiTransportLayerMonitor.TcpMonitorHandler: MSG_SAVE_PACKAGE_INFO
03-08 15:13:40.166  1472  2440 D SemWifiTransportLayerFileManager: saveWifiPackageInfoToFile
03-08 15:13:40.166  1472  2440 D SemWifiTransportLayerFileManager: writeWifiPackageInfoList
03-08 15:13:40.167  1472  5017 D InputTransport: Input channel constructed: '18176f7', fd=953
03-08 15:13:40.167  1472  5017 D InputTransport: Input channel constructed: '18176f7', fd=977
03-08 15:13:40.167  1472  5017 D InputTransport: Input channel constructed: '18176f7', fd=982
03-08 15:13:40.168  1327  3508 I SurfaceFlinger: id=35367 createSurf, flag=80004, 18176f7 com.example.cmput301w24t33/com.example.cmput301w24t33.activities.AdminActivity#35367
03-08 15:13:40.170  1472  5017 D InputTransport: Input channel destroyed: '18176f7', fd=982
03-08 15:13:40.172 26361 26361 D InsetsController: onStateChanged: InsetsState: {mDisplayFrame=Rect(0, 0 - 1080, 2400), mDisplayCutout=DisplayCutout{insets=Rect(0, 91 - 0, 0) waterfall=Insets{left=0, top=0, right=0, bottom=0} boundingRect={Bounds=[Rect(0, 0 - 0, 0), Rect(503, 0 - 577, 91), Rect(0, 0 - 0, 0), Rect(0, 0 - 0, 0)]} cutoutPathParserInfo={CutoutPathParserInfo{displayWidth=1080 displayHeight=2400 physicalDisplayWidth=1080 physicalDisplayHeight=2400 density={2.625} cutoutSpec={M 0,0 H -14.0952380952381 V 34.66666666666667 H 14.0952380952381 V 0 H 0 Z @dp} rotation={0} scale={1.0} physicalPixelDisplaySizeRatio={1.0}}}}, mRoundedCorners=RoundedCorners{[RoundedCorner{position=TopLeft, radius=84, center=Point(84, 84)}, RoundedCorner{position=TopRight, radius=84, center=Point(996, 84)}, RoundedCorner{position=BottomRight, radius=84, center=Point(996, 2316)}, RoundedCorner{position=BottomLeft, radius=84, center=Point(84, 2316)}]}  mRoundedCornerFrame=Rect(0, 0 - 1080, 2400), mPrivacyIndicatorBounds=PrivacyIndicatorBounds {static bounds=Rect(964, 0 - 1080, 91) rotation=0}, mSources= { InsetsSource: {mType=ITYPE_STATUS_BAR, mFrame=[0,0][1080,91], mVisible=true, mInsetsRoundedCornerFrame=false}, InsetsSource: {mType=ITYPE_NAVIGATION_BAR, mFrame=[0,2274][1080,2400], mVisible=true, mInsetsRoundedCornerFrame=false}, InsetsSource: {mType=ITYPE_LEFT_GESTURES, mFrame=[0,0][0,2400], mVisible=true, mInsetsRoundedCornerFrame=false}, InsetsSource: {mType=ITYPE_RIGHT_GESTURES, mFrame=[1080,0][1080,2400], mVisible=true, mInsetsRoundedCornerFrame=false}, InsetsSource: {mType=ITYPE_TOP_MANDATORY_GESTURES, mFrame=[0,0][1080,123], mVisible=true, mInsetsRoundedCornerFrame=false}, InsetsSource: {mType=ITYPE_BOTTOM_MANDATORY_GESTURES, mFrame=[0,2274][1080,2400], mVisible=true, mInsetsRoundedCornerFrame=false}, InsetsSource: {mType=ITYPE_LEFT_DISPLAY_CUTOUT, mFrame=[0,0][-100000,2400], mVisible=true, mInsetsRoundedCornerFrame=false}, InsetsSource: {mType=ITYPE_TOP_DISPLAY_CUTOUT, mFrame=[0,0][1080,91], mVisible=true, mInsetsRoundedCornerFrame=false}, InsetsSource: {mType=ITYPE_RIGHT_DISPLAY_CUTOUT, mFrame=[100000,0][1080,2400], mVisible=true, mInsetsRoundedCornerFrame=false}, InsetsSource: {mType=ITYPE_BOTTOM_DISPLAY_CUTOUT, mFrame=[0,100000][1080,2400], mVisible=true, mInsetsRoundedCornerFrame=false}, InsetsSource: {mType=ITYPE_TOP_TAPPABLE_ELEMENT, mFrame=[0,0][1080,91], mVisible=true, mInsetsRoundedCornerFrame=false}, InsetsSource: {mType=ITYPE_BOTTOM_TAPPABLE_ELEMENT, mFrame=[0,2274][1080,2400], mVisible=true, mInsetsRoundedCornerFrame=false}, InsetsSource: {mType=ITYPE_IME, mFrame=[0,0][0,0], mVisibleFrame=[0,1409][1080,2400], mVisible=false, mInsetsRoundedCornerFrame=false} } host=com.example.cmput301w24t33/com.example.cmput301w24t33.activities.AdminActivity from=android.view.ViewRootImpl.setView:1732
03-08 15:13:40.175 26361 26361 I ViewRootImpl@311210d[Admin]: setView = com.android.internal.policy.DecorView@38d2349 TM=true
03-08 15:13:40.180 26361 26361 I MSHandlerLifeCycle: removeMultiSplitHandler: no exist. decor=DecorView@38d2349[Admin]
03-08 15:13:40.180 26486 26486 I oid.samsungpass: Using CollectorTypeCC GC.
03-08 15:13:40.184 26486 26486 E oid.samsungpass: Not starting debugger since process cannot load the jdwp agent.
03-08 15:13:40.192 26486 26486 D ActivityThread: setConscryptValidator
03-08 15:13:40.192 26486 26486 D ActivityThread: setConscryptValidator - put
03-08 15:13:40.203 26486 26486 D CompatibilityChangeReporter: Compat change id reported: 171979766; UID 10112; state: ENABLED
03-08 15:13:40.205 26361 26361 I ViewRootImpl@311210d[Admin]: performTraversals params={(0,0)(fillxfill) sim={adjust=pan forwardNavigation} ty=BASE_APPLICATION wanim=0x1030309
03-08 15:13:40.205 26361 26361 I ViewRootImpl@311210d[Admin]:   fl=81810100
03-08 15:13:40.205 26361 26361 I ViewRootImpl@311210d[Admin]:   pfl=12020040
03-08 15:13:40.205 26361 26361 I ViewRootImpl@311210d[Admin]:   bhv=DEFAULT
03-08 15:13:40.205 26361 26361 I ViewRootImpl@311210d[Admin]:   fitSides= naviIconColor=0
03-08 15:13:40.205 26361 26361 I ViewRootImpl@311210d[Admin]:   sfl=100000}
03-08 15:13:40.208 26361 26361 I ViewRootImpl@311210d[Admin]: performTraversals mFirst=true windowShouldResize=true viewVisibilityChanged=false mForceNextWindowRelayout=false params={(0,0)(fillxfill) sim={adjust=pan forwardNavigation} ty=BASE_APPLICATION wanim=0x1030309
03-08 15:13:40.208 26361 26361 I ViewRootImpl@311210d[Admin]:   fl=81810100
03-08 15:13:40.208 26361 26361 I ViewRootImpl@311210d[Admin]:   pfl=12020040
03-08 15:13:40.208 26361 26361 I ViewRootImpl@311210d[Admin]:   bhv=DEFAULT
03-08 15:13:40.208 26361 26361 I ViewRootImpl@311210d[Admin]:   fitSides= naviIconColor=0
03-08 15:13:40.208 26361 26361 I ViewRootImpl@311210d[Admin]:   sfl=100000}
03-08 15:13:40.209  1472  5215 V WindowManager: Relayout Window{18176f7 u0 com.example.cmput301w24t33/com.example.cmput301w24t33.activities.AdminActivity}: viewVisibility=0 req=1080x2400 d0
03-08 15:13:40.209  1327  1414 I SurfaceFlinger: id=35368 createSurf, flag=40004, com.example.cmput301w24t33/com.example.cmput301w24t33.activities.AdminActivity$_26361#35368
03-08 15:13:40.213  1327  1414 I SurfaceFlinger: id=35369 createSurf, flag=24000, Surface(name=c9f16ce StatusBar)/@0xc28a9d9 - animation-leash of insets_animation#35369
03-08 15:13:40.214  1327  1414 I SurfaceFlinger: id=35370 createSurf, flag=24000, Surface(name=296f76f NavigationBar0)/@0x8bb6395 - animation-leash of insets_animation#35370
03-08 15:13:40.216  2578  2578 D NavigationBar: onSystemBarAttributesChanged() -  displayId:0, appearance:16, packageName: com.example.cmput301w24t33 (APPEARANCE_LIGHT_NAVIGATION_BARS ), navbarColorManagedByIme:false
03-08 15:13:40.216  1472  5215 V WindowManager: Relayout hash=18176f7, pid=26361, syncId=-1: mAttrs={(0,0)(fillxfill) sim={adjust=pan forwardNavigation} ty=BASE_APPLICATION wanim=0x1030309
03-08 15:13:40.216  1472  5215 V WindowManager:   fl=81810100
03-08 15:13:40.216  1472  5215 V WindowManager:   pfl=12020040
03-08 15:13:40.216  1472  5215 V WindowManager:   apr=LIGHT_NAVIGATION_BARS
03-08 15:13:40.216  1472  5215 V WindowManager:   bhv=DEFAULT
03-08 15:13:40.216  1472  5215 V WindowManager:   fitSides= naviIconColor=0
03-08 15:13:40.216  1472  5215 V WindowManager:   sfl=100000}
03-08 15:13:40.216  3258  9846 I TouchInteractionService: onSystemUiStateChanged, stateFlags : 131072 |allow_gesture|
03-08 15:13:40.217  3258  3258 I RecentsAnimationDeviceState: setSystemUiFlags, stateFlags : 131072
03-08 15:13:40.217  3258  3258 I TouchInteractionService: onSystemUiFlagsChanged, lastSysUIFlags : 0
03-08 15:13:40.220 26361 26361 I ViewRootImpl@311210d[Admin]: updateBlastSurfaceIfNeeded mBlastBufferQueue=null isSameSurfaceControl=false
03-08 15:13:40.220 26361 26361 E BufferQueueProducer: Unable to open libpenguin.so: dlopen failed: library "libpenguin.so" not found.
03-08 15:13:40.221  1244  3730 D vendor.qti.bluetooth@1.0-wake_lock: Release wakelock is released
03-08 15:13:40.224 26361 26361 I BLASTBufferQueue: new BLASTBufferQueue, mName= ViewRootImpl@311210d[Admin] mNativeObject= 0xb400007c7ee08e00 sc.mNativeObject= 0xb400007c7ed88a80 caller= android.view.ViewRootImpl.updateBlastSurfaceIfNeeded:2909 android.view.ViewRootImpl.relayoutWindow:9847 android.view.ViewRootImpl.performTraversals:3884 android.view.ViewRootImpl.doTraversal:3116 android.view.ViewRootImpl$TraversalRunnable.run:10885 android.view.Choreographer$CallbackRecord.run:1301 android.view.Choreographer$CallbackRecord.run:1309 android.view.Choreographer.doCallbacks:923 android.view.Choreographer.doFrame:852 android.view.Choreographer$FrameDisplayEventReceiver.run:1283
03-08 15:13:40.224 26361 26361 I BLASTBufferQueue: update, w= 1080 h= 2400 mName = ViewRootImpl@311210d[Admin] mNativeObject= 0xb400007c7ee08e00 sc.mNativeObject= 0xb400007c7ed88a80 format= -1 caller= android.graphics.BLASTBufferQueue.<init>:84 android.view.ViewRootImpl.updateBlastSurfaceIfNeeded:2909 android.view.ViewRootImpl.relayoutWindow:9847 android.view.ViewRootImpl.performTraversals:3884 android.view.ViewRootImpl.doTraversal:3116 android.view.ViewRootImpl$TraversalRunnable.run:10885
03-08 15:13:40.225 26361 26361 I ViewRootImpl@311210d[Admin]: Relayout returned: old=(0,0,1080,2400) new=(0,0,1080,2400) req=(1080,2400)0 dur=11 res=0x3 s={true 0xb400007c80202000} ch=true seqId=0
03-08 15:13:40.226  1327  3508 W ServiceManager: Permission failure: android.permission.ACCESS_SURFACE_FLINGER from uid=10451 pid=26361
03-08 15:13:40.226  1327  1414 W ServiceManager: Permission failure: android.permission.ACCESS_SURFACE_FLINGER from uid=10451 pid=0
03-08 15:13:40.226  1327  1414 D PermissionCache: checking android.permission.ACCESS_SURFACE_FLINGER for uid=10451 => denied (433 us)
03-08 15:13:40.226  1327  3508 D PermissionCache: checking android.permission.ACCESS_SURFACE_FLINGER for uid=10451 => denied (361 us)
03-08 15:13:40.226  1327  3508 W ServiceManager: Permission failure: android.permission.ROTATE_SURFACE_FLINGER from uid=10451 pid=26361
03-08 15:13:40.226  1327  3508 D PermissionCache: checking android.permission.ROTATE_SURFACE_FLINGER for uid=10451 => denied (177 us)
03-08 15:13:40.226  1327  1414 W ServiceManager: Permission failure: android.permission.ROTATE_SURFACE_FLINGER from uid=10451 pid=0
03-08 15:13:40.226  1327  1414 D PermissionCache: checking android.permission.ROTATE_SURFACE_FLINGER for uid=10451 => denied (232 us)
03-08 15:13:40.226  1327  3508 W ServiceManager: Permission failure: android.permission.INTERNAL_SYSTEM_WINDOW from uid=10451 pid=26361
03-08 15:13:40.226  1327  3508 D PermissionCache: checking android.permission.INTERNAL_SYSTEM_WINDOW for uid=10451 => denied (154 us)
03-08 15:13:40.226  1327  1414 W ServiceManager: Permission failure: android.permission.INTERNAL_SYSTEM_WINDOW from uid=10451 pid=0
03-08 15:13:40.226  1327  1414 D PermissionCache: checking android.permission.INTERNAL_SYSTEM_WINDOW for uid=10451 => denied (173 us)
03-08 15:13:40.228 26361 26361 I ViewRootImpl@311210d[Admin]: mThreadedRenderer.initialize() mSurface={isValid=true 0xb400007c80202000} hwInitialized=true
03-08 15:13:40.228  1250  1250 I SDM     : HWCDisplay::GetColorModeCount: Supported color mode count = 3
03-08 15:13:40.229  1250  1250 I SDM     : HWCDisplay::GetColorModes: Color mode = 0 is supported
03-08 15:13:40.229  1250  1250 I SDM     : HWCDisplay::GetColorModes: Color mode = 7 is supported
03-08 15:13:40.229  1250  1250 I SDM     : HWCDisplay::GetColorModes: Color mode = 9 is supported
03-08 15:13:40.230 26361 26463 D OpenGLRenderer: eglCreateWindowSurface
03-08 15:13:40.232 26361 26361 I ViewRootImpl@311210d[Admin]: reportNextDraw android.view.ViewRootImpl.performTraversals:4438 android.view.ViewRootImpl.doTraversal:3116 android.view.ViewRootImpl$TraversalRunnable.run:10885 android.view.Choreographer$CallbackRecord.run:1301 android.view.Choreographer$CallbackRecord.run:1309
03-08 15:13:40.234 26361 26361 I ViewRootImpl@311210d[Admin]: Setup new sync id=0
03-08 15:13:40.234 26361 26361 I ViewRootImpl@311210d[Admin]: Setting syncFrameCallback
03-08 15:13:40.234 26361 26361 I ViewRootImpl@311210d[Admin]: registerCallbacksForSync syncBuffer=false
03-08 15:13:40.236   604   614 I servicemanager: Could not find android.hardware.graphics.allocator.IAllocator/default in the VINTF manifest.
03-08 15:13:40.242 26361 26528 I ViewRootImpl@311210d[Admin]: Received frameDrawingCallback syncResult=0 frameNum=1.
03-08 15:13:40.242 26361 26528 I ViewRootImpl@311210d[Admin]: Setting up sync and frameCommitCallback
03-08 15:13:40.244   603   603 I lmkd    : cached 2, sandbox(not0) 0
03-08 15:13:40.244  1327  1327 I Layer   : id=35353 removedFromDrawingState Surface(name=296f76f NavigationBar0)/@0x8bb6395 - animation-leash of insets_animation#35353 (136)
03-08 15:13:40.244  1327  1327 I Layer   : id=75 removedFromDrawingState 296f76f NavigationBar0#75 (136)
03-08 15:13:40.244  1327  1327 I Layer   : id=89 removedFromDrawingState NavigationBar0$_2578#89 (136)
03-08 15:13:40.244  1327  1327 I Layer   : id=35352 removedFromDrawingState Surface(name=c9f16ce StatusBar)/@0xc28a9d9 - animation-leash of insets_animation#35352 (136)
03-08 15:13:40.244  1327  1327 I Layer   : id=75 addToCurrentState 296f76f NavigationBar0#75 (136)
03-08 15:13:40.244  1327  1327 I Layer   : id=89 addToCurrentState NavigationBar0$_2578#89 (136)
03-08 15:13:40.244  1327  1327 I SurfaceFlinger: id=35353 Removed Surface(name=296f76f NavigationBar0)/@0x8bb6395 - animation-leash of insets_animation#35353 (136)
03-08 15:13:40.244  1327  1327 I SurfaceFlinger: id=35352 Removed Surface(name=c9f16ce StatusBar)/@0xc28a9d9 - animation-leash of insets_animation#35352 (136)
03-08 15:13:40.245  1327  1327 I Layer   : id=35352 Destroyed Surface(name=c9f16ce StatusBar)/@0xc28a9d9 - animation-leash of insets_animation#35352
03-08 15:13:40.245  1327  1327 I Layer   : id=35353 Destroyed Surface(name=296f76f NavigationBar0)/@0x8bb6395 - animation-leash of insets_animation#35353
03-08 15:13:40.246   603   603 I lmkd    : Reclaim 'com.samsung.android.app.routines:RoutineUIProcess' (25889), uid 10052, oom_score_adj 955, state 19 to free 100212kB rss, 24872kb swap
03-08 15:13:40.246   603   603 I lmkd    : Reclaimed 125084kB at oom_score_adj 850
03-08 15:13:40.246  1472  5215 D InputDispatcher: Focus request (0): 18176f7 com.example.cmput301w24t33/com.example.cmput301w24t33.activities.AdminActivity but waiting because NO_WINDOW
03-08 15:13:40.252  5242  5242 I Utils   : isCurrentUser current = 0, ownerId = 0
03-08 15:13:40.253  5242  5242 I TrayVisibilityController: getComputedTrayVisible : keyguardState = 1
03-08 15:13:40.253  5242  5242 I TrayVisibilityController: updateTrayVisible: State=1 visible=1 mCurrentVisible=1 specificMode=0
03-08 15:13:40.253  5242  5242 I TrayStateController: onNotifyUpdateTray: state=0
03-08 15:13:40.266 26486 26486 I FirebaseApp: Device unlocked: initializing all Firebase APIs for app [DEFAULT]
03-08 15:13:40.273 26486 26486 I FirebaseInitProvider: FirebaseApp initialization successful
03-08 15:13:40.278  1180  1180 I Zygote  : Process 25889 exited due to signal 9 (Killed)
03-08 15:13:40.278   603   603 I lmkd    : cached 2, sandbox(not0) 0
03-08 15:13:40.280   603   603 I lmkd    : Reclaim 'com.samsung.android.app.routines' (25636), uid 10052, oom_score_adj 945, state 19 to free 114820kB rss, 24508kb swap
03-08 15:13:40.280   603   603 I lmkd    : Reclaimed 139328kB at oom_score_adj 850
03-08 15:13:40.287  1472  2020 I libprocessgroup: Successfully killed process cgroup uid 10052 pid 25889 in 0ms
03-08 15:13:40.300 26486 26486 I CrashlyticsInitProvider: CrashlyticsInitProvider skipping initialization
03-08 15:13:40.318  1472  2020 I libprocessgroup: Successfully killed process cgroup uid 10052 pid 25636 in 0ms
03-08 15:13:40.319  1180  1180 I Zygote  : Process 25636 exited due to signal 9 (Killed)
03-08 15:13:40.324  7780  7780 I CMHApplication: [#CMH#] Block to verify, Change Trim Memory Level: 60
03-08 15:13:40.325 14141 14141 I ContactsProvider: onTrimMemory-success
03-08 15:13:40.343  1472  5160 D PackageManager: setEnabledSetting : userId = 0 packageName = com.sec.android.daemonapp cmp = androidx.work.impl.background.systemjob.SystemJobService newState = 1 callingPackage = 10188/com.sec.android.daemonapp
03-08 15:13:40.343  1472  5160 D ApplicationPolicy: getApplicationStateEnabled : pkg = com.sec.android.daemonapp userId : 0
03-08 15:13:40.345 26486 26486 I [PASS][SPASS]SamsungPassSettingsProvider: onCreateData
03-08 15:13:40.345  1472  5160 D ApplicationPolicy: getApplicationComponentState : pkg = com.sec.android.daemonapp userId : 0
03-08 15:13:40.346 26486 26486 I [PASS][SPASS]SamsungPassSettingsProvider: checkCondition - Build.Version:33, UserId:0, UserIsGuest:false
03-08 15:13:40.347 26486 26486 I [PASS][SPASS]EasySigninProvider: onCreate
03-08 15:13:40.349 26486 26486 I [PASS][SPASS]PasskeyProvider: onCreate
03-08 15:13:40.352   603   603 I lmkd    : cached 2, sandbox(not0) 0
03-08 15:13:40.352 26486 26486 I [PASS][CMN]WalletDeeplinkTokenProvider: onCreate
03-08 15:13:40.352 26486 26486 I [PASS][SPASS]SettingDBProvider: onCreate
03-08 15:13:40.353 26486 26486 I [PASS][SPASS]WalletSettingsProvider: onCreate
03-08 15:13:40.353   603   603 I lmkd    : Reclaim 'com.samsung.android.ipsgeofence' (26344), uid 5022, oom_score_adj 985, state 19 to free 87112kB rss, 24636kb swap
03-08 15:13:40.354   603   603 I lmkd    : Reclaimed 111748kB at oom_score_adj 850
03-08 15:13:40.369  1472  1504 I AppWidgetServiceImpl: getAppWidgetInfo() 2, from 0
03-08 15:13:40.370  1472  1504 I AppWidgetServiceImpl: getAppWidgetInfo() 2, from 0
03-08 15:13:40.371 26486 26486 I [PASS][SPASS]SPassApplication: onCreate
03-08 15:13:40.372  1472  5160 I AppWidgetServiceImpl: getAppWidgetInfo() 2, from 0
03-08 15:13:40.374 26486 26486 I [PASS][SPASS]FrameworkUtils: isInitialized : true
03-08 15:13:40.374 26486 26486 I [PASS][SPASS]FrameworkHelper: initialize - already initialized
03-08 15:13:40.377  1180  1180 D Zygote  : Forked child process 26554
03-08 15:13:40.380  3258  3258 I ViewRootImpl@133027e[LauncherActivity]: handleAppVisibility mAppVisible = true visible = false
03-08 15:13:40.382  2578 28925 D WallpaperService: dispatchAppVisibility onVisibilityChanged(): false
03-08 15:13:40.382 26361 26463 I BLASTBufferQueue: [ViewRootImpl@311210d[Admin]#0](f:0,a:0) onFrameAvailable the first frame is available
03-08 15:13:40.383 26361 26463 I ViewRootImpl@311210d[Admin]: Received frameCommittedCallback lastAttemptedDrawFrameNum=1 didProduceBuffer=true
03-08 15:13:40.383  2578  2578 D WallpaperService: reportVisibility onVisibilityChanged visible: false
03-08 15:13:40.383  2578  2749 I ImageWallpaper[GLEngine]:  onVisibilityChanged false , 0
03-08 15:13:40.383 26361 26463 D OpenGLRenderer: CFMS:: SetUp Pid : 26361    Tid : 26463
03-08 15:13:40.385 26361 26463 W Parcel  : Expecting binder but got null!
03-08 15:13:40.386 26361 26361 I ViewRootImpl@311210d[Admin]: onSyncComplete
03-08 15:13:40.386 26361 26361 I ViewRootImpl@311210d[Admin]: setupSync seqId=0 mSyncId=0 fn=1 caller=android.view.ViewRootImpl$$ExternalSyntheticLambda11.accept:6 android.window.SurfaceSyncer.lambda$setupSync$1$android-window-SurfaceSyncer:128 android.window.SurfaceSyncer$$ExternalSyntheticLambda1.accept:8 android.window.SurfaceSyncer$SyncSet.checkIfSyncIsComplete:382 android.window.SurfaceSyncer$SyncSet.markSyncReady:359 android.window.SurfaceSyncer.markSyncReady:151 android.view.ViewRootImpl.performTraversals:4503
03-08 15:13:40.387 26361 26361 I ViewRootImpl@311210d[Admin]: reportDrawFinished seqId=0 mSyncId=-1 fn=1 mSurfaceChangedTransaction=0xb400007c7ec52500
03-08 15:13:40.392  1472  5215 I SemDvfsHyPerManager: acquire hyper - AMS_RESUME_TAIL/1472@16, type = -999
03-08 15:13:40.392  1472  5215 I SemDvfsHyPerManager: acquire hyper - AMS_ACT_LAZY/1472@17, type = -999
03-08 15:13:40.392  1257  1326 I HYPER-HAL: [RequestManager.cpp]acquire(): Acquired ID : 1107832  [1472 / 16]    HINT : AMS_RESUME_TAIL    list :
03-08 15:13:40.393  1472  2020 I libprocessgroup: Successfully killed process cgroup uid 5022 pid 26344 in 0ms
03-08 15:13:40.394  1327  1327 I Layer   : id=35364 removedFromDrawingState Surface(name=Task=1)/@0x464f238 - animation-leash of app_transition#35364 (134)
