03-08 15:13:52.235  2578  2711 I ViewRootImpl@2a6f9ff[cmput301w24t33]: mWNT: t=0xb400007c81ff6f00 mBlastBufferQueue=0xb400007c520de100 fn= 4 caller= android.view.SyncRtSurfaceTransactionApplier.applyTransaction:96 android.view.SyncRtSurfaceTransactionApplier.lambda$scheduleApply$0$android-view-SyncRtSurfaceTransactionApplier:69 android.view.SyncRtSurfaceTransactionApplier$$ExternalSyntheticLambda0.onFrameDraw:4
03-08 15:13:52.252  2578  2664 D OpenGLRenderer: setSurface called with nullptr
03-08 15:13:52.252  2578  2664 D OpenGLRenderer: setSurface() destroyed EGLSurface
03-08 15:13:52.252  2578  2664 D OpenGLRenderer: destroyEglSurface
03-08 15:13:52.254  2578  2656 I ViewRootImpl@2a6f9ff[cmput301w24t33]: performTraversals params={(0,0)(fillxfill) sim={adjust=pan} ty=APPLICATION_STARTING fmt=TRANSLUCENT wanim=0x1030309 alpha=0.0
03-08 15:13:52.254  2578  2656 I ViewRootImpl@2a6f9ff[cmput301w24t33]:   fl=81030118
03-08 15:13:52.254  2578  2656 I ViewRootImpl@2a6f9ff[cmput301w24t33]:   pfl=16000010
03-08 15:13:52.254  2578  2656 I ViewRootImpl@2a6f9ff[cmput301w24t33]:   bhv=DEFAULT
03-08 15:13:52.254  2578  2656 I ViewRootImpl@2a6f9ff[cmput301w24t33]:   fitSides= naviIconColor=0}
03-08 15:13:52.254  2578  2656 I ViewRootImpl@2a6f9ff[cmput301w24t33]: performTraversals mFirst=false windowShouldResize=false viewVisibilityChanged=true mForceNextWindowRelayout=false params={(0,0)(fillxfill) sim={adjust=pan} ty=APPLICATION_STARTING fmt=TRANSLUCENT wanim=0x1030309 alpha=0.0
03-08 15:13:52.254  2578  2656 I ViewRootImpl@2a6f9ff[cmput301w24t33]:   fl=81030118
03-08 15:13:52.254  2578  2656 I ViewRootImpl@2a6f9ff[cmput301w24t33]:   pfl=16000010
03-08 15:13:52.254  2578  2656 I ViewRootImpl@2a6f9ff[cmput301w24t33]:   bhv=DEFAULT
03-08 15:13:52.254  2578  2656 I ViewRootImpl@2a6f9ff[cmput301w24t33]:   fitSides= naviIconColor=0}
03-08 15:13:52.255  1472  3543 V WindowManager: Relayout Window{fbcedcf u0 Splash Screen com.example.cmput301w24t33}: viewVisibility=8 req=1080x2400 d0
03-08 15:13:52.257  1244  3899 I vendor.qti.bluetooth@1.0-ibs_handler: ProcessIbsCmd: Received IBS_SLEEP_IND: 0xFE
03-08 15:13:52.257  1244  3899 D vendor.qti.bluetooth@1.0-ibs_handler: SerialClockVote: vote for UART CLK OFF
03-08 15:13:52.257  1537  2198 I CameraService: onUidStateChanged: uid=10052, procState is changed. (1 -> 0)
03-08 15:13:52.260  2578  2578 D NavigationBar: onSystemBarAttributesChanged() -  displayId:0, appearance:16, packageName: com.example.cmput301w24t33 (APPEARANCE_LIGHT_NAVIGATION_BARS ), navbarColorManagedByIme:false
03-08 15:13:52.260  1472  3543 V WindowManager: Relayout hash=fbcedcf, pid=2578, syncId=-1: mAttrs={(0,0)(fillxfill) sim={adjust=pan} ty=APPLICATION_STARTING fmt=TRANSLUCENT wanim=0x1030309 alpha=0.0
03-08 15:13:52.260  1472  3543 V WindowManager:   fl=81030118
03-08 15:13:52.260  1472  3543 V WindowManager:   pfl=16000010
03-08 15:13:52.260  1472  3543 V WindowManager:   bhv=DEFAULT
03-08 15:13:52.260  1472  3543 V WindowManager:   fitSides= naviIconColor=0}
03-08 15:13:52.260  2578  2578 D SamsungLightBarControlHelper: updateNavigation(Black button) isLightBar:false, hasLightBarNavigationBarFlag:true, packageName:com.example.cmput301w24t33, DirectReplying:false, NavBarColorManagerdByIme:false, ForceDarkForScrim:false, QsCustomizing:false, PanelHasWhiteBg:true
03-08 15:13:52.262  2578  2656 I ViewRootImpl@2a6f9ff[cmput301w24t33]: Relayout returned: old=(0,0,1080,2400) new=(0,0,1080,2400) req=(1080,2400)8 dur=7 res=0x2 s={false 0x0} ch=true seqId=0
03-08 15:13:52.262  2578  2656 I ViewRootImpl@2a6f9ff[cmput301w24t33]: dispatchDetachedFromWindow
03-08 15:13:52.262  1472  3543 D InputTransport: Input channel destroyed: 'fbcedcf', fd=691
03-08 15:13:52.262  1472  3543 W InputManager-JNI: Input channel object 'fbcedcf Splash Screen com.example.cmput301w24t33 (client)' was disposed without first being removed with the input manager!
03-08 15:13:52.263  1472  3543 D InputTransport: Input channel destroyed: 'fbcedcf', fd=715
03-08 15:13:52.264  2578  2656 D InputTransport: Input channel destroyed: 'fbcedcf', fd=203
03-08 15:13:52.268  1327  1327 I Layer   : id=35645 removedFromDrawingState Surface(name=5257faf com.example.cmput301w24t33/com.example.cmput301w24t33.activities.Organizer)/@0x5a80543 - animation-leash of starting_reveal#35645 (138)
03-08 15:13:52.274  1327  1327 D SurfaceFlinger: Display 4630947232161729153 HWC layers:
03-08 15:13:52.274  1327  1327 D SurfaceFlinger:      DEVICE | 0xb400007446147f00 | 0100 | RGBx_8888    |  152.0    0.0 1232.0 2400.0 |    0    0 1080 2400 | Wallpaper BBQ wrapper#88
03-08 15:13:52.274  1327  1327 D SurfaceFlinger:      DEVICE | 0xb400007445801300 | 0100 | RGBA_8888    |    0.0    0.0 1080.0 2400.0 |    0    0 1080 2400 | com.sec.android.app.launcher/com.sec[...]ivities.LauncherActivity$_3258#35626
03-08 15:13:52.274  1327  1327 D SurfaceFlinger:      DEVICE | 0xb4000074461488a0 | 0102 | RGBA_8888    |    0.0    0.0 1080.0 2400.0 |   18   40 1062 2360 | com.example.cmput301w24t33/com.examp[...]33.activities.Organizer$_26361#35642
03-08 15:13:52.274  1327  1327 D SurfaceFlinger:      DEVICE | 0xb400007446147170 | 0100 | RGBA_8888    |    0.0    0.0 1080.0   91.0 |    0    0 1080   91 | StatusBar$_2578#95
03-08 15:13:52.274  1327  1327 D SurfaceFlinger:      DEVICE | 0xb400007446147bf0 | 0100 | RGBA_8888    |    0.0    0.0   67.0  515.0 |    0  301   67  816 | com.samsung.android.app.cocktailbars[...]rvice.CocktailBarService$_5242#35333
03-08 15:13:52.274  1327  1327 D SurfaceFlinger:      DEVICE | 0xb400007446149b70 | 0100 | RGBA_8888    |    0.0    0.0 1080.0  126.0 |    0 2274 1080 2400 | NavigationBar0$_2578#89
03-08 15:13:52.274  1327  1327 D SurfaceFlinger:
03-08 15:13:52.382  5242  5242 I Utils   : isCurrentUser current = 0, ownerId = 0
03-08 15:13:52.382  5242  5242 I TrayVisibilityController: getComputedTrayVisible : keyguardState = 1
03-08 15:13:52.382  5242  5242 I TrayVisibilityController: updateTrayVisible: State=1 visible=1 mCurrentVisible=1 specificMode=0
03-08 15:13:52.382  5242  5242 I TrayStateController: onNotifyUpdateTray: state=0
03-08 15:13:52.407  1244  3730 D vendor.qti.bluetooth@1.0-wake_lock: Release wakelock is released
03-08 15:13:52.456  1327  1327 D SurfaceFlinger: Display 4630947232161729153 HWC layers:
03-08 15:13:52.456  1327  1327 D SurfaceFlinger:      DEVICE | 0xb4000074461488a0 | 0102 | RGBA_8888    |    0.0    0.0 1080.0 2400.0 |    0    0 1080 2400 | com.example.cmput301w24t33/com.examp[...]33.activities.Organizer$_26361#35642
03-08 15:13:52.456  1327  1327 D SurfaceFlinger:      DEVICE | 0xb400007446147170 | 0100 | RGBA_8888    |    0.0    0.0 1080.0   91.0 |    0    0 1080   91 | StatusBar$_2578#95
03-08 15:13:52.456  1327  1327 D SurfaceFlinger:      DEVICE | 0xb400007446147bf0 | 0100 | RGBA_8888    |    0.0    0.0   67.0  515.0 |    0  301   67  816 | com.samsung.android.app.cocktailbars[...]rvice.CocktailBarService$_5242#35333
03-08 15:13:52.456  1327  1327 D SurfaceFlinger:      DEVICE | 0xb400007446149b70 | 0100 | RGBA_8888    |    0.0    0.0 1080.0  126.0 |    0 2274 1080 2400 | NavigationBar0$_2578#89
03-08 15:13:52.456  1327  1327 D SurfaceFlinger:
03-08 15:13:52.469  3258  3258 I ViewRootImpl@133027e[LauncherActivity]: handleAppVisibility mAppVisible = true visible = false
03-08 15:13:52.471  2578 21464 D WallpaperService: dispatchAppVisibility onVisibilityChanged(): false
03-08 15:13:52.471  2578  2578 D WallpaperService: reportVisibility onVisibilityChanged visible: false
03-08 15:13:52.472  2578  2749 I ImageWallpaper[GLEngine]:  onVisibilityChanged false , 0
03-08 15:13:52.482  1244  3899 I vendor.qti.bluetooth@1.0-ibs_handler: ProcessIbsCmd: Received IBS_WAKE_IND: 0xFD
03-08 15:13:52.482  1244  3899 D vendor.qti.bluetooth@1.0-ibs_handler: SerialClockVote: vote for UART CLK ON
03-08 15:13:52.483  1244  3899 D vendor.qti.bluetooth@1.0-wake_lock: Acquire wakelock is acquired
03-08 15:13:52.483  1244  3899 I vendor.qti.bluetooth@1.0-ibs_handler: ProcessIbsCmd: Writing IBS_WAKE_ACK
03-08 15:13:52.485  1327  1327 I Layer   : id=35637 removedFromDrawingState Splash Screen com.example.cmput301w24t33$_2578#35637 (138)
03-08 15:13:52.485  1327  1327 I Layer   : id=35638 removedFromDrawingState Surface(name=Task=1)/@0x464f238 - animation-leash of app_transition#35638 (138)
03-08 15:13:52.485  1327  1327 I Layer   : Layer [com.sec.android.app.launcher/com.sec.android.app.launcher.activities.LauncherActivity$_3258#35626] hidden!! flag(1)
03-08 15:13:52.485  1327  1327 I Layer   : id=35636 removedFromDrawingState fbcedcf Splash Screen com.example.cmput301w24t33#35636 (138)
03-08 15:13:52.485  1327  1327 I Layer   : id=35639 removedFromDrawingState Surface(name=Task=3077)/@0x161b024 - animation-leash of app_transition#35639 (138)
03-08 15:13:52.485  1327  1327 I Layer   : Layer [Splash Screen com.example.cmput301w24t33$_2578#35637] hidden!! flag(1)
03-08 15:13:52.485  1327  1327 I SurfaceFlinger: id=35636 Removed fbcedcf Splash Screen com.example.cmput301w24t33#35636 (138)
03-08 15:13:52.485  1327  1327 I SurfaceFlinger: id=35637 Removed Splash Screen com.example.cmput301w24t33$_2578#35637 (138)
03-08 15:13:52.485  1327  1327 I SurfaceFlinger: id=35639 Removed Surface(name=Task=3077)/@0x161b024 - animation-leash of app_transition#35639 (138)
03-08 15:13:52.485  1327  1327 I SurfaceFlinger: id=35638 Removed Surface(name=Task=1)/@0x464f238 - animation-leash of app_transition#35638 (138)
03-08 15:13:52.486  1327  1327 I Layer   : id=35636 Destroyed fbcedcf Splash Screen com.example.cmput301w24t33#35636
03-08 15:13:52.486  1327  1327 I Layer   : id=35637 Destroyed Splash Screen com.example.cmput301w24t33$_2578#35637
03-08 15:13:52.486  1327  1327 I Layer   : id=35638 Destroyed Surface(name=Task=1)/@0x464f238 - animation-leash of app_transition#35638
03-08 15:13:52.486  1327  1327 I Layer   : id=35639 Destroyed Surface(name=Task=3077)/@0x161b024 - animation-leash of app_transition#35639
03-08 15:13:52.488  3258  3258 I ViewRootImpl@133027e[LauncherActivity]: performTraversals mFirst=false windowShouldResize=false viewVisibilityChanged=true mForceNextWindowRelayout=false params=null
03-08 15:13:52.489  1472  5162 V WindowManager: Relayout Window{25ecb59 u0 com.sec.android.app.launcher/com.sec.android.app.launcher.activities.LauncherActivity}: viewVisibility=8 req=1080x2400 d0
03-08 15:13:52.491  1472  5162 V WindowManager: Relayout hash=25ecb59, pid=3258, syncId=-1: mAttrs={(0,0)(fillxfill) sim={adjust=nothing} layoutInDisplayCutoutMode=shortEdges ty=BASE_APPLICATION fmt=TRANSPARENT wanim=0x10302f4
03-08 15:13:52.491  1472  5162 V WindowManager:   fl=81910100
03-08 15:13:52.491  1472  5162 V WindowManager:   pfl=1e020040
03-08 15:13:52.491  1472  5162 V WindowManager:   vsysui=1700
03-08 15:13:52.491  1472  5162 V WindowManager:   apr=LIGHT_STATUS_BARS LIGHT_NAVIGATION_BARS
03-08 15:13:52.491  1472  5162 V WindowManager:   bhv=SHOW_TRANSIENT_BARS_BY_SWIPE
03-08 15:13:52.491  1472  5162 V WindowManager:   fitSides= screenDimDuration=200000 naviIconColor=0}
03-08 15:13:52.492 26361 26361 I ViewInteraction: Performing 'single click' action on view view.getId() is <2131230846/com.example.cmput301w24t33:id/button_create_event>
03-08 15:13:52.494  1472  5162 D InputDispatcher: Inject motion (26361/10451): action=0x0, time=154424742000000, f=0x0, d=0 dsdx=1.000000 dtdx=0.000000
03-08 15:13:52.495  1472  2259 I InputDispatcher: Delivering touch to (2578): action: 0x4, f=0x0, d=0, '296f76f', t=0
03-08 15:13:52.495  1472  2259 I InputDispatcher: Delivering touch to (26361): action: 0x0, f=0x0, d=0, '5257faf', t=0
03-08 15:13:52.495  1472  1877 I GestureDetector: obtain mCurrentDownEvent. id: -387361384 caller: com.android.server.wm.SystemGesturesPointerEventListener.onPointerEvent:203 com.android.server.wm.PointerEventDispatcher.onInputEvent:53 android.view.InputEventReceiver.dispatchInputEvent:285
03-08 15:13:52.495  1472  1877 I GestureDetector: obtain mCurrentDownEvent. id: -387361384 caller: com.android.server.wm.SystemPerformancePointerEventListener.onPointerEvent:89 com.android.server.wm.PointerEventDispatcher.onInputEvent:53 android.view.InputEventReceiver.dispatchInputEvent:285
03-08 15:13:52.496 26361 26361 I ViewRootImpl@841c411[Organizer]: ViewPostIme pointer 0
03-08 15:13:52.497  3258  3258 I ViewRootImpl@133027e[LauncherActivity]: Relayout returned: old=(0,0,1080,2400) new=(0,0,1080,2400) req=(1080,2400)8 dur=7 res=0x2 s={false 0x0} ch=true seqId=0
03-08 15:13:52.497  3258  3258 I ViewRootImpl@133027e[LauncherActivity]: stopped(true) old = false
03-08 15:13:52.497  3258  3258 I ViewRootImpl@133027e[LauncherActivity]: WindowStopped on com.sec.android.app.launcher/com.sec.android.app.launcher.activities.LauncherActivity set to true
03-08 15:13:52.498  3258  3258 I Launcher: !@Boot_DEBUG: Launcher.onStop()
03-08 15:13:52.498  3258  3258 I Launcher: !@Boot_EBS_D: Launcher.onStop()
03-08 15:13:52.498  3258  3258 I BaseActivity: removeActivityFlags, flags : 17
03-08 15:13:52.499  3258  3258 I StateManager: goToState isInState Normal
03-08 15:13:52.499  3258  3627 I IMM_LC  : hsifw() - flag : 0
03-08 15:13:52.499  3258  3627 I IMM_LC  : hsifw() - mService.hideSoftInput
03-08 15:13:52.499  3258  3258 W LauncherAppWidgetHost: setShouldListenFlag, mFlags:7 flag:start on:false isFront:false
03-08 15:13:52.500  1472  3335 I AppWidgetServiceImpl: stopListening callbacks : null
03-08 15:13:52.500  3258  3258 W LauncherAppWidgetHost: stopListening, mFlags:2 isFront:false
03-08 15:13:52.500  3258  3258 W Launcher.NotificationListener: removeNotificationsChangedListener
03-08 15:13:52.500  3258  3258 I Launcher.NotificationListener: unregisterObserver, this is not notificationService!!
03-08 15:13:52.500  3258  3258 I BadgeCountUpdaterImpl: onNotificationsChangedDisConnected
03-08 15:13:52.501  3258  3258 I DecorView: notifyKeepScreenOnChanged: keepScreenOn=false
03-08 15:13:52.505  3258  3637 I LiveIconUpdateEventHandler: cancelMinuteChangeAlarm
03-08 15:13:52.511  3258  3637 I LiveIconUpdateEventHandler: cancelDateChangeAlarm
03-08 15:13:52.512  3258  3258 I MSHandlerLifeCycle: removeMultiSplitHandler: no exist. decor=DecorView@159fe79[LauncherActivity]
03-08 15:13:52.513  3258  3258 I ViewRootImpl@133027e[LauncherActivity]: performTraversals params={(0,0)(fillxfill) sim={adjust=nothing} layoutInDisplayCutoutMode=shortEdges ty=BASE_APPLICATION fmt=TRANSPARENT wanim=0x10302f4
03-08 15:13:52.513  3258  3258 I ViewRootImpl@133027e[LauncherActivity]:   fl=81910100
03-08 15:13:52.513  3258  3258 I ViewRootImpl@133027e[LauncherActivity]:   pfl=1e020040
03-08 15:13:52.513  3258  3258 I ViewRootImpl@133027e[LauncherActivity]:   vsysui=1700
03-08 15:13:52.513  3258  3258 I ViewRootImpl@133027e[LauncherActivity]:   apr=LIGHT_STATUS_BARS LIGHT_NAVIGATION_BARS
03-08 15:13:52.513  3258  3258 I ViewRootImpl@133027e[LauncherActivity]:   bhv=SHOW_TRANSIENT_BARS_BY_SWIPE
03-08 15:13:52.513  3258  3258 I ViewRootImpl@133027e[LauncherActivity]:   fitSides= naviIconColor=0}
03-08 15:13:52.513  3258  3258 I ViewRootImpl@133027e[LauncherActivity]: performTraversals mFirst=false windowShouldResize=false viewVisibilityChanged=false mForceNextWindowRelayout=false params={(0,0)(fillxfill) sim={adjust=nothing} layoutInDisplayCutoutMode=shortEdges ty=BASE_APPLICATION fmt=TRANSPARENT wanim=0x10302f4
03-08 15:13:52.513  3258  3258 I ViewRootImpl@133027e[LauncherActivity]:   fl=81910100
03-08 15:13:52.513  3258  3258 I ViewRootImpl@133027e[LauncherActivity]:   pfl=1e020040
03-08 15:13:52.513  3258  3258 I ViewRootImpl@133027e[LauncherActivity]:   vsysui=1700
03-08 15:13:52.513  3258  3258 I ViewRootImpl@133027e[LauncherActivity]:   apr=LIGHT_STATUS_BARS LIGHT_NAVIGATION_BARS
03-08 15:13:52.513  3258  3258 I ViewRootImpl@133027e[LauncherActivity]:   bhv=SHOW_TRANSIENT_BARS_BY_SWIPE
03-08 15:13:52.513  3258  3258 I ViewRootImpl@133027e[LauncherActivity]:   fitSides= naviIconColor=0}
03-08 15:13:52.513  1472  3543 V WindowManager: Relayout Window{25ecb59 u0 com.sec.android.app.launcher/com.sec.android.app.launcher.activities.LauncherActivity}: viewVisibility=8 req=1080x2400 d0
03-08 15:13:52.516  1472  3543 V WindowManager: Relayout hash=25ecb59, pid=3258, syncId=-1: mAttrs={(0,0)(fillxfill) sim={adjust=nothing} layoutInDisplayCutoutMode=shortEdges ty=BASE_APPLICATION fmt=TRANSPARENT wanim=0x10302f4
03-08 15:13:52.516  1472  3543 V WindowManager:   fl=81910100
03-08 15:13:52.516  1472  3543 V WindowManager:   pfl=1e020040
03-08 15:13:52.516  1472  3543 V WindowManager:   vsysui=1700
03-08 15:13:52.516  1472  3543 V WindowManager:   apr=LIGHT_STATUS_BARS LIGHT_NAVIGATION_BARS
03-08 15:13:52.516  1472  3543 V WindowManager:   bhv=SHOW_TRANSIENT_BARS_BY_SWIPE
03-08 15:13:52.516  1472  3543 V WindowManager:   fitSides= naviIconColor=0}
03-08 15:13:52.517  3258  3258 I ViewRootImpl@133027e[LauncherActivity]: Relayout returned: old=(0,0,1080,2400) new=(0,0,1080,2400) req=(1080,2400)8 dur=4 res=0x2 s={false 0x0} ch=false seqId=0
03-08 15:13:52.528  1273  1344 E ANDR-PERF-UTIL: Failed to update node /proc/3258/sched_low_latency with value 1
03-08 15:13:52.528  1273  1344 E ANDR-PERF-OPTSHANDLER: can't set low latency for tid 3258
03-08 15:13:52.528  1273  1344 E ANDR-PERF-RESOURCEQS: Failed to apply optimization [3, 52]
03-08 15:13:52.528  1273  1344 E ANDR-PERF-UTIL: Failed to update node /proc/5771/sched_low_latency with value 1
03-08 15:13:52.528  1273  1344 E ANDR-PERF-OPTSHANDLER: can't set low latency for tid 5771
03-08 15:13:52.528  1273  1344 E ANDR-PERF-RESOURCEQS: Failed to apply optimization [3, 52]
03-08 15:13:52.528  1273  1344 E ANDR-PERF-UTIL: Failed to update node /proc/5770/sched_low_latency with value 1
03-08 15:13:52.528  1273  1344 E ANDR-PERF-OPTSHANDLER: can't set low latency for tid 5770
03-08 15:13:52.528  1273  1344 E ANDR-PERF-RESOURCEQS: Failed to apply optimization [3, 52]
03-08 15:13:52.528  1273  1344 E ANDR-PERF-UTIL: Failed to update node /proc/5393/sched_low_latency with value 1
03-08 15:13:52.528  1273  1344 E ANDR-PERF-OPTSHANDLER: can't set low latency for tid 5393
03-08 15:13:52.528  1273  1344 E ANDR-PERF-RESOURCEQS: Failed to apply optimization [3, 52]
03-08 15:13:52.528  1273  1344 E ANDR-PERF-UTIL: Failed to read /proc/sys/kernel/walt_low_latency_task_threshold
03-08 15:13:52.528  1273  1344 E ANDR-PERF-OPTSHANDLER: Failed to read /proc/sys/kernel/walt_low_latency_task_threshold
03-08 15:13:52.528  1273  1344 E ANDR-PERF-RESOURCEQS: Failed to apply optimization [3, 54]
03-08 15:13:52.529  1244  3899 I vendor.qti.bluetooth@1.0-ibs_handler: ProcessIbsCmd: Received IBS_SLEEP_IND: 0xFE
03-08 15:13:52.529  1244  3899 D vendor.qti.bluetooth@1.0-ibs_handler: SerialClockVote: vote for UART CLK OFF
03-08 15:13:52.535  1472  3543 D InputDispatcher: Inject motion (26361/10451): action=0x1, time=154424783000000, f=0x0, d=0 dsdx=1.000000 dtdx=0.000000
03-08 15:13:52.536  1327  1327 I Layer   : id=35626 removedFromDrawingState com.sec.android.app.launcher/com.sec.android.app.launcher.activities.LauncherActivity$_3258#35626 (134)
03-08 15:13:52.536  1472  2259 I InputDispatcher: Delivering touch to (26361): action: 0x1, f=0x0, d=0, '5257faf', t=0
03-08 15:13:52.536  1327  1327 I SurfaceFlinger: id=35626 Removed com.sec.android.app.launcher/com.sec.android.app.launcher.activities.LauncherActivity$_3258#35626 (134)
03-08 15:13:52.536  1472  1877 I GestureDetector: obtain mCurrentMotionEventRaw. action: 1 id: -43882282
03-08 15:13:52.536  1327  1327 I Layer   : id=35626 Destroyed com.sec.android.app.launcher/com.sec.android.app.launcher.activities.LauncherActivity$_3258#35626
03-08 15:13:52.536  1472  1877 I GestureDetector: obtain mCurrentMotionEventRaw. action: 1 id: -43882282
03-08 15:13:52.538 26361 26361 I ViewRootImpl@841c411[Organizer]: ViewPostIme pointer 1
03-08 15:13:52.543 26361 26361 W OnBackInvokedCallback: OnBackInvokedCallback is not enabled for the application.
03-08 15:13:52.543 26361 26361 W OnBackInvokedCallback: Set 'android:enableOnBackInvokedCallback="true"' in the application manifest.
03-08 15:13:52.558 10149 10149 I dgdm    : onPause
03-08 15:13:52.562 26361 26361 D CompatibilityChangeReporter: Compat change id reported: 171228096; UID 10451; state: ENABLED
03-08 15:13:52.679  1244  3730 D vendor.qti.bluetooth@1.0-wake_lock: Release wakelock is released
03-08 15:13:52.696  1257 28360 I HYPER-HAL: [ResourceManager.cpp]removeResource(): [CPUMinFreq] RemoveResource Request ID : 1107832
03-08 15:13:52.696  1257 28360 I HYPER-HAL: [RequestManager.cpp]releaseLocked(): Released ID : 1107832
03-08 15:13:52.795  1472  1877 I GestureDetector: handleMessage TAP
03-08 15:13:52.796  1472  1472 I GestureDetector: handleMessage TAP
03-08 15:13:52.876  3258  3637 I QuickstepModelDelegate: Widget predictions updated
03-08 15:13:52.903 10149 10149 I dgdm    : onStop
03-08 15:13:53.132  1257 28350 I HYPER-HAL: [ResourceManager.cpp]removeResource(): [CPUMaxFreq] RemoveResource Request ID : 12789166
03-08 15:13:53.132  1257 28350 I HYPER-HAL: [RequestManager.cpp]releaseLocked(): Released ID : 12789166
03-08 15:13:53.202 26361 26361 I ViewInteraction: Checking 'MatchesViewAssertion{viewMatcher=(view has effective visibility <VISIBLE> and view.getGlobalVisibleRect() to return non-empty rectangle)}' assertion on view view.getId() is <2131230956/com.example.cmput301w24t33:id/event_location_edit_text>
03-08 15:13:53.211 26361 26361 I ViewInteraction: Performing 'scroll to' action on view an instance of android.widget.TextView and view.getText() with or without transformation to match: is "Cancel"
03-08 15:13:53.219 26361 26361 I ViewInteraction: Performing 'single click' action on view view.getId() is <2131230852/com.example.cmput301w24t33:id/cancel_button>
03-08 15:13:53.221  1472  3335 D InputDispatcher: Inject motion (26361/10451): action=0x0, time=154425469000000, f=0x0, d=0 dsdx=1.000000 dtdx=0.000000
03-08 15:13:53.221  1472  2259 I InputDispatcher: Delivering touch to (2578): action: 0x4, f=0x0, d=0, '296f76f', t=0
03-08 15:13:53.221  1472  2259 I InputDispatcher: Delivering touch to (26361): action: 0x0, f=0x0, d=0, '5257faf', t=0
03-08 15:13:53.222  1472  1877 I GestureDetector: obtain mCurrentDownEvent. id: -301284116 caller: com.android.server.wm.SystemGesturesPointerEventListener.onPointerEvent:203 com.android.server.wm.PointerEventDispatcher.onInputEvent:53 android.view.InputEventReceiver.dispatchInputEvent:285
03-08 15:13:53.222 26361 26361 I ViewRootImpl@841c411[Organizer]: ViewPostIme pointer 0
03-08 15:13:53.222  1472  1877 I GestureDetector: obtain mCurrentDownEvent. id: -301284116 caller: com.android.server.wm.SystemPerformancePointerEventListener.onPointerEvent:89 com.android.server.wm.PointerEventDispatcher.onInputEvent:53 android.view.InputEventReceiver.dispatchInputEvent:285
03-08 15:13:53.237  1244  3899 I vendor.qti.bluetooth@1.0-ibs_handler: ProcessIbsCmd: Received IBS_WAKE_IND: 0xFD
03-08 15:13:53.237  1244  3899 D vendor.qti.bluetooth@1.0-ibs_handler: SerialClockVote: vote for UART CLK ON
03-08 15:13:53.238  1244  3899 D vendor.qti.bluetooth@1.0-wake_lock: Acquire wakelock is acquired
03-08 15:13:53.238  1244  3899 I vendor.qti.bluetooth@1.0-ibs_handler: ProcessIbsCmd: Writing IBS_WAKE_ACK
03-08 15:13:53.262  1472  3335 D InputDispatcher: Inject motion (26361/10451): action=0x1, time=154425510000000, f=0x0, d=0 dsdx=1.000000 dtdx=0.000000
03-08 15:13:53.262  1472  2259 I InputDispatcher: Delivering touch to (26361): action: 0x1, f=0x0, d=0, '5257faf', t=0
03-08 15:13:53.263 26361 26361 I ViewRootImpl@841c411[Organizer]: ViewPostIme pointer 1
03-08 15:13:53.263  1472  1877 I GestureDetector: obtain mCurrentMotionEventRaw. action: 1 id: -408785065
03-08 15:13:53.263  1472  1877 I GestureDetector: obtain mCurrentMotionEventRaw. action: 1 id: -408785065
03-08 15:13:53.283  1244  3899 I vendor.qti.bluetooth@1.0-ibs_handler: ProcessIbsCmd: Received IBS_SLEEP_IND: 0xFE
03-08 15:13:53.283  1244  3899 D vendor.qti.bluetooth@1.0-ibs_handler: SerialClockVote: vote for UART CLK OFF
03-08 15:13:53.434  1244  3730 D vendor.qti.bluetooth@1.0-wake_lock: Release wakelock is released
03-08 15:13:53.471  1472  4475 D SemWifiUsabilityStatsMonitor: onWifiUsabilityStats - seqNum 23818, isSameBssidAndFreq true
03-08 15:13:53.471  1472  2428 I SemWifiLinkQualityMonitor: Link Qos Query: 0.049 ms / 164.747 Mbps (200 / 0.006 / 1.063)
03-08 15:13:53.515 26361 26361 I ViewInteraction: Checking 'MatchesViewAssertion{viewMatcher=(view has effective visibility <VISIBLE> and view.getGlobalVisibleRect() to return non-empty rectangle)}' assertion on view view.getId() is <2131231154/com.example.cmput301w24t33:id/organizer_activity>
03-08 15:13:53.520  1472  1882 I ChimeraSystemEventListener: appLaunchIntent package name is: com.example.cmput301w24t33.test
03-08 15:13:53.522  1472  3404 I SemDvfsHyPerManager: acquire hyper - AMS_APP_SWITCH/1472@18, type = -999
03-08 15:13:53.522  1257  1326 I HYPER-HAL: [RequestManager.cpp]acquire(): Acquired ID : 1110813  [1472 / 18]    HINT : AMS_APP_SWITCH    list :
03-08 15:13:53.522  1327  3508 I SurfaceFlinger: id=35647 createSurf, flag=24004, Task=3078#35647
03-08 15:13:53.523  1257  1326 I HYPER-HAL: [ResourceManager.cpp]updateResource(): [CPULittleMinFreq] UpdateResource Request ID : 1110813    Value : 1804800
03-08 15:13:53.523  1472  1877 I GestureDetector: handleMessage TAP
03-08 15:13:53.523  1472  1472 I GestureDetector: handleMessage TAP
03-08 15:13:53.523  5044  5044 I SemDvfsHyPerManager: acquire hyper - APP_START_SHORT/5044@12, type = -999
03-08 15:13:53.524  1327  3508 I SurfaceFlinger: id=35648 createSurf, flag=80004, ActivityRecord{b67d19b u0 com.example.cmput301w24t33.test/androidx.test.core.app.InstrumentationActivityInvoker$EmptyActivity} t3078}#35648
03-08 15:13:53.525  1257  1326 I HYPER-HAL: [ResourceManager.cpp]updateResource(): [CPUMinFreq] UpdateResource Request ID : 1110813    Value : 2208000
03-08 15:13:53.525  1257  1326 I HYPER-HAL: [RequestManager.cpp]acquire(): Acquired ID : 12784108  [5044 / 12]    HINT : APP_START    list : [TIMEOUT / 1500]
03-08 15:13:53.525  1257  1326 I HYPER-HAL: [ResourceManager.cpp]updateResource(): [CPUMaxFreq] UpdateResource Request ID : 12784108    Value : 2208000
03-08 15:13:53.530  1537  1537 I CameraService: onUidStateChanged: uid=10052, procState is changed. (0 -> 1)
03-08 15:13:53.530  1472  3335 I SemDvfsHyPerManager: acquire hyper - AMS_APP_LAUNCH/1472@15, type = -999
03-08 15:13:53.530  1257  1326 I HYPER-HAL: [RequestManager.cpp]acquire(): Acquired ID : 1106343  [1472 / 15]    HINT : AMS_APP_LAUNCH    list :
03-08 15:13:53.531  1257  1326 I HYPER-HAL: [ResourceManager.cpp]updateResource(): [CPULittleMinFreq] UpdateResource Request ID : 1106343    Value : 1804800
03-08 15:13:53.531  1257  1326 I HYPER-HAL: [ResourceManager.cpp]updateResource(): [CPUMinFreq] UpdateResource Request ID : 1106343    Value : 2208000
03-08 15:13:53.531  2578  2664 D NativeCustomFrequencyManager: [NativeCFMS] BpCustomFrequencyManager::BpCustomFrequencyManager()
03-08 15:13:53.531  5044  5044 I SemDvfsHyPerManager: acquire hyper - APP_START/5044@14, type = -999
03-08 15:13:53.532  1257  1326 I HYPER-HAL: [RequestManager.cpp]acquire(): Acquired ID : 12794225  [5044 / 14]    HINT : APP_START    list :
03-08 15:13:53.532  1257  1326 I HYPER-HAL: [ResourceManager.cpp]updateResource(): [CPUMaxFreq] UpdateResource Request ID : 12794225    Value : 2208000
03-08 15:13:53.533  1472  3335 D InputTransport: Input channel constructed: 'ec0bc02', fd=691
03-08 15:13:53.533  1472  3335 D InputTransport: Input channel constructed: 'ec0bc02', fd=715
03-08 15:13:53.533  1472  3335 D InputTransport: Input channel constructed: 'ec0bc02', fd=756
03-08 15:13:53.533  1327  2100 I SurfaceFlinger: id=35649 createSurf, flag=80004, ec0bc02 Splash Screen com.example.cmput301w24t33.test#35649
03-08 15:13:53.534  1472  3335 D InputTransport: Input channel destroyed: 'ec0bc02', fd=756
03-08 15:13:53.534  3258  3258 I TopTaskTracker: onTaskMovedToFront : taskId = 3078
03-08 15:13:53.535  2578  2656 D InsetsController: onStateChanged: InsetsState: {mDisplayFrame=Rect(0, 0 - 1080, 2400), mDisplayCutout=DisplayCutout{insets=Rect(0, 91 - 0, 0) waterfall=Insets{left=0, top=0, right=0, bottom=0} boundingRect={Bounds=[Rect(0, 0 - 0, 0), Rect(503, 0 - 577, 91), Rect(0, 0 - 0, 0), Rect(0, 0 - 0, 0)]} cutoutPathParserInfo={CutoutPathParserInfo{displayWidth=1080 displayHeight=2400 physicalDisplayWidth=1080 physicalDisplayHeight=2400 density={2.625} cutoutSpec={M 0,0 H -14.0952380952381 V 34.66666666666667 H 14.0952380952381 V 0 H 0 Z @dp} rotation={0} scale={1.0} physicalPixelDisplaySizeRatio={1.0}}}}, mRoundedCorners=RoundedCorners{[RoundedCorner{position=TopLeft, radius=84, center=Point(84, 84)}, RoundedCorner{position=TopRight, radius=84, center=Point(996, 84)}, RoundedCorner{position=BottomRight, radius=84, center=Point(996, 2316)}, RoundedCorner{position=BottomLeft, radius=84, center=Point(84, 2316)}]}  mRoundedCornerFrame=Rect(0, 0 - 1080, 2400), mPrivacyIndicatorBounds=PrivacyIndicatorBounds {static bounds=Rect(964, 0 - 1080, 91) rotation=0}, mSources= { InsetsSource: {mType=ITYPE_STATUS_BAR, mFrame=[0,0][1080,91], mVisible=true, mInsetsRoundedCornerFrame=false}, InsetsSource: {mType=ITYPE_NAVIGATION_BAR, mFrame=[0,2274][1080,2400], mVisible=true, mInsetsRoundedCornerFrame=false}, InsetsSource: {mType=ITYPE_LEFT_GESTURES, mFrame=[0,0][0,2400], mVisible=true, mInsetsRoundedCornerFrame=false}, InsetsSource: {mType=ITYPE_RIGHT_GESTURES, mFrame=[1080,0][1080,2400], mVisible=true, mInsetsRoundedCornerFrame=false}, InsetsSource: {mType=ITYPE_TOP_MANDATORY_GESTURES, mFrame=[0,0][1080,123], mVisible=true, mInsetsRoundedCornerFrame=false}, InsetsSource: {mType=ITYPE_BOTTOM_MANDATORY_GESTURES, mFrame=[0,2274][1080,2400], mVisible=true, mInsetsRoundedCornerFrame=false}, InsetsSource: {mType=ITYPE_LEFT_DISPLAY_CUTOUT, mFrame=[0,0][-100000,2400], mVisible=true, mInsetsRoundedCornerFrame=false}, InsetsSource: {mType=ITYPE_TOP_DISPLAY_CUTOUT, mFrame=[0,0][1080,91], mVisible=true, mInsetsRoundedCornerFrame=false}, InsetsSource: {mType=ITYPE_RIGHT_DISPLAY_CUTOUT, mFrame=[100000,0][1080,2400], mVisible=true, mInsetsRoundedCornerFrame=false}, InsetsSource: {mType=ITYPE_BOTTOM_DISPLAY_CUTOUT, mFrame=[0,100000][1080,2400], mVisible=true, mInsetsRoundedCornerFrame=false}, InsetsSource: {mType=ITYPE_TOP_TAPPABLE_ELEMENT, mFrame=[0,0][1080,91], mVisible=true, mInsetsRoundedCornerFrame=false}, InsetsSource: {mType=ITYPE_BOTTOM_TAPPABLE_ELEMENT, mFrame=[0,2274][1080,2400], mVisible=true, mInsetsRoundedCornerFrame=false} } host=Splash Screen com.example.cmput301w24t33.test from=android.view.ViewRootImpl.setView:1732
03-08 15:13:53.536  2578  2656 I ViewRootImpl@4f860ef[test]: setView = android.widget.FrameLayout@a941d0b TM=true
03-08 15:13:53.537  2578  2656 I ViewRootImpl@4f860ef[test]: performTraversals params={(0,0)(fillxfill) sim={adjust=pan} ty=APPLICATION_STARTING fmt=TRANSLUCENT
03-08 15:13:53.537  2578  2656 I ViewRootImpl@4f860ef[test]:   fl=81030118
03-08 15:13:53.537  2578  2656 I ViewRootImpl@4f860ef[test]:   pfl=16000010
03-08 15:13:53.537  2578  2656 I ViewRootImpl@4f860ef[test]:   apr=LIGHT_STATUS_BARS LIGHT_NAVIGATION_BARS
03-08 15:13:53.537  2578  2656 I ViewRootImpl@4f860ef[test]:   bhv=DEFAULT
03-08 15:13:53.537  2578  2656 I ViewRootImpl@4f860ef[test]:   fitSides= naviIconColor=0}
03-08 15:13:53.537  2578  2656 I ViewRootImpl@4f860ef[test]: performTraversals mFirst=true windowShouldResize=true viewVisibilityChanged=false mForceNextWindowRelayout=false params={(0,0)(fillxfill) sim={adjust=pan} ty=APPLICATION_STARTING fmt=TRANSLUCENT
03-08 15:13:53.537  2578  2656 I ViewRootImpl@4f860ef[test]:   fl=81030118
03-08 15:13:53.537  2578  2656 I ViewRootImpl@4f860ef[test]:   pfl=16000010
03-08 15:13:53.537  2578  2656 I ViewRootImpl@4f860ef[test]:   apr=LIGHT_STATUS_BARS LIGHT_NAVIGATION_BARS
03-08 15:13:53.537  2578  2656 I ViewRootImpl@4f860ef[test]:   bhv=DEFAULT
03-08 15:13:53.537  2578  2656 I ViewRootImpl@4f860ef[test]:   fitSides= naviIconColor=0}
03-08 15:13:53.537  1472  3440 I AS.AudioService: uid:10333is using audio
03-08 15:13:53.538 26361 26361 D LifecycleMonitor: Lifecycle status change: com.example.cmput301w24t33.activities.Organizer@fe82730 in: PAUSED
03-08 15:13:53.539 26361 26361 V ActivityScenario: Update currentActivityStage to PAUSED, currentActivity=com.example.cmput301w24t33.activities.Organizer@fe82730
03-08 15:13:53.543  1472  5162 D InputDispatcher: Focused application(0): ActivityRecord{b67d19b u0 com.example.cmput301w24t33.test/androidx.test.core.app.InstrumentationActivityInvoker$EmptyActivity} t3078}
03-08 15:13:53.549  1472  3335 V WindowManager: Relayout Window{ec0bc02 u0 Splash Screen com.example.cmput301w24t33.test}: viewVisibility=0 req=1080x2400 d0
03-08 15:13:53.549  1327  2100 I SurfaceFlinger: id=35650 createSurf, flag=40004, Splash Screen com.example.cmput301w24t33.test$_2578#35650
03-08 15:13:53.552  1472  3335 V WindowManager: Relayout hash=ec0bc02, pid=2578, syncId=-1: mAttrs={(0,0)(fillxfill) sim={adjust=pan} ty=APPLICATION_STARTING fmt=TRANSLUCENT
03-08 15:13:53.552  1472  3335 V WindowManager:   fl=81030118
03-08 15:13:53.552  1472  3335 V WindowManager:   pfl=16000010
03-08 15:13:53.552  1472  3335 V WindowManager:   apr=LIGHT_STATUS_BARS LIGHT_NAVIGATION_BARS
03-08 15:13:53.552  1472  3335 V WindowManager:   bhv=DEFAULT
03-08 15:13:53.552  1472  3335 V WindowManager:   fitSides= naviIconColor=0}
03-08 15:13:53.553  2578  2656 D InsetsController: onStateChanged: InsetsState: {mDisplayFrame=Rect(0, 0 - 1080, 2400), mDisplayCutout=DisplayCutout{insets=Rect(0, 91 - 0, 0) waterfall=Insets{left=0, top=0, right=0, bottom=0} boundingRect={Bounds=[Rect(0, 0 - 0, 0), Rect(503, 0 - 577, 91), Rect(0, 0 - 0, 0), Rect(0, 0 - 0, 0)]} cutoutPathParserInfo={CutoutPathParserInfo{displayWidth=1080 displayHeight=2400 physicalDisplayWidth=1080 physicalDisplayHeight=2400 density={2.625} cutoutSpec={M 0,0 H -14.0952380952381 V 34.66666666666667 H 14.0952380952381 V 0 H 0 Z @dp} rotation={0} scale={1.0} physicalPixelDisplaySizeRatio={1.0}}}}, mRoundedCorners=RoundedCorners{[RoundedCorner{position=TopLeft, radius=84, center=Point(84, 84)}, RoundedCorner{position=TopRight, radius=84, center=Point(996, 84)}, RoundedCorner{position=BottomRight, radius=84, center=Point(996, 2316)}, RoundedCorner{position=BottomLeft, radius=84, center=Point(84, 2316)}]}  mRoundedCornerFrame=Rect(0, 0 - 1080, 2400), mPrivacyIndicatorBounds=PrivacyIndicatorBounds {static bounds=Rect(964, 0 - 1080, 91) rotation=0}, mSources= { InsetsSource: {mType=ITYPE_STATUS_BAR, mFrame=[0,0][1080,91], mVisible=true, mInsetsRoundedCornerFrame=false}, InsetsSource: {mType=ITYPE_NAVIGATION_BAR, mFrame=[0,2274][1080,2400], mVisible=true, mInsetsRoundedCornerFrame=false}, InsetsSource: {mType=ITYPE_LEFT_GESTURES, mFrame=[0,0][0,2400], mVisible=true, mInsetsRoundedCornerFrame=false}, InsetsSource: {mType=ITYPE_RIGHT_GESTURES, mFrame=[1080,0][1080,2400], mVisible=true, mInsetsRoundedCornerFrame=false}, InsetsSource: {mType=ITYPE_TOP_MANDATORY_GESTURES, mFrame=[0,0][1080,123], mVisible=true, mInsetsRoundedCornerFrame=false}, InsetsSource: {mType=ITYPE_BOTTOM_MANDATORY_GESTURES, mFrame=[0,2274][1080,2400], mVisible=true, mInsetsRoundedCornerFrame=false}, InsetsSource: {mType=ITYPE_LEFT_DISPLAY_CUTOUT, mFrame=[0,0][-100000,2400], mVisible=true, mInsetsRoundedCornerFrame=false}, InsetsSource: {mType=ITYPE_TOP_DISPLAY_CUTOUT, mFrame=[0,0][1080,91], mVisible=true, mInsetsRoundedCornerFrame=false}, InsetsSource: {mType=ITYPE_RIGHT_DISPLAY_CUTOUT, mFrame=[100000,0][1080,2400], mVisible=true, mInsetsRoundedCornerFrame=false}, InsetsSource: {mType=ITYPE_BOTTOM_DISPLAY_CUTOUT, mFrame=[0,100000][1080,2400], mVisible=true, mInsetsRoundedCornerFrame=false}, InsetsSource: {mType=ITYPE_TOP_TAPPABLE_ELEMENT, mFrame=[0,0][1080,91], mVisible=true, mInsetsRoundedCornerFrame=false}, InsetsSource: {mType=ITYPE_BOTTOM_TAPPABLE_ELEMENT, mFrame=[0,2274][1080,2400], mVisible=true, mInsetsRoundedCornerFrame=false}, InsetsSource: {mType=ITYPE_IME, mFrame=[0,0][0,0], mVisibleFrame=[0,1409][1080,2400], mVisible=false, mInsetsRoundedCornerFrame=false} } host=Splash Screen com.example.cmput301w24t33.test from=android.view.ViewRootImpl.relayoutWindow:9802
03-08 15:13:53.553  1472  2391 D AS.MultiSoundManager: mForegroundUid = 10453
03-08 15:13:53.553  2578  2656 I ViewRootImpl@4f860ef[test]: updateBlastSurfaceIfNeeded mBlastBufferQueue=null isSameSurfaceControl=false
03-08 15:13:53.554  2578  2656 I BLASTBufferQueue: new BLASTBufferQueue, mName= ViewRootImpl@4f860ef[test] mNativeObject= 0xb400007c520de100 sc.mNativeObject= 0xb400007c4d127a00 caller= android.view.ViewRootImpl.updateBlastSurfaceIfNeeded:2909 android.view.ViewRootImpl.relayoutWindow:9847 android.view.ViewRootImpl.performTraversals:3884 android.view.ViewRootImpl.doTraversal:3116 android.view.ViewRootImpl$TraversalRunnable.run:10885 android.view.Choreographer$CallbackRecord.run:1301 android.view.Choreographer$CallbackRecord.run:1309 android.view.Choreographer.doCallbacks:923 android.view.Choreographer.doFrame:852 android.view.Choreographer$FrameDisplayEventReceiver.run:1283
03-08 15:13:53.554  2578  2656 I BLASTBufferQueue: update, w= 1080 h= 2400 mName = ViewRootImpl@4f860ef[test] mNativeObject= 0xb400007c520de100 sc.mNativeObject= 0xb400007c4d127a00 format= -3 caller= android.graphics.BLASTBufferQueue.<init>:84 android.view.ViewRootImpl.updateBlastSurfaceIfNeeded:2909 android.view.ViewRootImpl.relayoutWindow:9847 android.view.ViewRootImpl.performTraversals:3884 android.view.ViewRootImpl.doTraversal:3116 android.view.ViewRootImpl$TraversalRunnable.run:10885
03-08 15:13:53.554  2578  2656 I ViewRootImpl@4f860ef[test]: Relayout returned: old=(0,0,1080,2400) new=(0,0,1080,2400) req=(1080,2400)0 dur=16 res=0x3 s={true 0xb400007c49a66800} ch=true seqId=0
03-08 15:13:53.555  2578  2656 I ViewRootImpl@4f860ef[test]: mThreadedRenderer.initialize() mSurface={isValid=true 0xb400007c49a66800} hwInitialized=true
03-08 15:13:53.555  2578  2664 D OpenGLRenderer: eglCreateWindowSurface
03-08 15:13:53.555  2578  2656 I ViewRootImpl@4f860ef[test]: reportNextDraw android.view.ViewRootImpl.performTraversals:4438 android.view.ViewRootImpl.doTraversal:3116 android.view.ViewRootImpl$TraversalRunnable.run:10885 android.view.Choreographer$CallbackRecord.run:1301 android.view.Choreographer$CallbackRecord.run:1309
03-08 15:13:53.555  2578  2656 I ViewRootImpl@4f860ef[test]: Setup new sync id=0
03-08 15:13:53.555  2578  2656 I ViewRootImpl@4f860ef[test]: Setting syncFrameCallback
03-08 15:13:53.555  2578  2656 I ViewRootImpl@4f860ef[test]: registerCallbacksForSync syncBuffer=false
03-08 15:13:53.556  2578  2712 I ViewRootImpl@4f860ef[test]: Received frameDrawingCallback syncResult=0 frameNum=1.
03-08 15:13:53.556  2578  2712 I ViewRootImpl@4f860ef[test]: Setting up sync and frameCommitCallback
03-08 15:13:53.557  2578  2664 I BLASTBufferQueue: [ViewRootImpl@4f860ef[test]#949](f:0,a:0) onFrameAvailable the first frame is available
03-08 15:13:53.558  2578  2664 I ViewRootImpl@4f860ef[test]: Received frameCommittedCallback lastAttemptedDrawFrameNum=1 didProduceBuffer=true
03-08 15:13:53.559  2578  2664 D OpenGLRenderer: CFMS:: SetUp Pid : 2578    Tid : 2664
03-08 15:13:53.559  2578  2664 W Parcel  : Expecting binder but got null!
03-08 15:13:53.559  2578  2656 I ViewRootImpl@4f860ef[test]: onSyncComplete
03-08 15:13:53.559  2578  2656 I ViewRootImpl@4f860ef[test]: setupSync seqId=0 mSyncId=0 fn=1 caller=android.view.ViewRootImpl$$ExternalSyntheticLambda11.accept:6 android.window.SurfaceSyncer.lambda$setupSync$1$android-window-SurfaceSyncer:128 android.window.SurfaceSyncer$$ExternalSyntheticLambda1.accept:8 android.window.SurfaceSyncer$SyncSet.checkIfSyncIsComplete:382 android.window.SurfaceSyncer$SyncSet.markSyncReady:359 android.window.SurfaceSyncer.markSyncReady:151 android.view.ViewRootImpl.performTraversals:4503
03-08 15:13:53.560  2578  2656 I ViewRootImpl@4f860ef[test]: reportDrawFinished seqId=0 mSyncId=-1 fn=1 mSurfaceChangedTransaction=0xb400007c8200a700
03-08 15:13:53.566  5242  5242 I ActivityUtils: HomePackage : com.sec.android.app.launcher, resumePackageName : com.example.cmput301w24t33.test
03-08 15:13:53.566 27916 27916 I DecorView: [INFO] isPopOver=false config=true
03-08 15:13:53.567 27916 27916 I DecorView: updateCaptionType: isFloating=false isApplication=true hasWindowDecorCaption=false this=DecorView@28f4522[]
03-08 15:13:53.567 27916 27916 D DecorView: setCaptionType = 0, this = DecorView@28f4522[]
03-08 15:13:53.569  1472  6022 D InputDispatcher: Focus left window (0): 5257faf com.example.cmput301w24t33/com.example.cmput301w24t33.activities.Organizer
03-08 15:13:53.570 26361 26361 I ViewRootImpl@841c411[Organizer]: MSG_WINDOW_FOCUS_CHANGED 0 0
03-08 15:13:53.570  1273  1344 E ANDR-PERF-UTIL: Failed to update node /proc/3258/sched_low_latency with value 1
03-08 15:13:53.570  1273  1344 E ANDR-PERF-OPTSHANDLER: can't set low latency for tid 3258
03-08 15:13:53.570  1273  1344 E ANDR-PERF-RESOURCEQS: Failed to apply optimization [3, 52]
03-08 15:13:53.570  1273  1344 E ANDR-PERF-UTIL: Failed to update node /proc/5771/sched_low_latency with value 1
03-08 15:13:53.570  1273  1344 E ANDR-PERF-OPTSHANDLER: can't set low latency for tid 5771
03-08 15:13:53.570  1273  1344 E ANDR-PERF-RESOURCEQS: Failed to apply optimization [3, 52]
03-08 15:13:53.570  1273  1344 E ANDR-PERF-UTIL: Failed to update node /proc/5770/sched_low_latency with value 1
03-08 15:13:53.570  1273  1344 E ANDR-PERF-OPTSHANDLER: can't set low latency for tid 5770
03-08 15:13:53.570  1273  1344 E ANDR-PERF-RESOURCEQS: Failed to apply optimization [3, 52]
03-08 15:13:53.570  1273  1344 E ANDR-PERF-UTIL: Failed to update node /proc/5393/sched_low_latency with value 1
03-08 15:13:53.570  1273  1344 E ANDR-PERF-OPTSHANDLER: can't set low latency for tid 5393
03-08 15:13:53.570  1273  1344 E ANDR-PERF-RESOURCEQS: Failed to apply optimization [3, 52]
03-08 15:13:53.570  1273  1344 E ANDR-PERF-UTIL: Failed to read /proc/sys/kernel/walt_low_latency_task_threshold
03-08 15:13:53.570  1273  1344 E ANDR-PERF-OPTSHANDLER: Failed to read /proc/sys/kernel/walt_low_latency_task_threshold
03-08 15:13:53.570  1273  1344 E ANDR-PERF-RESOURCEQS: Failed to apply optimization [3, 54]
03-08 15:13:53.574 27916 27916 I DecorView: getCurrentDensityDpi: from real metrics. densityDpi=420 msg=resources_loaded
03-08 15:13:53.574 27916 27916 I DecorView: setWindowBackground: isPopOver=false color=ffffffff d=android.graphics.drawable.ColorDrawable@3b9e570
03-08 15:13:53.577  1327  1327 I Layer   : id=35651 Destroyed Screenshot Parent#35651
03-08 15:13:53.578 27916 27916 I MSHandlerLifeCycle: check: return. pkg=com.example.cmput301w24t33.test parent=null callers=com.android.internal.policy.DecorView.setVisibility:4412 android.app.ActivityThread.handleResumeActivity:5476 android.app.servertransaction.ResumeActivityItem.execute:54 android.app.servertransaction.ActivityTransactionItem.execute:45 android.app.servertransaction.TransactionExecutor.executeLifecycleState:176
03-08 15:13:53.578 27916 27916 I MSHandlerLifeCycle: removeMultiSplitHandler: no exist. decor=DecorView@28f4522[]
03-08 15:13:53.582 27916 27939 D NativeCustomFrequencyManager: [NativeCFMS] BpCustomFrequencyManager::BpCustomFrequencyManager()
03-08 15:13:53.583  1327  3508 I SurfaceFlinger: id=35652 createSurf, flag=80000, cd9a1aa ActivityRecordInputSink com.example.cmput301w24t33.test/androidx.test.core.app.InstrumentationActivityInvoker$EmptyActivity#35652
03-08 15:13:53.586 26361 26361 I ViewRootImpl@841c411[Organizer]: handleAppVisibility mAppVisible = true visible = false
03-08 15:13:53.588  1472  2910 D InputTransport: Input channel constructed: 'd3c2398', fd=756
03-08 15:13:53.588  1472  2910 D InputTransport: Input channel constructed: 'd3c2398', fd=759
03-08 15:13:53.589  1472  2910 D InputTransport: Input channel constructed: 'd3c2398', fd=914
03-08 15:13:53.589  1327  2296 I SurfaceFlinger: id=35653 createSurf, flag=80004, d3c2398 com.example.cmput301w24t33.test/androidx.test.core.app.InstrumentationActivityInvoker$EmptyActivity#35653
03-08 15:13:53.590  1472  2910 D InputTransport: Input channel destroyed: 'd3c2398', fd=914
03-08 15:13:53.590  1472  3678 I MediaSessionMonitor: Media session stopped : diffrent pkg
03-08 15:13:53.595 27916 27916 D InsetsController: onStateChanged: InsetsState: {mDisplayFrame=Rect(0, 0 - 1080, 2400), mDisplayCutout=DisplayCutout{insets=Rect(0, 91 - 0, 0) waterfall=Insets{left=0, top=0, right=0, bottom=0} boundingRect={Bounds=[Rect(0, 0 - 0, 0), Rect(503, 0 - 577, 91), Rect(0, 0 - 0, 0), Rect(0, 0 - 0, 0)]} cutoutPathParserInfo={CutoutPathParserInfo{displayWidth=1080 displayHeight=2400 physicalDisplayWidth=1080 physicalDisplayHeight=2400 density={2.625} cutoutSpec={M 0,0 H -14.0952380952381 V 34.66666666666667 H 14.0952380952381 V 0 H 0 Z @dp} rotation={0} scale={1.0} physicalPixelDisplaySizeRatio={1.0}}}}, mRoundedCorners=RoundedCorners{[RoundedCorner{position=TopLeft, radius=84, center=Point(84, 84)}, RoundedCorner{position=TopRight, radius=84, center=Point(996, 84)}, RoundedCorner{position=BottomRight, radius=84, center=Point(996, 2316)}, RoundedCorner{position=BottomLeft, radius=84, center=Point(84, 2316)}]}  mRoundedCornerFrame=Rect(0, 0 - 1080, 2400), mPrivacyIndicatorBounds=PrivacyIndicatorBounds {static bounds=Rect(964, 0 - 1080, 91) rotation=0}, mSources= { InsetsSource: {mType=ITYPE_STATUS_BAR, mFrame=[0,0][1080,91], mVisible=true, mInsetsRoundedCornerFrame=false}, InsetsSource: {mType=ITYPE_NAVIGATION_BAR, mFrame=[0,2274][1080,2400], mVisible=true, mInsetsRoundedCornerFrame=false}, InsetsSource: {mType=ITYPE_LEFT_GESTURES, mFrame=[0,0][0,2400], mVisible=true, mInsetsRoundedCornerFrame=false}, InsetsSource: {mType=ITYPE_RIGHT_GESTURES, mFrame=[1080,0][1080,2400], mVisible=true, mInsetsRoundedCornerFrame=false}, InsetsSource: {mType=ITYPE_TOP_MANDATORY_GESTURES, mFrame=[0,0][1080,123], mVisible=true, mInsetsRoundedCornerFrame=false}, InsetsSource: {mType=ITYPE_BOTTOM_MANDATORY_GESTURES, mFrame=[0,2274][1080,2400], mVisible=true, mInsetsRoundedCornerFrame=false}, InsetsSource: {mType=ITYPE_LEFT_DISPLAY_CUTOUT, mFrame=[0,0][-100000,2400], mVisible=true, mInsetsRoundedCornerFrame=false}, InsetsSource: {mType=ITYPE_TOP_DISPLAY_CUTOUT, mFrame=[0,0][1080,91], mVisible=true, mInsetsRoundedCornerFrame=false}, InsetsSource: {mType=ITYPE_RIGHT_DISPLAY_CUTOUT, mFrame=[100000,0][1080,2400], mVisible=true, mInsetsRoundedCornerFrame=false}, InsetsSource: {mType=ITYPE_BOTTOM_DISPLAY_CUTOUT, mFrame=[0,100000][1080,2400], mVisible=true, mInsetsRoundedCornerFrame=false}, InsetsSource: {mType=ITYPE_TOP_TAPPABLE_ELEMENT, mFrame=[0,0][1080,91], mVisible=true, mInsetsRoundedCornerFrame=false}, InsetsSource: {mType=ITYPE_BOTTOM_TAPPABLE_ELEMENT, mFrame=[0,2274][1080,2400], mVisible=true, mInsetsRoundedCornerFrame=false}, InsetsSource: {mType=ITYPE_IME, mFrame=[0,0][0,0], mVisibleFrame=[0,1409][1080,2400], mVisible=false, mInsetsRoundedCornerFrame=false} } host=com.example.cmput301w24t33.test/androidx.test.core.app.InstrumentationActivityInvoker$EmptyActivity from=android.view.ViewRootImpl.setView:1732
03-08 15:13:53.597 27916 27916 I ViewRootImpl@5a1a00f[InstrumentationActivityInvoker$EmptyActivity]: setView = com.android.internal.policy.DecorView@28f4522 TM=true
03-08 15:13:53.598 27916 27916 I MSHandlerLifeCycle: removeMultiSplitHandler: no exist. decor=DecorView@28f4522[InstrumentationActivityInvoker$EmptyActivity]
03-08 15:13:53.600  1327  1327 I Layer   : Layer [Splash Screen com.example.cmput301w24t33.test$_2578#35650] hidden!! flag(0)
03-08 15:13:53.600  1327  1327 I Layer   : Layer [com.example.cmput301w24t33/com.example.cmput301w24t33.activities.Organizer$_26361#35642] hidden!! flag(1)
03-08 15:13:53.603 26361 26463 D OpenGLRenderer: setSurface called with nullptr
03-08 15:13:53.603 26361 26463 D OpenGLRenderer: setSurface() destroyed EGLSurface
03-08 15:13:53.603 26361 26463 D OpenGLRenderer: destroyEglSurface
03-08 15:13:53.605 27916 27916 I ViewRootImpl@5a1a00f[InstrumentationActivityInvoker$EmptyActivity]: performTraversals params={(0,0)(fillxfill) sim={adjust=pan forwardNavigation} ty=BASE_APPLICATION
03-08 15:13:53.605 27916 27916 I ViewRootImpl@5a1a00f[InstrumentationActivityInvoker$EmptyActivity]:   fl=81810100
03-08 15:13:53.605 27916 27916 I ViewRootImpl@5a1a00f[InstrumentationActivityInvoker$EmptyActivity]:   pfl=12020040
03-08 15:13:53.605 27916 27916 I ViewRootImpl@5a1a00f[InstrumentationActivityInvoker$EmptyActivity]:   bhv=DEFAULT
03-08 15:13:53.605 27916 27916 I ViewRootImpl@5a1a00f[InstrumentationActivityInvoker$EmptyActivity]:   fitSides= naviIconColor=0
03-08 15:13:53.605 27916 27916 I ViewRootImpl@5a1a00f[InstrumentationActivityInvoker$EmptyActivity]:   sfl=100000}
03-08 15:13:53.605 26361 26361 I ViewRootImpl@841c411[Organizer]: performTraversals mFirst=false windowShouldResize=false viewVisibilityChanged=true mForceNextWindowRelayout=false params=null
03-08 15:13:53.605  1472  3543 V WindowManager: Relayout Window{5257faf u0 com.example.cmput301w24t33/com.example.cmput301w24t33.activities.Organizer}: viewVisibility=8 req=1080x2400 d0
03-08 15:13:53.606  1327  1327 D SurfaceFlinger: Display 4630947232161729153 HWC layers:
03-08 15:13:53.606  1327  1327 D SurfaceFlinger:      DEVICE | 0xb40000745d065b60 | 0100 | RGBA_8888    |    0.0    0.0 1080.0 2400.0 |    0    0 1080 2400 | Splash Screen com.example.cmput301w24t33.test$_2578#35650
03-08 15:13:53.606  1327  1327 D SurfaceFlinger:      DEVICE | 0xb400007446147170 | 0100 | RGBA_8888    |    0.0    0.0 1080.0   91.0 |    0    0 1080   91 | StatusBar$_2578#95
03-08 15:13:53.606  1327  1327 D SurfaceFlinger:      DEVICE | 0xb400007446147bf0 | 0100 | RGBA_8888    |    0.0    0.0   67.0  515.0 |    0  301   67  816 | com.samsung.android.app.cocktailbars[...]rvice.CocktailBarService$_5242#35333
