03-08 15:13:49.105  1327  1327 I Layer   : Layer [com.sec.android.app.launcher/com.sec.android.app.launcher.activities.LauncherActivity$_3258#35533] hidden!! flag(1)
03-08 15:13:49.105  1327  1327 I SurfaceFlinger: id=35544 Removed 45118c8 Splash Screen com.example.cmput301w24t33#35544 (146)
03-08 15:13:49.105  1327  1327 I SurfaceFlinger: id=35545 Removed Splash Screen com.example.cmput301w24t33$_2578#35545 (146)
03-08 15:13:49.105  1327  1327 I SurfaceFlinger: id=35547 Removed Surface(name=Task=3074)/@0x272455 - animation-leash of app_transition#35547 (146)
03-08 15:13:49.105  1327  1327 I SurfaceFlinger: id=35546 Removed Surface(name=Task=1)/@0x464f238 - animation-leash of app_transition#35546 (146)
03-08 15:13:49.105  1327  1327 I Layer   : id=35544 Destroyed 45118c8 Splash Screen com.example.cmput301w24t33#35544
03-08 15:13:49.106  1327  1327 I Layer   : id=35545 Destroyed Splash Screen com.example.cmput301w24t33$_2578#35545
03-08 15:13:49.106  1327  1327 I Layer   : id=35546 Destroyed Surface(name=Task=1)/@0x464f238 - animation-leash of app_transition#35546
03-08 15:13:49.106  1327  1327 I Layer   : id=35547 Destroyed Surface(name=Task=3074)/@0x272455 - animation-leash of app_transition#35547
03-08 15:13:49.107 30756 28141 I SamsungAccount: [SignatureInfoDbHelper] getSignatureResult - [10/26mm5][app.spage.]
03-08 15:13:49.107  3258  3258 I ViewRootImpl@133027e[LauncherActivity]: performTraversals mFirst=false windowShouldResize=false viewVisibilityChanged=true mForceNextWindowRelayout=false params=null
03-08 15:13:49.110 30756 28141 I SamsungAccount: [SignatureInfoDbHelper] searchOnUser
03-08 15:13:49.114  1472  2964 V WindowManager: Relayout Window{25ecb59 u0 com.sec.android.app.launcher/com.sec.android.app.launcher.activities.LauncherActivity}: viewVisibility=8 req=1080x2400 d0
03-08 15:13:49.114   679   679 W keymaster_tee: [WRN]begin req PARAMS: A32 B2 P64
03-08 15:13:49.116  1472  2964 V WindowManager: Relayout hash=25ecb59, pid=3258, syncId=-1: mAttrs={(0,0)(fillxfill) sim={adjust=nothing} layoutInDisplayCutoutMode=shortEdges ty=BASE_APPLICATION fmt=TRANSPARENT wanim=0x10302f4
03-08 15:13:49.116  1472  2964 V WindowManager:   fl=81910100
03-08 15:13:49.116  1472  2964 V WindowManager:   pfl=1e020040
03-08 15:13:49.116  1472  2964 V WindowManager:   vsysui=1700
03-08 15:13:49.116  1472  2964 V WindowManager:   apr=LIGHT_STATUS_BARS LIGHT_NAVIGATION_BARS
03-08 15:13:49.116  1472  2964 V WindowManager:   bhv=SHOW_TRANSIENT_BARS_BY_SWIPE
03-08 15:13:49.116  1472  2964 V WindowManager:   fitSides= screenDimDuration=200000 naviIconColor=0}
03-08 15:13:49.118 26361 26361 I ViewInteraction: Performing 'single click' action on view view.getId() is <2131231185/com.example.cmput301w24t33:id/profile_image>
03-08 15:13:49.121  3258  3258 I ViewRootImpl@133027e[LauncherActivity]: Relayout returned: old=(0,0,1080,2400) new=(0,0,1080,2400) req=(1080,2400)8 dur=12 res=0x2 s={false 0x0} ch=true seqId=0
03-08 15:13:49.121  3258  3258 I ViewRootImpl@133027e[LauncherActivity]: stopped(true) old = false
03-08 15:13:49.121  3258  3258 I ViewRootImpl@133027e[LauncherActivity]: WindowStopped on com.sec.android.app.launcher/com.sec.android.app.launcher.activities.LauncherActivity set to true
03-08 15:13:49.122  3258  3258 I Launcher: !@Boot_DEBUG: Launcher.onStop()
03-08 15:13:49.122  3258  3258 I Launcher: !@Boot_EBS_D: Launcher.onStop()
03-08 15:13:49.122  3258  3258 I BaseActivity: removeActivityFlags, flags : 17
03-08 15:13:49.122  3258  3258 I StateManager: goToState isInState Normal
03-08 15:13:49.122  3258  3627 I IMM_LC  : hsifw() - flag : 0
03-08 15:13:49.122  3258  3627 I IMM_LC  : hsifw() - mService.hideSoftInput
03-08 15:13:49.122  3258  3258 W LauncherAppWidgetHost: setShouldListenFlag, mFlags:7 flag:start on:false isFront:false
03-08 15:13:49.123  1472  5031 I AppWidgetServiceImpl: stopListening callbacks : null
03-08 15:13:49.123  3258  3258 W LauncherAppWidgetHost: stopListening, mFlags:2 isFront:false
03-08 15:13:49.123  3258  3258 W Launcher.NotificationListener: removeNotificationsChangedListener
03-08 15:13:49.123  3258  3258 I Launcher.NotificationListener: unregisterObserver, this is not notificationService!!
03-08 15:13:49.123  3258  3258 I BadgeCountUpdaterImpl: onNotificationsChangedDisConnected
03-08 15:13:49.124  3258  3258 I DecorView: notifyKeepScreenOnChanged: keepScreenOn=false
03-08 15:13:49.125  1472  2964 D InputDispatcher: Inject motion (26361/10451): action=0x0, time=154421368000000, f=0x0, d=0 dsdx=1.000000 dtdx=0.000000
03-08 15:13:49.125  1472  2259 I InputDispatcher: Delivering touch to (2578): action: 0x4, f=0x0, d=0, '296f76f', t=0
03-08 15:13:49.126  1472  2259 I InputDispatcher: Delivering touch to (26361): action: 0x0, f=0x0, d=0, 'd965637', t=0
03-08 15:13:49.126  3258  3258 I MSHandlerLifeCycle: removeMultiSplitHandler: no exist. decor=DecorView@159fe79[LauncherActivity]
03-08 15:13:49.127  1472  1877 I GestureDetector: obtain mCurrentDownEvent. id: -457503181 caller: com.android.server.wm.SystemGesturesPointerEventListener.onPointerEvent:203 com.android.server.wm.PointerEventDispatcher.onInputEvent:53 android.view.InputEventReceiver.dispatchInputEvent:285
03-08 15:13:49.127  1472  1877 I GestureDetector: obtain mCurrentDownEvent. id: -457503181 caller: com.android.server.wm.SystemPerformancePointerEventListener.onPointerEvent:89 com.android.server.wm.PointerEventDispatcher.onInputEvent:53 android.view.InputEventReceiver.dispatchInputEvent:285
03-08 15:13:49.127 26361 26361 I ViewRootImpl@1384754[Organizer]: ViewPostIme pointer 0
03-08 15:13:49.129   679   679 D keymaster_swd: keymaster_swd [WRN] (km_usage_expire_datetime_valid:223) for purpose 0 we shuldn't check KM_TAG_USAGE_EXPIRE_DATETIME
03-08 15:13:49.129   679   679 D keymaster_swd: keymaster_swd [WRN] (swd_run_cb:257) swd_begin() returns 0
03-08 15:13:49.129  3258  3637 I LiveIconUpdateEventHandler: cancelMinuteChangeAlarm
03-08 15:13:49.131   679   679 D keymaster_swd: keymaster_swd [WRN] (swd_run_cb:257) swd_update() returns 0
03-08 15:13:49.132  3258  3637 I LiveIconUpdateEventHandler: cancelDateChangeAlarm
03-08 15:13:49.133   679   679 D keymaster_swd: keymaster_swd [WRN] (swd_run_cb:257) swd_finish() returns 0
03-08 15:13:49.138  3258  3258 I ViewRootImpl@133027e[LauncherActivity]: performTraversals params={(0,0)(fillxfill) sim={adjust=nothing} layoutInDisplayCutoutMode=shortEdges ty=BASE_APPLICATION fmt=TRANSPARENT wanim=0x10302f4
03-08 15:13:49.138  3258  3258 I ViewRootImpl@133027e[LauncherActivity]:   fl=81910100
03-08 15:13:49.138  3258  3258 I ViewRootImpl@133027e[LauncherActivity]:   pfl=1e020040
03-08 15:13:49.138  3258  3258 I ViewRootImpl@133027e[LauncherActivity]:   vsysui=1700
03-08 15:13:49.138  3258  3258 I ViewRootImpl@133027e[LauncherActivity]:   apr=LIGHT_STATUS_BARS LIGHT_NAVIGATION_BARS
03-08 15:13:49.138  3258  3258 I ViewRootImpl@133027e[LauncherActivity]:   bhv=SHOW_TRANSIENT_BARS_BY_SWIPE
03-08 15:13:49.138  3258  3258 I ViewRootImpl@133027e[LauncherActivity]:   fitSides= naviIconColor=0}
03-08 15:13:49.139  3258  3258 I ViewRootImpl@133027e[LauncherActivity]: performTraversals mFirst=false windowShouldResize=false viewVisibilityChanged=false mForceNextWindowRelayout=false params={(0,0)(fillxfill) sim={adjust=nothing} layoutInDisplayCutoutMode=shortEdges ty=BASE_APPLICATION fmt=TRANSPARENT wanim=0x10302f4
03-08 15:13:49.139  3258  3258 I ViewRootImpl@133027e[LauncherActivity]:   fl=81910100
03-08 15:13:49.139  3258  3258 I ViewRootImpl@133027e[LauncherActivity]:   pfl=1e020040
03-08 15:13:49.139  3258  3258 I ViewRootImpl@133027e[LauncherActivity]:   vsysui=1700
03-08 15:13:49.139  3258  3258 I ViewRootImpl@133027e[LauncherActivity]:   apr=LIGHT_STATUS_BARS LIGHT_NAVIGATION_BARS
03-08 15:13:49.139  3258  3258 I ViewRootImpl@133027e[LauncherActivity]:   bhv=SHOW_TRANSIENT_BARS_BY_SWIPE
03-08 15:13:49.139  3258  3258 I ViewRootImpl@133027e[LauncherActivity]:   fitSides= naviIconColor=0}
03-08 15:13:49.139  1472  2686 V WindowManager: Relayout Window{25ecb59 u0 com.sec.android.app.launcher/com.sec.android.app.launcher.activities.LauncherActivity}: viewVisibility=8 req=1080x2400 d0
03-08 15:13:49.142  1472  2686 V WindowManager: Relayout hash=25ecb59, pid=3258, syncId=-1: mAttrs={(0,0)(fillxfill) sim={adjust=nothing} layoutInDisplayCutoutMode=shortEdges ty=BASE_APPLICATION fmt=TRANSPARENT wanim=0x10302f4
03-08 15:13:49.142  1472  2686 V WindowManager:   fl=81910100
03-08 15:13:49.142  1472  2686 V WindowManager:   pfl=1e020040
03-08 15:13:49.142  1472  2686 V WindowManager:   vsysui=1700
03-08 15:13:49.142  1472  2686 V WindowManager:   apr=LIGHT_STATUS_BARS LIGHT_NAVIGATION_BARS
03-08 15:13:49.142  1472  2686 V WindowManager:   bhv=SHOW_TRANSIENT_BARS_BY_SWIPE
03-08 15:13:49.142  1472  2686 V WindowManager:   fitSides= naviIconColor=0}
03-08 15:13:49.142  3258  3258 I ViewRootImpl@133027e[LauncherActivity]: Relayout returned: old=(0,0,1080,2400) new=(0,0,1080,2400) req=(1080,2400)8 dur=3 res=0x2 s={false 0x0} ch=false seqId=0
03-08 15:13:49.142   679   679 W keymaster_tee: [WRN]begin req PARAMS: A32 B2 P64
03-08 15:13:49.146   679   679 D keymaster_swd: keymaster_swd [WRN] (km_usage_expire_datetime_valid:223) for purpose 0 we shuldn't check KM_TAG_USAGE_EXPIRE_DATETIME
03-08 15:13:49.146   679   679 D keymaster_swd: keymaster_swd [WRN] (swd_run_cb:257) swd_begin() returns 0
03-08 15:13:49.148   679   679 D keymaster_swd: keymaster_swd [WRN] (swd_run_cb:257) swd_update() returns 0
03-08 15:13:49.149 30756 28141 I SamsungAccount: [SignatureInfoDbHelper] searchOnUser - [10/26mm5][app.spage.][64/3291d] => matched
03-08 15:13:49.149 30756 28141 I SamsungAccount: [SignatureInfoDbHelper] search - matched
03-08 15:13:49.149 30756 28141 I SamsungAccount: [SignatureCheckUtil] runCheckSignatureAsync(fromDb) - matched
03-08 15:13:49.149 30756 28141 I SamsungAccount: [AbstractProcessRunnable] [InAIDL-AbstractProcessRunnable]isAvailableRunningProcess end. Package = app.spage.
03-08 15:13:49.149 30756 28141 I SamsungAccount: [AccessTokenRunnable] [InAIDL-AccessTokenRunnable]runProcess start. Package = app.spage.
03-08 15:13:49.149 30756 28141 I SamsungAccount: [StateCheckUtil] isGoogleLinked = false
03-08 15:13:49.149 30756 28141 I SamsungAccount: [StateCheckUtil] isWeChatLinked = false
03-08 15:13:49.149 30756 28141 I SamsungAccount: [AccessTokenRunnable] check_basic_profile = true needToCheckServer = false
03-08 15:13:49.149 30756 28141 I SamsungAccount: [DeviceManager] salesCode : KDO
03-08 15:13:49.149 30756 28141 I SamsungAccount: [DeviceManager] isNewLduProdCode : false
03-08 15:13:49.149 30756 28141 I SamsungAccount: [CountryCodeUtil] isChinaCountryCode : false
03-08 15:13:49.149 30756 28141 I SamsungAccount: [StateCheckUtil] isChildAccount : false
03-08 15:13:49.150 30756 28141 I SamsungAccount: [AccessTokenRunnable] [InAIDL-AccessTokenRunnable]isAccessTokenReusable. Package = app.spage.
03-08 15:13:49.150 30756 28141 I SamsungAccount: [StateCheckUtil] isOverIntervalTime, renewTimeStamp = false
03-08 15:13:49.150 30756 28141 I SamsungAccount: [AccessTokenRunnable] [InAIDL-AccessTokenRunnable]checkAndSetAccessToken. Package = app.spage.
03-08 15:13:49.150 30756 28141 I SamsungAccount: [AccessToken] getAccessTokenInfo
03-08 15:13:49.150 30756 28141 I SamsungAccount: [RBIVO] getStringFormAdditionalBundleKey : expired_access_token
03-08 15:13:49.150 30756 28141 I SamsungAccount: [AccessTokenRunnable] expiredAccessToken is Empty. curTimeSec=1709936029, TimeGap=48714
03-08 15:13:49.150 30756 28141 I SamsungAccount: [AccessTokenRunnable] IsTokenReusable : true
03-08 15:13:49.150 30756 28141 I SamsungAccount: [AccessTokenRunnable] Accesstoken is reusable and isNeedToCheckServer is false
03-08 15:13:49.150 30756 28141 I SamsungAccount: [DbManagerV2] getMccFromDB
03-08 15:13:49.150 30756 28141 I SamsungAccount: [DbManagerV2] getDataV02ForItems : MCC from Cache
03-08 15:13:49.150 30756 28141 I SamsungAccount: [DataUtil] Not Skip Name Validation by accountMCC
03-08 15:13:49.150 30756 28141 I SamsungAccount: [LocalBusinessException] Not Skip Name Validation by AppId
03-08 15:13:49.150 30756 28141 I SamsungAccount: [OpenDBManager] getCheckListFromOpenDB
03-08 15:13:49.150 30756 28141 I SamsungAccount: [OpenDBManager] getTncResult
03-08 15:13:49.150 30756 28141 I SamsungAccount: [OpenDBManager] getTncCursor
03-08 15:13:49.150 30756 28141 I SamsungAccount: [OpenContentProvider] query tnc
03-08 15:13:49.150 30756 28141 I SamsungAccount: [AccountManagerUtil] isSamsungAccountSignedIn : true
03-08 15:13:49.151 30756 28141 I SamsungAccount: [SignatureCheckUtil] runCheckSignatureWithEmptyId
03-08 15:13:49.151 30756 28141 I SamsungAccount: [SignatureCheckUtil] runCheckSignatureAsync
03-08 15:13:49.151 30756 28141 I SamsungAccount: [SignaturePreconditionChecker] getSignatureResult - fromSesSdk : true
03-08 15:13:49.151 30756 28141 I SamsungAccount: [SignaturePreconditionChecker] This is internal call. So skip
03-08 15:13:49.151   679   679 D keymaster_swd: keymaster_swd [WRN] (swd_run_cb:257) swd_finish() returns 0
03-08 15:13:49.152 30756 28141 I SamsungAccount: [DbManagerV2] getMccFromDB
03-08 15:13:49.152 30756 28141 I SamsungAccount: [DbManagerV2] getDataV02ForItems : MCC from Cache
03-08 15:13:49.152 30756 28141 I SamsungAccount: [DataUtil] Not Skip Name Validation by accountMCC
03-08 15:13:49.152 30756 28141 I SamsungAccount: [OpenDBManager] isRequireField
03-08 15:13:49.152 30756 28141 I SamsungAccount: [OpenDBManager] getFieldCursor
03-08 15:13:49.152 30756 28141 I SamsungAccount: [OpenContentProvider] query field
03-08 15:13:49.152 30756 28141 I SamsungAccount: [AccountManagerUtil] isSamsungAccountSignedIn : true
03-08 15:13:49.152 30756 28141 I SamsungAccount: [SignatureCheckUtil] runCheckSignatureWithEmptyId
03-08 15:13:49.152 30756 28141 I SamsungAccount: [SignatureCheckUtil] runCheckSignatureAsync
03-08 15:13:49.152 30756 28141 I SamsungAccount: [SignaturePreconditionChecker] getSignatureResult - fromSesSdk : true
03-08 15:13:49.152 30756 28141 I SamsungAccount: [SignaturePreconditionChecker] This is internal call. So skip
03-08 15:13:49.154  1327  1327 I Layer   : id=35533 removedFromDrawingState com.sec.android.app.launcher/com.sec.android.app.launcher.activities.LauncherActivity$_3258#35533 (142)
03-08 15:13:49.154  1327  1327 I SurfaceFlinger: id=35533 Removed com.sec.android.app.launcher/com.sec.android.app.launcher.activities.LauncherActivity$_3258#35533 (142)
03-08 15:13:49.154  1327  1327 I Layer   : id=35533 Destroyed com.sec.android.app.launcher/com.sec.android.app.launcher.activities.LauncherActivity$_3258#35533
03-08 15:13:49.155 28013 28124 I SmpManager: isSamsungNewsUser:false
03-08 15:13:49.160  1472  2686 D InputDispatcher: Inject motion (26361/10451): action=0x1, time=154421408000000, f=0x0, d=0 dsdx=1.000000 dtdx=0.000000
03-08 15:13:49.161  1472  2259 I InputDispatcher: Delivering touch to (26361): action: 0x1, f=0x0, d=0, 'd965637', t=0
03-08 15:13:49.161   679   679 W keymaster_tee: [WRN]begin req PARAMS: A32 B2 P64
03-08 15:13:49.161  1472  1877 I GestureDetector: obtain mCurrentMotionEventRaw. action: 1 id: -565854462
03-08 15:13:49.161  1472  1877 I GestureDetector: obtain mCurrentMotionEventRaw. action: 1 id: -565854462
03-08 15:13:49.163 26361 26361 I ViewRootImpl@1384754[Organizer]: ViewPostIme pointer 1
03-08 15:13:49.165 26361 26361 W OnBackInvokedCallback: OnBackInvokedCallback is not enabled for the application.
03-08 15:13:49.165 26361 26361 W OnBackInvokedCallback: Set 'android:enableOnBackInvokedCallback="true"' in the application manifest.
03-08 15:13:49.165   679   679 D keymaster_swd: keymaster_swd [WRN] (km_usage_expire_datetime_valid:223) for purpose 0 we shuldn't check KM_TAG_USAGE_EXPIRE_DATETIME
03-08 15:13:49.165   679   679 D keymaster_swd: keymaster_swd [WRN] (swd_run_cb:257) swd_begin() returns 0
03-08 15:13:49.167   679   679 D keymaster_swd: keymaster_swd [WRN] (swd_run_cb:257) swd_update() returns 0
03-08 15:13:49.169   679   679 D keymaster_swd: keymaster_swd [WRN] (swd_run_cb:257) swd_finish() returns 0
03-08 15:13:49.172 30756 28141 I SamsungAccount: [StateCheckUtil] Validation Process is completed true
03-08 15:13:49.172 30756 28141 I SamsungAccount: [AccessTokenRunnable] [InAIDL-AccessTokenRunnable]AccessToken reuse. runProcess end. Package = app.spage.
03-08 15:13:49.172 30756 28141 I SamsungAccount: [CBM] [InAIDL-CallbackManager]getCallbackInfo
03-08 15:13:49.172 30756 28141 I SamsungAccount: [CBM] setCurrentRequestType :0
03-08 15:13:49.172 30756 28141 I SamsungAccount: [AccountManagerUtil] isSamsungAccountSignedIn : true
03-08 15:13:49.172 30756 28141 I SamsungAccount: [AccessTokenRunnable] [InAIDL-AccessTokenRunnable]onProcessFinished. Package = app.spage.
03-08 15:13:49.172 30756 28141 I SamsungAccount: [DeviceManager] salesCode : KDO
03-08 15:13:49.172 30756 28141 I SamsungAccount: [DeviceManager] isNewLduProdCode : false
03-08 15:13:49.172 30756 28141 I SamsungAccount: [CountryCodeUtil] isChinaCountryCode : false
03-08 15:13:49.173 30756 28141 I SamsungAccount: [AccessTokenRunnable] [InAIDL-AccessTokenRunnable]checkAccessTokenAndRefreshToken. Package = app.spage.
03-08 15:13:49.173 30756 28141 I SamsungAccount: [AccessTokenRunnable] [InAIDL-AccessTokenRunnable]handleProcessSuccessResult start. Package = app.spage.
03-08 15:13:49.173 30756 28141 I SamsungAccount: [RBIVO] getStringArrFromAdditionalBundleKey : additional
03-08 15:13:49.173 30756 28141 I SamsungAccount: [AccessTokenRunnable] [InAIDL-AccessTokenRunnable]setAdditionalInfo start. Package = app.spage.
03-08 15:13:49.173 30756 28141 I SamsungAccount: [AccessTokenRunnable] [InAIDL-AccessTokenRunnable]set user_id
03-08 15:13:49.173 30756 28141 I SamsungAccount: [DbManagerV2] getUserID
03-08 15:13:49.173 30756 28141 I SamsungAccount: [DbManagerV2] getDataV02ForItems : USER_ID from Cache
03-08 15:13:49.173 30756 28141 I SamsungAccount: [AccessTokenRunnable] [InAIDL-AccessTokenRunnable]set api_server_url
03-08 15:13:49.173 30756 28141 I SamsungAccount: [AuthUrl] auth_server_url for region
03-08 15:13:49.173 30756 28141 I SamsungAccount: [AuthUrl] return region server url
03-08 15:13:49.173 30756 28141 I SamsungAccount: [AccessTokenRunnable] [InAIDL-AccessTokenRunnable]set is child account
03-08 15:13:49.173 30756 28141 I SamsungAccount: [StateCheckUtil] isChildAccount : false
03-08 15:13:49.173 30756 28141 I SamsungAccount: [AccessTokenRunnable] [InAIDL-AccessTokenRunnable]set marketing email receive
03-08 15:13:49.173 30756 28141 I SamsungAccount: [AccessTokenRunnable] [InAIDL-AccessTokenRunnable]setAdditionalInfo finish. Package = app.spage.
03-08 15:13:49.173 30756 28141 I SamsungAccount: [AIDLInterfaceBinder] [InAIDL] unregisterCallback start
03-08 15:13:49.173 30756 28141 I SamsungAccount: [CBM] [InAIDL-CallbackManager]getCallbackInfo
03-08 15:13:49.173 30756 28141 I SamsungAccount: [RequestHistoryManager] ==AIDL ACCTOKEN HISTORY== app.spage. => 03/08-07:00:26
03-08 15:13:49.173 30756 28141 I SamsungAccount: [RequestHistoryManager] ==AIDL ACCTOKEN HISTORY== app.spage. => 03/08-09:35:27
03-08 15:13:49.173 30756 28141 I SamsungAccount: [RequestHistoryManager] ==AIDL ACCTOKEN HISTORY== app.spage. => 03/08-09:35:27
03-08 15:13:49.173 30756 28141 I SamsungAccount: [RequestHistoryManager] ==AIDL ACCTOKEN HISTORY== app.spage. => 03/08-15:13:49
03-08 15:13:49.173 30756 28141 I SamsungAccount: [CBM] [InAIDL-CallbackManager]unRegisterCallback
03-08 15:13:49.173 30756 28141 I SamsungAccount: [CBM] [InAIDL-CallbackManager]checkUnregisterCallbackCondition
03-08 15:13:49.173 30756 28141 I SamsungAccount: [CBM] [InAIDL-CallbackManager]getCallbackInfo
03-08 15:13:49.173 30756 28141 I SamsungAccount: [CBM] [InAIDL-CallbackManager] Unregister SuccessPackage = app.spage.
03-08 15:13:49.173 30756 28141 I SamsungAccount: [AIDLInterfaceBinder] [InAIDL] unregisterCallback end
03-08 15:13:49.175 30756 30756 I SamsungAccount: [AIDLRequestService] OnDestroy Service
03-08 15:13:49.175 28013 28130 I SamsungAccountService: getAuthData - SuspendCoroutine finished getting auth data
03-08 15:13:49.175 28013 28130 I SamsungAccountRepositoryImpl: updateAuthData guid is exist: 10
03-08 15:13:49.176 28013 28130 I SamsungAccountRepositoryImpl: notifyDataUpdated isSignedIn: true
03-08 15:13:49.176 28013 28122 I SamsungAccountRepositoryImpl: queryAuth
03-08 15:13:49.176 28013 28130 I SamsungAccountSignManager: onAccountInformationChanged before: true current: true
03-08 15:13:49.177 28013 28130 I SamsungAccountSignManager: changed: no need to handle data
03-08 15:13:49.177 28013 28130 I SamsungAccountSignManager: saveSignInState before:truecurrent:true
03-08 15:13:49.177 28013 28130 I SamsungAccountRepositoryImpl: setSignInState true
03-08 15:13:49.179 30756 28141 I SamsungAccount: [AccessTokenRunnable] [InAIDL-AccessTokenRunnable]handleProcessSuccessResult finish. Package = app.spage.
03-08 15:13:49.179 30756 28141 I SamsungAccount: [StateCheckUtil] isChildAccount : false
03-08 15:13:49.179   679   679 W keymaster_tee: [WRN]begin req PARAMS: A32 B2 P64
03-08 15:13:49.185   679   679 D keymaster_swd: keymaster_swd [WRN] (km_usage_expire_datetime_valid:223) for purpose 0 we shuldn't check KM_TAG_USAGE_EXPIRE_DATETIME
03-08 15:13:49.185   679   679 D keymaster_swd: keymaster_swd [WRN] (swd_run_cb:257) swd_begin() returns 0
03-08 15:13:49.187   679   679 D keymaster_swd: keymaster_swd [WRN] (swd_run_cb:257) swd_update() returns 0
03-08 15:13:49.188 28013 28122 I SamsungAccountRepositoryImpl: getAuthData
03-08 15:13:49.189 28013 28122 I SamsungAccountService: getAuthData
03-08 15:13:49.190   679   679 D keymaster_swd: keymaster_swd [WRN] (swd_run_cb:257) swd_finish() returns 0
03-08 15:13:49.191 10149 10149 I dgdm    : onPause
03-08 15:13:49.192 30756 30756 I SamsungAccount: [AIDLRequestService] OnCreate Service
03-08 15:13:49.192 30756 30756 I SamsungAccount: [AIDLRequestService] OnBind
03-08 15:13:49.192 30756 30756 I SamsungAccount: [AIDLRequestService] [InAIDL] Service bound
03-08 15:13:49.197 28013 28013 I SamsungAccountService: requestUserAgreement : onServiceConnected start
03-08 15:13:49.198 30756 30902 I SamsungAccount: [AIDLInterfaceBinder] [InAIDL] registerCallback start
03-08 15:13:49.198 30756 30902 I SamsungAccount: [AIDLInterfaceBinder] [InAIDL] REG_CALLING_PACKAGE : app.spage.
03-08 15:13:49.198 30756 30902 I SamsungAccount: [AIDLInterfaceBinder] [InAIDL] registerCallback start. Package = app.spage.
03-08 15:13:49.198 30756 30902 I SamsungAccount: [CBM] [InAIDL-CallbackManager] registerCallback
03-08 15:13:49.198 30756 30902 I SamsungAccount: [CBM] [InAIDL-CallbackManager] checkRegisterCallbackCondition
03-08 15:13:49.198 30756 30902 I SamsungAccount: [CBM] [InAIDL-CallbackManager]getRegistrationCodeIfAlreadyRegistered
03-08 15:13:49.198 30756 30902 I SamsungAccount: [CBM] [InAIDL-CallbackManager]Success registerCallback
03-08 15:13:49.198 30756 30902 I SamsungAccount: [AIDLInterfaceBinder] [InAIDL] registerCallback end. registrationCode :Y29tLnNhbXN1bmcuYW5kcm9pZC5hcHAuc3BhZ2UyNzY= Package = app.spage.
03-08 15:13:49.198 30756 30902 I SamsungAccount: [AIDLInterfaceBinder] [InAIDL] requestAccesstoken
03-08 15:13:49.198 30756 30902 I SamsungAccount: [AIDLInterfaceBinder] [InAIDL] BundleInfo = [ additional:user_id,api_server_url,is_child_account,marketing_email_receive,]
03-08 15:13:49.198 30756 30902 I SamsungAccount: [AIDLInterfaceBinder] [InAIDL] checkRequestCondition
03-08 15:13:49.198 30756 30902 I SamsungAccount: [CBM] [InAIDL-CallbackManager]getCallbackInfo
03-08 15:13:49.198 30756 30902 I SamsungAccount: [CBM] [InAIDL-CallbackManager]getCallbackInfo
03-08 15:13:49.198 30756 30902 I SamsungAccount: [AIDLInterfaceBinder] [InAIDL]Start AccessTokenRunnable Thread. package = app.spage.
03-08 15:13:49.199 30756 30902 I SamsungAccount: [PermissionsUtils] checkPrivilegedPhonePermissionOfCallingPackage
03-08 15:13:49.199 30756 30902 I SamsungAccount: [PermissionsUtils] hasPrivilegedPhonePermission : true
03-08 15:13:49.199 30756 30902 I SamsungAccount: [CBM] [InAIDL-CallbackManager]getCallbackInfo
03-08 15:13:49.199 30756 30902 I SamsungAccount: [CBM] setCurrentRequestType :1
03-08 15:13:49.199   679   679 W keymaster_tee: [WRN]begin req PARAMS: A32 B2 P64
03-08 15:13:49.203 30756 28146 I SamsungAccount: [AbstractProcessRunnable] [InAIDL-AbstractProcessRunnable]isAvailableRunningProcess start Package = app.spage.
03-08 15:13:49.204 30756 28146 I SamsungAccount: [NetworkStateUtil] == networkStateCheck == true
03-08 15:13:49.204 30756 28146 I SamsungAccount: [AccountManagerUtil] isSamsungAccountSignedIn : true
03-08 15:13:49.204 30756 28146 I SamsungAccount: [DbManagerV2] getDataState : VALID
03-08 15:13:49.204 30756 28146 I SamsungAccount: [SignatureCheckUtil] runCheckSignatureAsync
03-08 15:13:49.205 30756 28146 I SamsungAccount: [SignaturePreconditionChecker] getSignatureResult - fromSesSdk : false
03-08 15:13:49.205 30756 28146 I SamsungAccount: [SignatureInfoDbHelper] getSignatureResult - [10/26mm5][app.spage.]
03-08 15:13:49.205 30756 28146 I SamsungAccount: [SignatureInfoDbHelper] searchOnUser
03-08 15:13:49.206   679   679 D keymaster_swd: keymaster_swd [WRN] (km_usage_expire_datetime_valid:223) for purpose 0 we shuldn't check KM_TAG_USAGE_EXPIRE_DATETIME
03-08 15:13:49.206   679   679 D keymaster_swd: keymaster_swd [WRN] (swd_run_cb:257) swd_begin() returns 0
03-08 15:13:49.206 30756 28146 I SamsungAccount: [SignatureInfoDbHelper] searchOnUser - [10/26mm5][app.spage.][64/3291d] => matched
03-08 15:13:49.206 30756 28146 I SamsungAccount: [SignatureInfoDbHelper] search - matched
03-08 15:13:49.206 30756 28146 I SamsungAccount: [SignatureCheckUtil] runCheckSignatureAsync(fromDb) - matched
03-08 15:13:49.206 30756 28146 I SamsungAccount: [AbstractProcessRunnable] [InAIDL-AbstractProcessRunnable]isAvailableRunningProcess end. Package = app.spage.
03-08 15:13:49.206 30756 28146 I SamsungAccount: [AccessTokenRunnable] [InAIDL-AccessTokenRunnable]runProcess start. Package = app.spage.
03-08 15:13:49.206 30756 28146 I SamsungAccount: [StateCheckUtil] isGoogleLinked = false
03-08 15:13:49.207 30756 28146 I SamsungAccount: [StateCheckUtil] isWeChatLinked = false
03-08 15:13:49.207 30756 28146 I SamsungAccount: [AccessTokenRunnable] check_basic_profile = true needToCheckServer = false
03-08 15:13:49.209 30756 28146 I SamsungAccount: [DeviceManager] salesCode : KDO
03-08 15:13:49.209 30756 28146 I SamsungAccount: [DeviceManager] isNewLduProdCode : false
03-08 15:13:49.209 30756 28146 I SamsungAccount: [CountryCodeUtil] isChinaCountryCode : false
03-08 15:13:49.209 30756 28146 I SamsungAccount: [StateCheckUtil] isChildAccount : false
03-08 15:13:49.209 30756 28146 I SamsungAccount: [AccessTokenRunnable] [InAIDL-AccessTokenRunnable]isAccessTokenReusable. Package = app.spage.
03-08 15:13:49.209 30756 28146 I SamsungAccount: [StateCheckUtil] isOverIntervalTime, renewTimeStamp = false
03-08 15:13:49.209 30756 28146 I SamsungAccount: [AccessTokenRunnable] [InAIDL-AccessTokenRunnable]checkAndSetAccessToken. Package = app.spage.
03-08 15:13:49.209 30756 28146 I SamsungAccount: [AccessToken] getAccessTokenInfo
03-08 15:13:49.210 30756 28146 I SamsungAccount: [RBIVO] getStringFormAdditionalBundleKey : expired_access_token
03-08 15:13:49.210 30756 28146 I SamsungAccount: [AccessTokenRunnable] expiredAccessToken is Empty. curTimeSec=1709936029, TimeGap=48714
03-08 15:13:49.210 30756 28146 I SamsungAccount: [AccessTokenRunnable] IsTokenReusable : true
03-08 15:13:49.210 30756 28146 I SamsungAccount: [AccessTokenRunnable] Accesstoken is reusable and isNeedToCheckServer is false
03-08 15:13:49.210 30756 28146 I SamsungAccount: [DbManagerV2] getMccFromDB
03-08 15:13:49.210 30756 28146 I SamsungAccount: [DbManagerV2] getDataV02ForItems : MCC from Cache
03-08 15:13:49.211 30756 28146 I SamsungAccount: [DataUtil] Not Skip Name Validation by accountMCC
03-08 15:13:49.211 30756 28146 I SamsungAccount: [LocalBusinessException] Not Skip Name Validation by AppId
03-08 15:13:49.211 30756 28146 I SamsungAccount: [OpenDBManager] getCheckListFromOpenDB
03-08 15:13:49.211 30756 28146 I SamsungAccount: [OpenDBManager] getTncResult
03-08 15:13:49.211 30756 28146 I SamsungAccount: [OpenDBManager] getTncCursor
03-08 15:13:49.211 30756 28146 I SamsungAccount: [OpenContentProvider] query tnc
03-08 15:13:49.211 30756 28146 I SamsungAccount: [AccountManagerUtil] isSamsungAccountSignedIn : true
03-08 15:13:49.211 30756 28146 I SamsungAccount: [SignatureCheckUtil] runCheckSignatureWithEmptyId
03-08 15:13:49.211   679   679 D keymaster_swd: keymaster_swd [WRN] (swd_run_cb:257) swd_update() returns 0
03-08 15:13:49.211 30756 28146 I SamsungAccount: [SignatureCheckUtil] runCheckSignatureAsync
03-08 15:13:49.211 30756 28146 I SamsungAccount: [SignaturePreconditionChecker] getSignatureResult - fromSesSdk : true
03-08 15:13:49.211 30756 28146 I SamsungAccount: [SignaturePreconditionChecker] This is internal call. So skip
03-08 15:13:49.212 30756 28146 I SamsungAccount: [DbManagerV2] getMccFromDB
03-08 15:13:49.212 30756 28146 I SamsungAccount: [DbManagerV2] getDataV02ForItems : MCC from Cache
03-08 15:13:49.212 30756 28146 I SamsungAccount: [DataUtil] Not Skip Name Validation by accountMCC
03-08 15:13:49.213 30756 28146 I SamsungAccount: [OpenDBManager] isRequireField
03-08 15:13:49.213 30756 28146 I SamsungAccount: [OpenDBManager] getFieldCursor
03-08 15:13:49.213 30756 28146 I SamsungAccount: [OpenContentProvider] query field
03-08 15:13:49.213 30756 28146 I SamsungAccount: [AccountManagerUtil] isSamsungAccountSignedIn : true
03-08 15:13:49.213 30756 28146 I SamsungAccount: [SignatureCheckUtil] runCheckSignatureWithEmptyId
03-08 15:13:49.213 30756 28146 I SamsungAccount: [SignatureCheckUtil] runCheckSignatureAsync
03-08 15:13:49.213 30756 28146 I SamsungAccount: [SignaturePreconditionChecker] getSignatureResult - fromSesSdk : true
03-08 15:13:49.213 30756 28146 I SamsungAccount: [SignaturePreconditionChecker] This is internal call. So skip
03-08 15:13:49.216   679   679 D keymaster_swd: keymaster_swd [WRN] (swd_run_cb:257) swd_finish() returns 0
03-08 15:13:49.217   679   679 W keymaster_tee: [WRN]begin req PARAMS: A32 B2 P64
03-08 15:13:49.221   679   679 D keymaster_swd: keymaster_swd [WRN] (km_usage_expire_datetime_valid:223) for purpose 0 we shuldn't check KM_TAG_USAGE_EXPIRE_DATETIME
03-08 15:13:49.221   679   679 D keymaster_swd: keymaster_swd [WRN] (swd_run_cb:257) swd_begin() returns 0
03-08 15:13:49.223   679   679 D keymaster_swd: keymaster_swd [WRN] (swd_run_cb:257) swd_update() returns 0
03-08 15:13:49.225   679   679 D keymaster_swd: keymaster_swd [WRN] (swd_run_cb:257) swd_finish() returns 0
03-08 15:13:49.227 30756 28146 I SamsungAccount: [StateCheckUtil] Validation Process is completed true
03-08 15:13:49.227 30756 28146 I SamsungAccount: [AccessTokenRunnable] [InAIDL-AccessTokenRunnable]AccessToken reuse. runProcess end. Package = app.spage.
03-08 15:13:49.227 30756 28146 I SamsungAccount: [CBM] [InAIDL-CallbackManager]getCallbackInfo
03-08 15:13:49.227 30756 28146 I SamsungAccount: [CBM] setCurrentRequestType :0
03-08 15:13:49.227 30756 28146 I SamsungAccount: [AccountManagerUtil] isSamsungAccountSignedIn : true
03-08 15:13:49.228 30756 28146 I SamsungAccount: [AccessTokenRunnable] [InAIDL-AccessTokenRunnable]onProcessFinished. Package = app.spage.
03-08 15:13:49.228 30756 28146 I SamsungAccount: [DeviceManager] salesCode : KDO
03-08 15:13:49.228 30756 28146 I SamsungAccount: [DeviceManager] isNewLduProdCode : false
03-08 15:13:49.228 30756 28146 I SamsungAccount: [CountryCodeUtil] isChinaCountryCode : false
03-08 15:13:49.228 30756 28146 I SamsungAccount: [AccessTokenRunnable] [InAIDL-AccessTokenRunnable]checkAccessTokenAndRefreshToken. Package = app.spage.
03-08 15:13:49.228 30756 28146 I SamsungAccount: [AccessTokenRunnable] [InAIDL-AccessTokenRunnable]handleProcessSuccessResult start. Package = app.spage.
03-08 15:13:49.228 30756 28146 I SamsungAccount: [RBIVO] getStringArrFromAdditionalBundleKey : additional
03-08 15:13:49.228 30756 28146 I SamsungAccount: [AccessTokenRunnable] [InAIDL-AccessTokenRunnable]setAdditionalInfo start. Package = app.spage.
03-08 15:13:49.228 30756 28146 I SamsungAccount: [AccessTokenRunnable] [InAIDL-AccessTokenRunnable]set user_id
03-08 15:13:49.228 30756 28146 I SamsungAccount: [DbManagerV2] getUserID
03-08 15:13:49.228 30756 28146 I SamsungAccount: [DbManagerV2] getDataV02ForItems : USER_ID from Cache
03-08 15:13:49.228 30756 28146 I SamsungAccount: [AccessTokenRunnable] [InAIDL-AccessTokenRunnable]set api_server_url
03-08 15:13:49.228 30756 28146 I SamsungAccount: [AuthUrl] auth_server_url for region
03-08 15:13:49.228 30756 28146 I SamsungAccount: [AuthUrl] return region server url
03-08 15:13:49.228 30756 28146 I SamsungAccount: [AccessTokenRunnable] [InAIDL-AccessTokenRunnable]set is child account
03-08 15:13:49.228 30756 28146 I SamsungAccount: [StateCheckUtil] isChildAccount : false
03-08 15:13:49.228 30756 28146 I SamsungAccount: [AccessTokenRunnable] [InAIDL-AccessTokenRunnable]set marketing email receive
03-08 15:13:49.228 30756 28146 I SamsungAccount: [AccessTokenRunnable] [InAIDL-AccessTokenRunnable]setAdditionalInfo finish. Package = app.spage.
03-08 15:13:49.228 30756 28146 I SamsungAccount: [AIDLInterfaceBinder] [InAIDL] unregisterCallback start
03-08 15:13:49.229 30756 28146 I SamsungAccount: [CBM] [InAIDL-CallbackManager]getCallbackInfo
03-08 15:13:49.229 30756 28146 I SamsungAccount: [RequestHistoryManager] ==AIDL ACCTOKEN HISTORY== app.spage. => 03/08-09:35:27
03-08 15:13:49.229 30756 28146 I SamsungAccount: [RequestHistoryManager] ==AIDL ACCTOKEN HISTORY== app.spage. => 03/08-09:35:27
03-08 15:13:49.229 30756 28146 I SamsungAccount: [RequestHistoryManager] ==AIDL ACCTOKEN HISTORY== app.spage. => 03/08-15:13:49
03-08 15:13:49.229 30756 28146 I SamsungAccount: [RequestHistoryManager] ==AIDL ACCTOKEN HISTORY== app.spage. => 03/08-15:13:49
03-08 15:13:49.229 30756 28146 I SamsungAccount: [CBM] [InAIDL-CallbackManager]unRegisterCallback
03-08 15:13:49.229 30756 28146 I SamsungAccount: [CBM] [InAIDL-CallbackManager]checkUnregisterCallbackCondition
03-08 15:13:49.229 30756 28146 I SamsungAccount: [CBM] [InAIDL-CallbackManager]getCallbackInfo
03-08 15:13:49.229 30756 28146 I SamsungAccount: [CBM] [InAIDL-CallbackManager] Unregister SuccessPackage = app.spage.
03-08 15:13:49.229 30756 28146 I SamsungAccount: [AIDLInterfaceBinder] [InAIDL] unregisterCallback end
03-08 15:13:49.230 30756 30756 I SamsungAccount: [AIDLRequestService] OnDestroy Service
03-08 15:13:49.231 30756 28146 I SamsungAccount: [AccessTokenRunnable] [InAIDL-AccessTokenRunnable]handleProcessSuccessResult finish. Package = app.spage.
03-08 15:13:49.231 30756 28146 I SamsungAccount: [StateCheckUtil] isChildAccount : false
03-08 15:13:49.231   679   679 W keymaster_tee: [WRN]begin req PARAMS: A32 B2 P64
03-08 15:13:49.231 28013 28122 I SamsungAccountService: getAuthData - SuspendCoroutine finished getting auth data
03-08 15:13:49.231 28013 28122 I SamsungAccountRepositoryImpl: updateAuthData guid is exist: 10
03-08 15:13:49.232 28013 28122 I SamsungAccountRepositoryImpl: notifyDataUpdated isSignedIn: true
03-08 15:13:49.233 28013 28133 I SamsungAccountSignManager: onAccountInformationChanged before: true current: true
03-08 15:13:49.235 28013 28133 I SamsungAccountSignManager: changed: no need to handle data
03-08 15:13:49.235   679   679 D keymaster_swd: keymaster_swd [WRN] (km_usage_expire_datetime_valid:223) for purpose 0 we shuldn't check KM_TAG_USAGE_EXPIRE_DATETIME
03-08 15:13:49.235   679   679 D keymaster_swd: keymaster_swd [WRN] (swd_run_cb:257) swd_begin() returns 0
03-08 15:13:49.235 28013 28133 I SamsungAccountSignManager: saveSignInState before:truecurrent:true
03-08 15:13:49.235 28013 28133 I SamsungAccountRepositoryImpl: setSignInState true
03-08 15:13:49.237   679   679 D keymaster_swd: keymaster_swd [WRN] (swd_run_cb:257) swd_update() returns 0
03-08 15:13:49.239   679   679 D keymaster_swd: keymaster_swd [WRN] (swd_run_cb:257) swd_finish() returns 0
03-08 15:13:49.240 28030 28047 I Rubin   : [449] ed.a$a$a.a(SourceFile:36) : contains REPRESENTATIVE
03-08 15:13:49.240 28030 28047 I Rubin   : [449] ed.a$a$a.a(SourceFile:38) : representative: false
03-08 15:13:49.247   679   679 W keymaster_tee: [WRN]begin req PARAMS: A32 B2 P64
03-08 15:13:49.250   679   679 D keymaster_swd: keymaster_swd [WRN] (km_usage_expire_datetime_valid:223) for purpose 0 we shuldn't check KM_TAG_USAGE_EXPIRE_DATETIME
03-08 15:13:49.250   679   679 D keymaster_swd: keymaster_swd [WRN] (swd_run_cb:257) swd_begin() returns 0
03-08 15:13:49.253   679   679 D keymaster_swd: keymaster_swd [WRN] (swd_run_cb:257) swd_update() returns 0
03-08 15:13:49.254   679   679 D keymaster_swd: keymaster_swd [WRN] (swd_run_cb:257) swd_finish() returns 0
03-08 15:13:49.255 26361 26372 W .cmput301w24t33: Cleared Reference was only reachable from finalizer (only reported once)
03-08 15:13:49.258 28030 28047 I Rubin   : [449] ed.a$a.e(SourceFile:2) : Notifying to 1 listeners
03-08 15:13:49.258 28030 28047 I Rubin   : [449] ed.a$a.e(SourceFile:5) : listener : z7.k@ac331f6
03-08 15:13:49.258 28030 28047 I Rubin   : [449] ed.a$a$a.a(SourceFile:70) : ====================================================================
03-08 15:13:49.258 28030 28047 I Rubin   : [449] ed.c.f(SourceFile:2) : finish
03-08 15:13:49.258 30756 28117 I SamsungAccount: [AccessTokenRunnable] [InAIDL-AccessTokenRunnable]handleProcessSuccessResult finish. Package = rubin.app.
03-08 15:13:49.258 30756 28117 I SamsungAccount: [StateCheckUtil] isChildAccount : false
03-08 15:13:49.260 28030 28030 I Rubin   : [2] z7.f.b(SourceFile:6) : checkForUI = false isGdprAffected = false isCMSFeatureSupported = true
03-08 15:13:49.260 28030 28030 E Rubin   : [2] z7.r.z(SourceFile:6) : Enabling :: FAILED - USER_NOT_CONSENT_TO_COLLECT_DATA
03-08 15:13:49.261  1472  2686 D PackageManager: setEnabledSetting : userId = 0 packageName = com.samsung.android.rubin.app cmp = com.samsung.android.rubin.inferenceengine.contextanalytics.engine.loggers.CarLogger$BluetoothEventReceiver newState = 2 callingPackage = 5010/com.samsung.android.rubin.app
03-08 15:13:49.262  1472  2686 D PackageManager: setEnabledSetting : userId = 0 packageName = com.samsung.android.rubin.app cmp = com.samsung.android.rubin.inferenceengine.contextanalytics.engine.loggers.BluetoothLogger$BluetoothEventReceiver newState = 2 callingPackage = 5010/com.samsung.android.rubin.app
03-08 15:13:49.263  1472  2686 D PackageManager: setEnabledSetting : userId = 0 packageName = com.samsung.android.rubin.app cmp = com.samsung.android.rubin.inferenceengine.utils.GeofenceManager$GeofenceEventBroadcastReceiver newState = 2 callingPackage = 5010/com.samsung.android.rubin.app
03-08 15:13:49.265 26361 26372 I .cmput301w24t33: NativeAlloc concurrent copying GC freed 279259(12MB) AllocSpace objects, 6(120KB) LOS objects, 49% free, 7487KB/14MB, paused 238us,87us total 157.008ms
03-08 15:13:49.265  1472  2686 D PackageManager: setEnabledSetting : userId = 0 packageName = com.samsung.android.rubin.app cmp = com.samsung.android.rubin.inferenceengine.contextanalytics.engine.loggers.AppInstallationLogger$AppInstallationBroadcastReceiver newState = 2 callingPackage = 5010/com.samsung.android.rubin.app
03-08 15:13:49.266 26361 26373 D InputTransport: Input channel destroyed: 'ClientS', fd=127
03-08 15:13:49.266 26361 26373 D InputTransport: Input channel destroyed: 'ClientS', fd=185
03-08 15:13:49.268 26361 26463 D OpenGLRenderer: setSurface called with nullptr
03-08 15:13:49.270 26361 26373 D InputTransport: Input channel destroyed: 'ClientS', fd=138
03-08 15:13:49.270 26361 26463 D OpenGLRenderer: setSurface called with nullptr
03-08 15:13:49.272 26361 26463 D OpenGLRenderer: setSurface called with nullptr
03-08 15:13:49.279 26361 26373 D InputTransport: Input channel destroyed: 'ClientS', fd=143
03-08 15:13:49.280 26361 26463 D OpenGLRenderer: setSurface called with nullptr
03-08 15:13:49.284 26361 26373 D InputTransport: Input channel destroyed: 'ClientS', fd=122
03-08 15:13:49.284 26361 26463 D OpenGLRenderer: setSurface called with nullptr
03-08 15:13:49.288 26361 26463 D OpenGLRenderer: setSurface called with nullptr
03-08 15:13:49.329  7780  7798 W samsung.cmh:CMH: Reducing the number of considered missed Gc histogram windows from 153 to 100
03-08 15:13:49.386  1257 28103 I HYPER-HAL: [ResourceManager.cpp]removeResource(): [CPUMinFreq] RemoveResource Request ID : 1107832
03-08 15:13:49.386  1257 28103 I HYPER-HAL: [RequestManager.cpp]releaseLocked(): Released ID : 1107832
03-08 15:13:49.427  1472  1877 I GestureDetector: handleMessage TAP
03-08 15:13:49.427  1472  1472 I GestureDetector: handleMessage TAP
03-08 15:13:49.511  1257 26935 I HYPER-HAL: [ResourceManager.cpp]removeResource(): [CPUMaxFreq] RemoveResource Request ID : 12784108
03-08 15:13:49.511  1257 26935 I HYPER-HAL: [RequestManager.cpp]releaseLocked(): Released ID : 12784108
03-08 15:13:49.513 26361 26361 I ViewInteraction: Checking 'MatchesViewAssertion{viewMatcher=(view has effective visibility <VISIBLE> and view.getGlobalVisibleRect() to return non-empty rectangle)}' assertion on view view.getId() is <2131231184/com.example.cmput301w24t33:id/profile_fragment>
03-08 15:13:49.516 26361 26361 I ViewInteraction: Performing 'single click' action on view view.getId() is <2131230827/com.example.cmput301w24t33:id/back_arrow_img>
03-08 15:13:49.518  1472  3543 D InputDispatcher: Inject motion (26361/10451): action=0x0, time=154421766000000, f=0x0, d=0 dsdx=1.000000 dtdx=0.000000
03-08 15:13:49.519  1472  2259 I InputDispatcher: Delivering touch to (2578): action: 0x4, f=0x0, d=0, '296f76f', t=0
03-08 15:13:49.519  1472  2259 I InputDispatcher: Delivering touch to (26361): action: 0x0, f=0x0, d=0, 'd965637', t=0
03-08 15:13:49.519  1472  1877 I GestureDetector: obtain mCurrentDownEvent. id: -118730370 caller: com.android.server.wm.SystemGesturesPointerEventListener.onPointerEvent:203 com.android.server.wm.PointerEventDispatcher.onInputEvent:53 android.view.InputEventReceiver.dispatchInputEvent:285
03-08 15:13:49.520  1472  1877 I GestureDetector: obtain mCurrentDownEvent. id: -118730370 caller: com.android.server.wm.SystemPerformancePointerEventListener.onPointerEvent:89 com.android.server.wm.PointerEventDispatcher.onInputEvent:53 android.view.InputEventReceiver.dispatchInputEvent:285
03-08 15:13:49.520 26361 26361 I ViewRootImpl@1384754[Organizer]: ViewPostIme pointer 0
03-08 15:13:49.525 10149 10149 I dgdm    : onStop
03-08 15:13:49.558  1472  3543 D InputDispatcher: Inject motion (26361/10451): action=0x1, time=154421806000000, f=0x0, d=0 dsdx=1.000000 dtdx=0.000000
03-08 15:13:49.558  1472  2259 I InputDispatcher: Delivering touch to (26361): action: 0x1, f=0x0, d=0, 'd965637', t=0
03-08 15:13:49.559 26361 26361 I ViewRootImpl@1384754[Organizer]: ViewPostIme pointer 1
03-08 15:13:49.560  1472  1877 I GestureDetector: obtain mCurrentMotionEventRaw. action: 1 id: -835702165
03-08 15:13:49.561  1472  1877 I GestureDetector: obtain mCurrentMotionEventRaw. action: 1 id: -835702165
03-08 15:13:49.746  1257 27997 I HYPER-HAL: [ResourceManager.cpp]removeResource(): [CPUMaxFreq] RemoveResource Request ID : 12789166
03-08 15:13:49.746  1257 27997 I HYPER-HAL: [RequestManager.cpp]releaseLocked(): Released ID : 12789166
03-08 15:13:49.795 26361 26361 I ViewInteraction: Checking 'MatchesViewAssertion{viewMatcher=(view has effective visibility <VISIBLE> and view.getGlobalVisibleRect() to return non-empty rectangle)}' assertion on view view.getId() is <2131231154/com.example.cmput301w24t33:id/organizer_activity>
03-08 15:13:49.800  1472  1882 I ChimeraSystemEventListener: appLaunchIntent package name is: com.example.cmput301w24t33.test
03-08 15:13:49.803  1327  1414 I SurfaceFlinger: id=35555 createSurf, flag=24004, Task=3075#35555
03-08 15:13:49.804  1472  3404 I SemDvfsHyPerManager: acquire hyper - AMS_APP_SWITCH/1472@18, type = -999
03-08 15:13:49.805  5044  5044 I SemDvfsHyPerManager: acquire hyper - APP_START_SHORT/5044@12, type = -999
03-08 15:13:49.806  1257  1326 I HYPER-HAL: [RequestManager.cpp]acquire(): Acquired ID : 1110813  [1472 / 18]    HINT : AMS_APP_SWITCH    list :
03-08 15:13:49.806  1257  1326 I HYPER-HAL: [ResourceManager.cpp]updateResource(): [CPULittleMinFreq] UpdateResource Request ID : 1110813    Value : 1804800
03-08 15:13:49.809  1257  1326 I HYPER-HAL: [ResourceManager.cpp]updateResource(): [CPUMinFreq] UpdateResource Request ID : 1110813    Value : 2208000
03-08 15:13:49.809  1257  1326 I HYPER-HAL: [RequestManager.cpp]acquire(): Acquired ID : 12784108  [5044 / 12]    HINT : APP_START    list : [TIMEOUT / 1500]
03-08 15:13:49.810  1327  1414 I SurfaceFlinger: id=35556 createSurf, flag=80004, ActivityRecord{a024e53 u0 com.example.cmput301w24t33.test/androidx.test.core.app.InstrumentationActivityInvoker$EmptyActivity} t3075}#35556
03-08 15:13:49.810  1257  1326 I HYPER-HAL: [ResourceManager.cpp]updateResource(): [CPUMaxFreq] UpdateResource Request ID : 12784108    Value : 2208000
03-08 15:13:49.817  1472  3543 I SemDvfsHyPerManager: acquire hyper - AMS_APP_LAUNCH/1472@15, type = -999
03-08 15:13:49.817  1257  1326 I HYPER-HAL: [RequestManager.cpp]acquire(): Acquired ID : 1106343  [1472 / 15]    HINT : AMS_APP_LAUNCH    list :
03-08 15:13:49.817  2578  2664 D NativeCustomFrequencyManager: [NativeCFMS] BpCustomFrequencyManager::BpCustomFrequencyManager()
03-08 15:13:49.817  1257  1326 I HYPER-HAL: [ResourceManager.cpp]updateResource(): [CPULittleMinFreq] UpdateResource Request ID : 1106343    Value : 1804800
03-08 15:13:49.818  1257  1326 I HYPER-HAL: [ResourceManager.cpp]updateResource(): [CPUMinFreq] UpdateResource Request ID : 1106343    Value : 2208000
03-08 15:13:49.818  1537  9581 I CameraService: onUidStateChanged: uid=10052, procState is changed. (0 -> 1)
03-08 15:13:49.818  5044  5044 I SemDvfsHyPerManager: acquire hyper - APP_START/5044@14, type = -999
03-08 15:13:49.819  1257  1326 I HYPER-HAL: [RequestManager.cpp]acquire(): Acquired ID : 12794225  [5044 / 14]    HINT : APP_START    list :
03-08 15:13:49.819  1257  1326 I HYPER-HAL: [ResourceManager.cpp]updateResource(): [CPUMaxFreq] UpdateResource Request ID : 12794225    Value : 2208000
03-08 15:13:49.820  1472  1877 I GestureDetector: handleMessage TAP
03-08 15:13:49.820  1472  1472 I GestureDetector: handleMessage TAP
03-08 15:13:49.820  1472  3543 D InputTransport: Input channel constructed: '84cd39a', fd=605
03-08 15:13:49.820  1472  3543 D InputTransport: Input channel constructed: '84cd39a', fd=691
03-08 15:13:49.820  1472  3543 D InputTransport: Input channel constructed: '84cd39a', fd=756
03-08 15:13:49.821  1327  1413 I SurfaceFlinger: id=35557 createSurf, flag=80004, 84cd39a Splash Screen com.example.cmput301w24t33.test#35557
03-08 15:13:49.822 26361 26361 D LifecycleMonitor: Lifecycle status change: com.example.cmput301w24t33.activities.OrganizerActivity@bd275ff in: PAUSED
03-08 15:13:49.822  1472  3543 D InputTransport: Input channel destroyed: '84cd39a', fd=756
03-08 15:13:49.822  2578  2656 D InsetsController: onStateChanged: InsetsState: {mDisplayFrame=Rect(0, 0 - 1080, 2400), mDisplayCutout=DisplayCutout{insets=Rect(0, 91 - 0, 0) waterfall=Insets{left=0, top=0, right=0, bottom=0} boundingRect={Bounds=[Rect(0, 0 - 0, 0), Rect(503, 0 - 577, 91), Rect(0, 0 - 0, 0), Rect(0, 0 - 0, 0)]} cutoutPathParserInfo={CutoutPathParserInfo{displayWidth=1080 displayHeight=2400 physicalDisplayWidth=1080 physicalDisplayHeight=2400 density={2.625} cutoutSpec={M 0,0 H -14.0952380952381 V 34.66666666666667 H 14.0952380952381 V 0 H 0 Z @dp} rotation={0} scale={1.0} physicalPixelDisplaySizeRatio={1.0}}}}, mRoundedCorners=RoundedCorners{[RoundedCorner{position=TopLeft, radius=84, center=Point(84, 84)}, RoundedCorner{position=TopRight, radius=84, center=Point(996, 84)}, RoundedCorner{position=BottomRight, radius=84, center=Point(996, 2316)}, RoundedCorner{position=BottomLeft, radius=84, center=Point(84, 2316)}]}  mRoundedCornerFrame=Rect(0, 0 - 1080, 2400), mPrivacyIndicatorBounds=PrivacyIndicatorBounds {static bounds=Rect(964, 0 - 1080, 91) rotation=0}, mSources= { InsetsSource: {mType=ITYPE_STATUS_BAR, mFrame=[0,0][1080,91], mVisible=true, mInsetsRoundedCornerFrame=false}, InsetsSource: {mType=ITYPE_NAVIGATION_BAR, mFrame=[0,2274][1080,2400], mVisible=true, mInsetsRoundedCornerFrame=false}, InsetsSource: {mType=ITYPE_LEFT_GESTURES, mFrame=[0,0][0,2400], mVisible=true, mInsetsRoundedCornerFrame=false}, InsetsSource: {mType=ITYPE_RIGHT_GESTURES, mFrame=[1080,0][1080,2400], mVisible=true, mInsetsRoundedCornerFrame=false}, InsetsSource: {mType=ITYPE_TOP_MANDATORY_GESTURES, mFrame=[0,0][1080,123], mVisible=true, mInsetsRoundedCornerFrame=false}, InsetsSource: {mType=ITYPE_BOTTOM_MANDATORY_GESTURES, mFrame=[0,2274][1080,2400], mVisible=true, mInsetsRoundedCornerFrame=false}, InsetsSource: {mType=ITYPE_LEFT_DISPLAY_CUTOUT, mFrame=[0,0][-100000,2400], mVisible=true, mInsetsRoundedCornerFrame=false}, InsetsSource: {mType=ITYPE_TOP_DISPLAY_CUTOUT, mFrame=[0,0][1080,91], mVisible=true, mInsetsRoundedCornerFrame=false}, InsetsSource: {mType=ITYPE_RIGHT_DISPLAY_CUTOUT, mFrame=[100000,0][1080,2400], mVisible=true, mInsetsRoundedCornerFrame=false}, InsetsSource: {mType=ITYPE_BOTTOM_DISPLAY_CUTOUT, mFrame=[0,100000][1080,2400], mVisible=true, mInsetsRoundedCornerFrame=false}, InsetsSource: {mType=ITYPE_TOP_TAPPABLE_ELEMENT, mFrame=[0,0][1080,91], mVisible=true, mInsetsRoundedCornerFrame=false}, InsetsSource: {mType=ITYPE_BOTTOM_TAPPABLE_ELEMENT, mFrame=[0,2274][1080,2400], mVisible=true, mInsetsRoundedCornerFrame=false} } host=Splash Screen com.example.cmput301w24t33.test from=android.view.ViewRootImpl.setView:1732
03-08 15:13:49.824  2578  2656 I ViewRootImpl@5d91672[test]: setView = android.widget.FrameLayout@e9e27be TM=true
