03-08 15:13:48.657 26361 26459 I TestRunner: started: testProfileOrganizer(com.example.cmput301w24t33.OrganizerActivityUITest)
03-08 15:13:48.657  1472  3543 D ApplicationPolicy: getApplicationComponentState : pkg = com.samsung.android.rubin.app userId : 0
03-08 15:13:48.669 26361 26459 W Settings: Setting always_finish_activities has moved from android.provider.Settings.System to android.provider.Settings.Global, returning read-only value.
03-08 15:13:48.674  1472  1882 I ChimeraSystemEventListener: appLaunchIntent package name is: com.example.cmput301w24t33
03-08 15:13:48.677  1327  3508 I SurfaceFlinger: id=35542 createSurf, flag=24004, Task=3074#35542
03-08 15:13:48.679 28030 28060 W ziparchive: Unable to open '/system_ext/framework/org.carconnectivity.android.digitalkey.timesync.dm': No such file or directory
03-08 15:13:48.679 28030 28060 W ziparchive: Unable to open '/system_ext/framework/org.carconnectivity.android.digitalkey.timesync.dm': No such file or directory
03-08 15:13:48.679  1327  3508 I SurfaceFlinger: id=35543 createSurf, flag=80004, ActivityRecord{222a962 u0 com.example.cmput301w24t33/.activities.Organizer} t3074}#35543
03-08 15:13:48.684  2578  2664 D NativeCustomFrequencyManager: [NativeCFMS] BpCustomFrequencyManager::BpCustomFrequencyManager()
03-08 15:13:48.684  1472  5031 I SemDvfsHyPerManager: acquire hyper - AMS_APP_LAUNCH/1472@15, type = -999
03-08 15:13:48.684  1257  1326 I HYPER-HAL: [RequestManager.cpp]acquire(): Acquired ID : 1106343  [1472 / 15]    HINT : AMS_APP_LAUNCH    list :
03-08 15:13:48.685  1257  1326 I HYPER-HAL: [ResourceManager.cpp]updateResource(): [CPULittleMinFreq] UpdateResource Request ID : 1106343    Value : 1804800
03-08 15:13:48.685  1257  1326 I HYPER-HAL: [ResourceManager.cpp]updateResource(): [CPUMinFreq] UpdateResource Request ID : 1106343    Value : 2208000
03-08 15:13:48.685  1537 10313 I CameraService: onUidStateChanged: uid=10052, procState is changed. (0 -> 1)
03-08 15:13:48.686  5044  5044 I SemDvfsHyPerManager: acquire hyper - APP_START/5044@14, type = -999
03-08 15:13:48.687  3258  3258 I BaseActivity: removeActivityFlags, flags : 16
03-08 15:13:48.687  3258  3258 I BaseActivity: removeActivityFlags, flags : 6
03-08 15:13:48.687  3258  3258 I DragController: endDrag
03-08 15:13:48.687  3258  3258 W LauncherAppWidgetHost: setShouldListenFlag, mFlags:15 flag:resume on:false isFront:false
03-08 15:13:48.687  3258  3258 I SPayUpdater: updateSpayHandler launcher activity is paused false
03-08 15:13:48.688  1257  1326 I HYPER-HAL: [RequestManager.cpp]acquire(): Acquired ID : 12794225  [5044 / 14]    HINT : APP_START    list :
03-08 15:13:48.688  1257  1326 I HYPER-HAL: [ResourceManager.cpp]updateResource(): [CPUMaxFreq] UpdateResource Request ID : 12794225    Value : 2208000
03-08 15:13:48.693  1472  5031 D InputDispatcher: Focused application(0): ActivityRecord{222a962 u0 com.example.cmput301w24t33/.activities.Organizer} t3074}
03-08 15:13:48.697  3258  3258 I TopTaskTracker: onTaskMovedToFront : taskId = 3074
03-08 15:13:48.698  1472  2964 D InputTransport: Input channel constructed: '45118c8', fd=605
03-08 15:13:48.698  1472  2964 D InputTransport: Input channel constructed: '45118c8', fd=691
03-08 15:13:48.699  1472  2964 D InputTransport: Input channel constructed: '45118c8', fd=715
03-08 15:13:48.699  1327  1413 I SurfaceFlinger: id=35544 createSurf, flag=80004, 45118c8 Splash Screen com.example.cmput301w24t33#35544
03-08 15:13:48.699 28030 28030 I Rubin   : [2] e8.b.c(SourceFile:2) : Reusing the existing key
03-08 15:13:48.700  1472  2964 D InputTransport: Input channel destroyed: '45118c8', fd=715
03-08 15:13:48.700  1472  2391 D AS.MultiSoundManager: mForegroundUid = 10451
03-08 15:13:48.703  2578  2656 D InsetsController: onStateChanged: InsetsState: {mDisplayFrame=Rect(0, 0 - 1080, 2400), mDisplayCutout=DisplayCutout{insets=Rect(0, 91 - 0, 0) waterfall=Insets{left=0, top=0, right=0, bottom=0} boundingRect={Bounds=[Rect(0, 0 - 0, 0), Rect(503, 0 - 577, 91), Rect(0, 0 - 0, 0), Rect(0, 0 - 0, 0)]} cutoutPathParserInfo={CutoutPathParserInfo{displayWidth=1080 displayHeight=2400 physicalDisplayWidth=1080 physicalDisplayHeight=2400 density={2.625} cutoutSpec={M 0,0 H -14.0952380952381 V 34.66666666666667 H 14.0952380952381 V 0 H 0 Z @dp} rotation={0} scale={1.0} physicalPixelDisplaySizeRatio={1.0}}}}, mRoundedCorners=RoundedCorners{[RoundedCorner{position=TopLeft, radius=84, center=Point(84, 84)}, RoundedCorner{position=TopRight, radius=84, center=Point(996, 84)}, RoundedCorner{position=BottomRight, radius=84, center=Point(996, 2316)}, RoundedCorner{position=BottomLeft, radius=84, center=Point(84, 2316)}]}  mRoundedCornerFrame=Rect(0, 0 - 1080, 2400), mPrivacyIndicatorBounds=PrivacyIndicatorBounds {static bounds=Rect(964, 0 - 1080, 91) rotation=0}, mSources= { InsetsSource: {mType=ITYPE_STATUS_BAR, mFrame=[0,0][1080,91], mVisible=true, mInsetsRoundedCornerFrame=false}, InsetsSource: {mType=ITYPE_NAVIGATION_BAR, mFrame=[0,2274][1080,2400], mVisible=true, mInsetsRoundedCornerFrame=false}, InsetsSource: {mType=ITYPE_LEFT_GESTURES, mFrame=[0,0][0,2400], mVisible=true, mInsetsRoundedCornerFrame=false}, InsetsSource: {mType=ITYPE_RIGHT_GESTURES, mFrame=[1080,0][1080,2400], mVisible=true, mInsetsRoundedCornerFrame=false}, InsetsSource: {mType=ITYPE_TOP_MANDATORY_GESTURES, mFrame=[0,0][1080,123], mVisible=true, mInsetsRoundedCornerFrame=false}, InsetsSource: {mType=ITYPE_BOTTOM_MANDATORY_GESTURES, mFrame=[0,2274][1080,2400], mVisible=true, mInsetsRoundedCornerFrame=false}, InsetsSource: {mType=ITYPE_LEFT_DISPLAY_CUTOUT, mFrame=[0,0][-100000,2400], mVisible=true, mInsetsRoundedCornerFrame=false}, InsetsSource: {mType=ITYPE_TOP_DISPLAY_CUTOUT, mFrame=[0,0][1080,91], mVisible=true, mInsetsRoundedCornerFrame=false}, InsetsSource: {mType=ITYPE_RIGHT_DISPLAY_CUTOUT, mFrame=[100000,0][1080,2400], mVisible=true, mInsetsRoundedCornerFrame=false}, InsetsSource: {mType=ITYPE_BOTTOM_DISPLAY_CUTOUT, mFrame=[0,100000][1080,2400], mVisible=true, mInsetsRoundedCornerFrame=false}, InsetsSource: {mType=ITYPE_TOP_TAPPABLE_ELEMENT, mFrame=[0,0][1080,91], mVisible=true, mInsetsRoundedCornerFrame=false}, InsetsSource: {mType=ITYPE_BOTTOM_TAPPABLE_ELEMENT, mFrame=[0,2274][1080,2400], mVisible=true, mInsetsRoundedCornerFrame=false}, InsetsSource: {mType=ITYPE_IME, mFrame=[0,0][0,0], mVisibleFrame=[0,1409][1080,2400], mVisible=false, mInsetsRoundedCornerFrame=false} } host=Splash Screen com.example.cmput301w24t33 from=android.view.ViewRootImpl.setView:1732
03-08 15:13:48.707 26361 26361 D LifecycleMonitor: Lifecycle status change: com.example.cmput301w24t33.activities.OrganizerActivity@bd275ff in: PRE_ON_CREATE
03-08 15:13:48.707 26361 26361 V ActivityScenario: Activity lifecycle changed event received but ignored because the reported transition was not ON_CREATE while the last known transition was PRE_ON_CREATE
03-08 15:13:48.708  2578  2656 I ViewRootImpl@99d36d3[cmput301w24t33]: setView = android.widget.FrameLayout@afa6d2f TM=true
03-08 15:13:48.709  2578  2656 I ViewRootImpl@99d36d3[cmput301w24t33]: performTraversals params={(0,0)(fillxfill) sim={adjust=pan} ty=APPLICATION_STARTING fmt=TRANSLUCENT wanim=0x1030309
03-08 15:13:48.709  2578  2656 I ViewRootImpl@99d36d3[cmput301w24t33]:   fl=81030118
03-08 15:13:48.709  2578  2656 I ViewRootImpl@99d36d3[cmput301w24t33]:   pfl=16000010
03-08 15:13:48.709  2578  2656 I ViewRootImpl@99d36d3[cmput301w24t33]:   apr=LIGHT_STATUS_BARS LIGHT_NAVIGATION_BARS
03-08 15:13:48.709  2578  2656 I ViewRootImpl@99d36d3[cmput301w24t33]:   bhv=DEFAULT
03-08 15:13:48.709  2578  2656 I ViewRootImpl@99d36d3[cmput301w24t33]:   fitSides= naviIconColor=0}
03-08 15:13:48.709  2578  2656 I ViewRootImpl@99d36d3[cmput301w24t33]: performTraversals mFirst=true windowShouldResize=true viewVisibilityChanged=false mForceNextWindowRelayout=false params={(0,0)(fillxfill) sim={adjust=pan} ty=APPLICATION_STARTING fmt=TRANSLUCENT wanim=0x1030309
03-08 15:13:48.709  2578  2656 I ViewRootImpl@99d36d3[cmput301w24t33]:   fl=81030118
03-08 15:13:48.709  2578  2656 I ViewRootImpl@99d36d3[cmput301w24t33]:   pfl=16000010
03-08 15:13:48.709  2578  2656 I ViewRootImpl@99d36d3[cmput301w24t33]:   apr=LIGHT_STATUS_BARS LIGHT_NAVIGATION_BARS
03-08 15:13:48.709  2578  2656 I ViewRootImpl@99d36d3[cmput301w24t33]:   bhv=DEFAULT
03-08 15:13:48.709  2578  2656 I ViewRootImpl@99d36d3[cmput301w24t33]:   fitSides= naviIconColor=0}
03-08 15:13:48.710  1472  5031 V WindowManager: Relayout Window{45118c8 u0 Splash Screen com.example.cmput301w24t33}: viewVisibility=0 req=1080x2400 d0
03-08 15:13:48.710  1327  1413 I SurfaceFlinger: id=35545 createSurf, flag=40004, Splash Screen com.example.cmput301w24t33$_2578#35545
03-08 15:13:48.715  1472  5031 V WindowManager: Relayout hash=45118c8, pid=2578, syncId=-1: mAttrs={(0,0)(fillxfill) sim={adjust=pan} ty=APPLICATION_STARTING fmt=TRANSLUCENT wanim=0x1030309
03-08 15:13:48.715  1472  5031 V WindowManager:   fl=81030118
03-08 15:13:48.715  1472  5031 V WindowManager:   pfl=16000010
03-08 15:13:48.715  1472  5031 V WindowManager:   apr=LIGHT_STATUS_BARS LIGHT_NAVIGATION_BARS
03-08 15:13:48.715  1472  5031 V WindowManager:   bhv=DEFAULT
03-08 15:13:48.715  1472  5031 V WindowManager:   fitSides= naviIconColor=0}
03-08 15:13:48.715 26361 26361 I DecorView: [INFO] isPopOver=false config=true
03-08 15:13:48.715 26361 26361 I DecorView: updateCaptionType: isFloating=false isApplication=true hasWindowDecorCaption=false this=DecorView@62b25f7[]
03-08 15:13:48.716 26361 26361 D DecorView: setCaptionType = 0, this = DecorView@62b25f7[]
03-08 15:13:48.716  5242  5242 I ActivityUtils: HomePackage : com.sec.android.app.launcher, resumePackageName : com.example.cmput301w24t33
03-08 15:13:48.716  2578  2656 I ViewRootImpl@99d36d3[cmput301w24t33]: updateBlastSurfaceIfNeeded mBlastBufferQueue=null isSameSurfaceControl=false
03-08 15:13:48.716  1273  1344 E ANDR-PERF-UTIL: Failed to update node /proc/3258/sched_low_latency with value 1
03-08 15:13:48.716  1273  1344 E ANDR-PERF-OPTSHANDLER: can't set low latency for tid 3258
03-08 15:13:48.716  1273  1344 E ANDR-PERF-RESOURCEQS: Failed to apply optimization [3, 52]
03-08 15:13:48.717  1273  1344 E ANDR-PERF-UTIL: Failed to update node /proc/5771/sched_low_latency with value 1
03-08 15:13:48.717  1273  1344 E ANDR-PERF-OPTSHANDLER: can't set low latency for tid 5771
03-08 15:13:48.717  1273  1344 E ANDR-PERF-RESOURCEQS: Failed to apply optimization [3, 52]
03-08 15:13:48.717  1273  1344 E ANDR-PERF-UTIL: Failed to update node /proc/5770/sched_low_latency with value 1
03-08 15:13:48.717  1273  1344 E ANDR-PERF-OPTSHANDLER: can't set low latency for tid 5770
03-08 15:13:48.717  1273  1344 E ANDR-PERF-RESOURCEQS: Failed to apply optimization [3, 52]
03-08 15:13:48.717  1273  1344 E ANDR-PERF-UTIL: Failed to update node /proc/5393/sched_low_latency with value 1
03-08 15:13:48.717  1273  1344 E ANDR-PERF-OPTSHANDLER: can't set low latency for tid 5393
03-08 15:13:48.717  1273  1344 E ANDR-PERF-RESOURCEQS: Failed to apply optimization [3, 52]
03-08 15:13:48.717  1273  1344 E ANDR-PERF-UTIL: Failed to read /proc/sys/kernel/walt_low_latency_task_threshold
03-08 15:13:48.717  1273  1344 E ANDR-PERF-OPTSHANDLER: Failed to read /proc/sys/kernel/walt_low_latency_task_threshold
03-08 15:13:48.717  1273  1344 E ANDR-PERF-RESOURCEQS: Failed to apply optimization [3, 54]
03-08 15:13:48.717  2578  2656 I BLASTBufferQueue: new BLASTBufferQueue, mName= ViewRootImpl@99d36d3[cmput301w24t33] mNativeObject= 0xb400007c52070b00 sc.mNativeObject= 0xb400007c4d12d280 caller= android.view.ViewRootImpl.updateBlastSurfaceIfNeeded:2909 android.view.ViewRootImpl.relayoutWindow:9847 android.view.ViewRootImpl.performTraversals:3884 android.view.ViewRootImpl.doTraversal:3116 android.view.ViewRootImpl$TraversalRunnable.run:10885 android.view.Choreographer$CallbackRecord.run:1301 android.view.Choreographer$CallbackRecord.run:1309 android.view.Choreographer.doCallbacks:923 android.view.Choreographer.doFrame:852 android.view.Choreographer$FrameDisplayEventReceiver.run:1283
03-08 15:13:48.717  2578  2656 I BLASTBufferQueue: update, w= 1080 h= 2400 mName = ViewRootImpl@99d36d3[cmput301w24t33] mNativeObject= 0xb400007c52070b00 sc.mNativeObject= 0xb400007c4d12d280 format= -3 caller= android.graphics.BLASTBufferQueue.<init>:84 android.view.ViewRootImpl.updateBlastSurfaceIfNeeded:2909 android.view.ViewRootImpl.relayoutWindow:9847 android.view.ViewRootImpl.performTraversals:3884 android.view.ViewRootImpl.doTraversal:3116 android.view.ViewRootImpl$TraversalRunnable.run:10885
03-08 15:13:48.717  2578  2656 I ViewRootImpl@99d36d3[cmput301w24t33]: Relayout returned: old=(0,0,1080,2400) new=(0,0,1080,2400) req=(1080,2400)0 dur=7 res=0x3 s={true 0xb400007c4d236800} ch=true seqId=0
03-08 15:13:48.718  2578  2656 I ViewRootImpl@99d36d3[cmput301w24t33]: mThreadedRenderer.initialize() mSurface={isValid=true 0xb400007c4d236800} hwInitialized=true
03-08 15:13:48.718 26361 26361 I DecorView: getCurrentDensityDpi: from real metrics. densityDpi=420 msg=resources_loaded
03-08 15:13:48.718 26361 26361 I DecorView: setWindowBackground: isPopOver=false color=ffffffff d=android.graphics.drawable.ColorDrawable@4b33ecd
03-08 15:13:48.718  2578  2664 D OpenGLRenderer: eglCreateWindowSurface
03-08 15:13:48.719  1472  3678 I MediaSessionMonitor: Media session stopped : diffrent pkg
03-08 15:13:48.723  2578  2656 I ViewRootImpl@99d36d3[cmput301w24t33]: reportNextDraw android.view.ViewRootImpl.performTraversals:4438 android.view.ViewRootImpl.doTraversal:3116 android.view.ViewRootImpl$TraversalRunnable.run:10885 android.view.Choreographer$CallbackRecord.run:1301 android.view.Choreographer$CallbackRecord.run:1309
03-08 15:13:48.723  1472  2964 D InputDispatcher: Focus request (0): <null> but waiting because NOT_FOCUSABLE
03-08 15:13:48.723  1472  2964 D InputDispatcher: Focus left window (0): 25ecb59 com.sec.android.app.launcher/com.sec.android.app.launcher.activities.LauncherActivity
03-08 15:13:48.723  2578  2656 I ViewRootImpl@99d36d3[cmput301w24t33]: Setup new sync id=0
03-08 15:13:48.723  2578  2656 I ViewRootImpl@99d36d3[cmput301w24t33]: Setting syncFrameCallback
03-08 15:13:48.723  2578  2656 I ViewRootImpl@99d36d3[cmput301w24t33]: registerCallbacksForSync syncBuffer=false
03-08 15:13:48.725  2578  2712 I ViewRootImpl@99d36d3[cmput301w24t33]: Received frameDrawingCallback syncResult=0 frameNum=1.
03-08 15:13:48.725  2578  2712 I ViewRootImpl@99d36d3[cmput301w24t33]: Setting up sync and frameCommitCallback
03-08 15:13:48.728  2578  2664 I BLASTBufferQueue: [ViewRootImpl@99d36d3[cmput301w24t33]#945](f:0,a:0) onFrameAvailable the first frame is available
03-08 15:13:48.728 28030 28060 W FA-Ads  : Disabling data collection. Found google_app_id in strings.xml but Google Analytics for Firebase is missing. Remove this value or add Google Analytics for Firebase to resume data collection.
03-08 15:13:48.728  2578  2664 I ViewRootImpl@99d36d3[cmput301w24t33]: Received frameCommittedCallback lastAttemptedDrawFrameNum=1 didProduceBuffer=true
03-08 15:13:48.729  2578  2664 D OpenGLRenderer: CFMS:: SetUp Pid : 2578    Tid : 2664
03-08 15:13:48.729  3258  3258 I ViewRootImpl@133027e[LauncherActivity]: MSG_WINDOW_FOCUS_CHANGED 0 0
03-08 15:13:48.730  3258  3258 I BaseActivity: removeActivityFlags, flags : 8
03-08 15:13:48.730  2578  2664 W Parcel  : Expecting binder but got null!
03-08 15:13:48.730  1244  3899 I vendor.qti.bluetooth@1.0-ibs_handler: ProcessIbsCmd: Received IBS_WAKE_IND: 0xFD
03-08 15:13:48.730  1244  3899 D vendor.qti.bluetooth@1.0-ibs_handler: SerialClockVote: vote for UART CLK ON
03-08 15:13:48.730  2578  2656 I ViewRootImpl@99d36d3[cmput301w24t33]: onSyncComplete
03-08 15:13:48.731  2578  2656 I ViewRootImpl@99d36d3[cmput301w24t33]: setupSync seqId=0 mSyncId=0 fn=1 caller=android.view.ViewRootImpl$$ExternalSyntheticLambda11.accept:6 android.window.SurfaceSyncer.lambda$setupSync$1$android-window-SurfaceSyncer:128 android.window.SurfaceSyncer$$ExternalSyntheticLambda1.accept:8 android.window.SurfaceSyncer$SyncSet.checkIfSyncIsComplete:382 android.window.SurfaceSyncer$SyncSet.markSyncReady:359 android.window.SurfaceSyncer.markSyncReady:151 android.view.ViewRootImpl.performTraversals:4503
03-08 15:13:48.731  1244  3899 D vendor.qti.bluetooth@1.0-wake_lock: Acquire wakelock is acquired
03-08 15:13:48.731  1244  3899 I vendor.qti.bluetooth@1.0-ibs_handler: ProcessIbsCmd: Writing IBS_WAKE_ACK
03-08 15:13:48.731  2578  2656 I ViewRootImpl@99d36d3[cmput301w24t33]: reportDrawFinished seqId=0 mSyncId=-1 fn=1 mSurfaceChangedTransaction=0xb400007c662e3700
03-08 15:13:48.735 28030 28060 I DynamiteModule: Considering local module com.google.android.gms.ads.dynamite:0 and remote module com.google.android.gms.ads.dynamite:240304704
03-08 15:13:48.735 28030 28060 I DynamiteModule: Selected remote version of com.google.android.gms.ads.dynamite, version >= 240304704
03-08 15:13:48.744  1327  3508 I SurfaceFlinger: id=35546 createSurf, flag=24000, Surface(name=Task=1)/@0x464f238 - animation-leash of app_transition#35546
03-08 15:13:48.745 26361 26361 D LifecycleMonitor: Lifecycle status change: com.example.cmput301w24t33.activities.OrganizerActivity@bd275ff in: CREATED
03-08 15:13:48.745 26361 26361 V ActivityScenario: Update currentActivityStage to CREATED, currentActivity=com.example.cmput301w24t33.activities.OrganizerActivity@bd275ff
03-08 15:13:48.745  1257 27994 I HYPER-HAL: [ResourceManager.cpp]removeResource(): [CPUMinFreq] RemoveResource Request ID : 1115292
03-08 15:13:48.745  1257 27994 I HYPER-HAL: [RequestManager.cpp]releaseLocked(): Released ID : 1115292
03-08 15:13:48.746  1327  3508 I SurfaceFlinger: id=35547 createSurf, flag=24004, Surface(name=Task=3074)/@0x272455 - animation-leash of app_transition#35547
03-08 15:13:48.748  1327  3508 I SurfaceFlinger: id=35548 createSurf, flag=80000, 973702d ActivityRecordInputSink com.example.cmput301w24t33/.activities.Organizer#35548
03-08 15:13:48.748 26361 26361 D LifecycleMonitor: Lifecycle status change: com.example.cmput301w24t33.activities.OrganizerActivity@bd275ff in: STARTED
03-08 15:13:48.749 26361 26361 V ActivityScenario: Update currentActivityStage to STARTED, currentActivity=com.example.cmput301w24t33.activities.OrganizerActivity@bd275ff
03-08 15:13:48.749   679   679 W keymaster_tee: [WRN]begin req PARAMS: A32 B2 P64
03-08 15:13:48.750 26361 26361 D ContentValues: RESUME
03-08 15:13:48.751 26361 26361 D LifecycleMonitor: Lifecycle status change: com.example.cmput301w24t33.activities.OrganizerActivity@bd275ff in: RESUMED
03-08 15:13:48.751  2578  2643 D Bubbles : onLocusVisibilityChanged: LocusId[17_chars] visible=false
03-08 15:13:48.751 26361 26361 V ActivityScenario: Update currentActivityStage to RESUMED, currentActivity=com.example.cmput301w24t33.activities.OrganizerActivity@bd275ff
03-08 15:13:48.752 26361 26361 I MSHandlerLifeCycle: check: return. pkg=com.example.cmput301w24t33 parent=null callers=com.android.internal.policy.DecorView.setVisibility:4412 android.app.ActivityThread.handleResumeActivity:5476 android.app.servertransaction.ResumeActivityItem.execute:54 android.app.servertransaction.ActivityTransactionItem.execute:45 android.app.servertransaction.TransactionExecutor.executeLifecycleState:176
03-08 15:13:48.752 26361 26361 I MSHandlerLifeCycle: removeMultiSplitHandler: no exist. decor=DecorView@62b25f7[]
03-08 15:13:48.754 28030 28060 W System  : ClassLoader referenced unknown path:
03-08 15:13:48.754  1327  1327 I Layer   : Layer [Splash Screen com.example.cmput301w24t33$_2578#35545] hidden!! flag(0)
03-08 15:13:48.756   679   679 D keymaster_swd: keymaster_swd [WRN] (swd_run_cb:257) swd_begin() returns 0
03-08 15:13:48.761 26361 26463 D NativeCustomFrequencyManager: [NativeCFMS] BpCustomFrequencyManager::BpCustomFrequencyManager()
03-08 15:13:48.762   679   679 D keymaster_swd: keymaster_swd [WRN] (swd_run_cb:257) swd_update() returns 0
03-08 15:13:48.764  1472  2964 D InputTransport: Input channel constructed: 'd965637', fd=715
03-08 15:13:48.764  1472  2964 D InputTransport: Input channel constructed: 'd965637', fd=741
03-08 15:13:48.764  1472  2964 D InputTransport: Input channel constructed: 'd965637', fd=743
03-08 15:13:48.766  1327  1414 I SurfaceFlinger: id=35549 createSurf, flag=80004, d965637 com.example.cmput301w24t33/com.example.cmput301w24t33.activities.OrganizerActivity#35549
03-08 15:13:48.766   679   679 D keymaster_swd: keymaster_swd [WRN] (swd_run_cb:257) swd_finish() returns 0
03-08 15:13:48.766  1472  2964 D InputTransport: Input channel destroyed: 'd965637', fd=743
03-08 15:13:48.770 26361 26361 D InsetsController: onStateChanged: InsetsState: {mDisplayFrame=Rect(0, 0 - 1080, 2400), mDisplayCutout=DisplayCutout{insets=Rect(0, 91 - 0, 0) waterfall=Insets{left=0, top=0, right=0, bottom=0} boundingRect={Bounds=[Rect(0, 0 - 0, 0), Rect(503, 0 - 577, 91), Rect(0, 0 - 0, 0), Rect(0, 0 - 0, 0)]} cutoutPathParserInfo={CutoutPathParserInfo{displayWidth=1080 displayHeight=2400 physicalDisplayWidth=1080 physicalDisplayHeight=2400 density={2.625} cutoutSpec={M 0,0 H -14.0952380952381 V 34.66666666666667 H 14.0952380952381 V 0 H 0 Z @dp} rotation={0} scale={1.0} physicalPixelDisplaySizeRatio={1.0}}}}, mRoundedCorners=RoundedCorners{[RoundedCorner{position=TopLeft, radius=84, center=Point(84, 84)}, RoundedCorner{position=TopRight, radius=84, center=Point(996, 84)}, RoundedCorner{position=BottomRight, radius=84, center=Point(996, 2316)}, RoundedCorner{position=BottomLeft, radius=84, center=Point(84, 2316)}]}  mRoundedCornerFrame=Rect(0, 0 - 1080, 2400), mPrivacyIndicatorBounds=PrivacyIndicatorBounds {static bounds=Rect(964, 0 - 1080, 91) rotation=0}, mSources= { InsetsSource: {mType=ITYPE_STATUS_BAR, mFrame=[0,0][1080,91], mVisible=true, mInsetsRoundedCornerFrame=false}, InsetsSource: {mType=ITYPE_NAVIGATION_BAR, mFrame=[0,2274][1080,2400], mVisible=true, mInsetsRoundedCornerFrame=false}, InsetsSource: {mType=ITYPE_LEFT_GESTURES, mFrame=[0,0][0,2400], mVisible=true, mInsetsRoundedCornerFrame=false}, InsetsSource: {mType=ITYPE_RIGHT_GESTURES, mFrame=[1080,0][1080,2400], mVisible=true, mInsetsRoundedCornerFrame=false}, InsetsSource: {mType=ITYPE_TOP_MANDATORY_GESTURES, mFrame=[0,0][1080,123], mVisible=true, mInsetsRoundedCornerFrame=false}, InsetsSource: {mType=ITYPE_BOTTOM_MANDATORY_GESTURES, mFrame=[0,2274][1080,2400], mVisible=true, mInsetsRoundedCornerFrame=false}, InsetsSource: {mType=ITYPE_LEFT_DISPLAY_CUTOUT, mFrame=[0,0][-100000,2400], mVisible=true, mInsetsRoundedCornerFrame=false}, InsetsSource: {mType=ITYPE_TOP_DISPLAY_CUTOUT, mFrame=[0,0][1080,91], mVisible=true, mInsetsRoundedCornerFrame=false}, InsetsSource: {mType=ITYPE_RIGHT_DISPLAY_CUTOUT, mFrame=[100000,0][1080,2400], mVisible=true, mInsetsRoundedCornerFrame=false}, InsetsSource: {mType=ITYPE_BOTTOM_DISPLAY_CUTOUT, mFrame=[0,100000][1080,2400], mVisible=true, mInsetsRoundedCornerFrame=false}, InsetsSource: {mType=ITYPE_TOP_TAPPABLE_ELEMENT, mFrame=[0,0][1080,91], mVisible=true, mInsetsRoundedCornerFrame=false}, InsetsSource: {mType=ITYPE_BOTTOM_TAPPABLE_ELEMENT, mFrame=[0,2274][1080,2400], mVisible=true, mInsetsRoundedCornerFrame=false}, InsetsSource: {mType=ITYPE_IME, mFrame=[0,0][0,0], mVisibleFrame=[0,1409][1080,2400], mVisible=false, mInsetsRoundedCornerFrame=false} } host=com.example.cmput301w24t33/com.example.cmput301w24t33.activities.OrganizerActivity from=android.view.ViewRootImpl.setView:1732
03-08 15:13:48.775 26361 26361 I ViewRootImpl@1384754[Organizer]: setView = com.android.internal.policy.DecorView@62b25f7 TM=true
03-08 15:13:48.775  1327  1327 D SurfaceFlinger: Display 4630947232161729153 HWC layers:
03-08 15:13:48.775  1327  1327 D SurfaceFlinger:      DEVICE | 0xb400007446147f00 | 0100 | RGBx_8888    |  152.0    0.0 1232.0 2400.0 |    0    0 1080 2400 | Wallpaper BBQ wrapper#88
03-08 15:13:48.775  1327  1327 D SurfaceFlinger:      DEVICE | 0xb40000745d0662d0 | 0100 | RGBA_8888    |    0.0    0.0 1080.0 2400.0 |    0    0 1080 2400 | com.sec.android.app.launcher/com.sec[...]ivities.LauncherActivity$_3258#35533
03-08 15:13:48.775  1327  1327 D SurfaceFlinger:      DEVICE | 0xb40000745ec188a0 | 0100 | RGBA_8888    |    0.0    0.0 1080.0 2400.0 |   76  168 1004 2232 | Splash Screen com.example.cmput301w24t33$_2578#35545
03-08 15:13:48.775  1327  1327 D SurfaceFlinger:      DEVICE | 0xb400007446147170 | 0100 | RGBA_8888    |    0.0    0.0 1080.0   91.0 |    0    0 1080   91 | StatusBar$_2578#95
03-08 15:13:48.775  1327  1327 D SurfaceFlinger:      DEVICE | 0xb400007446147bf0 | 0100 | RGBA_8888    |    0.0    0.0   67.0  515.0 |    0  301   67  816 | com.samsung.android.app.cocktailbars[...]rvice.CocktailBarService$_5242#35333
03-08 15:13:48.775  1327  1327 D SurfaceFlinger:      DEVICE | 0xb40000744614a4a0 | 0100 | RGBA_8888    |    0.0    0.0 1080.0  126.0 |    0 2274 1080 2400 | NavigationBar0$_2578#89
03-08 15:13:48.775  1327  1327 D SurfaceFlinger:
03-08 15:13:48.776 26361 26361 I MSHandlerLifeCycle: removeMultiSplitHandler: no exist. decor=DecorView@62b25f7[Organizer]
03-08 15:13:48.777  1244  3899 I vendor.qti.bluetooth@1.0-ibs_handler: ProcessIbsCmd: Received IBS_SLEEP_IND: 0xFE
03-08 15:13:48.777  1244  3899 D vendor.qti.bluetooth@1.0-ibs_handler: SerialClockVote: vote for UART CLK OFF
03-08 15:13:48.780 28013 28013 I FirebaseApp: Device unlocked: initializing all Firebase APIs for app [DEFAULT]
03-08 15:13:48.796  3258 28442 I RecentModel: onTaskStackChangedBackground
03-08 15:13:48.802  3258  3627 I RecentTasksList: loadTasksInBackground : groupTask = GroupTask{task1=[id=3049 windowingMode=1 user=0 lastActiveTime=329064735] null, task2=null, task3=null, mStagedSplitBounds=null}
03-08 15:13:48.802  3258  3627 I RecentTasksList: loadTasksInBackground : groupTask = GroupTask{task1=[id=3073 windowingMode=1 user=0 lastActiveTime=329098562] null, task2=null, task3=null, mStagedSplitBounds=null}
03-08 15:13:48.802  3258  3627 I RecentTasksList: loadTasksInBackground : groupTask = GroupTask{task1=[id=3074 windowingMode=1 user=0 lastActiveTime=329099410] null, task2=null, task3=null, mStagedSplitBounds=null}
03-08 15:13:48.811 26361 26361 I ViewRootImpl@1384754[Organizer]: performTraversals params={(0,0)(fillxfill) sim={adjust=resize forwardNavigation} ty=BASE_APPLICATION wanim=0x1030309
03-08 15:13:48.811 26361 26361 I ViewRootImpl@1384754[Organizer]:   fl=81810100
03-08 15:13:48.811 26361 26361 I ViewRootImpl@1384754[Organizer]:   pfl=12020040
03-08 15:13:48.811 26361 26361 I ViewRootImpl@1384754[Organizer]:   bhv=DEFAULT
03-08 15:13:48.811 26361 26361 I ViewRootImpl@1384754[Organizer]:   fitSides= naviIconColor=0
03-08 15:13:48.811 26361 26361 I ViewRootImpl@1384754[Organizer]:   sfl=100000}
03-08 15:13:48.816 28013 28013 I FirebaseInitProvider: FirebaseApp initialization successful
03-08 15:13:48.817 28030 28047 I Rubin   : [449] com.samsung.android.rubin.controller.provider.RubinStateProvider.call(SourceFile:2) : RubinStateProvider : method = getRubinState
03-08 15:13:48.820 26361 26361 I ViewRootImpl@1384754[Organizer]: performTraversals mFirst=true windowShouldResize=true viewVisibilityChanged=false mForceNextWindowRelayout=false params={(0,0)(fillxfill) sim={adjust=resize forwardNavigation} ty=BASE_APPLICATION wanim=0x1030309
03-08 15:13:48.820 26361 26361 I ViewRootImpl@1384754[Organizer]:   fl=81810100
03-08 15:13:48.820 26361 26361 I ViewRootImpl@1384754[Organizer]:   pfl=12020040
03-08 15:13:48.820 26361 26361 I ViewRootImpl@1384754[Organizer]:   bhv=DEFAULT
03-08 15:13:48.820 26361 26361 I ViewRootImpl@1384754[Organizer]:   fitSides= naviIconColor=0
03-08 15:13:48.820 26361 26361 I ViewRootImpl@1384754[Organizer]:   sfl=100000}
03-08 15:13:48.823 28030 28030 I Rubin   : [2] e8.b.c(SourceFile:2) : Reusing the existing key
03-08 15:13:48.824  1472  2686 V WindowManager: Relayout Window{d965637 u0 com.example.cmput301w24t33/com.example.cmput301w24t33.activities.OrganizerActivity}: viewVisibility=0 req=1080x2400 d0
03-08 15:13:48.824  1327  3508 I SurfaceFlinger: id=35550 createSurf, flag=40004, com.example.cmput301w24t33/com.example.cmput301w24t33.activities.OrganizerActivity$_26361#35550
03-08 15:13:48.827  1327  3508 I SurfaceFlinger: id=35551 createSurf, flag=24000, Surface(name=c9f16ce StatusBar)/@0xc28a9d9 - animation-leash of insets_animation#35551
03-08 15:13:48.829  1327  1414 I SurfaceFlinger: id=35552 createSurf, flag=24000, Surface(name=296f76f NavigationBar0)/@0x8bb6395 - animation-leash of insets_animation#35552
03-08 15:13:48.831  1472  2686 V WindowManager: Relayout hash=d965637, pid=26361, syncId=-1: mAttrs={(0,0)(fillxfill) sim={adjust=resize forwardNavigation} ty=BASE_APPLICATION wanim=0x1030309
03-08 15:13:48.831  1472  2686 V WindowManager:   fl=81810100
03-08 15:13:48.831  1472  2686 V WindowManager:   pfl=12020040
03-08 15:13:48.831  1472  2686 V WindowManager:   apr=LIGHT_NAVIGATION_BARS
03-08 15:13:48.831  1472  2686 V WindowManager:   bhv=DEFAULT
03-08 15:13:48.831  1472  2686 V WindowManager:   fitSides= naviIconColor=0
03-08 15:13:48.831  1472  2686 V WindowManager:   sfl=100000}
03-08 15:13:48.832  2578  2578 D NavigationBar: onSystemBarAttributesChanged() -  displayId:0, appearance:16, packageName: com.example.cmput301w24t33 (APPEARANCE_LIGHT_NAVIGATION_BARS ), navbarColorManagedByIme:false
03-08 15:13:48.833  3258 28442 I TouchInteractionService: onSystemUiStateChanged, stateFlags : 131072 |allow_gesture|
03-08 15:13:48.833  3258  3258 I RecentsAnimationDeviceState: setSystemUiFlags, stateFlags : 131072
03-08 15:13:48.833  3258  3258 I TouchInteractionService: onSystemUiFlagsChanged, lastSysUIFlags : 0
03-08 15:13:48.833   679   679 W keymaster_tee: [WRN]begin req PARAMS: A32 B2 P64
03-08 15:13:48.834 26361 26361 I ViewRootImpl@1384754[Organizer]: updateBlastSurfaceIfNeeded mBlastBufferQueue=null isSameSurfaceControl=false
03-08 15:13:48.835 26361 26361 I BLASTBufferQueue: new BLASTBufferQueue, mName= ViewRootImpl@1384754[Organizer] mNativeObject= 0xb400007cfb5f7e80 sc.mNativeObject= 0xb400007c50e5d420 caller= android.view.ViewRootImpl.updateBlastSurfaceIfNeeded:2909 android.view.ViewRootImpl.relayoutWindow:9847 android.view.ViewRootImpl.performTraversals:3884 android.view.ViewRootImpl.doTraversal:3116 android.view.ViewRootImpl$TraversalRunnable.run:10885 android.view.Choreographer$CallbackRecord.run:1301 android.view.Choreographer$CallbackRecord.run:1309 android.view.Choreographer.doCallbacks:923 android.view.Choreographer.doFrame:852 android.view.Choreographer$FrameDisplayEventReceiver.run:1283
03-08 15:13:48.835 26361 26361 I BLASTBufferQueue: update, w= 1080 h= 2400 mName = ViewRootImpl@1384754[Organizer] mNativeObject= 0xb400007cfb5f7e80 sc.mNativeObject= 0xb400007c50e5d420 format= -1 caller= android.graphics.BLASTBufferQueue.<init>:84 android.view.ViewRootImpl.updateBlastSurfaceIfNeeded:2909 android.view.ViewRootImpl.relayoutWindow:9847 android.view.ViewRootImpl.performTraversals:3884 android.view.ViewRootImpl.doTraversal:3116 android.view.ViewRootImpl$TraversalRunnable.run:10885
03-08 15:13:48.836 26361 26361 I ViewRootImpl@1384754[Organizer]: Relayout returned: old=(0,0,1080,2400) new=(0,0,1080,2400) req=(1080,2400)0 dur=11 res=0x3 s={true 0xb400007c7ebc3000} ch=true seqId=0
03-08 15:13:48.837   679   679 D keymaster_swd: keymaster_swd [WRN] (swd_run_cb:257) swd_begin() returns 0
03-08 15:13:48.837 26361 26361 I ViewRootImpl@1384754[Organizer]: mThreadedRenderer.initialize() mSurface={isValid=true 0xb400007c7ebc3000} hwInitialized=true
03-08 15:13:48.838 26361 26463 D OpenGLRenderer: eglCreateWindowSurface
03-08 15:13:48.839   679   679 D keymaster_swd: keymaster_swd [WRN] (swd_run_cb:257) swd_update() returns 0
03-08 15:13:48.839 28030 28047 I Rubin   : [449] z7.f.b(SourceFile:6) : checkForUI = false isGdprAffected = false isCMSFeatureSupported = true
03-08 15:13:48.841   679   679 D keymaster_swd: keymaster_swd [WRN] (swd_run_cb:257) swd_finish() returns 0
03-08 15:13:48.842 26361 26361 I ViewRootImpl@1384754[Organizer]: reportNextDraw android.view.ViewRootImpl.performTraversals:4438 android.view.ViewRootImpl.doTraversal:3116 android.view.ViewRootImpl$TraversalRunnable.run:10885 android.view.Choreographer$CallbackRecord.run:1301 android.view.Choreographer$CallbackRecord.run:1309
03-08 15:13:48.842 26361 26361 I ViewRootImpl@1384754[Organizer]: Setup new sync id=0
03-08 15:13:48.842 26361 26361 I ViewRootImpl@1384754[Organizer]: Setting syncFrameCallback
03-08 15:13:48.843 26361 26361 I ViewRootImpl@1384754[Organizer]: registerCallbacksForSync syncBuffer=false
03-08 15:13:48.843 28030 28047 I Rubin   : [449] com.samsung.android.rubin.controller.provider.RubinStateProvider.call(SourceFile:16) : RubinStateProvider : watch state = -2
03-08 15:13:48.846 28030 28047 I Rubin   : [449] z7.f.b(SourceFile:6) : checkForUI = false isGdprAffected = false isCMSFeatureSupported = true
03-08 15:13:48.849 28030 28047 I Rubin   : [449] com.samsung.android.rubin.controller.provider.RubinStateProvider.e(SourceFile:4) : Is alternative Agreement : true, is Rubin ID exist : false
03-08 15:13:48.852 28013 28087 I DynamiteModule: Considering local module com.google.android.gms.measurement.dynamite:89 and remote module com.google.android.gms.measurement.dynamite:102
03-08 15:13:48.852 28013 28087 I DynamiteModule: Selected remote version of com.google.android.gms.measurement.dynamite, version >= 102
03-08 15:13:48.853 26361 26528 I ViewRootImpl@1384754[Organizer]: Received frameDrawingCallback syncResult=0 frameNum=1.
03-08 15:13:48.853 26361 26528 I ViewRootImpl@1384754[Organizer]: Setting up sync and frameCommitCallback
03-08 15:13:48.853  3258  3258 I TaskThumbnailCache: handleResult: taskId = 3049, taskThumbnail = android.graphics.Bitmap@e99d68d
03-08 15:13:48.854  1327  1327 I Layer   : id=35534 removedFromDrawingState Surface(name=c9f16ce StatusBar)/@0xc28a9d9 - animation-leash of insets_animation#35534 (147)
03-08 15:13:48.854  1327  1327 I Layer   : id=35535 removedFromDrawingState Surface(name=296f76f NavigationBar0)/@0x8bb6395 - animation-leash of insets_animation#35535 (147)
03-08 15:13:48.854  1327  1327 I SurfaceFlinger: id=35534 Removed Surface(name=c9f16ce StatusBar)/@0xc28a9d9 - animation-leash of insets_animation#35534 (147)
03-08 15:13:48.854  1327  1327 I SurfaceFlinger: id=35535 Removed Surface(name=296f76f NavigationBar0)/@0x8bb6395 - animation-leash of insets_animation#35535 (147)
03-08 15:13:48.854 28013 28013 I CustomIndexesSearchProvider: onCreate
03-08 15:13:48.855  1327  1327 I Layer   : id=35534 Destroyed Surface(name=c9f16ce StatusBar)/@0xc28a9d9 - animation-leash of insets_animation#35534
03-08 15:13:48.855  1327  1327 I Layer   : id=35535 Destroyed Surface(name=296f76f NavigationBar0)/@0x8bb6395 - animation-leash of insets_animation#35535
03-08 15:13:48.856 28030 28047 I Rubin   : [449] z7.f.b(SourceFile:6) : checkForUI = false isGdprAffected = false isCMSFeatureSupported = true
03-08 15:13:48.856  1472  2964 D InputDispatcher: Focus request (0): d965637 com.example.cmput301w24t33/com.example.cmput301w24t33.activities.OrganizerActivity but waiting because NO_WINDOW
03-08 15:13:48.857 28013 28013 I CustomIndexesSearchProvider: secQueryGetFingerprint : 620115100
03-08 15:13:48.857 26361 26463 I BLASTBufferQueue: [ViewRootImpl@1384754[Organizer]#7](f:0,a:0) onFrameAvailable the first frame is available
03-08 15:13:48.857 28030 28047 I Rubin   : [449] z7.f.b(SourceFile:6) : checkForUI = false isGdprAffected = false isCMSFeatureSupported = true
03-08 15:13:48.858 28030 28047 I Rubin   : [449] z7.f.b(SourceFile:6) : checkForUI = false isGdprAffected = false isCMSFeatureSupported = true
03-08 15:13:48.858 28030 28047 I Rubin   : [449] z7.f.b(SourceFile:6) : checkForUI = false isGdprAffected = false isCMSFeatureSupported = true
03-08 15:13:48.859 26361 26463 I ViewRootImpl@1384754[Organizer]: Received frameCommittedCallback lastAttemptedDrawFrameNum=1 didProduceBuffer=true
03-08 15:13:48.859 28013 28087 W System  : ClassLoader referenced unknown path:
03-08 15:13:48.860 26361 26463 D OpenGLRenderer: CFMS:: SetUp Pid : 26361    Tid : 26463
03-08 15:13:48.860 26361 26463 W Parcel  : Expecting binder but got null!
03-08 15:13:48.861 26361 26361 I ViewRootImpl@1384754[Organizer]: onSyncComplete
03-08 15:13:48.862 27945 27945 I [WEATHER]RubinDataSourceImpl: {[6E099A6F08D647829A2B7E3CFA1CA20DA12453F944A27016475E0EE04A441065AB8ACC9A01C366F15CC757D63701939D573C60E5FC634B5A3CCC327C52610B5BD5E1BD533024B0130D9811C4209620A77C9AAF1C9FCEC673E608AA8218E4EF8C]}
03-08 15:13:48.863 26361 26361 I ViewRootImpl@1384754[Organizer]: setupSync seqId=0 mSyncId=0 fn=1 caller=android.view.ViewRootImpl$$ExternalSyntheticLambda11.accept:6 android.window.SurfaceSyncer.lambda$setupSync$1$android-window-SurfaceSyncer:128 android.window.SurfaceSyncer$$ExternalSyntheticLambda1.accept:8 android.window.SurfaceSyncer$SyncSet.checkIfSyncIsComplete:382 android.window.SurfaceSyncer$SyncSet.markSyncReady:359 android.window.SurfaceSyncer.markSyncReady:151 android.view.ViewRootImpl.performTraversals:4503
03-08 15:13:48.863 26361 26361 I ViewRootImpl@1384754[Organizer]: reportDrawFinished seqId=0 mSyncId=-1 fn=1 mSurfaceChangedTransaction=0xb400007c50ecee00
03-08 15:13:48.864 28013 28013 I NewsProvider: onCreate
03-08 15:13:48.868 27945 27945 I RunestoneSDK: [1.3.11]Called module : V30ContextFenceInformation -> getRegisteredContextFenceList(RunestoneFenceApi.kt:4)
03-08 15:13:48.871 28030 28047 I Rubin   : [449] com.samsung.android.rubin.datainterface.f.call(SourceFile:2) : Method : get_registered_context_fences, Calling Package - com.sec.android.daemonapp
03-08 15:13:48.870  1472  1876 W ziparchive: Unable to open '/data/app/~~W-ddUiX8JS3WzrZIN8mU0w==/com.example.cmput301w24t33-E7e2aXhTzEvn2QLsQTpRuw==/base.dm': No such file or directory
03-08 15:13:48.873 28030 28047 I AccessController: isAllowedPackage - com.sec.android.daemonapp is allowed to access
03-08 15:13:48.873  3258  3258 I TaskThumbnailCache: handleResult: taskId = 3073, taskThumbnail = android.graphics.Bitmap@4ed8042
03-08 15:13:48.874  1472  3543 I SemDvfsHyPerManager: acquire hyper - AMS_RESUME_TAIL/1472@16, type = -999
03-08 15:13:48.874  1472  1876 I PkgPredictorService-SecIpmManagerServiceImpl: reportToNAP uid:10451 com.example.cmput301w24t33/com.example.cmput301w24t33.activities.OrganizerActivity thisTime:195
03-08 15:13:48.874  1472  3543 I SemDvfsHyPerManager: acquire hyper - AMS_ACT_LAZY/1472@17, type = -999
03-08 15:13:48.875  1257  1326 I HYPER-HAL: [RequestManager.cpp]acquire(): Acquired ID : 1107832  [1472 / 16]    HINT : AMS_RESUME_TAIL    list :
03-08 15:13:48.877  1472  1876 I ActivityTaskManager: Displayed com.example.cmput301w24t33/.activities.Organizer: +195ms
03-08 15:13:48.877  1327  1414 I SurfaceFlinger: id=35553 createSurf, flag=24000, Surface(name=d965637 com.example.cmput301w24t33/com.example.cmput301w24t33.activities.OrganizerActivity)/@0xfaa681f - animation-leash of starting_reveal#35553
03-08 15:13:48.879 28030 28047 I Rubin   : [449] z7.f.b(SourceFile:6) : checkForUI = false isGdprAffected = false isCMSFeatureSupported = true
03-08 15:13:48.879 28030 28047 W Rubin   : [449] com.samsung.android.rubin.datainterface.f.isProvidableState(SourceFile:2) : Rubin is disabled
03-08 15:13:48.881 28030 28047 I Rubin   : [449] z6.d.a(SourceFile:6) : active permissions : [SMS, LOCATION, NEARBY_DEVICES, CONTACTS, CALENDAR, CALL_LOG, PHYSICAL_ACTIVITY, STORAGE]
03-08 15:13:48.883 27945 27945 I [WEATHER]RubinDataSourceImpl: {[6E099A6F08D647829A2B7E3CFA1CA20DDA7C0F82C2703992423C816CF7CABA38573A6D1D928DAF910F5B2CAB7DEE94B9CD8B5DCDE87C35A32373C7B4A0F912E8824672A6FABAC01C62178FAF48BF6E04]}
03-08 15:13:48.883  1257  1326 I HYPER-HAL: [ResourceManager.cpp]updateResource(): [CPUMinFreq] UpdateResource Request ID : 1107832    Value : 1324800
03-08 15:13:48.883 27945 27945 I [WEATHER]AppUpdateService: {[F25703819843744D7F1F976789EB79783C9198DB6E1CD68B43F5AF2328C70CB7]}
03-08 15:13:48.883  1257  1326 I HYPER-HAL: [RequestManager.cpp]acquire(): Acquired ID : 1109322  [1472 / 17]    HINT : AMS_ACT_LAZY    list :
03-08 15:13:48.883 28030 28030 I Rubin   : [2] a7.c.d(SourceFile:2) : current version = 4 upgrade version = 4
03-08 15:13:48.884  1257  1326 I HYPER-HAL: [ResourceManager.cpp]removeResource(): [CPULittleMinFreq] RemoveResource Request ID : 1110813
03-08 15:13:48.885 27945 27945 I [WEATHER]AppUpdateService: {[F25703819843744D7F1F976789EB79783F41BDA006E16CEE81AD3ABE5C2467031B0A5ABAB6DA0A6E945FF98DF4D72C2709038535A29094FB86F962FF5C87E99BDD669091519D3440337C730D674D1548D1C00979F5937307F009EFF862C46300FF7450F8C0063316B6C1C2D820C4F8C0DF3D8D236052D16B99A0FEEEFF9C2C5ADDBBED23123DA51E7D09520D7FE049AF]}
03-08 15:13:48.885 28030 28030 I Rubin   : [2] z7.f.b(SourceFile:6) : checkForUI = false isGdprAffected = false isCMSFeatureSupported = true
03-08 15:13:48.885 27945 27945 I [WEATHER]FreeStatusCheckService: {[2D77D00695CB34C3942C996BF010E897E9D5DE2D112747DB273FB460D0DFFD52D9DE889B0FA1C498BA79FF64E91415DC]}
03-08 15:13:48.886 27945 27945 I [WEATHER]FreeStatusCheckService: {[59D59D6A529801523F831777F8F19C602532FAE18742678392C5065B10A075FAD1169313C7C40AA429B4C3C52D92F107E892CC368CC227F233EF2AC2D39680486844A2C45F0793F3A774D5B1C15BF0F875DDF19F5A0A620C36D29AB3D2A15DEFFACB40758AA15334DCDF42545936D059]}
03-08 15:13:48.887  1257  1326 I HYPER-HAL: [ResourceManager.cpp]removeResource(): [CPUMinFreq] RemoveResource Request ID : 1110813
03-08 15:13:48.887  1327  1327 I Layer   : Layer [com.example.cmput301w24t33/com.example.cmput301w24t33.activities.OrganizerActivity$_26361#35550] hidden!! flag(0)
03-08 15:13:48.887  1257  1326 I HYPER-HAL: [RequestManager.cpp]releaseLocked(): Released ID : 1110813
03-08 15:13:48.890 28030 28030 I Rubin   : [2] v7.f.o(SourceFile:3) : device rubin state : false -> false
03-08 15:13:48.890  1472  2686 D InputDispatcher: Focus entered window (0): d965637 com.example.cmput301w24t33/com.example.cmput301w24t33.activities.OrganizerActivity
03-08 15:13:48.890 28030 28030 I Rubin   : [2] z7.f.b(SourceFile:6) : checkForUI = false isGdprAffected = false isCMSFeatureSupported = true
03-08 15:13:48.891 26361 26361 I ViewRootImpl@1384754[Organizer]: MSG_WINDOW_FOCUS_CHANGED 1 0
03-08 15:13:48.892  2578  2656 I ViewRootImpl@99d36d3[cmput301w24t33]: performTraversals params={(0,0)(fillxfill) sim={adjust=pan} ty=APPLICATION_STARTING fmt=TRANSLUCENT wanim=0x1030309
03-08 15:13:48.892  2578  2656 I ViewRootImpl@99d36d3[cmput301w24t33]:   fl=81030118
03-08 15:13:48.892  2578  2656 I ViewRootImpl@99d36d3[cmput301w24t33]:   pfl=16000010
03-08 15:13:48.892  2578  2656 I ViewRootImpl@99d36d3[cmput301w24t33]:   bhv=DEFAULT
03-08 15:13:48.892  2578  2656 I ViewRootImpl@99d36d3[cmput301w24t33]:   fitSides= naviIconColor=0}
03-08 15:13:48.892 26361 26361 I ViewRootImpl@1384754[Organizer]: mThreadedRenderer.initializeIfNeeded()#2 mSurface={isValid=true 0xb400007c7ebc3000}
03-08 15:13:48.893  2578  2656 I ViewRootImpl@99d36d3[cmput301w24t33]: performTraversals mFirst=false windowShouldResize=false viewVisibilityChanged=false mForceNextWindowRelayout=false params={(0,0)(fillxfill) sim={adjust=pan} ty=APPLICATION_STARTING fmt=TRANSLUCENT wanim=0x1030309
03-08 15:13:48.893  2578  2656 I ViewRootImpl@99d36d3[cmput301w24t33]:   fl=81030118
03-08 15:13:48.893  2578  2656 I ViewRootImpl@99d36d3[cmput301w24t33]:   pfl=16000010
03-08 15:13:48.893  2578  2656 I ViewRootImpl@99d36d3[cmput301w24t33]:   bhv=DEFAULT
03-08 15:13:48.893  2578  2656 I ViewRootImpl@99d36d3[cmput301w24t33]:   fitSides= naviIconColor=0}
03-08 15:13:48.893  1472  3543 V WindowManager: Relayout Window{45118c8 u0 Splash Screen com.example.cmput301w24t33}: viewVisibility=0 req=1080x2400 d0
03-08 15:13:48.894  1327  1327 D SurfaceFlinger: Display 4630947232161729153 HWC layers:
03-08 15:13:48.894  1327  1327 D SurfaceFlinger:      DEVICE | 0xb400007446147f00 | 0100 | RGBx_8888    |  152.0    0.0 1232.0 2400.0 |    0    0 1080 2400 | Wallpaper BBQ wrapper#88
03-08 15:13:48.894  1327  1327 D SurfaceFlinger:      DEVICE | 0xb40000745d0662d0 | 0100 | RGBA_8888    |    0.0    0.0 1080.0 2400.0 |    0    0 1080 2400 | com.sec.android.app.launcher/com.sec[...]ivities.LauncherActivity$_3258#35533
03-08 15:13:48.894  1327  1327 D SurfaceFlinger:      DEVICE | 0xb40000745d0652a0 | 0102 | RGBA_8888    |    0.0    0.0 1080.0 2400.0 |   22   48 1058 2352 | com.example.cmput301w24t33/com.examp[...]33.activities.Organizer$_26361#35550
03-08 15:13:48.894  1327  1327 D SurfaceFlinger:      DEVICE | 0xb40000745ec188a0 | 0100 | RGBA_8888    |    0.0    0.0 1080.0 2400.0 |   22   48 1058 2352 | Splash Screen com.example.cmput301w24t33$_2578#35545
03-08 15:13:48.894  1327  1327 D SurfaceFlinger:      DEVICE | 0xb400007446147170 | 0100 | RGBA_8888    |    0.0    0.0 1080.0   91.0 |    0    0 1080   91 | StatusBar$_2578#95
03-08 15:13:48.894  1327  1327 D SurfaceFlinger:      DEVICE | 0xb400007446147bf0 | 0100 | RGBA_8888    |    0.0    0.0   67.0  515.0 |    0  301   67  816 | com.samsung.android.app.cocktailbars[...]rvice.CocktailBarService$_5242#3533
03-08 15:13:48.894  1327  1327 D SurfaceFlinger: 3
03-08 15:13:48.894  1327  1327 D SurfaceFlinger:      DEVICE | 0xb40000744614a4a0 | 0100 | RGBA_8888    |    0.0    0.0 1080.0  126.0 |    0 2274 1080 2400 | NavigationBar0$_2578#89
03-08 15:13:48.894  1327  1327 D SurfaceFlinger:
03-08 15:13:48.895 26361 26361 D InputMethodManager: startInputInner - Id : 0
03-08 15:13:48.895 26361 26361 I InputMethodManager: startInputInner - mService.startInputOrWindowGainedFocus
03-08 15:13:48.896  2578  2578 D SamsungLightBarControlHelper: onStatusBarAppearanceChanged() -  sbModeChanged:false, statusBarMode:MODE_TRANSPARENT, barState:SHADE, isKeyguardShowing:false, navbarColorManagedByIme:false, stackAppearancesChanged:true, (AppearanceRegion{ bounds=[0,0][1080,2400]}, ), packageName:com.example.cmput301w24t33
03-08 15:13:48.897  2578  2578 D NavigationBar: onSystemBarAttributesChanged() -  displayId:0, appearance:0, packageName: com.example.cmput301w24t33, navbarColorManagedByIme:false
03-08 15:13:48.897  1472  2964 D InputMethodManagerService: mDesktopModeManager null!
03-08 15:13:48.897  1472  2964 V InputMethodManagerService: getDisplayIdOfInputMethodWindowToBeAdded: displayId=0
03-08 15:13:48.897  1472  3543 V WindowManager: Relayout hash=45118c8, pid=2578, syncId=-1: mAttrs={(0,0)(fillxfill) sim={adjust=pan} ty=APPLICATION_STARTING fmt=TRANSLUCENT wanim=0x1030309
03-08 15:13:48.897  1472  3543 V WindowManager:   fl=81030118
03-08 15:13:48.897  1472  3543 V WindowManager:   pfl=16000010
03-08 15:13:48.897  1472  3543 V WindowManager:   bhv=DEFAULT
03-08 15:13:48.897  1472  3543 V WindowManager:   fitSides= naviIconColor=0}
03-08 15:13:48.897  1472  2964 D InputMethodManagerService: isImeSwitcherDisabledPackage : false
03-08 15:13:48.897  2578  2578 D SamsungLightBarControlHelper: updateNavigation(White button) isLightBar:false, hasLightBarNavigationBarFlag:false, packageName:com.example.cmput301w24t33, DirectReplying:false, NavBarColorManagerdByIme:false, ForceDarkForScrim:false, QsCustomizing:false, PanelHasWhiteBg:true
03-08 15:13:48.898  1472  2964 D InputMethodManagerService: checkDisplayOfStartInputAndUpdateKeyboard: displayId=0, mFocusedDisplayId=0
03-08 15:13:48.898  1472  2964 D InputTransport: Input channel constructed: 'ClientS', fd=952
03-08 15:13:48.898  1472  2964 D InputTransport: Input channel destroyed: 'ClientS', fd=952
03-08 15:13:48.898  2578  2656 I ViewRootImpl@99d36d3[cmput301w24t33]: updateBlastSurfaceIfNeeded mBlastBufferQueue=0xb400007c52070b00 isSameSurfaceControl=true
03-08 15:13:48.898  2578  2656 I BLASTBufferQueue: update, w= 1080 h= 2400 mName = ViewRootImpl@99d36d3[cmput301w24t33] mNativeObject= 0xb400007c52070b00 sc.mNativeObject= 0xb400007c4d12ddc0 format= -3 caller= android.view.ViewRootImpl.updateBlastSurfaceIfNeeded:2898 android.view.ViewRootImpl.relayoutWindow:9847 android.view.ViewRootImpl.performTraversals:3884 android.view.ViewRootImpl.doTraversal:3116 android.view.ViewRootImpl$TraversalRunnable.run:10885 android.view.Choreographer$CallbackRecord.run:1301
03-08 15:13:48.898  2578  2656 I ViewRootImpl@99d36d3[cmput301w24t33]: Relayout returned: old=(0,0,1080,2400) new=(0,0,1080,2400) req=(1080,2400)0 dur=5 res=0x0 s={true 0xb400007c4d236800} ch=false seqId=0
03-08 15:13:48.899  2578  2711 I ViewRootImpl@99d36d3[cmput301w24t33]: mWNT: t=0xb400007c6640a100 mBlastBufferQueue=0xb400007c52070b00 fn= 2 caller= android.view.SyncRtSurfaceTransactionApplier.applyTransaction:96 android.view.SyncRtSurfaceTransactionApplier.lambda$scheduleApply$0$android-view-SyncRtSurfaceTransactionApplier:69 android.view.SyncRtSurfaceTransactionApplier$$ExternalSyntheticLambda0.onFrameDraw:4
03-08 15:13:48.899  2578  2578 D SamsungLightBarControlHelper: updateStatus(WHITE icon) NumStacks:1, StatusBarMode:MODE_TRANSPARENT, lightBarBounds:[], StatusBarState:SHADE, packageName:com.example.cmput301w24t33, isWhiteKeyguardStatusBarBySettings:true
03-08 15:13:48.899  2578  2711 I ViewRootImpl@99d36d3[cmput301w24t33]: mWNT: t=0xb400007c6640a200 mBlastBufferQueue=0xb400007c52070b00 fn= 2 caller= android.view.SyncRtSurfaceTransactionApplier.applyTransaction:96 android.view.SyncRtSurfaceTransactionApplier.lambda$scheduleApply$0$android-view-SyncRtSurfaceTransactionApplier:69 android.view.SyncRtSurfaceTransactionApplier$$ExternalSyntheticLambda0.onFrameDraw:4
03-08 15:13:48.901 12908 12908 I HBD     : HoneyBoardService onFinishInput
03-08 15:13:48.902 12908 12908 I HBD     : a IC have been unbinding,  RemoteInputConnection{idHash=#555043f}
03-08 15:13:48.902 12908 12908 I HBD     : HoneyBoardService [PF_CL][onFinishInput]  1 ms
03-08 15:13:48.902 12908 12908 I HBD     : HoneyBoardService [IMI] onStartInput - caller pid : 26361 , caller uid : 10451
03-08 15:13:48.902 12908 12908 I HBD     : j updateConfigs
03-08 15:13:48.902 12908 12908 I HBD     : j isEnabledNightMode : false
03-08 15:13:48.902 12908 12908 I HBD     : a IC have been binding, RemoteInputConnection{idHash=#438310c}
