03-08 15:13:40.394  1327  1327 I Layer   : id=35365 removedFromDrawingState Surface(name=Task=3066)/@0x4d1ea2b - animation-leash of app_transition#35365 (134)
03-08 15:13:40.394  1327  1327 I Layer   : id=35360 removedFromDrawingState Task=3066#35360 (134)
03-08 15:13:40.394  1327  1327 I Layer   : id=35361 removedFromDrawingState ActivityRecord{68828a4 u0 com.example.cmput301w24t33/.activities.Admin} t3066}#35361 (134)
03-08 15:13:40.394  1327  1327 I Layer   : id=35366 removedFromDrawingState 4023b37 ActivityRecordInputSink com.example.cmput301w24t33/.activities.Admin#35366 (134)
03-08 15:13:40.394  1327  1327 I Layer   : id=35367 removedFromDrawingState 18176f7 com.example.cmput301w24t33/com.example.cmput301w24t33.activities.AdminActivity#35367 (134)
03-08 15:13:40.394  1327  1327 I Layer   : id=35368 removedFromDrawingState com.example.cmput301w24t33/com.example.cmput301w24t33.activities.AdminActivity$_26361#35368 (134)
03-08 15:13:40.394  1327  1327 I Layer   : id=35362 removedFromDrawingState b6cc904 Splash Screen com.example.cmput301w24t33#35362 (134)
03-08 15:13:40.394  1327  1327 I Layer   : id=35363 removedFromDrawingState Splash Screen com.example.cmput301w24t33$_2578#35363 (134)
03-08 15:13:40.394  1327  1327 I Layer   : id=35360 addToCurrentState Task=3066#35360 (134)
03-08 15:13:40.394  1327  1327 I Layer   : id=35361 addToCurrentState ActivityRecord{68828a4 u0 com.example.cmput301w24t33/.activities.Admin} t3066}#35361 (134)
03-08 15:13:40.394  1327  1327 I Layer   : id=35366 addToCurrentState 4023b37 ActivityRecordInputSink com.example.cmput301w24t33/.activities.Admin#35366 (134)
03-08 15:13:40.394  1327  1327 I Layer   : id=35367 addToCurrentState 18176f7 com.example.cmput301w24t33/com.example.cmput301w24t33.activities.AdminActivity#35367 (134)
03-08 15:13:40.394  1327  1327 I Layer   : id=35368 addToCurrentState com.example.cmput301w24t33/com.example.cmput301w24t33.activities.AdminActivity$_26361#35368 (134)
03-08 15:13:40.394  1327  1327 I Layer   : id=35362 addToCurrentState b6cc904 Splash Screen com.example.cmput301w24t33#35362 (134)
03-08 15:13:40.394  1327  1327 I Layer   : id=35363 addToCurrentState Splash Screen com.example.cmput301w24t33$_2578#35363 (134)
03-08 15:13:40.394  1327  1327 I Layer   : Layer [com.sec.android.app.launcher/com.sec.android.app.launcher.activities.LauncherActivity$_3258#35351] hidden!! flag(1)
03-08 15:13:40.394  1257  1326 I HYPER-HAL: [ResourceManager.cpp]updateResource(): [CPUMinFreq] UpdateResource Request ID : 1107832    Value : 1324800
03-08 15:13:40.395  1327  1327 I SurfaceFlinger: id=35365 Removed Surface(name=Task=3066)/@0x4d1ea2b - animation-leash of app_transition#35365 (134)
03-08 15:13:40.395  1327  1327 I SurfaceFlinger: id=35364 Removed Surface(name=Task=1)/@0x464f238 - animation-leash of app_transition#35364 (134)
03-08 15:13:40.395  1257  1326 I HYPER-HAL: [RequestManager.cpp]acquire(): Acquired ID : 1109322  [1472 / 17]    HINT : AMS_ACT_LAZY    list :
03-08 15:13:40.395  1327  1327 I Layer   : id=35364 Destroyed Surface(name=Task=1)/@0x464f238 - animation-leash of app_transition#35364
03-08 15:13:40.395  1327  1327 I Layer   : id=35365 Destroyed Surface(name=Task=3066)/@0x4d1ea2b - animation-leash of app_transition#35365
03-08 15:13:40.395  1257  1326 I HYPER-HAL: [ResourceManager.cpp]removeResource(): [CPULittleMinFreq] RemoveResource Request ID : 1110813
03-08 15:13:40.397   679   679 W keymaster_tee: [WRN]begin req PARAMS: A32 B2 P64
03-08 15:13:40.397   603   603 I lmkd    : cached 2, sandbox(not0) 0
03-08 15:13:40.399  1257  1326 I HYPER-HAL: [ResourceManager.cpp]removeResource(): [CPUMinFreq] RemoveResource Request ID : 1110813
03-08 15:13:40.399  4938  4938 I AiAi    : onTrimMemory() with level 5
03-08 15:13:40.399  1257  1326 I HYPER-HAL: [RequestManager.cpp]releaseLocked(): Released ID : 1110813
03-08 15:13:40.400  1327  1327 D SurfaceFlinger: Display 4630947232161729153 HWC layers:
03-08 15:13:40.400  1327  1327 D SurfaceFlinger:      DEVICE | 0xb400007446149390 | 0100 | RGBA_8888    |    0.0    0.0 1080.0 2400.0 |    0    0 1080 2400 | Splash Screen com.example.cmput301w24t33$_2578#35363
03-08 15:13:40.400  1327  1327 D SurfaceFlinger:      DEVICE | 0xb400007446147a30 | 0100 | RGBA_8888    |    0.0    0.0 1080.0   91.0 |    0    0 1080   91 | StatusBar$_2578#95
03-08 15:13:40.400  1327  1327 D SurfaceFlinger:      DEVICE | 0xb400007446147bf0 | 0100 | RGBA_8888    |    0.0    0.0   67.0  515.0 |    0  301   67  816 | com.samsung.android.app.cocktailbars[...]rvice.CocktailBarService$_5242#35333
03-08 15:13:40.400  1327  1327 D SurfaceFlinger:      DEVICE | 0xb400007446149b70 | 0100 | RGBA_8888    |    0.0    0.0 1080.0  126.0 |    0 2274 1080 2400 | NavigationBar0$_2578#89
03-08 15:13:40.400  1327  1327 D SurfaceFlinger:
03-08 15:13:40.401   679   679 D keymaster_swd: keymaster_swd [WRN] (swd_run_cb:257) swd_begin() returns 0
03-08 15:13:40.402   603   603 I lmkd    : Reclaim 'com.samsung.android.authfw' (24964), uid 5278, oom_score_adj 975, state 19 to free 77920kB rss, 24296kb swap
03-08 15:13:40.402  1180  1180 I Zygote  : Process 26344 exited due to signal 9 (Killed)
03-08 15:13:40.402   603   603 I lmkd    : Reclaimed 102216kB at oom_score_adj 850
03-08 15:13:40.404   679   679 D keymaster_swd: keymaster_swd [WRN] (swd_run_cb:257) swd_update() returns 0
03-08 15:13:40.407  3258  3258 I ViewRootImpl@133027e[LauncherActivity]: performTraversals mFirst=false windowShouldResize=false viewVisibilityChanged=true mForceNextWindowRelayout=false params=null
03-08 15:13:40.412 23629 23629 W fbservices:InitStatus: Not blocking Service (133783087)
03-08 15:13:40.413   679   679 D keymaster_swd: keymaster_swd [WRN] (swd_run_cb:257) swd_finish() returns 0
03-08 15:13:40.414 26486 26486 I [PASS][SPASS]SPassApplication: checkDeviceId false
03-08 15:13:40.414 26486 26486 I [PASS][SPASS]FrameworkUtils: isInitialized : true
03-08 15:13:40.414 26486 26486 I [PASS][SPASS]PassFramework: ISU
03-08 15:13:40.415 26361 26459 W FileTestStorage: Output properties is not supported.
03-08 15:13:40.416 26361 26459 I Tracing : Tracer added: class androidx.test.platform.tracing.AndroidXTracer
03-08 15:13:40.419  1472  1876 W ziparchive: Unable to open '/data/app/~~W-ddUiX8JS3WzrZIN8mU0w==/com.example.cmput301w24t33-E7e2aXhTzEvn2QLsQTpRuw==/base.dm': No such file or directory
03-08 15:13:40.420  1472  3480 V WindowManager: Relayout Window{25ecb59 u0 com.sec.android.app.launcher/com.sec.android.app.launcher.activities.LauncherActivity}: viewVisibility=8 req=1080x2400 d0
03-08 15:13:40.422  1472  1876 I PkgPredictorService-SecIpmManagerServiceImpl: reportToNAP uid:10451 com.example.cmput301w24t33/com.example.cmput301w24t33.activities.AdminActivity thisTime:512
03-08 15:13:40.423 10149 10149 I dgdm    : onPause
03-08 15:13:40.423 26361 26459 D EventInjectionStrategy: Creating injection strategy with input manager.
03-08 15:13:40.424  1472  3480 V WindowManager: Relayout hash=25ecb59, pid=3258, syncId=-1: mAttrs={(0,0)(fillxfill) sim={adjust=nothing forwardNavigation} layoutInDisplayCutoutMode=shortEdges ty=BASE_APPLICATION fmt=TRANSPARENT wanim=0x10302f4
03-08 15:13:40.424  1472  3480 V WindowManager:   fl=81910100
03-08 15:13:40.424  1472  3480 V WindowManager:   pfl=1e020040
03-08 15:13:40.424  1472  3480 V WindowManager:   vsysui=1700
03-08 15:13:40.424  1472  3480 V WindowManager:   apr=LIGHT_STATUS_BARS LIGHT_NAVIGATION_BARS
03-08 15:13:40.424  1472  3480 V WindowManager:   bhv=SHOW_TRANSIENT_BARS_BY_SWIPE
03-08 15:13:40.424  1472  3480 V WindowManager:   fitSides= screenDimDuration=200000 naviIconColor=0}
03-08 15:13:40.423 26361 26459 W .cmput301w24t33: Accessing hidden method Landroid/hardware/input/InputManager;->getInstance()Landroid/hardware/input/InputManager; (unsupported, reflection, allowed)
03-08 15:13:40.425 26361 26459 W .cmput301w24t33: Accessing hidden method Landroid/hardware/input/InputManager;->injectInputEvent(Landroid/view/InputEvent;I)Z (unsupported, reflection, allowed)
03-08 15:13:40.425 26361 26459 W .cmput301w24t33: Accessing hidden field Landroid/hardware/input/InputManager;->INJECT_INPUT_EVENT_MODE_WAIT_FOR_FINISH:I (unsupported, reflection, allowed)
03-08 15:13:40.425   679   679 W keymaster_tee: [WRN]begin req PARAMS: A32 B2 P64
03-08 15:13:40.425  3258  3258 I ViewRootImpl@133027e[LauncherActivity]: Relayout returned: old=(0,0,1080,2400) new=(0,0,1080,2400) req=(1080,2400)8 dur=17 res=0x2 s={false 0x0} ch=true seqId=0
03-08 15:13:40.426  3258  3258 I ViewRootImpl@133027e[LauncherActivity]: stopped(true) old = false
03-08 15:13:40.426  3258  3258 I ViewRootImpl@133027e[LauncherActivity]: WindowStopped on com.sec.android.app.launcher/com.sec.android.app.launcher.activities.LauncherActivity set to true
03-08 15:13:40.426  3258  3258 I Launcher: !@Boot_DEBUG: Launcher.onStop()
03-08 15:13:40.426  3258  3258 I Launcher: !@Boot_EBS_D: Launcher.onStop()
03-08 15:13:40.426  3258  3258 I BaseActivity: removeActivityFlags, flags : 17
03-08 15:13:40.426  3258  3258 I StateManager: goToState isInState Normal
03-08 15:13:40.427  3258  3258 W LauncherAppWidgetHost: setShouldListenFlag, mFlags:7 flag:start on:false isFront:false
03-08 15:13:40.427  1472  5215 I AppWidgetServiceImpl: stopListening callbacks : null
03-08 15:13:40.427  1327  1327 I Layer   : Layer [com.example.cmput301w24t33/com.example.cmput301w24t33.activities.AdminActivity$_26361#35368] hidden!! flag(0)
03-08 15:13:40.427  3258  3258 W LauncherAppWidgetHost: stopListening, mFlags:2 isFront:false
03-08 15:13:40.427  3258  3258 W Launcher.NotificationListener: removeNotificationsChangedListener
03-08 15:13:40.427  3258  3258 I Launcher.NotificationListener: unregisterObserver, this is not notificationService!!
03-08 15:13:40.428  3258  3258 I BadgeCountUpdaterImpl: onNotificationsChangedDisConnected
03-08 15:13:40.428  3258  3627 I IMM_LC  : hsifw() - flag : 0
03-08 15:13:40.428  3258  3627 I IMM_LC  : hsifw() - mService.hideSoftInput
03-08 15:13:40.430  3258  3258 I DecorView: notifyKeepScreenOnChanged: keepScreenOn=false
03-08 15:13:40.431  1327  1327 D SurfaceFlinger: Display 4630947232161729153 HWC layers:
03-08 15:13:40.431  1327  1327 D SurfaceFlinger:      DEVICE | 0xb400007446149c50 | 0102 | RGBA_8888    |    0.0    0.0 1080.0 2400.0 |    0    0 1080 2400 | com.example.cmput301w24t33/com.examp[...]w24t33.activities.Admin$_26361#35368
03-08 15:13:40.431  1327  1327 D SurfaceFlinger:      DEVICE | 0xb400007446149390 | 0100 | RGBA_8888    |    0.0    0.0 1080.0 2400.0 |    0    0 1080 2400 | Splash Screen com.example.cmput301w24t33$_2578#35363
03-08 15:13:40.431  1327  1327 D SurfaceFlinger:      DEVICE | 0xb400007446147a30 | 0100 | RGBA_8888    |    0.0    0.0 1080.0   91.0 |    0    0 1080   91 | StatusBar$_2578#95
03-08 15:13:40.431  1327  1327 D SurfaceFlinger:      DEVICE | 0xb400007446147bf0 | 0100 | RGBA_8888    |    0.0    0.0   67.0  515.0 |    0  301   67  816 | com.samsung.android.app.cocktailbars[...]rvice.CocktailBarService$_5242#35333
03-08 15:13:40.431  1327  1327 D SurfaceFlinger:      DEVICE | 0xb400007446148210 | 0100 | RGBA_8888    |    0.0    0.0 1080.0  126.0 |    0 2274 1080 2400 | NavigationBar0$_2578#89
03-08 15:13:40.431  1327  1327 D SurfaceFlinger:
03-08 15:13:40.434  1327  3508 I SurfaceFlinger: id=35371 createSurf, flag=24000, Surface(name=18176f7 com.example.cmput301w24t33/com.example.cmput301w24t33.activities.AdminActivity)/@0x8f4f73 - animation-leash of starting_reveal#35371
03-08 15:13:40.436   679   679 D keymaster_swd: keymaster_swd [WRN] (swd_run_cb:257) swd_begin() returns 0
03-08 15:13:40.436  1472  3480 D InputDispatcher: Focus entered window (0): 18176f7 com.example.cmput301w24t33/com.example.cmput301w24t33.activities.AdminActivity
03-08 15:13:40.438  3258  3637 I LiveIconUpdateEventHandler: cancelMinuteChangeAlarm
03-08 15:13:40.439  3258  3637 I LiveIconUpdateEventHandler: cancelDateChangeAlarm
03-08 15:13:40.440 26361 26361 I ViewRootImpl@311210d[Admin]: MSG_WINDOW_FOCUS_CHANGED 1 0
03-08 15:13:40.442 26361 26361 I ViewRootImpl@311210d[Admin]: mThreadedRenderer.initializeIfNeeded()#2 mSurface={isValid=true 0xb400007c80202000}
03-08 15:13:40.443   679   679 D keymaster_swd: keymaster_swd [WRN] (swd_run_cb:257) swd_update() returns 0
03-08 15:13:40.443 26437 26437 I [WEATHER]SecAnalytics: {[C87F748D3E09D031296D0B45C9728D50B08E5E4A046F081532BA5EBC2665B5BD]}
03-08 15:13:40.443 26437 26437 I [WEATHER]StartPersistenceWork: {[85B742B6859B0A51E847EECEE54D7BBAE550F5111C0137B0DF63931E80F61A23]}
03-08 15:13:40.444  2578  2656 I ViewRootImpl@3225436[cmput301w24t33]: performTraversals params={(0,0)(fillxfill) sim={adjust=pan} ty=APPLICATION_STARTING fmt=TRANSLUCENT wanim=0x1030309
03-08 15:13:40.444  2578  2656 I ViewRootImpl@3225436[cmput301w24t33]:   fl=81030118
03-08 15:13:40.444  2578  2656 I ViewRootImpl@3225436[cmput301w24t33]:   pfl=16000010
03-08 15:13:40.444  2578  2656 I ViewRootImpl@3225436[cmput301w24t33]:   bhv=DEFAULT
03-08 15:13:40.444  2578  2656 I ViewRootImpl@3225436[cmput301w24t33]:   fitSides= naviIconColor=0}
03-08 15:13:40.445  2578  2656 I ViewRootImpl@3225436[cmput301w24t33]: performTraversals mFirst=false windowShouldResize=false viewVisibilityChanged=false mForceNextWindowRelayout=false params={(0,0)(fillxfill) sim={adjust=pan} ty=APPLICATION_STARTING fmt=TRANSLUCENT wanim=0x1030309
03-08 15:13:40.445  2578  2656 I ViewRootImpl@3225436[cmput301w24t33]:   fl=81030118
03-08 15:13:40.445  2578  2656 I ViewRootImpl@3225436[cmput301w24t33]:   pfl=16000010
03-08 15:13:40.445  2578  2656 I ViewRootImpl@3225436[cmput301w24t33]:   bhv=DEFAULT
03-08 15:13:40.445  2578  2656 I ViewRootImpl@3225436[cmput301w24t33]:   fitSides= naviIconColor=0}
03-08 15:13:40.445 26361 26361 D InputMethodManager: startInputInner - Id : 0
03-08 15:13:40.445 26361 26361 I InputMethodManager: startInputInner - mService.startInputOrWindowGainedFocus
03-08 15:13:40.448   679   679 D keymaster_swd: keymaster_swd [WRN] (swd_run_cb:257) swd_finish() returns 0
03-08 15:13:40.450  1472  3480 D InputMethodManagerService: mDesktopModeManager null!
03-08 15:13:40.450  1472  3480 V InputMethodManagerService: getDisplayIdOfInputMethodWindowToBeAdded: displayId=0
03-08 15:13:40.450  1472  3480 D InputTransport: Input channel constructed: 'ClientS', fd=982
03-08 15:13:40.450  1472  3480 D InputTransport: Input channel constructed: 'ClientS', fd=1018
03-08 15:13:40.451  1472  3480 D InputTransport: Input channel destroyed: 'ClientS', fd=1018
03-08 15:13:40.451 26554 26554 I m.brave.browser: Using CollectorTypeCC GC.
03-08 15:13:40.452  1472  1876 I ActivityTaskManager: Displayed com.example.cmput301w24t33/.activities.Admin: +512ms
03-08 15:13:40.454  1472  3335 V WindowManager: Relayout Window{b6cc904 u0 Splash Screen com.example.cmput301w24t33}: viewVisibility=0 req=1080x2400 d0
03-08 15:13:40.455  1472  3480 D InputMethodManagerService: isImeSwitcherDisabledPackage : false
03-08 15:13:40.456  3258  3258 I MSHandlerLifeCycle: removeMultiSplitHandler: no exist. decor=DecorView@159fe79[LauncherActivity]
03-08 15:13:40.456  3258  3258 I ViewRootImpl@133027e[LauncherActivity]: performTraversals params={(0,0)(fillxfill) sim={adjust=nothing} layoutInDisplayCutoutMode=shortEdges ty=BASE_APPLICATION fmt=TRANSPARENT wanim=0x10302f4
03-08 15:13:40.456  3258  3258 I ViewRootImpl@133027e[LauncherActivity]:   fl=81910100
03-08 15:13:40.456  3258  3258 I ViewRootImpl@133027e[LauncherActivity]:   pfl=1e020040
03-08 15:13:40.456  3258  3258 I ViewRootImpl@133027e[LauncherActivity]:   vsysui=1700
03-08 15:13:40.456  3258  3258 I ViewRootImpl@133027e[LauncherActivity]:   apr=LIGHT_STATUS_BARS LIGHT_NAVIGATION_BARS
03-08 15:13:40.456  3258  3258 I ViewRootImpl@133027e[LauncherActivity]:   bhv=SHOW_TRANSIENT_BARS_BY_SWIPE
03-08 15:13:40.456  3258  3258 I ViewRootImpl@133027e[LauncherActivity]:   fitSides= naviIconColor=0}
03-08 15:13:40.456  1472  3335 V WindowManager: Relayout hash=b6cc904, pid=2578, syncId=-1: mAttrs={(0,0)(fillxfill) sim={adjust=pan} ty=APPLICATION_STARTING fmt=TRANSLUCENT wanim=0x1030309
03-08 15:13:40.456  1472  3335 V WindowManager:   fl=81030118
03-08 15:13:40.456  1472  3335 V WindowManager:   pfl=16000010
03-08 15:13:40.456  1472  3335 V WindowManager:   bhv=DEFAULT
03-08 15:13:40.456  1472  3335 V WindowManager:   fitSides= naviIconColor=0}
03-08 15:13:40.457  3258  3258 I ViewRootImpl@133027e[LauncherActivity]: performTraversals mFirst=false windowShouldResize=false viewVisibilityChanged=false mForceNextWindowRelayout=false params={(0,0)(fillxfill) sim={adjust=nothing} layoutInDisplayCutoutMode=shortEdges ty=BASE_APPLICATION fmt=TRANSPARENT wanim=0x10302f4
03-08 15:13:40.457  3258  3258 I ViewRootImpl@133027e[LauncherActivity]:   fl=81910100
03-08 15:13:40.457  3258  3258 I ViewRootImpl@133027e[LauncherActivity]:   pfl=1e020040
03-08 15:13:40.457  3258  3258 I ViewRootImpl@133027e[LauncherActivity]:   vsysui=1700
03-08 15:13:40.457  3258  3258 I ViewRootImpl@133027e[LauncherActivity]:   apr=LIGHT_STATUS_BARS LIGHT_NAVIGATION_BARS
03-08 15:13:40.457  3258  3258 I ViewRootImpl@133027e[LauncherActivity]:   bhv=SHOW_TRANSIENT_BARS_BY_SWIPE
03-08 15:13:40.457  3258  3258 I ViewRootImpl@133027e[LauncherActivity]:   fitSides= naviIconColor=0}
03-08 15:13:40.457  2578  2578 D SamsungLightBarControlHelper: onStatusBarAppearanceChanged() -  sbModeChanged:false, statusBarMode:MODE_TRANSPARENT, barState:SHADE, isKeyguardShowing:false, navbarColorManagedByIme:false, stackAppearancesChanged:true, (AppearanceRegion{ bounds=[0,0][1080,2400]}, ), packageName:com.example.cmput301w24t33
03-08 15:13:40.457  1472  1504 V WindowManager: Relayout Window{25ecb59 u0 com.sec.android.app.launcher/com.sec.android.app.launcher.activities.LauncherActivity}: viewVisibility=8 req=1080x2400 d0
03-08 15:13:40.457  2578  2578 D NavigationBar: onSystemBarAttributesChanged() -  displayId:0, appearance:0, packageName: com.example.cmput301w24t33, navbarColorManagedByIme:false
03-08 15:13:40.457  2578  2656 I ViewRootImpl@3225436[cmput301w24t33]: updateBlastSurfaceIfNeeded mBlastBufferQueue=0xb400007ce2105680 isSameSurfaceControl=true
03-08 15:13:40.458  2578  2656 I BLASTBufferQueue: update, w= 1080 h= 2400 mName = ViewRootImpl@3225436[cmput301w24t33] mNativeObject= 0xb400007ce2105680 sc.mNativeObject= 0xb400007c52367600 format= -3 caller= android.view.ViewRootImpl.updateBlastSurfaceIfNeeded:2898 android.view.ViewRootImpl.relayoutWindow:9847 android.view.ViewRootImpl.performTraversals:3884 android.view.ViewRootImpl.doTraversal:3116 android.view.ViewRootImpl$TraversalRunnable.run:10885 android.view.Choreographer$CallbackRecord.run:1301
03-08 15:13:40.458   679   679 W keymaster_tee: [WRN]begin req PARAMS: A32 B2 P64
03-08 15:13:40.458  2578  2656 I ViewRootImpl@3225436[cmput301w24t33]: Relayout returned: old=(0,0,1080,2400) new=(0,0,1080,2400) req=(1080,2400)0 dur=12 res=0x0 s={true 0xb400007c4aa2a000} ch=false seqId=0
03-08 15:13:40.458  1472  3480 D InputMethodManagerService: checkDisplayOfStartInputAndUpdateKeyboard: displayId=0, mFocusedDisplayId=0
03-08 15:13:40.458  1472  3480 D InputTransport: Input channel constructed: 'ClientS', fd=886
03-08 15:13:40.458  2578  2578 D SamsungLightBarControlHelper: updateNavigation(White button) isLightBar:false, hasLightBarNavigationBarFlag:false, packageName:com.example.cmput301w24t33, DirectReplying:false, NavBarColorManagerdByIme:false, ForceDarkForScrim:false, QsCustomizing:false, PanelHasWhiteBg:true
03-08 15:13:40.459 12908 12908 I HBD     : HoneyBoardService onFinishInput
03-08 15:13:40.459 12908 12908 I HBD     : a IC have been unbinding,  RemoteInputConnection{idHash=#28d4d12}
03-08 15:13:40.459 12908 12908 I HBD     : HoneyBoardService [PF_CL][onFinishInput]  0 ms
03-08 15:13:40.459 12908 12908 I HBD     : HoneyBoardService [IMI] onStartInput - caller pid : 26361 , caller uid : 10451
03-08 15:13:40.459  1472  1504 V WindowManager: Relayout hash=25ecb59, pid=3258, syncId=-1: mAttrs={(0,0)(fillxfill) sim={adjust=nothing} layoutInDisplayCutoutMode=shortEdges ty=BASE_APPLICATION fmt=TRANSPARENT wanim=0x10302f4
03-08 15:13:40.459  1472  1504 V WindowManager:   fl=81910100
03-08 15:13:40.459  1472  1504 V WindowManager:   pfl=1e020040
03-08 15:13:40.459  1472  1504 V WindowManager:   vsysui=1700
03-08 15:13:40.459  1472  1504 V WindowManager:   apr=LIGHT_STATUS_BARS LIGHT_NAVIGATION_BARS
03-08 15:13:40.459  1472  1504 V WindowManager:   bhv=SHOW_TRANSIENT_BARS_BY_SWIPE
03-08 15:13:40.459  1472  1504 V WindowManager:   fitSides= naviIconColor=0}
03-08 15:13:40.459 12908 12908 I HBD     : j updateConfigs
03-08 15:13:40.459  1472  3480 D InputTransport: Input channel destroyed: 'ClientS', fd=886
03-08 15:13:40.459 12908 12908 I HBD     : j isEnabledNightMode : false
03-08 15:13:40.459 12908 12908 I HBD     : a IC have been binding, RemoteInputConnection{idHash=#99186e0}
03-08 15:13:40.459 12908 12908 I HBD     : h [EditorInputType]setPrivateImeOptionsToTable privateImeOptions ( null )
03-08 15:13:40.459 12908 12908 I HBD     : b incognitoMode : false
03-08 15:13:40.459 12908 12908 I HBD     : b needOff = true , isForceOff = false, isNullInputClass : true
03-08 15:13:40.459  2578  2712 I ViewRootImpl@3225436[cmput301w24t33]: mWNT: t=0xb400007c8210bf00 mBlastBufferQueue=0xb400007ce2105680 fn= 2 caller= android.view.SyncRtSurfaceTransactionApplier.applyTransaction:96 android.view.SyncRtSurfaceTransactionApplier.lambda$scheduleApply$0$android-view-SyncRtSurfaceTransactionApplier:69 android.view.SyncRtSurfaceTransactionApplier$$ExternalSyntheticLambda0.onFrameDraw:4
03-08 15:13:40.459 12908 12908 I HBD     : h getDefaultInputRange : UNKNOWN
03-08 15:13:40.459 12908 12908 I HBD     : h getDefaultInputRange : UNKNOWN
03-08 15:13:40.459 12908 12908 I HBD     : h getDefaultInputRange : UNKNOWN
03-08 15:13:40.459  2578  2712 I ViewRootImpl@3225436[cmput301w24t33]: mWNT: t=0xb400007c8211c600 mBlastBufferQueue=0xb400007ce2105680 fn= 2 caller= android.view.SyncRtSurfaceTransactionApplier.applyTransaction:96 android.view.SyncRtSurfaceTransactionApplier.lambda$scheduleApply$0$android-view-SyncRtSurfaceTransactionApplier:69 android.view.SyncRtSurfaceTransactionApplier$$ExternalSyntheticLambda0.onFrameDraw:4
03-08 15:13:40.460  3258  3258 I ViewRootImpl@133027e[LauncherActivity]: Relayout returned: old=(0,0,1080,2400) new=(0,0,1080,2400) req=(1080,2400)8 dur=3 res=0x2 s={false 0x0} ch=false seqId=0
03-08 15:13:40.461 12908 12908 I HBD     : b needOff = true , isForceOff = false, isNullInputClass : true
03-08 15:13:40.461 12908 12908 I HBD     : b update cached prediction status : false
03-08 15:13:40.461 12908 12908 I HBD     : h getDefaultInputRange : UNKNOWN
03-08 15:13:40.461 12908 12908 I HBD     : a currentState : 0
03-08 15:13:40.461 12908 12908 I HBD     : a [UpdatePolicy] [post] a: 0 cl: 65537 kit: [0/0] vt: 0 ir: 1
03-08 15:13:40.461 12908 12908 I HBD     : a [NRIC] resetNoResponseState
03-08 15:13:40.461 12908 12908 I HBD     : b needOff = true , isForceOff = false, isNullInputClass : true
03-08 15:13:40.461 12908 12908 I HBD     : b update cached prediction status : false
03-08 15:13:40.462 12908 12908 I HBD     : HoneyBoardService [PF_OP][onStartInput]  3 ms
03-08 15:13:40.464  2578  2711 I ViewRootImpl@3225436[cmput301w24t33]: mWNT: t=0xb400007c8211cd00 mBlastBufferQueue=0xb400007ce2105680 fn= 3 caller= android.view.SyncRtSurfaceTransactionApplier.applyTransaction:96 android.view.SyncRtSurfaceTransactionApplier.lambda$scheduleApply$0$android-view-SyncRtSurfaceTransactionApplier:69 android.view.SyncRtSurfaceTransactionApplier$$ExternalSyntheticLambda0.onFrameDraw:4
03-08 15:13:40.465   679   679 D keymaster_swd: keymaster_swd [WRN] (swd_run_cb:257) swd_begin() returns 0
03-08 15:13:40.466  1327  1413 I SurfaceFlinger: id=35372 createSurf, flag=24004, Surface(name=a2c6971 InputMethod)/@0x3034fd7 - animation-leash of insets_animation#35372
03-08 15:13:40.466  2578  2578 D SamsungLightBarControlHelper: updateStatus(WHITE icon) NumStacks:1, StatusBarMode:MODE_TRANSPARENT, lightBarBounds:[], StatusBarState:SHADE, packageName:com.example.cmput301w24t33, isWhiteKeyguardStatusBarBySettings:true
03-08 15:13:40.469 26361 26361 D InputMethodManager: startInputInner - Id : 0
03-08 15:13:40.470 26554 26554 E m.brave.browser: Not starting debugger since process cannot load the jdwp agent.
03-08 15:13:40.474  1472  3335 D InputMethodManagerService: isImeSwitcherDisabledPackage : false
03-08 15:13:40.474   679   679 D keymaster_swd: keymaster_swd [WRN] (swd_run_cb:257) swd_update() returns 0
03-08 15:13:40.474  2578  2578 I ViewRootImpl@1c1cd0e[NotificationShade]: performTraversals mFirst=false windowShouldResize=false viewVisibilityChanged=false mForceNextWindowRelayout=false params={(0,0)(fillxfill) gr=TOP CENTER_VERTICAL sim={adjust=resize} layoutInDisplayCutoutMode=always ty=NOTIFICATION_SHADE fmt=TRANSLUCENT
03-08 15:13:40.474  2578  2578 I ViewRootImpl@1c1cd0e[NotificationShade]:   fl=81840048
03-08 15:13:40.474  2578  2578 I ViewRootImpl@1c1cd0e[NotificationShade]:   pfl=1b000000
03-08 15:13:40.474  2578  2578 I ViewRootImpl@1c1cd0e[NotificationShade]:   bhv=SHOW_TRANSIENT_BARS_BY_SWIPE naviIconColor=0
03-08 15:13:40.474  2578  2578 I ViewRootImpl@1c1cd0e[NotificationShade]:   sfl=60000}
03-08 15:13:40.475 12908 12908 I InputMethodService: removeImeSurface
03-08 15:13:40.475  1472  1504 V WindowManager: Relayout Window{85bfa35 u0 NotificationShade}: viewVisibility=4 req=1080x2400 d0
03-08 15:13:40.476 12908 12908 I MSHandlerLifeCycle: check: return. pkg=com.samsung.android.honeyboard isActivity=false callers=com.android.internal.policy.DecorView.setVisibility:4412 android.app.Dialog.hide:767 android.inputmethodservice.InputMethodService.removeImeSurface:1290 android.inputmethodservice.InputMethodService.scheduleImeSurfaceRemoval:1279 android.inputmethodservice.InputMethodService.-$$Nest$mscheduleImeSurfaceRemoval:0
03-08 15:13:40.476 12908 12908 I MSHandlerLifeCycle: removeMultiSplitHandler: no exist. decor=DecorView@df736f9[InputMethod]
03-08 15:13:40.477  1472  1504 V WindowManager: Relayout hash=85bfa35, pid=2578, syncId=-1: mAttrs={(0,0)(fillxfill) gr=TOP CENTER_VERTICAL sim={adjust=resize} layoutInDisplayCutoutMode=always ty=NOTIFICATION_SHADE fmt=TRANSLUCENT
03-08 15:13:40.477  1472  1504 V WindowManager:   fl=81840048
03-08 15:13:40.477  1472  1504 V WindowManager:   pfl=1b000000
03-08 15:13:40.477  1472  1504 V WindowManager:   bhv=SHOW_TRANSIENT_BARS_BY_SWIPE naviIconColor=0
03-08 15:13:40.477  1472  1504 V WindowManager:   sfl=60000}
03-08 15:13:40.478  2578  2578 I ViewRootImpl@1c1cd0e[NotificationShade]: Relayout returned: old=(0,0,1080,2400) new=(0,0,1080,2400) req=(1080,2400)4 dur=3 res=0x0 s={false 0x0} ch=false seqId=0
03-08 15:13:40.478  1327  1327 I Layer   : id=35351 removedFromDrawingState com.sec.android.app.launcher/com.sec.android.app.launcher.activities.LauncherActivity$_3258#35351 (134)
03-08 15:13:40.479  1327  1327 I Layer   : id=35358 removedFromDrawingState Surface(name=a2c6971 InputMethod)/@0x3034fd7 - animation-leash of insets_animation#35358 (134)
03-08 15:13:40.479  2578  2712 I ViewRootImpl@3225436[cmput301w24t33]: mWNT: t=0xb400007c8211c700 mBlastBufferQueue=0xb400007ce2105680 fn= 4 caller= android.view.SyncRtSurfaceTransactionApplier.applyTransaction:96 android.view.SyncRtSurfaceTransactionApplier.lambda$scheduleApply$0$android-view-SyncRtSurfaceTransactionApplier:69 android.view.SyncRtSurfaceTransactionApplier$$ExternalSyntheticLambda0.onFrameDraw:4
03-08 15:13:40.479  1327  1327 I SurfaceFlinger: id=35358 Removed Surface(name=a2c6971 InputMethod)/@0x3034fd7 - animation-leash of insets_animation#35358 (134)
03-08 15:13:40.479  1327  1327 I SurfaceFlinger: id=35351 Removed com.sec.android.app.launcher/com.sec.android.app.launcher.activities.LauncherActivity$_3258#35351 (134)
03-08 15:13:40.480   679   679 D keymaster_swd: keymaster_swd [WRN] (swd_run_cb:257) swd_finish() returns 0
03-08 15:13:40.480  1327  1327 I Layer   : id=35351 Destroyed com.sec.android.app.launcher/com.sec.android.app.launcher.activities.LauncherActivity$_3258#35351
03-08 15:13:40.480  1327  1327 I Layer   : id=35358 Destroyed Surface(name=a2c6971 InputMethod)/@0x3034fd7 - animation-leash of insets_animation#35358
03-08 15:13:40.483 26361 26459 W .cmput301w24t33: Accessing hidden method Landroid/view/ViewConfiguration;->getDoubleTapMinTime()I (unsupported, reflection, allowed)
03-08 15:13:40.485  2578  2578 I FaceWidgetPositionAlgorithm: getClockContainerHeight() supplier = 227, bottom margin = 0, real height = 290
03-08 15:13:40.485  2578  2578 I ClockInfoManager: isClockFaceType: type = 9 clockFaceType = 0
03-08 15:13:40.485  2578  2578 D FaceWidgetPositionAlgorithm: getTopMargin scale = 0.8408237, clockContainerHeight = 227, scaleMarginY = 21
03-08 15:13:40.485  2578  2578 I FaceWidgetPositionAlgorithm: getClockContainerHeight() supplier = 227, bottom margin = 63, real height = 290
03-08 15:13:40.485  2578  2578 I FaceWidgetPositionAlgorithm: getMediaContainerHeight() height = 456 container Visibility = 8, isValid = true, mIsDozing = false, fraction = 1.0, source = 0, target = 0
03-08 15:13:40.485  2578  2578 I FaceWidgetPositionAlgorithm: getMediaContainerHeight() supplier = 456
03-08 15:13:40.486   679   679 W keymaster_tee: [WRN]begin req PARAMS: A32 B2 P64
03-08 15:13:40.491 26437 26437 I [WEATHER]RestoreAutoRefresh: {[3D9E0655162E9D283348CE35F2ECDAEAF622451BE3DDE69A6AC2764A011D1C6101DEFA1863529A7F45C0C8D5718FEC76]}
03-08 15:13:40.493   679   679 D keymaster_swd: keymaster_swd [WRN] (swd_run_cb:257) swd_begin() returns 0
03-08 15:13:40.496   679   679 D keymaster_swd: keymaster_swd [WRN] (swd_run_cb:257) swd_update() returns 0
03-08 15:13:40.496 26361 26361 W .cmput301w24t33: Accessing hidden method Landroid/os/MessageQueue;->next()Landroid/os/Message; (unsupported, reflection, allowed)
03-08 15:13:40.496 26361 26361 W .cmput301w24t33: Accessing hidden field Landroid/os/MessageQueue;->mMessages:Landroid/os/Message; (unsupported, reflection, allowed)
03-08 15:13:40.496 26361 26361 W .cmput301w24t33: Accessing hidden method Landroid/os/Message;->recycleUnchecked()V (unsupported, reflection, allowed)
03-08 15:13:40.497 26554 26554 D ActivityThread: setConscryptValidator
03-08 15:13:40.497 26554 26554 D ActivityThread: setConscryptValidator - put
03-08 15:13:40.497 26437 26437 I [WEATHER]RestoreAutoRefresh: {[3D9E0655162E9D283348CE35F2ECDAEAF622451BE3DDE69A6AC2764A011D1C614AEFD66083E9C26E989FB3D41AA35BF0573E7C5E1EAB3522CAD510AAF35405A1A9E55454346E44486CC8DCAFDCE96576623869DCF01F3FAE4E1DA0E3D1B67430]}
03-08 15:13:40.500 26361 26361 W .cmput301w24t33: Accessing hidden method Landroid/view/WindowManagerGlobal;->getInstance()Landroid/view/WindowManagerGlobal; (unsupported, reflection, allowed)
03-08 15:13:40.500   603   603 I lmkd    : cached 2, sandbox(not0) 0
03-08 15:13:40.500 26361 26361 W .cmput301w24t33: Accessing hidden field Landroid/view/WindowManagerGlobal;->mViews:Ljava/util/ArrayList; (unsupported, reflection, allowed)
03-08 15:13:40.500 26361 26361 W .cmput301w24t33: Accessing hidden field Landroid/view/WindowManagerGlobal;->mParams:Ljava/util/ArrayList; (unsupported, reflection, allowed)
03-08 15:13:40.501   603   603 I lmkd    : Reclaim 'com.samsung.android.mdx' (25861), uid 10089, oom_score_adj 965, state 19 to free 81352kB rss, 24800kb swap
03-08 15:13:40.502   603   603 I lmkd    : Reclaimed 106152kB at oom_score_adj 850
03-08 15:13:40.502 26437 26437 I [WEATHER]RefreshSchedulerImpl: {[3D9E0655162E9D283348CE35F2ECDAEA9F3655DB299128963EF7A822A65D7BBEA33A8CE0AC11CC22C0F03B0C4E99CB7249538B88594820F70EDC5774041CB5C16ADCF96DF8E4D29B43243E6701FD336D]}
03-08 15:13:40.502 26437 26437 I [WEATHER]RefreshSchedulerImpl: {[3D9E0655162E9D283348CE35F2ECDAEABDB7D536AE4DF6F1F1EA7E7D41912166BF33669CB0C4636EC6F3A06997C294BEB1337D1FA89892897479E3E3C0FF7C816672FE5E117C6A5FED0EB6BE9EC4CBA0]}
03-08 15:13:40.503 26437 26437 I [WEATHER]RefreshSchedulerImpl: {[3D9E0655162E9D283348CE35F2ECDAEAD166ED69BE70E76B71021181F727A56D615056388A6182743CB3CD1C02BD67F1871B7B661F1309A0F36F5CEEFE24EA5407C40D600C5068BB5EA16778AB2BAE0A]}
03-08 15:13:40.503 26437 26437 I [WEATHER]RefreshSchedulerImpl: {[3D9E0655162E9D283348CE35F2ECDAEA9A9BDF2F584CC397C743B48A86C22EAC]}
03-08 15:13:40.503 26361 26361 I ViewInteraction: Performing 'single click' action on view view.getId() is <2131230949/com.example.cmput301w24t33:id/event_arrow_button>
03-08 15:13:40.506   679   679 D keymaster_swd: keymaster_swd [WRN] (swd_run_cb:257) swd_finish() returns 0
03-08 15:13:40.512  2578  2664 D OpenGLRenderer: setSurface called with nullptr
03-08 15:13:40.512  2578  2664 D OpenGLRenderer: setSurface() destroyed EGLSurface
03-08 15:13:40.512  2578  2664 D OpenGLRenderer: destroyEglSurface
03-08 15:13:40.514   604   614 I servicemanager: 'com.samsung.android.pass.IPassService' died
03-08 15:13:40.514  1472  2020 I libprocessgroup: Successfully killed process cgroup uid 5278 pid 24964 in 0ms
03-08 15:13:40.517 25767 25767 I SCS@AiSearch user 0: (SearchProvider) onTrimMemory(): 80
03-08 15:13:40.518  2578  2656 I ViewRootImpl@3225436[cmput301w24t33]: performTraversals params={(0,0)(fillxfill) sim={adjust=pan} ty=APPLICATION_STARTING fmt=TRANSLUCENT wanim=0x1030309 alpha=0.0
03-08 15:13:40.518  2578  2656 I ViewRootImpl@3225436[cmput301w24t33]:   fl=81030118
03-08 15:13:40.518  2578  2656 I ViewRootImpl@3225436[cmput301w24t33]:   pfl=16000010
03-08 15:13:40.518  2578  2656 I ViewRootImpl@3225436[cmput301w24t33]:   bhv=DEFAULT
03-08 15:13:40.518  2578  2656 I ViewRootImpl@3225436[cmput301w24t33]:   fitSides= naviIconColor=0}
03-08 15:13:40.518  2578  2656 I ViewRootImpl@3225436[cmput301w24t33]: performTraversals mFirst=false windowShouldResize=false viewVisibilityChanged=true mForceNextWindowRelayout=false params={(0,0)(fillxfill) sim={adjust=pan} ty=APPLICATION_STARTING fmt=TRANSLUCENT wanim=0x1030309 alpha=0.0
03-08 15:13:40.518  2578  2656 I ViewRootImpl@3225436[cmput301w24t33]:   fl=81030118
03-08 15:13:40.518  2578  2656 I ViewRootImpl@3225436[cmput301w24t33]:   pfl=16000010
03-08 15:13:40.518  2578  2656 I ViewRootImpl@3225436[cmput301w24t33]:   bhv=DEFAULT
03-08 15:13:40.518  2578  2656 I ViewRootImpl@3225436[cmput301w24t33]:   fitSides= naviIconColor=0}
03-08 15:13:40.520 26554 26554 D CompatibilityChangeReporter: Compat change id reported: 171979766; UID 10423; state: ENABLED
03-08 15:13:40.520 21632 21632 I Finsky  : [2] uuk.onTrimMemory(13): Memory trim requested to level 60
03-08 15:13:40.520 21632 21632 I Finsky  : [2] uuj.accept(93): Flushing in-memory image cache
03-08 15:13:40.521  1472  3335 V WindowManager: Relayout Window{b6cc904 u0 Splash Screen com.example.cmput301w24t33}: viewVisibility=8 req=1080x2400 d0
03-08 15:13:40.523  1472  5215 D InputDispatcher: Inject motion (26361/10451): action=0x0, time=154412755000000, f=0x0, d=0 dsdx=1.000000 dtdx=0.000000
03-08 15:13:40.524  1472  2259 W InputDispatcher: obscured by b6cc904 Splash
03-08 15:13:40.524  1472  2259 I InputDispatcher: Delivering touch to (2578): action: 0x4, f=0x0, d=0, '296f76f', t=0
03-08 15:13:40.524  1472  2259 I InputDispatcher: Delivering touch to (26361): action: 0x0, f=0x1, d=0, '18176f7', t=0
03-08 15:13:40.525  1251  1251 E android.hardware.health@2.1-service-samsung: Could not open /sys/class/power_supply/battery/lrp
03-08 15:13:40.528  1327  1327 I Layer   : Layer [Splash Screen com.example.cmput301w24t33$_2578#35363] hidden!! flag(1)
03-08 15:13:40.528  1472  2247 D MotionRecognitionService: [SAR]  onReceive : ACTION_BATTERY_CHANGED, Plugged: 2
03-08 15:13:40.529  2559  2559 D SemBigDataInfoController: Intent: android.intent.action.BATTERY_CHANGED
03-08 15:13:40.531 26486 26486 I [PASS][SPASS]FrameworkUtils: isSignedUp - true
03-08 15:13:40.531  1327  1327 D SurfaceFlinger: Display 4630947232161729153 HWC layers:
03-08 15:13:40.531  1327  1327 D SurfaceFlinger:      DEVICE | 0xb400007446149c50 | 0102 | RGBA_8888    |    0.0    0.0 1080.0 2400.0 |    0    0 1080 2400 | com.example.cmput301w24t33/com.examp[...]w24t33.activities.Admin$_26361#35368
03-08 15:13:40.531  1327  1327 D SurfaceFlinger:      DEVICE | 0xb400007446147a30 | 0100 | RGBA_8888    |    0.0    0.0 1080.0   91.0 |    0    0 1080   91 | StatusBar$_2578#95
03-08 15:13:40.531  1327  1327 D SurfaceFlinger:      DEVICE | 0xb400007446147bf0 | 0100 | RGBA_8888    |    0.0    0.0   67.0  515.0 |    0  301   67  816 | com.samsung.android.app.cocktailbars[...]rvice.CocktailBarService$_5242#35333
03-08 15:13:40.531  1327  1327 D SurfaceFlinger:      DEVICE | 0xb400007446148210 | 0100 | RGBA_8888    |    0.0    0.0 1080.0  126.0 |    0 2274 1080 2400 | NavigationBar0$_2578#89
03-08 15:13:40.531  1327  1327 D SurfaceFlinger:
03-08 15:13:40.532 26361 26361 I ViewRootImpl@311210d[Admin]: ViewPostIme pointer 0
03-08 15:13:40.532  1472  1472 E PocketModeEvent: PocketModeSetting is off
03-08 15:13:40.532  1472  1472 D PhoneWindowManagerExt: ACTION_BATTERY_CHANGED - Level=90, status=2
03-08 15:13:40.533  1472  1472 D SemWifiApBroadcastReceiver: Received : android.intent.action.BATTERY_CHANGED
03-08 15:13:40.535  1472  3335 V WindowManager: Relayout hash=b6cc904, pid=2578, syncId=-1: mAttrs={(0,0)(fillxfill) sim={adjust=pan} ty=APPLICATION_STARTING fmt=TRANSLUCENT wanim=0x1030309 alpha=0.0
03-08 15:13:40.535  1472  3335 V WindowManager:   fl=81030118
03-08 15:13:40.535  1472  3335 V WindowManager:   pfl=16000010
03-08 15:13:40.535  1472  3335 V WindowManager:   bhv=DEFAULT
03-08 15:13:40.535  1472  3335 V WindowManager:   fitSides= naviIconColor=0}
03-08 15:13:40.536  1472  1877 I GestureDetector: obtain mCurrentDownEvent. id: -166704390 caller: com.android.server.wm.SystemGesturesPointerEventListener.onPointerEvent:203 com.android.server.wm.PointerEventDispatcher.onInputEvent:53 android.view.InputEventReceiver.dispatchInputEvent:285
03-08 15:13:40.537  1180  1180 I Zygote  : Process 24964 exited due to signal 9 (Killed)
03-08 15:13:40.537  1472  1877 I GestureDetector: obtain mCurrentDownEvent. id: -166704390 caller: com.android.server.wm.SystemPerformancePointerEventListener.onPointerEvent:89 com.android.server.wm.PointerEventDispatcher.onInputEvent:53 android.view.InputEventReceiver.dispatchInputEvent:285
03-08 15:13:40.539  2578  2656 I ViewRootImpl@3225436[cmput301w24t33]: Relayout returned: old=(0,0,1080,2400) new=(0,0,1080,2400) req=(1080,2400)8 dur=20 res=0x2 s={false 0x0} ch=true seqId=0
03-08 15:13:40.539  2578  2656 I ViewRootImpl@3225436[cmput301w24t33]: dispatchDetachedFromWindow
03-08 15:13:40.540  1472  5017 D InputTransport: Input channel destroyed: 'b6cc904', fd=902
03-08 15:13:40.540  1472  5017 W InputManager-JNI: Input channel object 'b6cc904 Splash Screen com.example.cmput301w24t33 (client)' was disposed without first being removed with the input manager!
03-08 15:13:40.540  1472  5017 D InputTransport: Input channel destroyed: 'b6cc904', fd=938
03-08 15:13:40.543  2578  2656 D InputTransport: Input channel destroyed: 'b6cc904', fd=305
03-08 15:13:40.544 26554 26554 D nativeloader: Configuring clns-4 for other apk /data/app/~~UnVQJefbMBJhtsnL3j7xrQ==/com.brave.browser-PnHgPB-Y5hHmZU45T0KiUw==/base.apk. target_sdk_version=34, uses_libraries=, library_path=/data/app/~~UnVQJefbMBJhtsnL3j7xrQ==/com.brave.browser-PnHgPB-Y5hHmZU45T0KiUw==/lib/arm64:/data/app/~~UnVQJefbMBJhtsnL3j7xrQ==/com.brave.browser-PnHgPB-Y5hHmZU45T0KiUw==/base.apk!/lib/arm64-v8a, permitted_path=/data:/mnt/expand:/data/user/0/com.brave.browser
03-08 15:13:40.545  1327  1327 I Layer   : id=35362 removedFromDrawingState b6cc904 Splash Screen com.example.cmput301w24t33#35362 (132)
03-08 15:13:40.545  1327  1327 I Layer   : id=35363 removedFromDrawingState Splash Screen com.example.cmput301w24t33$_2578#35363 (132)
03-08 15:13:40.545  1327  1327 I Layer   : id=35371 removedFromDrawingState Surface(name=18176f7 com.example.cmput301w24t33/com.example.cmput301w24t33.activities.AdminActivity)/@0x8f4f73 - animation-leash of starting_reveal#35371 (132)
03-08 15:13:40.545  1327  1327 I Layer   : id=35363 removedFromDrawingState Splash Screen com.example.cmput301w24t33$_2578#35363 (132)
03-08 15:13:40.545  1327  1327 I SurfaceFlinger: id=35362 Removed b6cc904 Splash Screen com.example.cmput301w24t33#35362 (132)
03-08 15:13:40.545  1327  1327 I SurfaceFlinger: id=35363 Removed Splash Screen com.example.cmput301w24t33$_2578#35363 (132)
03-08 15:13:40.545  1537  2654 I CameraService: onUidStateChanged: uid=10052, procState is changed. (1 -> 0)
03-08 15:13:40.545  1327  1327 I Layer   : id=35362 Destroyed b6cc904 Splash Screen com.example.cmput301w24t33#35362
03-08 15:13:40.546  1327  1327 I Layer   : id=35363 Destroyed Splash Screen com.example.cmput301w24t33$_2578#35363
03-08 15:13:40.547  1472  3480 D InputDispatcher: Inject motion (26361/10451): action=0x1, time=154412795000000, f=0x0, d=0 dsdx=1.000000 dtdx=0.000000
03-08 15:13:40.548  1472  2259 I InputDispatcher: Delivering touch to (26361): action: 0x1, f=0x1, d=0, '18176f7', t=0
03-08 15:13:40.550  1472  1877 I GestureDetector: obtain mCurrentMotionEventRaw. action: 1 id: -6374567
03-08 15:13:40.550  1472  1877 I GestureDetector: obtain mCurrentMotionEventRaw. action: 1 id: -6374567
03-08 15:13:40.550 26361 26361 I ViewRootImpl@311210d[Admin]: ViewPostIme pointer 1
03-08 15:13:40.552  2578  2578 D NavigationBar: onSystemBarAttributesChanged() -  displayId:0, appearance:16, packageName: com.example.cmput301w24t33 (APPEARANCE_LIGHT_NAVIGATION_BARS ), navbarColorManagedByIme:false
03-08 15:13:40.553  2578  2578 D SamsungLightBarControlHelper: updateNavigation(Black button) isLightBar:false, hasLightBarNavigationBarFlag:true, packageName:com.example.cmput301w24t33, DirectReplying:false, NavBarColorManagerdByIme:false, ForceDarkForScrim:false, QsCustomizing:false, PanelHasWhiteBg:true
03-08 15:13:40.553  2578  2578 D KeyguardUpdateMonitor: received broadcast android.intent.action.BATTERY_CHANGED
03-08 15:13:40.553  2578  2578 I PowerUI : mBootCompleted = true |  mFullyConnected = true
03-08 15:13:40.553  2578  2578 W PowerUI : Plug reason
03-08 15:13:40.553  2578  2578 W PowerUI : Skip charging animation - by plug status
03-08 15:13:40.553  2578  2578 D PowerUI : priorPlugType = 2 mPlugType = 2 priorBatteryStatus = 2 mBatteryStatus = 2
03-08 15:13:40.553  2578  2578 W PowerUI : Plug reason
03-08 15:13:40.553  2578  2578 W PowerUI : Skip charging sound - by plug status
03-08 15:13:40.553  2578  2578 I PowerUI : oldMisalign : false, curMisalign : false
03-08 15:13:40.553  2578  4429 D SecPowerUI.Notification: dismissing low battery warning: level=90
03-08 15:13:40.553  2578  4429 D SecPowerUI.Notification: updateNotification mWarning=false mPlaySound=false
03-08 15:13:40.553  2578  4429 D SecPowerUI.Notification: SecBatteryStatsSnapshot{batteryLevel=90, currentBatteryMode=1, chargingTime=1330000, chargingType=11, batteryHealth=2, automaticTestMode=false, isHiccupState=false}
03-08 15:13:40.554  2578  2578 D SecPowerUI.Notification: showChargingNotice oldChargingType : 11 / currentChargingType : 11, oldChargingTime : 1330000 / mChargingTime : 1315000
03-08 15:13:40.554  2578  2578 D SecPowerUI.Notification: showChargingNotification()
03-08 15:13:40.554  2578  2578 D SecPowerUI.Notification: SecBatteryStatsSnapshot{batteryLevel=90, currentBatteryMode=1, chargingTime=1315000, chargingType=11, batteryHealth=2, automaticTestMode=false, isHiccupState=false}
03-08 15:13:40.555  2578  4429 D SecPowerUI.Notification: 1. restoreScreenTimeOut - saved_value : :
03-08 15:13:40.555  2578  4429 E SecPowerUI.Notification: no saved value, so we do nothing !!
03-08 15:13:40.556  1472  3335 D ApplicationPolicy: isStatusBarNotificationAllowedAsUser: packageName = com.android.systemui,userId = 0
03-08 15:13:40.556  1472  3335 D ApplicationPolicy: isStatusBarNotificationAllowedAsUser: packageName = com.android.systemui,userId = -1
03-08 15:13:40.556  1472  3335 D ApplicationPolicy: isStatusBarNotificationAllowedAsUser: converting userId from USER_ALLto 0
03-08 15:13:40.558  2578  2578 D PowerUI : Battery swelling mode - priorBatterySwellingMode = 0 mBatterySwellingMode = 0 mBatteryStatus = 2
03-08 15:13:40.558  2578  2578 I PowerUI : mBatteryMiscEvent = 0
03-08 15:13:40.558  2578  2578 D SamsungBatteryMeterDrawable: onBatteryLevelChanged isSomethingChanged: false
03-08 15:13:40.558  2578  2578 D SamsungBatteryMeterDrawable: onBatteryLevelChanged isSomethingChanged: false
03-08 15:13:40.559  2578  2578 D SamsungBatteryMeterDrawable: onBatteryLevelChanged isSomethingChanged: false
03-08 15:13:40.559  2578  2578 D SamsungBatteryMeterDrawable: onBatteryLevelChanged isSomethingChanged: false
03-08 15:13:40.559  2578  2578 I AODBatteryManager: updateBatteryData: ACTION_BATTERY_CHANGED
03-08 15:13:40.560  2578  2578 I AODBatteryManager: saveBatteryData : AOD BatteryData [mBatteryLevel=90, mBatteryStatus=CHARGING, mBatteryPlugType=USB, mBatteryPlugged=true, mRemainingChargeTime=1315000, mBatteryChargingType=1, mBatteryChargerType=NORMAL, mBatteryOnline=NOT_DEFINED, mBatterySwellingMode=NONE, mBatteryProtectMode=false]
03-08 15:13:40.560  2578  2578 I ChargingInfoManager: updateChargingInfo: newState = AOD ChargingInfo [mState=BATTERY_AND_REMAIN_TIME, mIsCharging=true, mIsFullyCharged=false, mIsBatteryProtectMode=false], oldState = AOD ChargingInfo [mState=BATTERY_AND_REMAIN_TIME, mIsCharging=true, mIsFullyCharged=false, mIsBatteryProtectMode=false]
03-08 15:13:40.567  2578  2578 D KeyguardUpdateMonitor: handleBatteryUpdate
03-08 15:13:40.568   603   603 I lmkd    : cached 2, sandbox(not0) 0
03-08 15:13:40.568  1472  2020 I libprocessgroup: Successfully killed process cgroup uid 10089 pid 25861 in 0ms
03-08 15:13:40.569  2578  2578 D KeyguardSecIndicationController: addIndicationTimeout() returned - unlocking
03-08 15:13:40.569  2578  2578 D KeyguardSecIndicationController: addIndication() returned - unlocking
03-08 15:13:40.569   603   603 I lmkd    : Reclaim 'com.samsung.android.scs' (25767), uid 10378, oom_score_adj 955, state 19 to free 161028kB rss, 24236kb swap
03-08 15:13:40.570  2578  2578 D KeyguardSecIndicationPolicy:  remove Item pos = DEFAULT, type =           OWNER_INFO
03-08 15:13:40.570  2578  2578 D KeyguardSecIndicationController: addBatteryAndOwnerInfoIndication() battery status = BatteryStatus{status=2,level=90,plugged=2,health=2,maxChargingWattage=-1,remaining=1315000ultraFastCharger=0}
03-08 15:13:40.570   603   603 I lmkd    : Reclaimed 185264kB at oom_score_adj 850
03-08 15:13:40.570  1180  1180 I Zygote  : Process 25861 exited due to signal 9 (Killed)
03-08 15:13:40.571  1472  2417 I ChimeraAggressivePolicyHandler: executePolicy() - triggerSource: TRIGGER_SOURCE_LMKD
03-08 15:13:40.572 26361 26361 W OnBackInvokedCallback: OnBackInvokedCallback is not enabled for the application.
03-08 15:13:40.572 26361 26361 W OnBackInvokedCallback: Set 'android:enableOnBackInvokedCallback="true"' in the application manifest.
03-08 15:13:40.572  1472  2417 I ChimeraAggressivePolicyHandler: available memory: 2334816, free memory target: 1468416, quit chimera
03-08 15:13:40.572 26554 26554 V GraphicsEnvironment: ANGLE Developer option for 'com.brave.browser' set to: 'default'
03-08 15:13:40.573 26554 26554 V GraphicsEnvironment: ANGLE GameManagerService for com.brave.browser: false
03-08 15:13:40.573 26554 26554 V GraphicsEnvironment: Updatable production driver is not supported on the device.
03-08 15:13:40.573 26486 26486 I [PASS][CMN]WalletUtil: getWalletMigrated : false
03-08 15:13:40.574 26486 26486 I [PASS][SPASS]IconUtils:  checkVersionAddIcon : criticalUpdateVersion : true firstCheck : false appIconExist : true  walletMigrated : false
03-08 15:13:40.574 26486 26486 I [PASS][SPASS]FrameworkUtils: isInitialized : true
03-08 15:13:40.574 26486 26486 I [PASS][SPASS]PassFramework: ISU
03-08 15:13:40.574 26486 26486 I [PASS][SPASS]FrameworkUtils: isSignedUp - true
03-08 15:13:40.574 26486 26486 I [PASS][SPASS]IconUtils: checkVersionAddIcon showIconForcibly
03-08 15:13:40.574 26486 26486 I [PASS][SPASS]IconUtils: addAppIcon
03-08 15:13:40.576 26486 26486 I [PASS][SPASS]IconUtils: addAppIcon : App icon is already added
03-08 15:13:40.576 26486 26486 I [PASS][CMN]WalletUtil: getWalletMigrated : false
03-08 15:13:40.576 26486 26486 I [PASS][SPASS]IconUtils: setComponentEnabledSetting : true, walletMigrated : false
03-08 15:13:40.577 26554 26554 D NetworkSecurityConfig: Using Network Security Config from resource 0_resource_name_obfuscated debugBuild: false
03-08 15:13:40.580  1472  5215 I AppWidgetServiceImpl: getAppWidgetInfo() 2, from 0
03-08 15:13:40.581  1472  3480 D PackageManager: setEnabledSetting : userId = 0 packageName = com.samsung.android.samsungpass cmp = com.samsung.android.samsungpass.launcher.EntryLauncher newState = 1 callingPackage = 10112/com.samsung.android.samsungpass
03-08 15:13:40.581  1472  3480 D ApplicationPolicy: getApplicationStateEnabled : pkg = com.samsung.android.samsungpass userId : 0
03-08 15:13:40.582  1472  3480 D ApplicationPolicy: getApplicationComponentState : pkg = com.samsung.android.samsungpass userId : 0
03-08 15:13:40.583  1472  3480 D PackageManager: setEnabledSetting : userId = 0 packageName = com.samsung.android.samsungpass cmp = com.samsung.android.samsungpass.launcher.EntryLauncherJPN newState = 2 callingPackage = 10112/com.samsung.android.samsungpass
03-08 15:13:40.584 26554 26554 D NetworkSecurityConfig: Using Network Security Config from resource 0_resource_name_obfuscated debugBuild: false
03-08 15:13:40.585  1472  3480 D PackageManager: setEnabledSetting : userId = 0 packageName = com.samsung.android.samsungpass cmp = com.samsung.android.samsungpass.launcher.SearchableActivity newState = 2 callingPackage = 10112/com.samsung.android.samsungpass
03-08 15:13:40.586 26486 26486 I [PASS][CMN]WalletUtil: getWalletMigrated : false
03-08 15:13:40.586 26486 26486 I [PASS][SPASS]IconUtils: setComponentEnabledSetting : true, walletMigrated : false
