03-08 15:13:48.902 27945 27945 I [WEATHER]MigrateCp: {[EE6E3CC8B114EAAB1365F7B4D709B85753F27F8F573FC32A591162BC01BC9763]}
03-08 15:13:48.902 12908 12908 I HBD     : h [EditorInputType]setPrivateImeOptionsToTable privateImeOptions ( null )
03-08 15:13:48.902 12908 12908 I HBD     : b incognitoMode : false
03-08 15:13:48.902 12908 12908 I HBD     : b needOff = true , isForceOff = false, isNullInputClass : true
03-08 15:13:48.902 12908 12908 I HBD     : h getDefaultInputRange : UNKNOWN
03-08 15:13:48.902 12908 12908 I HBD     : h getDefaultInputRange : UNKNOWN
03-08 15:13:48.903 12908 12908 I HBD     : h getDefaultInputRange : UNKNOWN
03-08 15:13:48.903  1327  1414 I SurfaceFlinger: id=35554 createSurf, flag=24004, Surface(name=a2c6971 InputMethod)/@0x3034fd7 - animation-leash of insets_animation#35554
03-08 15:13:48.904 27945 27945 W [WEATHER]CheckCPMatch: {[0AACE7D7FC9AEDAD084D6991E0BF48936746808AE9F5E18E29A560AB84FA3ACB43FE04F5DD41AE38690DAB6FE642AFB4EBB39DC2A80FF3199C44410D2013F90A]}
03-08 15:13:48.907 27945 27945 I [WEATHER]CompleteCondition: {[C58C622E0FDF6CED660E23DA1D46C7E304A65D039C92809761DD488C815D4473]}
03-08 15:13:48.907 27945 27945 I [WEATHER]ConditionManager: {[B1B36EC94B8C4F4707BE22CC98BC66F332BADB6184B583390233078DCA344F635804ACD256F54CCFD7C073E1AE2585B7]}
03-08 15:13:48.910  2578  2578 I ViewRootImpl@1c1cd0e[NotificationShade]: performTraversals mFirst=false windowShouldResize=false viewVisibilityChanged=false mForceNextWindowRelayout=false params={(0,0)(fillxfill) gr=TOP CENTER_VERTICAL sim={adjust=resize} layoutInDisplayCutoutMode=always ty=NOTIFICATION_SHADE fmt=TRANSLUCENT
03-08 15:13:48.910  2578  2578 I ViewRootImpl@1c1cd0e[NotificationShade]:   fl=81840048
03-08 15:13:48.910  2578  2578 I ViewRootImpl@1c1cd0e[NotificationShade]:   pfl=1b000000
03-08 15:13:48.910  2578  2578 I ViewRootImpl@1c1cd0e[NotificationShade]:   bhv=SHOW_TRANSIENT_BARS_BY_SWIPE naviIconColor=0
03-08 15:13:48.910  2578  2578 I ViewRootImpl@1c1cd0e[NotificationShade]:   sfl=60000}
03-08 15:13:48.910 12908 12908 I HBD     : b needOff = true , isForceOff = false, isNullInputClass : true
03-08 15:13:48.910  2578  2712 I ViewRootImpl@99d36d3[cmput301w24t33]: mWNT: t=0xb400007c6640a800 mBlastBufferQueue=0xb400007c52070b00 fn= 3 caller= android.view.SyncRtSurfaceTransactionApplier.applyTransaction:96 android.view.SyncRtSurfaceTransactionApplier.lambda$scheduleApply$0$android-view-SyncRtSurfaceTransactionApplier:69 android.view.SyncRtSurfaceTransactionApplier$$ExternalSyntheticLambda0.onFrameDraw:4
03-08 15:13:48.910 12908 12908 I HBD     : b update cached prediction status : false
03-08 15:13:48.910 12908 12908 I HBD     : h getDefaultInputRange : UNKNOWN
03-08 15:13:48.910 12908 12908 I HBD     : a currentState : 0
03-08 15:13:48.911 12908 12908 I HBD     : a [UpdatePolicy] [post] a: 0 cl: 65537 kit: [0/0] vt: 0 ir: 1
03-08 15:13:48.911 12908 12908 I HBD     : a [NRIC] resetNoResponseState
03-08 15:13:48.911 12908 12908 I HBD     : b needOff = true , isForceOff = false, isNullInputClass : true
03-08 15:13:48.911 12908 12908 I HBD     : b update cached prediction status : false
03-08 15:13:48.911 12908 12908 I HBD     : HoneyBoardService [PF_OP][onStartInput]  9 ms
03-08 15:13:48.912  4938  5328 D KnoxHelper: getActivityList callingUserId: 0, target user: 0
03-08 15:13:48.913 30756 30902 I SamsungAccount: [OpenContentProvider] query tnc
03-08 15:13:48.913 30756 30902 I SamsungAccount: [AccountManagerUtil] isSamsungAccountSignedIn : true
03-08 15:13:48.915 30756 30902 I SamsungAccount: [SignatureCheckUtil] runCheckSignatureWithEmptyId
03-08 15:13:48.915 30756 30902 I SamsungAccount: [SignatureCheckUtil] runCheckSignatureAsync
03-08 15:13:48.915 30756 30902 I SamsungAccount: [SignaturePreconditionChecker] getSignatureResult - fromSesSdk : true
03-08 15:13:48.915 30756 30902 I SamsungAccount: [SignatureInfoDbHelper] getSignatureResult - [][rubin.app.]
03-08 15:13:48.915 30756 30902 I SamsungAccount: [SignatureInfoDbHelper] searchOnUser
03-08 15:13:48.916 30756 30902 I SamsungAccount: [SignatureInfoDbHelper] searchOnUser - [][rubin.app.][64/3291d] => matched
03-08 15:13:48.916 30756 30902 I SamsungAccount: [SignatureInfoDbHelper] search - matched
03-08 15:13:48.916 30756 30902 I SamsungAccount: [SignatureCheckUtil] runCheckSignatureAsync(fromDb) - matched
03-08 15:13:48.920 28030 28030 I Rubin   : [2] z7.f.b(SourceFile:6) : checkForUI = false isGdprAffected = false isCMSFeatureSupported = true
03-08 15:13:48.921  1472  3543 V WindowManager: Relayout Window{85bfa35 u0 NotificationShade}: viewVisibility=4 req=1080x2400 d0
03-08 15:13:48.921  1327  1327 I Layer   : id=35539 removedFromDrawingState Surface(name=a2c6971 InputMethod)/@0x3034fd7 - animation-leash of insets_animation#35539 (147)
03-08 15:13:48.921  1327  1327 I SurfaceFlinger: id=35539 Removed Surface(name=a2c6971 InputMethod)/@0x3034fd7 - animation-leash of insets_animation#35539 (147)
03-08 15:13:48.922  1327  1327 I Layer   : id=35539 Destroyed Surface(name=a2c6971 InputMethod)/@0x3034fd7 - animation-leash of insets_animation#35539
03-08 15:13:48.924  1472  3543 V WindowManager: Relayout hash=85bfa35, pid=2578, syncId=-1: mAttrs={(0,0)(fillxfill) gr=TOP CENTER_VERTICAL sim={adjust=resize} layoutInDisplayCutoutMode=always ty=NOTIFICATION_SHADE fmt=TRANSLUCENT
03-08 15:13:48.924  1472  3543 V WindowManager:   fl=81840048
03-08 15:13:48.924  1472  3543 V WindowManager:   pfl=1b000000
03-08 15:13:48.924  1472  3543 V WindowManager:   bhv=SHOW_TRANSIENT_BARS_BY_SWIPE naviIconColor=0
03-08 15:13:48.924  1472  3543 V WindowManager:   sfl=60000}
03-08 15:13:48.927  1244  3730 D vendor.qti.bluetooth@1.0-wake_lock: Release wakelock is released
03-08 15:13:48.928 28030 28030 E Rubin   : [2] com.samsung.android.rubin.datainterface.f.lambda$call$4(SourceFile:3) : runestone modules are not started, so start runestone modules
03-08 15:13:48.928 28030 28030 I Rubin   : [2] z7.r.y(SourceFile:1) : Enabling rubin service
03-08 15:13:48.928  2578  2711 I ViewRootImpl@99d36d3[cmput301w24t33]: mWNT: t=0xb400007c6640a300 mBlastBufferQueue=0xb400007c52070b00 fn= 4 caller= android.view.SyncRtSurfaceTransactionApplier.applyTransaction:96 android.view.SyncRtSurfaceTransactionApplier.lambda$scheduleApply$0$android-view-SyncRtSurfaceTransactionApplier:69 android.view.SyncRtSurfaceTransactionApplier$$ExternalSyntheticLambda0.onFrameDraw:4
03-08 15:13:48.930  1472  3543 D InputMethodManagerService: isImeSwitcherDisabledPackage : false
03-08 15:13:48.930  2578  2578 I ViewRootImpl@1c1cd0e[NotificationShade]: Relayout returned: old=(0,0,1080,2400) new=(0,0,1080,2400) req=(1080,2400)4 dur=15 res=0x0 s={false 0x0} ch=false seqId=0
03-08 15:13:48.932 27945 27945 E [WEATHER]ActivityTransitionGmsManager: {[666EEED8C7D27883280BAFC63AFE9E9E0A72976B51874523CCEA58FFDB83D5ECCE77C2F221D415BCF5E170F1B94600CF62574AAD19CDFEDF84494674D909B314E841287597BC303429D81134B5CE1A4665D2FC4F89E4DD9F40519665CC8C96EDFA92414656C2BAE7B2CDFEB436D5BDAD]}
03-08 15:13:48.933  2578  2578 I FaceWidgetPositionAlgorithm: getClockContainerHeight() supplier = 227, bottom margin = 0, real height = 290
03-08 15:13:48.933  2578  2578 I ClockInfoManager: isClockFaceType: type = 9 clockFaceType = 0
03-08 15:13:48.933  2578  2578 D FaceWidgetPositionAlgorithm: getTopMargin scale = 0.8408237, clockContainerHeight = 227, scaleMarginY = 21
03-08 15:13:48.933  2578  2578 I FaceWidgetPositionAlgorithm: getClockContainerHeight() supplier = 227, bottom margin = 63, real height = 290
03-08 15:13:48.933  2578  2578 I FaceWidgetPositionAlgorithm: getMediaContainerHeight() height = 456 container Visibility = 8, isValid = true, mIsDozing = false, fraction = 1.0, source = 0, target = 0
03-08 15:13:48.933 27945 27945 I [WEATHER]EssNotification: {[11D77475A16E357BFFF1109325F17E95BA795923AB7B359E52F6F8214C9FFB43]}
03-08 15:13:48.933  2578  2578 I FaceWidgetPositionAlgorithm: getMediaContainerHeight() supplier = 456
03-08 15:13:48.935 28030 28030 I Rubin   : [2] z7.r.T(SourceFile:2) : Enabling Rubin :: FLAG - needNewId : true
03-08 15:13:48.935 12908 12908 I InputMethodService: removeImeSurface
03-08 15:13:48.935 12908 12908 I MSHandlerLifeCycle: check: return. pkg=com.samsung.android.honeyboard isActivity=false callers=com.android.internal.policy.DecorView.setVisibility:4412 android.app.Dialog.hide:767 android.inputmethodservice.InputMethodService.removeImeSurface:1290 android.inputmethodservice.InputMethodService.scheduleImeSurfaceRemoval:1279 android.inputmethodservice.InputMethodService.-$$Nest$mscheduleImeSurfaceRemoval:0
03-08 15:13:48.935 12908 12908 I MSHandlerLifeCycle: removeMultiSplitHandler: no exist. decor=DecorView@df736f9[InputMethod]
03-08 15:13:48.943 28030 28030 I Rubin   : [2] ed.c.d(SourceFile:2) : type = type_auth
03-08 15:13:48.943 28030 28112 I Rubin   : [489] ed.a.g(SourceFile:1) : requestAccessToken(): false
03-08 15:13:48.945 28030 28109 I Rubin   : [486] e8.b.c(SourceFile:2) : Reusing the existing key
03-08 15:13:48.948  1537  2942 I CameraService: onUidStateChanged: uid=10052, procState is changed. (1 -> 0)
03-08 15:13:48.949 28030 28112 I Rubin   : [489] ed.a.e(SourceFile:2) : REFRESH ACCESS TOKEN for Thread :: 489 with tid 8624431782
03-08 15:13:48.952  2578  2664 D OpenGLRenderer: setSurface called with nullptr
03-08 15:13:48.952  2578  2664 D OpenGLRenderer: setSurface() destroyed EGLSurface
03-08 15:13:48.952  2578  2664 D OpenGLRenderer: destroyEglSurface
03-08 15:13:48.954  2578  2656 I ViewRootImpl@99d36d3[cmput301w24t33]: performTraversals params={(0,0)(fillxfill) sim={adjust=pan} ty=APPLICATION_STARTING fmt=TRANSLUCENT wanim=0x1030309 alpha=0.0
03-08 15:13:48.954  2578  2656 I ViewRootImpl@99d36d3[cmput301w24t33]:   fl=81030118
03-08 15:13:48.954  2578  2656 I ViewRootImpl@99d36d3[cmput301w24t33]:   pfl=16000010
03-08 15:13:48.954  2578  2656 I ViewRootImpl@99d36d3[cmput301w24t33]:   bhv=DEFAULT
03-08 15:13:48.954  2578  2656 I ViewRootImpl@99d36d3[cmput301w24t33]:   fitSides= naviIconColor=0}
03-08 15:13:48.955  2578  2656 I ViewRootImpl@99d36d3[cmput301w24t33]: performTraversals mFirst=false windowShouldResize=false viewVisibilityChanged=true mForceNextWindowRelayout=false params={(0,0)(fillxfill) sim={adjust=pan} ty=APPLICATION_STARTING fmt=TRANSLUCENT wanim=0x1030309 alpha=0.0
03-08 15:13:48.955  2578  2656 I ViewRootImpl@99d36d3[cmput301w24t33]:   fl=81030118
03-08 15:13:48.955  2578  2656 I ViewRootImpl@99d36d3[cmput301w24t33]:   pfl=16000010
03-08 15:13:48.955  2578  2656 I ViewRootImpl@99d36d3[cmput301w24t33]:   bhv=DEFAULT
03-08 15:13:48.955  2578  2656 I ViewRootImpl@99d36d3[cmput301w24t33]:   fitSides= naviIconColor=0}
03-08 15:13:48.955  1472  1504 V WindowManager: Relayout Window{45118c8 u0 Splash Screen com.example.cmput301w24t33}: viewVisibility=8 req=1080x2400 d0
03-08 15:13:48.957  1472  1504 V WindowManager: Relayout hash=45118c8, pid=2578, syncId=-1: mAttrs={(0,0)(fillxfill) sim={adjust=pan} ty=APPLICATION_STARTING fmt=TRANSLUCENT wanim=0x1030309 alpha=0.0
03-08 15:13:48.957  1472  1504 V WindowManager:   fl=81030118
03-08 15:13:48.957  1472  1504 V WindowManager:   pfl=16000010
03-08 15:13:48.957  1472  1504 V WindowManager:   bhv=DEFAULT
03-08 15:13:48.957  1472  1504 V WindowManager:   fitSides= naviIconColor=0}
03-08 15:13:48.959  2578  2656 I ViewRootImpl@99d36d3[cmput301w24t33]: Relayout returned: old=(0,0,1080,2400) new=(0,0,1080,2400) req=(1080,2400)8 dur=3 res=0x2 s={false 0x0} ch=true seqId=0
03-08 15:13:48.959  2578  2656 I ViewRootImpl@99d36d3[cmput301w24t33]: dispatchDetachedFromWindow
03-08 15:13:48.960   679   679 W keymaster_tee: [WRN]begin req PARAMS: A32 B2 P64
03-08 15:13:48.960  1472  2686 D InputTransport: Input channel destroyed: '45118c8', fd=605
03-08 15:13:48.960  1472  2686 W InputManager-JNI: Input channel object '45118c8 Splash Screen com.example.cmput301w24t33 (client)' was disposed without first being removed with the input manager!
03-08 15:13:48.960  1472  2686 D InputTransport: Input channel destroyed: '45118c8', fd=691
03-08 15:13:48.962  2578  2656 D InputTransport: Input channel destroyed: '45118c8', fd=184
03-08 15:13:48.962 28030 28113 I Rubin   : [490] ed.a$a.run(SourceFile:2) : ======================doRefreshAccessTokenTask======================
03-08 15:13:48.964   679   679 D keymaster_swd: keymaster_swd [WRN] (swd_run_cb:257) swd_begin() returns 0
03-08 15:13:48.967 30756 30756 I SamsungAccount: [AIDLRequestService] OnCreate Service
03-08 15:13:48.967 30756 30756 I SamsungAccount: [AIDLRequestService] OnBind
03-08 15:13:48.967 30756 30756 I SamsungAccount: [AIDLRequestService] [InAIDL] Service bound
03-08 15:13:48.968   679   679 D keymaster_swd: keymaster_swd [WRN] (swd_run_cb:257) swd_update() returns 0
03-08 15:13:48.963  2578  2578 D NavigationBar: onSystemBarAttributesChanged() -  displayId:0, appearance:16, packageName: com.example.cmput301w24t33 (APPEARANCE_LIGHT_NAVIGATION_BARS ), navbarColorManagedByIme:false
03-08 15:13:48.969  2578  2578 D SamsungLightBarControlHelper: updateNavigation(Black button) isLightBar:false, hasLightBarNavigationBarFlag:true, packageName:com.example.cmput301w24t33, DirectReplying:false, NavBarColorManagerdByIme:false, ForceDarkForScrim:false, QsCustomizing:false, PanelHasWhiteBg:true
03-08 15:13:48.969 28030 28030 I Rubin   : [2] kd.a$a.onServiceConnected(SourceFile:4) : Samsung Account AIDL : bind to Samsung Account AIDL
03-08 15:13:48.970 28030 28030 I Rubin   : [2] kd.a.k(SourceFile:4) : REGISTER CALLBACK TO SAMSUNG ACCOUNT :: TID - 8624431782
03-08 15:13:48.970 28030 28113 I Rubin   : [490] kd.a.j(SourceFile:6) : bind result : true
03-08 15:13:48.970 30756 30771 I SamsungAccount: [AIDLInterfaceBinder] [InAIDL] registerCallback start
03-08 15:13:48.970 30756 30771 I SamsungAccount: [AIDLInterfaceBinder] [InAIDL] REG_CALLING_PACKAGE : rubin.app.
03-08 15:13:48.970 30756 30771 I SamsungAccount: [AIDLInterfaceBinder] [InAIDL] registerCallback start. Package = rubin.app.
03-08 15:13:48.970 30756 30771 I SamsungAccount: [CBM] [InAIDL-CallbackManager] registerCallback
03-08 15:13:48.970 30756 30771 I SamsungAccount: [CBM] [InAIDL-CallbackManager] checkRegisterCallbackCondition
03-08 15:13:48.970 30756 30771 I SamsungAccount: [CBM] [InAIDL-CallbackManager]getRegistrationCodeIfAlreadyRegistered
03-08 15:13:48.970 30756 30771 I SamsungAccount: [CBM] [InAIDL-CallbackManager]Success registerCallback
03-08 15:13:48.970 30756 30771 I SamsungAccount: [AIDLInterfaceBinder] [InAIDL] registerCallback end. registrationCode :Y29tLnNhbXN1bmcuYW5kcm9pZC5ydWJpbi5hcHAyNzQ= Package = rubin.app.
03-08 15:13:48.971  1327  1327 I Layer   : id=35553 removedFromDrawingState Surface(name=d965637 com.example.cmput301w24t33/com.example.cmput301w24t33.activities.OrganizerActivity)/@0xfaa681f - animation-leash of starting_reveal#35553 (146)
03-08 15:13:48.972 28030 28030 I Rubin   : [2] kd.a.l(SourceFile:2) : REQUEST NEW ACCESS TOKEN :: TID - 8624431782
03-08 15:13:48.972   679   679 D keymaster_swd: keymaster_swd [WRN] (swd_run_cb:257) swd_finish() returns 0
03-08 15:13:48.976  1327  1327 D SurfaceFlinger: Display 4630947232161729153 HWC layers:
03-08 15:13:48.976  1327  1327 D SurfaceFlinger:      DEVICE | 0xb400007446147f00 | 0100 | RGBx_8888    |  152.0    0.0 1232.0 2400.0 |    0    0 1080 2400 | Wallpaper BBQ wrapper#88
03-08 15:13:48.976  1327  1327 D SurfaceFlinger:      DEVICE | 0xb40000745d0662d0 | 0100 | RGBA_8888    |    0.0    0.0 1080.0 2400.0 |    0    0 1080 2400 | com.sec.android.app.launcher/com.sec[...]ivities.LauncherActivity$_3258#35533
03-08 15:13:48.976  1327  1327 D SurfaceFlinger:      DEVICE | 0xb40000744614a270 | 0102 | RGBA_8888    |    0.0    0.0 1080.0 2400.0 |    7   15 1073 2385 | com.example.cmput301w24t33/com.examp[...]33.activities.Organizer$_26361#35550
03-08 15:13:48.976  1327  1327 D SurfaceFlinger:      DEVICE | 0xb400007446147170 | 0100 | RGBA_8888    |    0.0    0.0 1080.0   91.0 |    0    0 1080   91 | StatusBar$_2578#95
03-08 15:13:48.976  1327  1327 D SurfaceFlinger:      DEVICE | 0xb400007446147bf0 | 0100 | RGBA_8888    |    0.0    0.0   67.0  515.0 |    0  301   67  816 | com.samsung.android.app.cocktailbars[...]rvice.CocktailBarService$_5242#35333
03-08 15:13:48.976  1327  1327 D SurfaceFlinger:      DEVICE | 0xb400007446148210 | 0100 | RGBA_8888    |    0.0    0.0 1080.0  126.0 |    0 2274 1080 2400 | NavigationBar0$_2578#89
03-08 15:13:48.976  1327  1327 D SurfaceFlinger:
03-08 15:13:48.981   679   679 W keymaster_tee: [WRN]begin req PARAMS: A32 B2 P64
03-08 15:13:48.985   679   679 D keymaster_swd: keymaster_swd [WRN] (swd_run_cb:257) swd_begin() returns 0
03-08 15:13:48.987   679   679 D keymaster_swd: keymaster_swd [WRN] (swd_run_cb:257) swd_update() returns 0
03-08 15:13:48.989 28013 28106 I FA      : App measurement initialized, version: 85000
03-08 15:13:48.989 28013 28106 I FA      : To enable debug logging run: adb shell setprop log.tag.FA VERBOSE
03-08 15:13:48.989 28013 28106 I FA      : To enable faster debug mode event logging run:
03-08 15:13:48.989 28013 28106 I FA      :   adb shell setprop debug.firebase.analytics.app com.samsung.android.app.spage
03-08 15:13:48.995 28013 28013 I TraceUtil: beginSection : SpageApplication
03-08 15:13:48.995 28013 28013 I SPageApplication: onCreate APP_VERSION_CODE 620115100
03-08 15:13:48.995 28013 28013 I SPageApplication: setMainViewFactory
03-08 15:13:48.997 28013 28028 E DatabaseUtils: Writing exception to parcel
03-08 15:13:48.997 28013 28028 E DatabaseUtils: java.lang.IllegalStateException: WEATHER_WIDGET_NOT_SUPPORT_MODEL
03-08 15:13:48.997 28013 28028 E DatabaseUtils: 	at com.samsung.android.app.spage.news.newsprovider.NewsProvider.query(Unknown Source:119)
03-08 15:13:48.997 28013 28028 E DatabaseUtils: 	at android.content.ContentProvider.query(ContentProvider.java:1526)
03-08 15:13:48.997 28013 28028 E DatabaseUtils: 	at android.content.ContentProvider.query(ContentProvider.java:1622)
03-08 15:13:48.997 28013 28028 E DatabaseUtils: 	at android.content.ContentProvider$Transport.query(ContentProvider.java:290)
03-08 15:13:48.997 28013 28028 E DatabaseUtils: 	at android.content.ContentProviderNative.onTransact(ContentProviderNative.java:107)
03-08 15:13:48.997 28013 28028 E DatabaseUtils: 	at android.os.Binder.execTransactInternal(Binder.java:1316)
03-08 15:13:48.997 28013 28028 E DatabaseUtils: 	at android.os.Binder.execTransact(Binder.java:1280)
03-08 15:13:48.997 27945 27991 E [WEATHER]NewsRemoteDataSourceImpl: {[D82F58E66A9FA2A398595013EB63A8319A200F5B0DC5B9498AF72CBB6E239AA8F4953897FA13D2A9F1A2D8A86114C164F2D8A79800A03262759709EE9BD0D926C2982C5F74C2978B50D8514CF9408E53B4391FEFEAB2A3B0252154C7CBDFF15D]}
03-08 15:13:49.000 28013 28013 I CommonExecutor: numOfThreads 7
03-08 15:13:49.000 28013 28013 I CommonExecutor: startup() java.util.concurrent.ScheduledThreadPoolExecutor@ba6efef[Running, pool size = 0, active threads = 0, queued tasks = 0, completed tasks = 0]
03-08 15:13:49.000 28013 28013 I SPageApplication: Analytics.init
03-08 15:13:49.001 28013 28013 I LeaveServiceManager: init
03-08 15:13:49.003   679   679 D keymaster_swd: keymaster_swd [WRN] (swd_run_cb:257) swd_finish() returns 0
03-08 15:13:49.003 30756 30771 I SamsungAccount: [AIDLInterfaceBinder] [InAIDL] requestAccesstoken
03-08 15:13:49.004 30756 30771 I SamsungAccount: [AIDLInterfaceBinder] [InAIDL] BundleInfo = [ additional:user_id,birthday,mcc,cc,api_server_url,auth_server_url,device_physical_address_text,refresh_token,login_id,login_id_type,representative,region_mcc, ch_ba_pr_:false]
03-08 15:13:49.004 30756 30771 I SamsungAccount: [AIDLInterfaceBinder] [InAIDL] checkRequestCondition
03-08 15:13:49.004 30756 30771 I SamsungAccount: [CBM] [InAIDL-CallbackManager]getCallbackInfo
03-08 15:13:49.004 30756 30771 I SamsungAccount: [CBM] [InAIDL-CallbackManager]getCallbackInfo
03-08 15:13:49.004 30756 30771 I SamsungAccount: [AIDLInterfaceBinder] [InAIDL]Start AccessTokenRunnable Thread. package = rubin.app.
03-08 15:13:49.004 30756 30771 I SamsungAccount: [PermissionsUtils] checkPrivilegedPhonePermissionOfCallingPackage
03-08 15:13:49.004 30756 30771 I SamsungAccount: [PermissionsUtils] hasPrivilegedPhonePermission : true
03-08 15:13:49.004 30756 30771 I SamsungAccount: [CBM] [InAIDL-CallbackManager]getCallbackInfo
03-08 15:13:49.004 30756 30771 I SamsungAccount: [CBM] setCurrentRequestType :1
03-08 15:13:49.004 30756 28117 I SamsungAccount: [AbstractProcessRunnable] [InAIDL-AbstractProcessRunnable]isAvailableRunningProcess start Package = rubin.app.
03-08 15:13:49.006 30756 28117 I SamsungAccount: [NetworkStateUtil] == networkStateCheck == true
03-08 15:13:49.006 30756 28117 I SamsungAccount: [AccountManagerUtil] isSamsungAccountSignedIn : true
03-08 15:13:49.006 30756 28117 I SamsungAccount: [DbManagerV2] getDataState : VALID
03-08 15:13:49.006 30756 28117 I SamsungAccount: [SignatureCheckUtil] runCheckSignatureAsync
03-08 15:13:49.006 30756 28117 I SamsungAccount: [SignaturePreconditionChecker] getSignatureResult - fromSesSdk : false
03-08 15:13:49.006 30756 28117 I SamsungAccount: [SignatureInfoDbHelper] getSignatureResult - [10/z38ai][rubin.app.]
03-08 15:13:49.006 30756 28117 I SamsungAccount: [SignatureInfoDbHelper] searchOnUser
03-08 15:13:49.007 30756 28117 I SamsungAccount: [SignatureInfoDbHelper] searchOnUser - [10/z38ai][rubin.app.][64/3291d] => matched
03-08 15:13:49.007 30756 28117 I SamsungAccount: [SignatureInfoDbHelper] search - matched
03-08 15:13:49.007 30756 28117 I SamsungAccount: [SignatureCheckUtil] runCheckSignatureAsync(fromDb) - matched
03-08 15:13:49.007 30756 28117 I SamsungAccount: [AbstractProcessRunnable] [InAIDL-AbstractProcessRunnable]isAvailableRunningProcess end. Package = rubin.app.
03-08 15:13:49.007 30756 28117 I SamsungAccount: [AccessTokenRunnable] [InAIDL-AccessTokenRunnable]runProcess start. Package = rubin.app.
03-08 15:13:49.007 30756 28117 I SamsungAccount: [StateCheckUtil] isGoogleLinked = false
03-08 15:13:49.007 30756 28117 I SamsungAccount: [StateCheckUtil] isWeChatLinked = false
03-08 15:13:49.007 30756 28117 I SamsungAccount: [AccessTokenRunnable] check_basic_profile = true needToCheckServer = false
03-08 15:13:49.008 30756 28117 I SamsungAccount: [DeviceManager] salesCode : KDO
03-08 15:13:49.008 30756 28117 I SamsungAccount: [DeviceManager] isNewLduProdCode : false
03-08 15:13:49.008 30756 28117 I SamsungAccount: [CountryCodeUtil] isChinaCountryCode : false
03-08 15:13:49.008 30756 28117 I SamsungAccount: [StateCheckUtil] isChildAccount : false
03-08 15:13:49.008 30756 28117 I SamsungAccount: [AccessTokenRunnable] [InAIDL-AccessTokenRunnable]isAccessTokenReusable. Package = rubin.app.
03-08 15:13:49.008 30756 28117 I SamsungAccount: [StateCheckUtil] isOverIntervalTime, renewTimeStamp = false
03-08 15:13:49.008 30756 28117 I SamsungAccount: [AccessTokenRunnable] [InAIDL-AccessTokenRunnable]checkAndSetAccessToken. Package = rubin.app.
03-08 15:13:49.008 30756 28117 I SamsungAccount: [AccessToken] getAccessTokenInfo
03-08 15:13:49.008 30756 28117 I SamsungAccount: [RBIVO] getStringFormAdditionalBundleKey : expired_access_token
03-08 15:13:49.008 30756 28117 I SamsungAccount: [AccessTokenRunnable] expiredAccessToken is Empty. curTimeSec=1709936029, TimeGap=68937
03-08 15:13:49.008 30756 28117 I SamsungAccount: [AccessTokenRunnable] IsTokenReusable : true
03-08 15:13:49.008 30756 28117 I SamsungAccount: [AccessTokenRunnable] Accesstoken is reusable and isNeedToCheckServer is false
03-08 15:13:49.008 30756 28117 I SamsungAccount: [DbManagerV2] getMccFromDB
03-08 15:13:49.008 30756 28117 I SamsungAccount: [DbManagerV2] getDataV02ForItems : MCC from Cache
03-08 15:13:49.009 30756 28117 I SamsungAccount: [DataUtil] Not Skip Name Validation by accountMCC
03-08 15:13:49.009 30756 28117 I SamsungAccount: [LocalBusinessException] Not Skip Name Validation by AppId
03-08 15:13:49.009 30756 28117 I SamsungAccount: [OpenDBManager] getCheckListFromOpenDB
03-08 15:13:49.009 30756 28117 I SamsungAccount: [OpenDBManager] getTncResult
03-08 15:13:49.009 30756 28117 I SamsungAccount: [OpenDBManager] getTncCursor
03-08 15:13:49.009 30756 28117 I SamsungAccount: [OpenContentProvider] query tnc
03-08 15:13:49.009 30756 28117 I SamsungAccount: [AccountManagerUtil] isSamsungAccountSignedIn : true
03-08 15:13:49.009 30756 28117 I SamsungAccount: [SignatureCheckUtil] runCheckSignatureWithEmptyId
03-08 15:13:49.009 30756 28117 I SamsungAccount: [SignatureCheckUtil] runCheckSignatureAsync
03-08 15:13:49.009 30756 28117 I SamsungAccount: [SignaturePreconditionChecker] getSignatureResult - fromSesSdk : true
03-08 15:13:49.009 30756 28117 I SamsungAccount: [SignaturePreconditionChecker] This is internal call. So skip
03-08 15:13:49.010 30756 28117 I SamsungAccount: [DbManagerV2] getMccFromDB
03-08 15:13:49.010 30756 28117 I SamsungAccount: [DbManagerV2] getDataV02ForItems : MCC from Cache
03-08 15:13:49.010 30756 28117 I SamsungAccount: [DataUtil] Not Skip Name Validation by accountMCC
03-08 15:13:49.010 30756 28117 I SamsungAccount: [OpenDBManager] isRequireField
03-08 15:13:49.010 30756 28117 I SamsungAccount: [OpenDBManager] getFieldCursor
03-08 15:13:49.010 30756 28117 I SamsungAccount: [OpenContentProvider] query field
03-08 15:13:49.011 30756 28117 I SamsungAccount: [AccountManagerUtil] isSamsungAccountSignedIn : true
03-08 15:13:49.011 30756 28117 I SamsungAccount: [SignatureCheckUtil] runCheckSignatureWithEmptyId
03-08 15:13:49.011 30756 28117 I SamsungAccount: [SignatureCheckUtil] runCheckSignatureAsync
03-08 15:13:49.011 30756 28117 I SamsungAccount: [SignaturePreconditionChecker] getSignatureResult - fromSesSdk : true
03-08 15:13:49.011 30756 28117 I SamsungAccount: [SignaturePreconditionChecker] This is internal call. So skip
03-08 15:13:49.011 27945 27945 I [WEATHER]AppUpdateService: {[F25703819843744D7F1F976789EB79788758AD5B9BF3767780DB00994DDA19BA]}
03-08 15:13:49.014 27945 27945 I [WEATHER]AppUpdateService: {[F25703819843744D7F1F976789EB7978B61B58C647450F69DA2156D7D0972E46347CE2063E742E21A63D99E0BFD9F03D]}
03-08 15:13:49.015 28013 28013 I DexModeMonitorUtil: No DeX for this device. ignore
03-08 15:13:49.016   679   679 W keymaster_tee: [WRN]begin req PARAMS: A32 B2 P64
03-08 15:13:49.016 28013 28013 I SamsungAccountSignManager: addListener size:1
03-08 15:13:49.016 28013 28013 I SamsungAccountSignManager: addListener size:2
03-08 15:13:49.017  5242  5242 I Utils   : isCurrentUser current = 0, ownerId = 0
03-08 15:13:49.018  5242  5242 I TrayVisibilityController: getComputedTrayVisible : keyguardState = 1
03-08 15:13:49.018  5242  5242 I TrayVisibilityController: updateTrayVisible: State=1 visible=1 mCurrentVisible=1 specificMode=0
03-08 15:13:49.018  5242  5242 I TrayStateController: onNotifyUpdateTray: state=0
03-08 15:13:49.019 28013 28013 I SamsungAccountRepositoryQos: onInit
03-08 15:13:49.019   679   679 D keymaster_swd: keymaster_swd [WRN] (km_usage_expire_datetime_valid:223) for purpose 0 we shuldn't check KM_TAG_USAGE_EXPIRE_DATETIME
03-08 15:13:49.019   679   679 D keymaster_swd: keymaster_swd [WRN] (swd_run_cb:257) swd_begin() returns 0
03-08 15:13:49.020 27945 27945 I [WEATHER]WidgetModelFactoryImpl: {[88E2ECDDDA210699751991509A9424D19A78732FCCD1DC32B9F7800A075D5D17A87728A09FD5EAD1011EE3B232690005]}
03-08 15:13:49.022 27945 27945 I [WEATHER]AbsWidgetModel: {[7CAAA0E2D3A984DAC1CE1070CCEB5B4C1D9190F1DB48E731E097A317022C2B0CB5999109CCE9F6D244B0D075B49353CBBE5B8BE02E60E34A7080B71C44314206898C47126553BB4A020886C412870FF817A94884631A48A3EF701BECF5596BBC3C4CB229345795286FE84334B4CCD6F8C15FC522B447E1B0DD72068985C261566D8BD9FE5F74931DB7B92BB5C4A50DE809F0FA02089E45A46937D752E49ECEB2F0AFA143B25381B0F8A10D4890B40F38C83EE558212EB4874028CA4E220F46421411E982DE89D05E42041E53D76704EBC9F07C21CC7B2222E5C2615955FFB449485E51AA2E2635571B83BECAC43812C463FBF32C7D46E980DEA1AF804A4E90B0C31EC391C5C4F9128B08DA48264EC036B00AC7520C7FA651A986DD51A32C0CE9395D78F4A3FAD1D3E7FB06B0422E4581]}
03-08 15:13:49.024 27945 27975 E [WEATHER]StoreEntity: {[4D63BA3A7171858DA5D3F9375C43492DDF25E5A1AD7D8FEF26A2A3C27FCA533645F81B5C97AD32F6DE1997D8427A3FBD7EE391994595DCDB9D5908B6D97E8DA4]}
03-08 15:13:49.027   679   679 D keymaster_swd: keymaster_swd [WRN] (swd_run_cb:257) swd_update() returns 0
03-08 15:13:49.028 27945 27975 I [WEATHER]AppUpdateService: {[F25703819843744D7F1F976789EB797833D5506BC44F426FC87D02A2CB5C65E7]}
03-08 15:13:49.029   679   679 D keymaster_swd: keymaster_swd [WRN] (swd_run_cb:257) swd_finish() returns 0
03-08 15:13:49.029 28013 28013 I SamsungAccountRepositoryImpl: Listener was added successfully
03-08 15:13:49.031 30756 28117 I SamsungAccount: [StateCheckUtil] Validation Process is completed true
03-08 15:13:49.031 30756 28117 I SamsungAccount: [AccessTokenRunnable] [InAIDL-AccessTokenRunnable]AccessToken reuse. runProcess end. Package = rubin.app.
03-08 15:13:49.031 30756 28117 I SamsungAccount: [CBM] [InAIDL-CallbackManager]getCallbackInfo
03-08 15:13:49.031 30756 28117 I SamsungAccount: [CBM] setCurrentRequestType :0
03-08 15:13:49.031 30756 28117 I SamsungAccount: [AccountManagerUtil] isSamsungAccountSignedIn : true
03-08 15:13:49.031 30756 28117 I SamsungAccount: [AccessTokenRunnable] [InAIDL-AccessTokenRunnable]onProcessFinished. Package = rubin.app.
03-08 15:13:49.031 30756 28117 I SamsungAccount: [DeviceManager] salesCode : KDO
03-08 15:13:49.031 30756 28117 I SamsungAccount: [DeviceManager] isNewLduProdCode : false
03-08 15:13:49.031 30756 28117 I SamsungAccount: [CountryCodeUtil] isChinaCountryCode : false
03-08 15:13:49.031 30756 28117 I SamsungAccount: [AccessTokenRunnable] [InAIDL-AccessTokenRunnable]checkAccessTokenAndRefreshToken. Package = rubin.app.
03-08 15:13:49.031 30756 28117 I SamsungAccount: [AccessTokenRunnable] [InAIDL-AccessTokenRunnable]handleProcessSuccessResult start. Package = rubin.app.
03-08 15:13:49.032 30756 28117 I SamsungAccount: [RBIVO] getStringArrFromAdditionalBundleKey : additional
03-08 15:13:49.032 30756 28117 I SamsungAccount: [AccessTokenRunnable] [InAIDL-AccessTokenRunnable]setAdditionalInfo start. Package = rubin.app.
03-08 15:13:49.032 30756 28117 I SamsungAccount: [AccessTokenRunnable] [InAIDL-AccessTokenRunnable]set user_id
03-08 15:13:49.032 30756 28117 I SamsungAccount: [DbManagerV2] getUserID
03-08 15:13:49.032 30756 28117 I SamsungAccount: [DbManagerV2] getDataV02ForItems : USER_ID from Cache
03-08 15:13:49.032 30756 28117 I SamsungAccount: [AccessTokenRunnable] [InAIDL-AccessTokenRunnable]set birthday
03-08 15:13:49.032 30756 28117 I SamsungAccount: [DbManagerV2] getBirthDate
03-08 15:13:49.032 30756 28117 I SamsungAccount: [DbManagerV2] getDataV02ForItems : BIRTH_DATE from Cache
03-08 15:13:49.032 30756 28117 I SamsungAccount: [DbManagerV2] getMccFromDB
03-08 15:13:49.032 30756 28117 I SamsungAccount: [DbManagerV2] getDataV02ForItems : MCC from Cache
03-08 15:13:49.032 30756 28117 I SamsungAccount: [AccessTokenRunnable] [InAIDL-AccessTokenRunnable]set mcc
03-08 15:13:49.032 30756 28117 I SamsungAccount: [AccessTokenRunnable] [InAIDL-AccessTokenRunnable]set cc
03-08 15:13:49.032 30756 28117 I SamsungAccount: [DbManagerV2] getCountryCodeFromDB
03-08 15:13:49.032 30756 28117 I SamsungAccount: [DbManagerV2] getDataV02ForItems : COUNTRY_CODE from Cache
03-08 15:13:49.032 30756 28117 I SamsungAccount: [AccessTokenRunnable] [InAIDL-AccessTokenRunnable]set api_server_url
03-08 15:13:49.032 30756 28117 I SamsungAccount: [AuthUrl] auth_server_url for region
03-08 15:13:49.032 30756 28117 I SamsungAccount: [AuthUrl] return region server url
03-08 15:13:49.032 30756 28117 I SamsungAccount: [AccessTokenRunnable] [InAIDL-AccessTokenRunnable]set auth_server_url
03-08 15:13:49.032 30756 28117 I SamsungAccount: [AuthUrl] auth_server_url for region
03-08 15:13:49.032 30756 28117 I SamsungAccount: [AuthUrl] return region server url
03-08 15:13:49.032 30756 28117 I SamsungAccount: [AccessTokenRunnable] [InAIDL-AccessTokenRunnable]set device_physical_address_text
03-08 15:13:49.032 30756 28117 I SamsungAccount: [DeviceManager] salesCode : KDO
03-08 15:13:49.032 30756 28117 I SamsungAccount: [DeviceManager] isNewLduProdCode : false
03-08 15:13:49.032 30756 28117 I SamsungAccount: [CountryCodeUtil] isChinaCountryCode : false
03-08 15:13:49.032 30756 28117 I SamsungAccount: [DeviceRegistrationManager] PhoneType : 1
03-08 15:13:49.032 30756 28117 I SamsungAccount: [DeviceManager] salesCode : KDO
03-08 15:13:49.032 30756 28117 I SamsungAccount: [DeviceManager] isNewLduProdCode : false
03-08 15:13:49.032 30756 28117 I SamsungAccount: [CountryCodeUtil] isChinaCountryCode : false
03-08 15:13:49.033  1472  1504 D ConnectivityService: requestNetwork for uid/pid:10165/28013 activeRequest: null callbackRequest: 7877 [NetworkRequest [ REQUEST id=7878, [ Capabilities: INTERNET&NOT_RESTRICTED&TRUSTED&NOT_VCN_MANAGED Uid: 10165 RequestorUid: 10165 RequestorPkg: com.samsung.android.app.spage UnderlyingNetworks: Null] ]] callback flags: 0 order: 2147483647
03-08 15:13:49.033 30756 28117 I SamsungAccount: [DbManagerV2] getMccFromDB
03-08 15:13:49.033 30756 28117 I SamsungAccount: [DbManagerV2] getDataV02ForItems : MCC from Cache
03-08 15:13:49.033 30756 28117 I SamsungAccount: [CountryCodeUtil] isChinaCountryCode : false
03-08 15:13:49.034 28013 28122 I SamsungAccountRepositoryImpl: loadAccountProfile
03-08 15:13:49.034  1472  2376 D ConnectivityService:    accepting network in place of null
03-08 15:13:49.034 28013 28122 I SamsungAccountRepositoryImpl: queryProfile
03-08 15:13:49.035 30756 28117 I SamsungAccount: [DeviceManager] isTablet : false
03-08 15:13:49.035 30756 28117 I SamsungAccount: [UserManagerUtil] Current UserHandle is = 0
03-08 15:13:49.036 30756 28117 I SamsungAccount: [UserManagerUtil] Current UserHandle is = 0
03-08 15:13:49.036 30756 28117 I SamsungAccount: [AccessTokenRunnable] [InAIDL-AccessTokenRunnable]set refresh_token
03-08 15:13:49.036 30756 28117 I SamsungAccount: [AccessTokenRunnable] [InAIDL-AccessTokenRunnable]set login_id
03-08 15:13:49.036 30756 28117 I SamsungAccount: [AccessTokenRunnable] [InAIDL-AccessTokenRunnable]set login_id_type
03-08 15:13:49.036 30756 28117 I SamsungAccount: [AccessTokenRunnable] [InAIDL-AccessTokenRunnable]set representative (by MinorAge pref
03-08 15:13:49.036 30756 28117 I SamsungAccount: [StateCheckUtil] getIsMinorAge : false
03-08 15:13:49.036 30756 28117 I SamsungAccount: [AccessTokenRunnable] [InAIDL-AccessTokenRunnable]set region mcc
03-08 15:13:49.036 30756 28117 I SamsungAccount: [TPMU]  SIMState     :SIM_STATE_READY
03-08 15:13:49.036 30756 28117 I SamsungAccount: [CountryCodeUtil] isChinaCountryCode : false
03-08 15:13:49.039 30756 28117 I SamsungAccount: [TPMU] getMccFromUsim
03-08 15:13:49.039 30756 28117 I SamsungAccount: [MccManager] saveMccToPreference Start
03-08 15:13:49.039 30756 28117 I SamsungAccount: [DbManagerV2] getMccFromDB
03-08 15:13:49.039 30756 28117 I SamsungAccount: [DbManagerV2] getDataV02ForItems : MCC from Cache
03-08 15:13:49.039 30756 28117 I SamsungAccount: [MccManager] saveMccToPreference, mcc is same with previous mcc
03-08 15:13:49.039 30756 28117 I SamsungAccount: [AccessTokenRunnable] [InAIDL-AccessTokenRunnable]setAdditionalInfo finish. Package = rubin.app.
03-08 15:13:49.039  1472  2366 D WifiNetworkFactory: got request NetworkRequest [ REQUEST id=7878, [ Capabilities: INTERNET&NOT_RESTRICTED&TRUSTED&NOT_VCN_MANAGED Uid: 10165 RequestorUid: 10165 RequestorPkg: com.samsung.android.app.spage UnderlyingNetworks: Null] ]
03-08 15:13:49.039  1472  2366 D UntrustedWifiNetworkFactory: got request NetworkRequest [ REQUEST id=7878, [ Capabilities: INTERNET&NOT_RESTRICTED&TRUSTED&NOT_VCN_MANAGED Uid: 10165 RequestorUid: 10165 RequestorPkg: com.samsung.android.app.spage UnderlyingNetworks: Null] ]
03-08 15:13:49.039  1472  2366 D OemPaidWifiNetworkFactory: got request NetworkRequest [ REQUEST id=7878, [ Capabilities: INTERNET&NOT_RESTRICTED&TRUSTED&NOT_VCN_MANAGED Uid: 10165 RequestorUid: 10165 RequestorPkg: com.samsung.android.app.spage UnderlyingNetworks: Null] ]
03-08 15:13:49.039 28030 28047 I Rubin   : [449] kd.a.e(SourceFile:2) : RECEIVED ACCESS TOKEN :: TID - 8624431782
03-08 15:13:49.039 28030 28047 I Rubin   : [449] kd.a.d(SourceFile:2) : UNREGISTER CALLBACK : REGISTRATION CODE - Y29tLnNhbXN1bmcuYW5kcm9pZC5ydWJpbi5hcHAyNzQ=
03-08 15:13:49.039  1472  2376 D ConnectivityService: Rematched networks [computed 1ms] [applied 2ms] [issued 3]
03-08 15:13:49.039  1472  2376 D ConnectivityService: NetworkReassignment :
03-08 15:13:49.039  1472  2376 D ConnectivityService:   7878 : null  162
03-08 15:13:49.039 30756 28117 I SamsungAccount: [AIDLInterfaceBinder] [InAIDL] unregisterCallback start
03-08 15:13:49.040 30756 28117 I SamsungAccount: [CBM] [InAIDL-CallbackManager]getCallbackInfo
03-08 15:13:49.040 30756 28117 I SamsungAccount: [RequestHistoryManager] ==AIDL ACCTOKEN HISTORY== rubin.app. => 03/08-07:07:38
03-08 15:13:49.040 30756 28117 I SamsungAccount: [RequestHistoryManager] ==AIDL ACCTOKEN HISTORY== rubin.app. => 03/08-08:15:35
03-08 15:13:49.040 30756 28117 I SamsungAccount: [RequestHistoryManager] ==AIDL ACCTOKEN HISTORY== rubin.app. => 03/08-08:33:20
03-08 15:13:49.040 30756 28117 I SamsungAccount: [RequestHistoryManager] ==AIDL ACCTOKEN HISTORY== rubin.app. => 03/08-08:58:20
03-08 15:13:49.040 30756 28117 I SamsungAccount: [RequestHistoryManager] ==AIDL ACCTOKEN HISTORY== rubin.app. => 03/08-09:15:44
03-08 15:13:49.040 30756 28117 I SamsungAccount: [RequestHistoryManager] ==AIDL ACCTOKEN HISTORY== rubin.app. => 03/08-09:35:24
03-08 15:13:49.040 30756 28117 I SamsungAccount: [RequestHistoryManager] ==AIDL ACCTOKEN HISTORY== rubin.app. => 03/08-10:54:30
03-08 15:13:49.040 30756 28117 I SamsungAccount: [RequestHistoryManager] ==AIDL ACCTOKEN HISTORY== rubin.app. => 03/08-11:53:48
03-08 15:13:49.040 30756 28117 I SamsungAccount: [RequestHistoryManager] ==AIDL ACCTOKEN HISTORY== rubin.app. => 03/08-12:00:40
03-08 15:13:49.040 30756 28117 I SamsungAccount: [RequestHistoryManager] ==AIDL ACCTOKEN HISTORY== rubin.app. => 03/08-15:00:47
03-08 15:13:49.040 30756 28117 I SamsungAccount: [RequestHistoryManager] ==AIDL ACCTOKEN HISTORY== rubin.app. => 03/08-15:02:02
03-08 15:13:49.040 30756 28117 I SamsungAccount: [RequestHistoryManager] ==AIDL ACCTOKEN HISTORY== rubin.app. => 03/08-15:06:19
03-08 15:13:49.040 30756 28117 I SamsungAccount: [RequestHistoryManager] ==AIDL ACCTOKEN HISTORY== rubin.app. => 03/08-15:13:45
03-08 15:13:49.040 30756 28117 I SamsungAccount: [RequestHistoryManager] ==AIDL ACCTOKEN HISTORY== rubin.app. => 03/08-15:13:49
03-08 15:13:49.040 30756 28117 I SamsungAccount: [CBM] [InAIDL-CallbackManager]unRegisterCallback
03-08 15:13:49.040 30756 28117 I SamsungAccount: [CBM] [InAIDL-CallbackManager]checkUnregisterCallbackCondition
03-08 15:13:49.040 30756 28117 I SamsungAccount: [CBM] [InAIDL-CallbackManager]getCallbackInfo
03-08 15:13:49.040 30756 28117 I SamsungAccount: [CBM] [InAIDL-CallbackManager] Unregister SuccessPackage = rubin.app.
03-08 15:13:49.040 30756 28117 I SamsungAccount: [AIDLInterfaceBinder] [InAIDL] unregisterCallback end
03-08 15:13:49.040 28030 28047 I Rubin   : [449] kd.a.d(SourceFile:4) : UNREGISTER CALLBACK SUCCESS
03-08 15:13:49.041 28013 28013 I NetworkErrorManager: addNetworkStateListener
03-08 15:13:49.041  1472  2366 D MultiInternetWifiNetworkFactory: got request NetworkRequest [ REQUEST id=7878, [ Capabilities: INTERNET&NOT_RESTRICTED&TRUSTED&NOT_VCN_MANAGED Uid: 10165 RequestorUid: 10165 RequestorPkg: com.samsung.android.app.spage UnderlyingNetworks: Null] ]
03-08 15:13:49.043 30756 30756 I SamsungAccount: [AIDLRequestService] OnDestroy Service
03-08 15:13:49.044 27945 27945 I [WEATHER]WidgetViewDecorator: {[4724E317F1AB9F842050794DD83D8DF81D50308E27FC226AA2DC1C136BEDCB46]}
03-08 15:13:49.046 30756 30902 I SamsungAccount: [ProfileProvider] getCallingPackage() : app.spage.
03-08 15:13:49.046 30756 30902 I SamsungAccount: [AccountManagerUtil] isSamsungAccountSignedIn : true
03-08 15:13:49.046 30756 30902 I SamsungAccount: [TransactionManager] getLoginProvisioning : false
03-08 15:13:49.046 30756 30902 I SamsungAccount: [TransactionManager] isSetupWizardProvisioning
03-08 15:13:49.046 30756 30902 I SamsungAccount: [ProfilePreference] getSetupWizardProvisioningTime
03-08 15:13:49.046 30756 30902 I SamsungAccount: [TransactionManager] setupWizard done
03-08 15:13:49.048 28013 28125 I NetworkErrorManager: onAvailable
03-08 15:13:49.048 27945 27945 I [WEATHER]WidgetViewDecorator: {[4724E317F1AB9F842050794DD83D8DF81D50308E27FC226AA2DC1C136BEDCB46]}
03-08 15:13:49.048 28013 28125 I NetworkErrorManager: onNetworkRecovered
03-08 15:13:49.049 28013 28125 I SamsungAccountNetworkState: onNetworkRecovered
03-08 15:13:49.049 27945 27945 I [WEATHER]AppWidgetUIManager: {[1F3A2EB2D2CEB90D01A2A4085071FC6A60CBE5818AA42477D3BC4BEC40110CA7C7E00D5B7602E3C40754DD3DEFAEADC2109E353F58DB0389357B2C1346374351FDB40DB0C506EF13B9B116C222D532D86718FB3941553FAFD20DE6A6118689071E1C65845E6A74476657ECE69609361D92D0E7187F035739224FE8CB137888733383A0D7D69288F8CEB169A071784F95FC61D35C67F38A0ACEB71FBF7C61DC90F8A8A35902294D0DC0B875777FBC0832]}
03-08 15:13:49.049 27945 27945 I AppWidgetManager: updateAppWidget() appWidgetIds = [2]
03-08 15:13:49.050  1472  1472 D AppWidgetServiceImpl: handleNotifyUpdateAppWidget, appWidgetId = 2
03-08 15:13:49.050 28013 28124 I SamsungAccountRepositoryImpl: updateAccountAuthIfNeeded
03-08 15:13:49.051 28013 28125 I NetworkErrorManager: onAvailable
03-08 15:13:49.051 28013 28125 I NetworkErrorManager: onNetworkRecovered
03-08 15:13:49.051 28013 28125 I SamsungAccountNetworkState: onNetworkRecovered
03-08 15:13:49.051  3258  3258 I AppWidgetHost: updateAppWidgetView, appWidgetId = 2, v = com.android.launcher3.widget.LauncherAppWidgetHostView{d7b6eef VFE....LX R....... 0,0-1002,350 #f6}[a=1.0,v=0][c(0,0-4,1),id=246]
03-08 15:13:49.052  3258  3258 W LauncherAppWidgetHostView: updateAppWidget, widgetId : 2, mReinflateOnConfigChange : false
03-08 15:13:49.054   679   679 W keymaster_tee: [WRN]begin req PARAMS: A32 B2 P64
03-08 15:13:49.054 28013 28130 I SamsungAccountRepositoryImpl: queryAuth
03-08 15:13:49.055 28013 28123 I SamsungAccountRepositoryImpl: updateAccountAuthIfNeeded
03-08 15:13:49.058   679   679 D keymaster_swd: keymaster_swd [WRN] (km_usage_expire_datetime_valid:223) for purpose 0 we shuldn't check KM_TAG_USAGE_EXPIRE_DATETIME
03-08 15:13:49.058   679   679 D keymaster_swd: keymaster_swd [WRN] (swd_run_cb:257) swd_begin() returns 0
03-08 15:13:49.059 28013 28130 I SamsungAccountRepositoryImpl: getAuthData
03-08 15:13:49.059 28013 28130 I SamsungAccountService: getAuthData
03-08 15:13:49.062   679   679 D keymaster_swd: keymaster_swd [WRN] (swd_run_cb:257) swd_update() returns 0
03-08 15:13:49.064   679   679 D keymaster_swd: keymaster_swd [WRN] (swd_run_cb:257) swd_finish() returns 0
03-08 15:13:49.071  3258  3258 W NavigableAppWidgetHostView: setResizeScaleResult() 1002/ 350 scaleToResize = 1.0(widget id = 2) d7b6eef 0,0-1002,350
03-08 15:13:49.075   679   679 W keymaster_tee: [WRN]begin req PARAMS: A32 B2 P64
03-08 15:13:49.078 28013 28013 I NewsWidget-Controller: initialize
03-08 15:13:49.079 28013 28013 I NewsWidget-Manager: init
03-08 15:13:49.080   679   679 D keymaster_swd: keymaster_swd [WRN] (km_usage_expire_datetime_valid:223) for purpose 0 we shuldn't check KM_TAG_USAGE_EXPIRE_DATETIME
03-08 15:13:49.080   679   679 D keymaster_swd: keymaster_swd [WRN] (swd_run_cb:257) swd_begin() returns 0
03-08 15:13:49.083 30756 30756 I SamsungAccount: [AIDLRequestService] OnCreate Service
03-08 15:13:49.083 30756 30756 I SamsungAccount: [AIDLRequestService] OnBind
03-08 15:13:49.083 30756 30756 I SamsungAccount: [AIDLRequestService] [InAIDL] Service bound
03-08 15:13:49.085 28013 28122 I SamsungAccountRepositoryImpl: updateAuthIfAccountIsSameUser
03-08 15:13:49.086 28013 28122 I SamsungAccountRepositoryImpl: same user! guid apiServerUrl can be used
03-08 15:13:49.086 28013 28122 I SamsungAccountRepositoryImpl: checked valid guid and apiServerUrl true
03-08 15:13:49.086 28013 28122 I SamsungAccountRepositoryImpl: updateProfile Done guid len:10
03-08 15:13:49.086 28013 28122 I SPageApplication: Loading Samsung account data is done
03-08 15:13:49.087 28013 28122 I SamsungAccountSignManager: handleAppData before:true current:true
03-08 15:13:49.088 28013 28122 I SamsungAccountSignManager: handleData: no need to handle data
03-08 15:13:49.088 28013 28122 I SamsungAccountSignManager: saveSignInState before:truecurrent:true
03-08 15:13:49.088 28013 28122 I SamsungAccountRepositoryImpl: setSignInState true
03-08 15:13:49.089   679   679 D keymaster_swd: keymaster_swd [WRN] (swd_run_cb:257) swd_update() returns 0
03-08 15:13:49.090  3258  3258 I ViewRootImpl@133027e[LauncherActivity]: handleAppVisibility mAppVisible = true visible = false
03-08 15:13:49.090 28013 28013 I SamsungAccountService: requestUserAgreement : onServiceConnected start
03-08 15:13:49.092  1327  1327 D SurfaceFlinger: Display 4630947232161729153 HWC layers:
03-08 15:13:49.092  1327  1327 D SurfaceFlinger:      DEVICE | 0xb40000744614a270 | 0102 | RGBA_8888    |    0.0    0.0 1080.0 2400.0 |    0    0 1080 2400 | com.example.cmput301w24t33/com.examp[...]33.activities.Organizer$_26361#35550
03-08 15:13:49.092  1327  1327 D SurfaceFlinger:      DEVICE | 0xb400007446147170 | 0100 | RGBA_8888    |    0.0    0.0 1080.0   91.0 |    0    0 1080   91 | StatusBar$_2578#95
03-08 15:13:49.092  1327  1327 D SurfaceFlinger:      DEVICE | 0xb400007446147bf0 | 0100 | RGBA_8888    |    0.0    0.0   67.0  515.0 |    0  301   67  816 | com.samsung.android.app.cocktailbars[...]rvice.CocktailBarService$_5242#35333
03-08 15:13:49.092  1327  1327 D SurfaceFlinger:      DEVICE | 0xb400007446149b70 | 0100 | RGBA_8888    |    0.0    0.0 1080.0  126.0 |    0 2274 1080 2400 | NavigationBar0$_2578#89
03-08 15:13:49.092  1327  1327 D SurfaceFlinger:
03-08 15:13:49.095  2578 21464 D WallpaperService: dispatchAppVisibility onVisibilityChanged(): false
03-08 15:13:49.096 30756 30902 I SamsungAccount: [AIDLInterfaceBinder] [InAIDL] registerCallback start
03-08 15:13:49.096 30756 30902 I SamsungAccount: [AIDLInterfaceBinder] [InAIDL] REG_CALLING_PACKAGE : app.spage.
03-08 15:13:49.096 30756 30902 I SamsungAccount: [AIDLInterfaceBinder] [InAIDL] registerCallback start. Package = app.spage.
03-08 15:13:49.096 30756 30902 I SamsungAccount: [CBM] [InAIDL-CallbackManager] registerCallback
03-08 15:13:49.096 30756 30902 I SamsungAccount: [CBM] [InAIDL-CallbackManager] checkRegisterCallbackCondition
03-08 15:13:49.096 30756 30902 I SamsungAccount: [CBM] [InAIDL-CallbackManager]getRegistrationCodeIfAlreadyRegistered
03-08 15:13:49.096 30756 30902 I SamsungAccount: [CBM] [InAIDL-CallbackManager]Success registerCallback
03-08 15:13:49.096 30756 30902 I SamsungAccount: [AIDLInterfaceBinder] [InAIDL] registerCallback end. registrationCode :Y29tLnNhbXN1bmcuYW5kcm9pZC5hcHAuc3BhZ2UyNzU= Package = app.spage.
03-08 15:13:49.098   679   679 D keymaster_swd: keymaster_swd [WRN] (swd_run_cb:257) swd_finish() returns 0
03-08 15:13:49.098  2578  2578 D WallpaperService: reportVisibility onVisibilityChanged visible: false
03-08 15:13:49.098  2578  2749 I ImageWallpaper[GLEngine]:  onVisibilityChanged false , 0
03-08 15:13:49.098 28013 28124 I NewsWidget-Repository: setDisplayTipCard : true
03-08 15:13:49.099 30756 30902 I SamsungAccount: [AIDLInterfaceBinder] [InAIDL] requestAccesstoken
03-08 15:13:49.099 30756 30902 I SamsungAccount: [AIDLInterfaceBinder] [InAIDL] BundleInfo = [ additional:user_id,api_server_url,is_child_account,marketing_email_receive,]
03-08 15:13:49.099 30756 30902 I SamsungAccount: [AIDLInterfaceBinder] [InAIDL] checkRequestCondition
03-08 15:13:49.099 30756 30902 I SamsungAccount: [CBM] [InAIDL-CallbackManager]getCallbackInfo
03-08 15:13:49.099 30756 30902 I SamsungAccount: [CBM] [InAIDL-CallbackManager]getCallbackInfo
03-08 15:13:49.099 30756 30902 I SamsungAccount: [AIDLInterfaceBinder] [InAIDL]Start AccessTokenRunnable Thread. package = app.spage.
03-08 15:13:49.099 30756 30902 I SamsungAccount: [PermissionsUtils] checkPrivilegedPhonePermissionOfCallingPackage
03-08 15:13:49.100 30756 30902 I SamsungAccount: [PermissionsUtils] hasPrivilegedPhonePermission : true
03-08 15:13:49.100 30756 30902 I SamsungAccount: [CBM] [InAIDL-CallbackManager]getCallbackInfo
03-08 15:13:49.100 30756 30902 I SamsungAccount: [CBM] setCurrentRequestType :1
03-08 15:13:49.103 30756 28141 I SamsungAccount: [AbstractProcessRunnable] [InAIDL-AbstractProcessRunnable]isAvailableRunningProcess start Package = app.spage.
03-08 15:13:49.103 27851 27851 D BoundBrokerSvc: onBind: Intent { act=com.google.android.gms.measurement.START pkg=com.google.android.gms }
03-08 15:13:49.103 27851 27851 D BoundBrokerSvc: Loading bound service for intent: Intent { act=com.google.android.gms.measurement.START pkg=com.google.android.gms }
03-08 15:13:49.103 30756 28141 I SamsungAccount: [NetworkStateUtil] == networkStateCheck == true
03-08 15:13:49.103 30756 28141 I SamsungAccount: [AccountManagerUtil] isSamsungAccountSignedIn : true
03-08 15:13:49.103 30756 28141 I SamsungAccount: [DbManagerV2] getDataState : VALID
03-08 15:13:49.103 30756 28141 I SamsungAccount: [SignatureCheckUtil] runCheckSignatureAsync
03-08 15:13:49.103 30756 28141 I SamsungAccount: [SignaturePreconditionChecker] getSignatureResult - fromSesSdk : false
03-08 15:13:49.104  1327  1327 I Layer   : id=35545 removedFromDrawingState Splash Screen com.example.cmput301w24t33$_2578#35545 (146)
03-08 15:13:49.104  1327  1327 I Layer   : id=35546 removedFromDrawingState Surface(name=Task=1)/@0x464f238 - animation-leash of app_transition#35546 (146)
03-08 15:13:49.104  1327  1327 I Layer   : id=35544 removedFromDrawingState 45118c8 Splash Screen com.example.cmput301w24t33#35544 (146)
03-08 15:13:49.105  1327  1327 I Layer   : id=35547 removedFromDrawingState Surface(name=Task=3074)/@0x272455 - animation-leash of app_transition#35547 (146)
03-08 15:13:49.105  1327  1327 I Layer   : Layer [Splash Screen com.example.cmput301w24t33$_2578#35545] hidden!! flag(1)
