03-08 15:13:53.606  1327  1327 D SurfaceFlinger:      DEVICE | 0xb40000744614a4a0 | 0100 | RGBA_8888    |    0.0    0.0 1080.0  126.0 |    0 2274 1080 2400 | NavigationBar0$_2578#89
03-08 15:13:53.606  1327  1327 D SurfaceFlinger:
03-08 15:13:53.607  1472  3543 V WindowManager: Relayout hash=5257faf, pid=26361, syncId=-1: mAttrs={(0,0)(fillxfill) sim={adjust=resize forwardNavigation} ty=BASE_APPLICATION wanim=0x1030309
03-08 15:13:53.607  1472  3543 V WindowManager:   fl=81810100
03-08 15:13:53.607  1472  3543 V WindowManager:   pfl=12020040
03-08 15:13:53.607  1472  3543 V WindowManager:   apr=LIGHT_NAVIGATION_BARS
03-08 15:13:53.607  1472  3543 V WindowManager:   bhv=DEFAULT
03-08 15:13:53.607  1472  3543 V WindowManager:   fitSides= naviIconColor=0
03-08 15:13:53.607  1472  3543 V WindowManager:   sfl=100000}
03-08 15:13:53.607 27916 27916 I ViewRootImpl@5a1a00f[InstrumentationActivityInvoker$EmptyActivity]: performTraversals mFirst=true windowShouldResize=true viewVisibilityChanged=false mForceNextWindowRelayout=false params={(0,0)(fillxfill) sim={adjust=pan forwardNavigation} ty=BASE_APPLICATION
03-08 15:13:53.607 27916 27916 I ViewRootImpl@5a1a00f[InstrumentationActivityInvoker$EmptyActivity]:   fl=81810100
03-08 15:13:53.607 27916 27916 I ViewRootImpl@5a1a00f[InstrumentationActivityInvoker$EmptyActivity]:   pfl=12020040
03-08 15:13:53.607 27916 27916 I ViewRootImpl@5a1a00f[InstrumentationActivityInvoker$EmptyActivity]:   bhv=DEFAULT
03-08 15:13:53.607 27916 27916 I ViewRootImpl@5a1a00f[InstrumentationActivityInvoker$EmptyActivity]:   fitSides= naviIconColor=0
03-08 15:13:53.607 27916 27916 I ViewRootImpl@5a1a00f[InstrumentationActivityInvoker$EmptyActivity]:   sfl=100000}
03-08 15:13:53.607  1472  3543 V WindowManager: Relayout Window{d3c2398 u0 com.example.cmput301w24t33.test/androidx.test.core.app.InstrumentationActivityInvoker$EmptyActivity}: viewVisibility=0 req=1080x2400 d0
03-08 15:13:53.608  1327  2296 I SurfaceFlinger: id=35654 createSurf, flag=40004, com.example.cmput301w24t33.test/androidx.test.core.app.InstrumentationActivityInvoker$EmptyActivity$_27916#35654
03-08 15:13:53.610 26361 26361 I ViewRootImpl@841c411[Organizer]: Relayout returned: old=(0,0,1080,2400) new=(0,0,1080,2400) req=(1080,2400)8 dur=4 res=0x2 s={false 0x0} ch=true seqId=0
03-08 15:13:53.611  1327  2296 I SurfaceFlinger: id=35655 createSurf, flag=24000, Surface(name=c9f16ce StatusBar)/@0xc28a9d9 - animation-leash of insets_animation#35655
03-08 15:13:53.612  1327  2296 I SurfaceFlinger: id=35656 createSurf, flag=24000, Surface(name=296f76f NavigationBar0)/@0x8bb6395 - animation-leash of insets_animation#35656
03-08 15:13:53.613  2578  2578 D SamsungLightBarControlHelper: onStatusBarAppearanceChanged() -  sbModeChanged:false, statusBarMode:MODE_TRANSPARENT, barState:SHADE, isKeyguardShowing:false, navbarColorManagedByIme:false, stackAppearancesChanged:true, (AppearanceRegion{LIGHT_STATUS_BARS bounds=[0,0][1080,2400]}, ), packageName:com.example.cmput301w24t33.test
03-08 15:13:53.613  1472  3543 V WindowManager: Relayout hash=d3c2398, pid=27916, syncId=-1: mAttrs={(0,0)(fillxfill) sim={adjust=pan forwardNavigation} ty=BASE_APPLICATION
03-08 15:13:53.613  1472  3543 V WindowManager:   fl=81810100
03-08 15:13:53.613  1472  3543 V WindowManager:   pfl=12020040
03-08 15:13:53.613  1472  3543 V WindowManager:   apr=LIGHT_NAVIGATION_BARS
03-08 15:13:53.613  1472  3543 V WindowManager:   bhv=DEFAULT
03-08 15:13:53.613  1472  3543 V WindowManager:   fitSides= naviIconColor=0
03-08 15:13:53.613  1472  3543 V WindowManager:   sfl=100000}
03-08 15:13:53.613  2578  2578 D SamsungLightBarControlHelper: updateStatus(BLACK icon) NumStacks:1, StatusBarMode:MODE_TRANSPARENT, lightBarBounds:[Rect(0, 0 - 1080, 2400)], StatusBarState:SHADE, packageName:com.example.cmput301w24t33.test, isWhiteKeyguardStatusBarBySettings:true
03-08 15:13:53.619 27916 27916 I ViewRootImpl@5a1a00f[InstrumentationActivityInvoker$EmptyActivity]: updateBlastSurfaceIfNeeded mBlastBufferQueue=null isSameSurfaceControl=false
03-08 15:13:53.621 27916 27916 I BLASTBufferQueue: new BLASTBufferQueue, mName= ViewRootImpl@5a1a00f[InstrumentationActivityInvoker$EmptyActivity] mNativeObject= 0xb400007ceb0ddc80 sc.mNativeObject= 0xb400007ce103c0c0 caller= android.view.ViewRootImpl.updateBlastSurfaceIfNeeded:2909 android.view.ViewRootImpl.relayoutWindow:9847 android.view.ViewRootImpl.performTraversals:3884 android.view.ViewRootImpl.doTraversal:3116 android.view.ViewRootImpl$TraversalRunnable.run:10885 android.view.Choreographer$CallbackRecord.run:1301 android.view.Choreographer$CallbackRecord.run:1309 android.view.Choreographer.doCallbacks:923 android.view.Choreographer.doFrame:852 android.view.Choreographer$FrameDisplayEventReceiver.run:1283
03-08 15:13:53.621 27916 27916 I BLASTBufferQueue: update, w= 1080 h= 2400 mName = ViewRootImpl@5a1a00f[InstrumentationActivityInvoker$EmptyActivity] mNativeObject= 0xb400007ceb0ddc80 sc.mNativeObject= 0xb400007ce103c0c0 format= -1 caller= android.graphics.BLASTBufferQueue.<init>:84 android.view.ViewRootImpl.updateBlastSurfaceIfNeeded:2909 android.view.ViewRootImpl.relayoutWindow:9847 android.view.ViewRootImpl.performTraversals:3884 android.view.ViewRootImpl.doTraversal:3116 android.view.ViewRootImpl$TraversalRunnable.run:10885
03-08 15:13:53.622  2578  2578 I ViewRootImpl@1c1cd0e[NotificationShade]: performTraversals mFirst=false windowShouldResize=false viewVisibilityChanged=false mForceNextWindowRelayout=false params={(0,0)(fillxfill) gr=TOP CENTER_VERTICAL sim={adjust=resize} layoutInDisplayCutoutMode=always ty=NOTIFICATION_SHADE fmt=TRANSLUCENT
03-08 15:13:53.622  2578  2578 I ViewRootImpl@1c1cd0e[NotificationShade]:   fl=81840048
03-08 15:13:53.622  2578  2578 I ViewRootImpl@1c1cd0e[NotificationShade]:   pfl=1b000000
03-08 15:13:53.622  2578  2578 I ViewRootImpl@1c1cd0e[NotificationShade]:   vsysui=2000
03-08 15:13:53.622  2578  2578 I ViewRootImpl@1c1cd0e[NotificationShade]:   apr=LIGHT_STATUS_BARS
03-08 15:13:53.622  2578  2578 I ViewRootImpl@1c1cd0e[NotificationShade]:   bhv=SHOW_TRANSIENT_BARS_BY_SWIPE naviIconColor=0
03-08 15:13:53.622  2578  2578 I ViewRootImpl@1c1cd0e[NotificationShade]:   sfl=60000}
03-08 15:13:53.622  1472  3543 V WindowManager: Relayout Window{85bfa35 u0 NotificationShade}: viewVisibility=4 req=1080x2400 d0
03-08 15:13:53.623 27916 27916 I ViewRootImpl@5a1a00f[InstrumentationActivityInvoker$EmptyActivity]: Relayout returned: old=(0,0,1080,2400) new=(0,0,1080,2400) req=(1080,2400)0 dur=12 res=0x3 s={true 0xb400007cfb5e6800} ch=true seqId=0
03-08 15:13:53.625 26361 26361 I ViewRootImpl@841c411[Organizer]: stopped(true) old = false
03-08 15:13:53.625 26361 26361 I ViewRootImpl@841c411[Organizer]: WindowStopped on com.example.cmput301w24t33/com.example.cmput301w24t33.activities.Organizer set to true
03-08 15:13:53.625 27916 27939 D OpenGLRenderer: eglCreateWindowSurface
03-08 15:13:53.625 27916 27916 I ViewRootImpl@5a1a00f[InstrumentationActivityInvoker$EmptyActivity]: mThreadedRenderer.initialize() mSurface={isValid=true 0xb400007cfb5e6800} hwInitialized=true
03-08 15:13:53.625  1472  3543 V WindowManager: Relayout hash=85bfa35, pid=2578, syncId=-1: mAttrs={(0,0)(fillxfill) gr=TOP CENTER_VERTICAL sim={adjust=resize} layoutInDisplayCutoutMode=always ty=NOTIFICATION_SHADE fmt=TRANSLUCENT
03-08 15:13:53.625  1472  3543 V WindowManager:   fl=81840048
03-08 15:13:53.625  1472  3543 V WindowManager:   pfl=1b000000
03-08 15:13:53.625  1472  3543 V WindowManager:   vsysui=2000
03-08 15:13:53.625  1472  3543 V WindowManager:   apr=LIGHT_STATUS_BARS
03-08 15:13:53.625  1472  3543 V WindowManager:   bhv=SHOW_TRANSIENT_BARS_BY_SWIPE naviIconColor=0
03-08 15:13:53.625  1472  3543 V WindowManager:   sfl=60000}
03-08 15:13:53.626  2578  2578 I ViewRootImpl@1c1cd0e[NotificationShade]: Relayout returned: old=(0,0,1080,2400) new=(0,0,1080,2400) req=(1080,2400)4 dur=4 res=0x0 s={false 0x0} ch=false seqId=0
03-08 15:13:53.627 27916 27916 I ViewRootImpl@5a1a00f[InstrumentationActivityInvoker$EmptyActivity]: reportNextDraw android.view.ViewRootImpl.performTraversals:4438 android.view.ViewRootImpl.doTraversal:3116 android.view.ViewRootImpl$TraversalRunnable.run:10885 android.view.Choreographer$CallbackRecord.run:1301 android.view.Choreographer$CallbackRecord.run:1309
03-08 15:13:53.627 27916 27916 I ViewRootImpl@5a1a00f[InstrumentationActivityInvoker$EmptyActivity]: Setup new sync id=0
03-08 15:13:53.627 27916 27916 I ViewRootImpl@5a1a00f[InstrumentationActivityInvoker$EmptyActivity]: Setting syncFrameCallback
03-08 15:13:53.627 27916 27916 I ViewRootImpl@5a1a00f[InstrumentationActivityInvoker$EmptyActivity]: registerCallbacksForSync syncBuffer=false
03-08 15:13:53.628  2578  2578 I FaceWidgetPositionAlgorithm: getClockContainerHeight() supplier = 227, bottom margin = 0, real height = 290
03-08 15:13:53.628  2578  2578 I ClockInfoManager: isClockFaceType: type = 9 clockFaceType = 0
03-08 15:13:53.628  2578  2578 D FaceWidgetPositionAlgorithm: getTopMargin scale = 0.8408237, clockContainerHeight = 227, scaleMarginY = 21
03-08 15:13:53.628  2578  2578 I FaceWidgetPositionAlgorithm: getClockContainerHeight() supplier = 227, bottom margin = 63, real height = 290
03-08 15:13:53.628  2578  2578 I FaceWidgetPositionAlgorithm: getMediaContainerHeight() height = 456 container Visibility = 8, isValid = true, mIsDozing = false, fraction = 1.0, source = 0, target = 0
03-08 15:13:53.628  2578  2578 I FaceWidgetPositionAlgorithm: getMediaContainerHeight() supplier = 456
03-08 15:13:53.631 26361 26361 D LifecycleMonitor: Lifecycle status change: com.example.cmput301w24t33.activities.Organizer@fe82730 in: STOPPED
03-08 15:13:53.631 26361 26361 V ActivityScenario: Update currentActivityStage to STOPPED, currentActivity=com.example.cmput301w24t33.activities.Organizer@fe82730
03-08 15:13:53.632 27916 27943 I ViewRootImpl@5a1a00f[InstrumentationActivityInvoker$EmptyActivity]: Received frameDrawingCallback syncResult=0 frameNum=1.
03-08 15:13:53.632 27916 27943 I ViewRootImpl@5a1a00f[InstrumentationActivityInvoker$EmptyActivity]: Setting up sync and frameCommitCallback
03-08 15:13:53.633 26361 26361 I MSHandlerLifeCycle: removeMultiSplitHandler: no exist. decor=DecorView@89dac48[Organizer]
03-08 15:13:53.634 27916 27939 I BLASTBufferQueue: [ViewRootImpl@5a1a00f[InstrumentationActivityInvoker$EmptyActivity]#2](f:0,a:0) onFrameAvailable the first frame is available
03-08 15:13:53.635 26361 26361 D LifecycleMonitor: Lifecycle status change: com.example.cmput301w24t33.activities.Organizer@fe82730 in: DESTROYED
03-08 15:13:53.635  1327  1327 I Layer   : id=35643 removedFromDrawingState Surface(name=c9f16ce StatusBar)/@0xc28a9d9 - animation-leash of insets_animation#35643 (142)
03-08 15:13:53.635 27916 27939 I ViewRootImpl@5a1a00f[InstrumentationActivityInvoker$EmptyActivity]: Received frameCommittedCallback lastAttemptedDrawFrameNum=1 didProduceBuffer=true
03-08 15:13:53.635 26361 26361 V ActivityScenario: Update currentActivityStage to DESTROYED, currentActivity=null
03-08 15:13:53.635  1327  1327 I Layer   : id=35644 removedFromDrawingState Surface(name=296f76f NavigationBar0)/@0x8bb6395 - animation-leash of insets_animation#35644 (142)
03-08 15:13:53.638 26361 26361 I MSHandlerLifeCycle: removeMultiSplitHandler: no exist. decor=DecorView@89dac48[Organizer]
03-08 15:13:53.638  1472  3335 D InputDispatcher: Focus request (0): d3c2398 com.example.cmput301w24t33.test/androidx.test.core.app.InstrumentationActivityInvoker$EmptyActivity but waiting because NO_WINDOW
03-08 15:13:53.638 26361 26463 D OpenGLRenderer: setSurface called with nullptr
03-08 15:13:53.638 26361 26361 I ViewRootImpl@841c411[Organizer]: dispatchDetachedFromWindow
03-08 15:13:53.639  1472  3543 D InputTransport: Input channel destroyed: '5257faf', fd=605
03-08 15:13:53.639  1472  3543 W InputManager-JNI: Input channel object '5257faf com.example.cmput301w24t33/com.example.cmput301w24t33.activities.Organizer (client)' was disposed without first being removed with the input manager!
03-08 15:13:53.639  1472  3543 D InputTransport: Input channel destroyed: '5257faf', fd=741
03-08 15:13:53.640 27916 27939 D OpenGLRenderer: CFMS:: SetUp Pid : 27916    Tid : 27939
03-08 15:13:53.640 27916 27939 W Parcel  : Expecting binder but got null!
03-08 15:13:53.640  1327  3508 I SurfaceFlinger: id=35657 createSurf, flag=24004, Surface(name=a2c6971 InputMethod)/@0x3034fd7 - animation-leash of insets_animation#35657
03-08 15:13:53.641 27916 27916 I ViewRootImpl@5a1a00f[InstrumentationActivityInvoker$EmptyActivity]: onSyncComplete
03-08 15:13:53.641 27916 27916 I ViewRootImpl@5a1a00f[InstrumentationActivityInvoker$EmptyActivity]: setupSync seqId=0 mSyncId=0 fn=1 caller=android.view.ViewRootImpl$$ExternalSyntheticLambda11.accept:6 android.window.SurfaceSyncer.lambda$setupSync$1$android-window-SurfaceSyncer:128 android.window.SurfaceSyncer$$ExternalSyntheticLambda1.accept:8 android.window.SurfaceSyncer$SyncSet.checkIfSyncIsComplete:382 android.window.SurfaceSyncer$SyncSet.markSyncReady:359 android.window.SurfaceSyncer.markSyncReady:151 android.view.ViewRootImpl.performTraversals:4503
03-08 15:13:53.641 27916 27916 I ViewRootImpl@5a1a00f[InstrumentationActivityInvoker$EmptyActivity]: reportDrawFinished seqId=0 mSyncId=-1 fn=1 mSurfaceChangedTransaction=0xb400007c82016500
03-08 15:13:53.644 26361 26361 D InputTransport: Input channel destroyed: '5257faf', fd=110
03-08 15:13:53.645  1327  2296 I SurfaceFlinger: id=35644 Removed Surface(name=296f76f NavigationBar0)/@0x8bb6395 - animation-leash of insets_animation#35644 (143)
03-08 15:13:53.645  1327  2296 I SurfaceFlinger: id=35643 Removed Surface(name=c9f16ce StatusBar)/@0xc28a9d9 - animation-leash of insets_animation#35643 (143)
03-08 15:13:53.645  1327  2296 I SurfaceFlinger: id=35562 Removed Surface(name=a2c6971 InputMethod)/@0x3034fd7 - animation-leash of insets_animation#35562 (143)
03-08 15:13:53.645 12908 12908 I InputMethodService: removeImeSurface
03-08 15:13:53.646 12908 12908 I MSHandlerLifeCycle: check: return. pkg=com.samsung.android.honeyboard isActivity=false callers=com.android.internal.policy.DecorView.setVisibility:4412 android.app.Dialog.hide:767 android.inputmethodservice.InputMethodService.removeImeSurface:1290 android.inputmethodservice.InputMethodService.scheduleImeSurfaceRemoval:1279 android.inputmethodservice.InputMethodService.-$$Nest$mscheduleImeSurfaceRemoval:0
03-08 15:13:53.646 12908 12908 I MSHandlerLifeCycle: removeMultiSplitHandler: no exist. decor=DecorView@df736f9[InputMethod]
03-08 15:13:53.647 26361 26459 I TestRunner: finished: testOrganizerCreateEventFragment(com.example.cmput301w24t33.OrganizerUITest)
