03-08 15:13:46.255  3258  3633 I LauncherActivityInfo: Trying to load live icon for com.sec.android.app.clockpackage
03-08 15:13:46.258  3258  3633 I LiveIconUtil: getLiveIcon was called in ClockPackage
03-08 15:13:46.259  3258  3633 I LiveIconUtil: getLiveIcon res = com.sec.android.app.clockpackage
03-08 15:13:46.259  3258  3633 I LiveIconUtil: stdIconSize : 126 , targetIconSize : 152
03-08 15:13:46.260  3258  3633 I LiveIconUtil: mIconDpi : 640 , mTargetIconDpi : 420
03-08 15:13:46.260  2578  2712 I ViewRootImpl@5b17857[cmput301w24t33]: Received frameDrawingCallback syncResult=0 frameNum=1.
03-08 15:13:46.260  2578  2712 I ViewRootImpl@5b17857[cmput301w24t33]: Setting up sync and frameCommitCallback
03-08 15:13:46.261 27851 22524 I PlayGamesServices[GamesSyncAdapter]: Sync duration for d3bd161c: 14
03-08 15:13:46.262  3258  3258 I TopTaskTracker: onTaskMovedToFront : taskId = 3072
03-08 15:13:46.264  1472  2391 D AS.MultiSoundManager: mForegroundUid = 10451
03-08 15:13:46.265  3258  5771 I ViewRootImpl@133027e[LauncherActivity]: mWNT: t=0xb400007ceb29f600 mBlastBufferQueue=0xb400007ce1f9a400 fn= 6 caller= com.android.systemui.shared.launcher.ViewRootImplCompat.mergeWithNextTransaction:2 com.android.quickstep.util.SurfaceTransactionApplier.lambda$scheduleApply$0:2 com.android.quickstep.util.SurfaceTransactionApplier.b:0
03-08 15:13:46.266  2578  2664 I BLASTBufferQueue: [ViewRootImpl@5b17857[cmput301w24t33]#943](f:0,a:0) onFrameAvailable the first frame is available
03-08 15:13:46.267  1472  2964 D InputMethodManagerService: isImeSwitcherDisabledPackage : false
03-08 15:13:46.267  2578  2664 I ViewRootImpl@5b17857[cmput301w24t33]: Received frameCommittedCallback lastAttemptedDrawFrameNum=1 didProduceBuffer=true
03-08 15:13:46.268 12908 12908 I InputMethodService: removeImeSurface
03-08 15:13:46.268 12908 12908 I MSHandlerLifeCycle: check: return. pkg=com.samsung.android.honeyboard isActivity=false callers=com.android.internal.policy.DecorView.setVisibility:4412 android.app.Dialog.hide:767 android.inputmethodservice.InputMethodService.removeImeSurface:1290 android.inputmethodservice.InputMethodService.scheduleImeSurfaceRemoval:1279 android.inputmethodservice.InputMethodService.-$$Nest$mscheduleImeSurfaceRemoval:0
03-08 15:13:46.268 12908 12908 I MSHandlerLifeCycle: removeMultiSplitHandler: no exist. decor=DecorView@df736f9[InputMethod]
03-08 15:13:46.270  1180  1180 I Zygote  : Process 27620 exited due to signal 9 (Killed)
03-08 15:13:46.270  2578  2664 D OpenGLRenderer: CFMS:: SetUp Pid : 2578    Tid : 2664
03-08 15:13:46.271  1472  2376 D ConnectivityService: releasing NetworkRequest [ REQUEST id=7875, [ Capabilities: INTERNET&NOT_RESTRICTED&TRUSTED&NOT_VCN_MANAGED Uid: 10233 RequestorUid: 10233 RequestorPkg: com.android.vending UnderlyingNetworks: Null] ] (release request)
03-08 15:13:46.271  1472  2376 D ConnectivityService:  Removing from current network [162 WIFI], leaving 145 requests.
03-08 15:13:46.271  2578  2664 W Parcel  : Expecting binder but got null!
03-08 15:13:46.273  1327  1327 I Layer   : id=35455 removedFromDrawingState Surface(name=a2c6971 InputMethod)/@0x3034fd7 - animation-leash of insets_animation#35455 (142)
03-08 15:13:46.274  1472  5212 D InputDispatcher: Focus request (0): <null> but waiting because NOT_FOCUSABLE
03-08 15:13:46.274  1472  5212 D InputDispatcher: Focus left window (0): 25ecb59 com.sec.android.app.launcher/com.sec.android.app.launcher.activities.LauncherActivity
03-08 15:13:46.278  2578  2656 I ViewRootImpl@5b17857[cmput301w24t33]: onSyncComplete
03-08 15:13:46.278 26361 26361 D LifecycleMonitor: Lifecycle status change: com.example.cmput301w24t33.activities.Attendee@a25c9e0 in: PRE_ON_CREATE
03-08 15:13:46.278  2578  2656 I ViewRootImpl@5b17857[cmput301w24t33]: setupSync seqId=0 mSyncId=0 fn=1 caller=android.view.ViewRootImpl$$ExternalSyntheticLambda11.accept:6 android.window.SurfaceSyncer.lambda$setupSync$1$android-window-SurfaceSyncer:128 android.window.SurfaceSyncer$$ExternalSyntheticLambda1.accept:8 android.window.SurfaceSyncer$SyncSet.checkIfSyncIsComplete:382 android.window.SurfaceSyncer$SyncSet.markSyncReady:359 android.window.SurfaceSyncer.markSyncReady:151 android.view.ViewRootImpl.performTraversals:4503
03-08 15:13:46.279  2578  2656 I ViewRootImpl@5b17857[cmput301w24t33]: reportDrawFinished seqId=0 mSyncId=-1 fn=1 mSurfaceChangedTransaction=0xb400007ceb29c000
03-08 15:13:46.279  1244  3899 I vendor.qti.bluetooth@1.0-ibs_handler: ProcessIbsCmd: Received IBS_SLEEP_IND: 0xFE
03-08 15:13:46.279 26361 26361 V ActivityScenario: Activity lifecycle changed event received but ignored because the reported transition was not ON_CREATE while the last known transition was PRE_ON_CREATE
03-08 15:13:46.279  1244  3899 D vendor.qti.bluetooth@1.0-ibs_handler: SerialClockVote: vote for UART CLK OFF
03-08 15:13:46.279  3258  3258 I ViewRootImpl@133027e[LauncherActivity]: MSG_WINDOW_FOCUS_CHANGED 0 0
03-08 15:13:46.279  3258  3258 I BaseActivity: removeActivityFlags, flags : 8
03-08 15:13:46.280  3258  5770 I ViewRootImpl@133027e[LauncherActivity]: mWNT: t=0xb400007ceb29fa00 mBlastBufferQueue=0xb400007ce1f9a400 fn= 7 caller= com.android.systemui.shared.launcher.ViewRootImplCompat.mergeWithNextTransaction:2 com.android.quickstep.util.SurfaceTransactionApplier.lambda$scheduleApply$0:2 com.android.quickstep.util.SurfaceTransactionApplier.b:0
03-08 15:13:46.286  2578  2578 I ViewRootImpl@1c1cd0e[NotificationShade]: performTraversals mFirst=false windowShouldResize=false viewVisibilityChanged=false mForceNextWindowRelayout=false params={(0,0)(fillxfill) gr=TOP CENTER_VERTICAL sim={adjust=resize} layoutInDisplayCutoutMode=always ty=NOTIFICATION_SHADE fmt=TRANSLUCENT
03-08 15:13:46.286  2578  2578 I ViewRootImpl@1c1cd0e[NotificationShade]:   fl=81840048
03-08 15:13:46.286  2578  2578 I ViewRootImpl@1c1cd0e[NotificationShade]:   pfl=1b000000
03-08 15:13:46.286  2578  2578 I ViewRootImpl@1c1cd0e[NotificationShade]:   vsysui=2000
03-08 15:13:46.286  2578  2578 I ViewRootImpl@1c1cd0e[NotificationShade]:   apr=LIGHT_STATUS_BARS
03-08 15:13:46.286  2578  2578 I ViewRootImpl@1c1cd0e[NotificationShade]:   bhv=SHOW_TRANSIENT_BARS_BY_SWIPE naviIconColor=0
03-08 15:13:46.286  2578  2578 I ViewRootImpl@1c1cd0e[NotificationShade]:   sfl=60000}
03-08 15:13:46.288  1327  3508 I SurfaceFlinger: id=35468 createSurf, flag=24000, Surface(name=Task=1)/@0x464f238 - animation-leash of app_transition#35468
03-08 15:13:46.289 26361 26361 I DecorView: [INFO] isPopOver=false config=true
03-08 15:13:46.289 26361 26361 I DecorView: updateCaptionType: isFloating=false isApplication=true hasWindowDecorCaption=false this=DecorView@d36f4f8[]
03-08 15:13:46.289 26361 26361 D DecorView: setCaptionType = 0, this = DecorView@d36f4f8[]
03-08 15:13:46.291  1327  1413 I SurfaceFlinger: id=35469 createSurf, flag=24004, Surface(name=Task=3072)/@0xd4b395 - animation-leash of app_transition#35469
03-08 15:13:46.294  1327  1414 I SurfaceFlinger: id=35470 createSurf, flag=80000, b58d19f ActivityRecordInputSink com.example.cmput301w24t33/.activities.Attendee#35470
03-08 15:13:46.295  1472  2020 I libprocessgroup: Successfully killed process cgroup uid 10233 pid 27620 in 0ms
03-08 15:13:46.296  3258  5771 I ViewRootImpl@133027e[LauncherActivity]: mWNT: t=0xb400007c81fa1b00 mBlastBufferQueue=0xb400007ce1f9a400 fn= 8 caller= com.android.systemui.shared.launcher.ViewRootImplCompat.mergeWithNextTransaction:2 com.android.quickstep.util.SurfaceTransactionApplier.lambda$scheduleApply$0:2 com.android.quickstep.util.SurfaceTransactionApplier.b:0
03-08 15:13:46.297  7315 27878 I NetworkScheduler.Stats: (REDACTED) Task %s/%s finished executing. cause:%s result: %s elapsed_millis: %s uptime_millis: %s exec_start_elapsed_seconds: %s
03-08 15:13:46.297 26361 26361 I DecorView: getCurrentDensityDpi: from real metrics. densityDpi=420 msg=resources_loaded
03-08 15:13:46.297 26361 26361 I DecorView: setWindowBackground: isPopOver=false color=ffffffff d=android.graphics.drawable.ColorDrawable@3b3c036
03-08 15:13:46.298  2578  2643 D Bubbles : onLocusVisibilityChanged: LocusId[17_chars] visible=false
03-08 15:13:46.299  1472  5212 V WindowManager: Relayout Window{85bfa35 u0 NotificationShade}: viewVisibility=4 req=1080x2400 d0
03-08 15:13:46.306  1472  5212 V WindowManager: Relayout hash=85bfa35, pid=2578, syncId=-1: mAttrs={(0,0)(fillxfill) gr=TOP CENTER_VERTICAL sim={adjust=resize} layoutInDisplayCutoutMode=always ty=NOTIFICATION_SHADE fmt=TRANSLUCENT
03-08 15:13:46.306  1472  5212 V WindowManager:   fl=81840048
03-08 15:13:46.306  1472  5212 V WindowManager:   pfl=1b000000
03-08 15:13:46.306  1472  5212 V WindowManager:   vsysui=2000
03-08 15:13:46.306  1472  5212 V WindowManager:   apr=LIGHT_STATUS_BARS
03-08 15:13:46.306  1472  5212 V WindowManager:   bhv=SHOW_TRANSIENT_BARS_BY_SWIPE naviIconColor=0
03-08 15:13:46.306  1472  5212 V WindowManager:   sfl=60000}
03-08 15:13:46.306  1327  1327 I Layer   : id=35461 removedFromDrawingState Surface(name=Task=1)/@0x464f238 - animation-leash of app_transition#35461 (145)
03-08 15:13:46.306  1327  1327 I Layer   : Layer [Splash Screen com.example.cmput301w24t33$_2578#35466] hidden!! flag(0)
03-08 15:13:46.306  7315 27878 I NetworkScheduler.Stats: (REDACTED) Task %s/%s finished executing. cause:%s result: %s elapsed_millis: %s uptime_millis: %s exec_start_elapsed_seconds: %s
03-08 15:13:46.309  2578  2578 I ViewRootImpl@1c1cd0e[NotificationShade]: Relayout returned: old=(0,0,1080,2400) new=(0,0,1080,2400) req=(1080,2400)4 dur=22 res=0x0 s={false 0x0} ch=false seqId=0
03-08 15:13:46.310  3258  3633 I AppIconSolution: ColorTheme icon has returned, isNoAdaptive = false, isOnlyBG = false
03-08 15:13:46.311  3258  3633 I LauncherActivityInfo: packageName: com.sec.android.app.clockpackage, useThemeIcon: false, height: 216, width: 216, density: 640
03-08 15:13:46.313  1327  1327 D SurfaceFlinger: Display 4630947232161729153 HWC layers:
03-08 15:13:46.313  1327  1327 D SurfaceFlinger:      DEVICE | 0xb400007446147f00 | 0100 | RGBx_8888    |  157.0   10.0 1227.0 2390.0 |    0    0 1080 2400 | Wallpaper BBQ wrapper#88
03-08 15:13:46.313  1327  1327 D SurfaceFlinger:      DEVICE | 0xb40000745d065700 | 0100 | RGBA_8888    |    0.0    0.0 1080.0 2400.0 |    0    0 1080 2400 | com.sec.android.app.launcher/com.sec[...]ivities.LauncherActivity$_3258#35456
03-08 15:13:46.313  1327  1327 D SurfaceFlinger:      DEVICE | 0xb400007446147b80 | 0100 | RGBA_8888    |    0.0    0.0 1080.0   91.0 |    0    0 1080   91 | StatusBar$_2578#95
03-08 15:13:46.313  1327  1327 D SurfaceFlinger:      DEVICE | 0xb400007446147bf0 | 0100 | RGBA_8888    |    0.0    0.0   67.0  515.0 |    0  301   67  816 | com.samsung.android.app.cocktailbars[...]rvice.CocktailBarService$_5242#35333
03-08 15:13:46.313  1327  1327 D SurfaceFlinger:      DEVICE | 0xb400007446149b70 | 0100 | RGBA_8888    |    0.0    0.0 1080.0  126.0 |    0 2274 1080 2400 | NavigationBar0$_2578#89
03-08 15:13:46.313  1327  1327 D SurfaceFlinger:
03-08 15:13:46.314  5242  5242 I ActivityUtils: HomePackage : com.sec.android.app.launcher, resumePackageName : com.example.cmput301w24t33
03-08 15:13:46.316  2578  2578 I FaceWidgetPositionAlgorithm: getClockContainerHeight() supplier = 227, bottom margin = 0, real height = 290
03-08 15:13:46.316  2578  2578 I ClockInfoManager: isClockFaceType: type = 9 clockFaceType = 0
03-08 15:13:46.316  2578  2578 D FaceWidgetPositionAlgorithm: getTopMargin scale = 0.8408237, clockContainerHeight = 227, scaleMarginY = 21
03-08 15:13:46.316  2578  2578 I FaceWidgetPositionAlgorithm: getClockContainerHeight() supplier = 227, bottom margin = 63, real height = 290
03-08 15:13:46.316  2578  2578 I FaceWidgetPositionAlgorithm: getMediaContainerHeight() height = 456 container Visibility = 8, isValid = true, mIsDozing = false, fraction = 1.0, source = 0, target = 0
03-08 15:13:46.316  2578  2578 I FaceWidgetPositionAlgorithm: getMediaContainerHeight() supplier = 456
03-08 15:13:46.318  3407  3407 W DeviceManager_FLP: onTrimMemory : 10
03-08 15:13:46.318  4995  4995 W DMASA[U]: [AppLogData]onTrimMemory(10):1709936026318
03-08 15:13:46.319  3407  3453 I GpsSessionManager_FLP: arrangeInvalidSessions
03-08 15:13:46.320  1472  3678 I MediaSessionMonitor: Media session stopped : diffrent pkg
03-08 15:13:46.320 10975 10975 I MCFQS   : (DeviceConnectionService) onTrimMemory()-[td:main] level: 10
03-08 15:13:46.322  3258  5770 I ViewRootImpl@133027e[LauncherActivity]: mWNT: t=0xb400007c81fa1c00 mBlastBufferQueue=0xb400007ce1f9a400 fn= 9 caller= com.android.systemui.shared.launcher.ViewRootImplCompat.mergeWithNextTransaction:2 com.android.quickstep.util.SurfaceTransactionApplier.lambda$scheduleApply$0:2 com.android.quickstep.util.SurfaceTransactionApplier.b:0
03-08 15:13:46.322  2578  2578 D SystemUIService: SYSUI_RAM_OPTIMIZATION onTrimMemory=10
03-08 15:13:46.327  3258  3633 I LiveIconLoader: [Calendar] LiveIcon - stdIconSize : 126 , targetIconSize : 152
03-08 15:13:46.327 26361 26361 D ContentValues: Attendee Android ID: 6d2d326bbbe75ba1
03-08 15:13:46.327  3258  3633 I LiveIconLoader: [Calendar] LiveIcon - sIconDpi : 640 , targetIconDpi : 420
03-08 15:13:46.328  1327  1327 D SurfaceFlinger: Display 4630947232161729153 HWC layers:
03-08 15:13:46.328  1327  1327 D SurfaceFlinger:      DEVICE | 0xb400007446147f00 | 0100 | RGBx_8888    |  157.0   10.0 1227.0 2390.0 |    0    0 1080 2400 | Wallpaper BBQ wrapper#88
03-08 15:13:46.328  1327  1327 D SurfaceFlinger:      DEVICE | 0xb40000745d065700 | 0100 | RGBA_8888    |    0.0    0.0 1080.0 2400.0 |    0    0 1080 2400 | com.sec.android.app.launcher/com.sec[...]ivities.LauncherActivity$_3258#35456
03-08 15:13:46.328  1327  1327 D SurfaceFlinger:      DEVICE | 0xb40000745d065770 | 0100 | RGBA_8888    |    0.0    0.0 1080.0 2400.0 |   76  168 1004 2232 | Splash Screen com.example.cmput301w24t33$_2578#35466
03-08 15:13:46.328  1327  1327 D SurfaceFlinger:      DEVICE | 0xb400007446147b80 | 0100 | RGBA_8888    |    0.0    0.0 1080.0   91.0 |    0    0 1080   91 | StatusBar$_2578#95
03-08 15:13:46.328  1327  1327 D SurfaceFlinger:      DEVICE | 0xb400007446147bf0 | 0100 | RGBA_8888    |    0.0    0.0   67.0  515.0 |    0  301   67  816 | com.samsung.android.app.cocktailbars[...]rvice.CocktailBarService$_5242#35333
03-08 15:13:46.328  1327  1327 D SurfaceFlinger:      DEVICE | 0xb400007446149b70 | 0100 | RGBA_8888    |    0.0    0.0 1080.0  126.0 |    0 2274 1080 2400 | NavigationBar0$_2578#89
03-08 15:13:46.328  1327  1327 D SurfaceFlinger:
03-08 15:13:46.328 26361 26361 D FadeMove:  GET USER LiveData single user: null
03-08 15:13:46.329  3258  3633 W LiveIconLoader: System font not found, reverting to Roboto.
03-08 15:13:46.329  3258  5771 I ViewRootImpl@133027e[LauncherActivity]: mWNT: t=0xb400007c81fca500 mBlastBufferQueue=0xb400007ce1f9a400 fn= 10 caller= com.android.systemui.shared.launcher.ViewRootImplCompat.mergeWithNextTransaction:2 com.android.quickstep.util.SurfaceTransactionApplier.lambda$scheduleApply$0:2 com.android.quickstep.util.SurfaceTransactionApplier.b:0
03-08 15:13:46.331 26361 26361 D LifecycleMonitor: Lifecycle status change: com.example.cmput301w24t33.activities.Attendee@a25c9e0 in: CREATED
03-08 15:13:46.331 26361 26361 V ActivityScenario: Update currentActivityStage to CREATED, currentActivity=com.example.cmput301w24t33.activities.Attendee@a25c9e0
03-08 15:13:46.336 27808 27808 I Finsky:background: [2] uuk.onTrimMemory(13): Memory trim requested to level 10
03-08 15:13:46.336 26361 26361 D LifecycleMonitor: Lifecycle status change: com.example.cmput301w24t33.activities.Attendee@a25c9e0 in: STARTED
03-08 15:13:46.336 26361 26361 V ActivityScenario: Update currentActivityStage to STARTED, currentActivity=com.example.cmput301w24t33.activities.Attendee@a25c9e0
03-08 15:13:46.337 26361 26361 D ContentValues: RESUME
03-08 15:13:46.338 26361 26361 D LifecycleMonitor: Lifecycle status change: com.example.cmput301w24t33.activities.Attendee@a25c9e0 in: RESUMED
03-08 15:13:46.338 26361 26361 V ActivityScenario: Update currentActivityStage to RESUMED, currentActivity=com.example.cmput301w24t33.activities.Attendee@a25c9e0
03-08 15:13:46.339  3258  3633 I LiveIconLoader: [Calendar] getLiveIcon - Date: 8
03-08 15:13:46.339 26361 26361 I MSHandlerLifeCycle: check: return. pkg=com.example.cmput301w24t33 parent=null callers=com.android.internal.policy.DecorView.setVisibility:4412 android.app.ActivityThread.handleResumeActivity:5476 android.app.servertransaction.ResumeActivityItem.execute:54 android.app.servertransaction.ActivityTransactionItem.execute:45 android.app.servertransaction.TransactionExecutor.executeLifecycleState:176
03-08 15:13:46.339 26361 26361 I MSHandlerLifeCycle: removeMultiSplitHandler: no exist. decor=DecorView@d36f4f8[]
03-08 15:13:46.340 12908 12908 I HBD     : HoneyBoardService onTrimMemory 10
03-08 15:13:46.342  3258  3633 I AppIconSolution: load= live icon for com.samsung.android.calendar, from overlay = false
03-08 15:13:46.343  3258  5770 I ViewRootImpl@133027e[LauncherActivity]: mWNT: t=0xb400007c81fca600 mBlastBufferQueue=0xb400007ce1f9a400 fn= 11 caller= com.android.systemui.shared.launcher.ViewRootImplCompat.mergeWithNextTransaction:2 com.android.quickstep.util.SurfaceTransactionApplier.lambda$scheduleApply$0:2 com.android.quickstep.util.SurfaceTransactionApplier.b:0
03-08 15:13:46.344 26361 26463 D NativeCustomFrequencyManager: [NativeCFMS] BpCustomFrequencyManager::BpCustomFrequencyManager()
03-08 15:13:46.348  1472  5037 D InputTransport: Input channel constructed: '438526f', fd=741
03-08 15:13:46.349  3258  3633 I LauncherActivityInfo: Trying to load live icon for com.samsung.android.calendar
03-08 15:13:46.348  1472  5037 D InputTransport: Input channel constructed: '438526f', fd=756
03-08 15:13:46.351  1472  5037 D InputTransport: Input channel constructed: '438526f', fd=759
03-08 15:13:46.351 27808 27808 I Finsky:background: [2] uuk.onTrimMemory(13): Memory trim requested to level 60
03-08 15:13:46.351  1327  1413 I SurfaceFlinger: id=35471 createSurf, flag=80004, 438526f com.example.cmput301w24t33/com.example.cmput301w24t33.activities.Attendee#35471
03-08 15:13:46.352  3258  3633 I LiveIconLoader: [Calendar] LiveIcon - stdIconSize : 126 , targetIconSize : 152
03-08 15:13:46.352  3258  3633 I LiveIconLoader: [Calendar] LiveIcon - sIconDpi : 640 , targetIconDpi : 420
03-08 15:13:46.352  1472  5037 D InputTransport: Input channel destroyed: '438526f', fd=759
03-08 15:13:46.353  3258  3633 W LiveIconLoader: System font not found, reverting to Roboto.
03-08 15:13:46.355 26361 26361 D InsetsController: onStateChanged: InsetsState: {mDisplayFrame=Rect(0, 0 - 1080, 2400), mDisplayCutout=DisplayCutout{insets=Rect(0, 91 - 0, 0) waterfall=Insets{left=0, top=0, right=0, bottom=0} boundingRect={Bounds=[Rect(0, 0 - 0, 0), Rect(503, 0 - 577, 91), Rect(0, 0 - 0, 0), Rect(0, 0 - 0, 0)]} cutoutPathParserInfo={CutoutPathParserInfo{displayWidth=1080 displayHeight=2400 physicalDisplayWidth=1080 physicalDisplayHeight=2400 density={2.625} cutoutSpec={M 0,0 H -14.0952380952381 V 34.66666666666667 H 14.0952380952381 V 0 H 0 Z @dp} rotation={0} scale={1.0} physicalPixelDisplaySizeRatio={1.0}}}}, mRoundedCorners=RoundedCorners{[RoundedCorner{position=TopLeft, radius=84, center=Point(84, 84)}, RoundedCorner{position=TopRight, radius=84, center=Point(996, 84)}, RoundedCorner{position=BottomRight, radius=84, center=Point(996, 2316)}, RoundedCorner{position=BottomLeft, radius=84, center=Point(84, 2316)}]}  mRoundedCornerFrame=Rect(0, 0 - 1080, 2400), mPrivacyIndicatorBounds=PrivacyIndicatorBounds {static bounds=Rect(964, 0 - 1080, 91) rotation=0}, mSources= { InsetsSource: {mType=ITYPE_STATUS_BAR, mFrame=[0,0][1080,91], mVisible=true, mInsetsRoundedCornerFrame=false}, InsetsSource: {mType=ITYPE_NAVIGATION_BAR, mFrame=[0,2274][1080,2400], mVisible=true, mInsetsRoundedCornerFrame=false}, InsetsSource: {mType=ITYPE_LEFT_GESTURES, mFrame=[0,0][0,2400], mVisible=true, mInsetsRoundedCornerFrame=false}, InsetsSource: {mType=ITYPE_RIGHT_GESTURES, mFrame=[1080,0][1080,2400], mVisible=true, mInsetsRoundedCornerFrame=false}, InsetsSource: {mType=ITYPE_TOP_MANDATORY_GESTURES, mFrame=[0,0][1080,123], mVisible=true, mInsetsRoundedCornerFrame=false}, InsetsSource: {mType=ITYPE_BOTTOM_MANDATORY_GESTURES, mFrame=[0,2274][1080,2400], mVisible=true, mInsetsRoundedCornerFrame=false}, InsetsSource: {mType=ITYPE_LEFT_DISPLAY_CUTOUT, mFrame=[0,0][-100000,2400], mVisible=true, mInsetsRoundedCornerFrame=false}, InsetsSource: {mType=ITYPE_TOP_DISPLAY_CUTOUT, mFrame=[0,0][1080,91], mVisible=true, mInsetsRoundedCornerFrame=false}, InsetsSource: {mType=ITYPE_RIGHT_DISPLAY_CUTOUT, mFrame=[100000,0][1080,2400], mVisible=true, mInsetsRoundedCornerFrame=false}, InsetsSource: {mType=ITYPE_BOTTOM_DISPLAY_CUTOUT, mFrame=[0,100000][1080,2400], mVisible=true, mInsetsRoundedCornerFrame=false}, InsetsSource: {mType=ITYPE_TOP_TAPPABLE_ELEMENT, mFrame=[0,0][1080,91], mVisible=true, mInsetsRoundedCornerFrame=false}, InsetsSource: {mType=ITYPE_BOTTOM_TAPPABLE_ELEMENT, mFrame=[0,2274][1080,2400], mVisible=true, mInsetsRoundedCornerFrame=false}, InsetsSource: {mType=ITYPE_IME, mFrame=[0,0][0,0], mVisibleFrame=[0,1409][1080,2400], mVisible=false, mInsetsRoundedCornerFrame=false} } host=com.example.cmput301w24t33/com.example.cmput301w24t33.activities.Attendee from=android.view.ViewRootImpl.setView:1732
03-08 15:13:46.356  4995  4995 I id.diagmonagent: Explicit concurrent copying GC freed 192(48KB) AllocSpace objects, 0(0B) LOS objects, 70% free, 2629KB/8773KB, paused 69us,35us total 37.647ms
03-08 15:13:46.357 26361 26361 I ViewRootImpl@b3bb840[Attendee]: setView = com.android.internal.policy.DecorView@d36f4f8 TM=true
03-08 15:13:46.358 26361 26361 I MSHandlerLifeCycle: removeMultiSplitHandler: no exist. decor=DecorView@d36f4f8[Attendee]
03-08 15:13:46.362  3258  3633 I LiveIconLoader: [Calendar] getLiveIcon - Date: 8
03-08 15:13:46.362  3258  3633 I AppIconSolution: ColorTheme icon has returned, isNoAdaptive = false, isOnlyBG = false
03-08 15:13:46.362  3258  3633 I LauncherActivityInfo: packageName: com.samsung.android.calendar, useThemeIcon: false, height: 384, width: 384, density: 640
03-08 15:13:46.363  3258  5771 I ViewRootImpl@133027e[LauncherActivity]: mWNT: t=0xb400007c82004000 mBlastBufferQueue=0xb400007ce1f9a400 fn= 12 caller= com.android.systemui.shared.launcher.ViewRootImplCompat.mergeWithNextTransaction:2 com.android.quickstep.util.SurfaceTransactionApplier.lambda$scheduleApply$0:2 com.android.quickstep.util.SurfaceTransactionApplier.b:0
03-08 15:13:46.363  4995  4995 W DMASA[C]: [DiagMonAgentApplication]onTrimMemory (10)
03-08 15:13:46.366  3258  9968 I RecentModel: onTaskStackChangedBackground
03-08 15:13:46.374 27851 31409 I GetServiceValidatorImpl: (REDACTED) onGetService() from Client SDK version [%s], Module version [%s], PGA version [%s], Account [%s], Calling package [%s], Game package [%s]
03-08 15:13:46.375  3258  5770 I ViewRootImpl@133027e[LauncherActivity]: mWNT: t=0xb400007c82004100 mBlastBufferQueue=0xb400007ce1f9a400 fn= 13 caller= com.android.systemui.shared.launcher.ViewRootImplCompat.mergeWithNextTransaction:2 com.android.quickstep.util.SurfaceTransactionApplier.lambda$scheduleApply$0:2 com.android.quickstep.util.SurfaceTransactionApplier.b:0
03-08 15:13:46.376 27851 31409 W GetGamesServiceReqFacto: Parsing request with ignored arguments. signInOptionsBundle [Bundle[{com.google.android.gms.signin.internal.serverClientId=null, com.google.android.gms.signin.internal.usePromptModeForAuthCode=true, com.google.android.gms.signin.internal.logSessionId=null, com.google.android.gms.signin.internal.hostedDomain=null, com.google.android.gms.signin.internal.offlineAccessRequested=false, com.google.android.gms.signin.internal.waitForAccessTokenRefresh=false, com.google.android.gms.signin.internal.clientRequestedAccount=Account {name=<<default account>>, type=com.google}, com.google.android.gms.signin.internal.idTokenRequested=false, com.google.android.gms.signin.internal.forceCodeForRefreshToken=false}]], isRetryingSignIn [false], skipWelcomePopup [false], requireGooglePlus [false]
03-08 15:13:46.377 27851 31409 I GetGamesServiceReqFacto: Replacing request for `games` scope with `games_lite`
03-08 15:13:46.386 26361 26361 I ViewRootImpl@b3bb840[Attendee]: performTraversals params={(0,0)(fillxfill) sim={adjust=resize forwardNavigation} ty=BASE_APPLICATION wanim=0x1030309
03-08 15:13:46.386 26361 26361 I ViewRootImpl@b3bb840[Attendee]:   fl=81810100
03-08 15:13:46.386 26361 26361 I ViewRootImpl@b3bb840[Attendee]:   pfl=12020040
03-08 15:13:46.386 26361 26361 I ViewRootImpl@b3bb840[Attendee]:   bhv=DEFAULT
03-08 15:13:46.386 26361 26361 I ViewRootImpl@b3bb840[Attendee]:   fitSides= naviIconColor=0
03-08 15:13:46.386 26361 26361 I ViewRootImpl@b3bb840[Attendee]:   sfl=100000}
03-08 15:13:46.389 26361 26361 I ViewRootImpl@b3bb840[Attendee]: performTraversals mFirst=true windowShouldResize=true viewVisibilityChanged=false mForceNextWindowRelayout=false params={(0,0)(fillxfill) sim={adjust=resize forwardNavigation} ty=BASE_APPLICATION wanim=0x1030309
03-08 15:13:46.389 26361 26361 I ViewRootImpl@b3bb840[Attendee]:   fl=81810100
03-08 15:13:46.389 26361 26361 I ViewRootImpl@b3bb840[Attendee]:   pfl=12020040
03-08 15:13:46.389 26361 26361 I ViewRootImpl@b3bb840[Attendee]:   bhv=DEFAULT
03-08 15:13:46.389 26361 26361 I ViewRootImpl@b3bb840[Attendee]:   fitSides= naviIconColor=0
03-08 15:13:46.389 26361 26361 I ViewRootImpl@b3bb840[Attendee]:   sfl=100000}
03-08 15:13:46.389  1472  3480 V WindowManager: Relayout Window{438526f u0 com.example.cmput301w24t33/com.example.cmput301w24t33.activities.Attendee}: viewVisibility=0 req=1080x2400 d0
03-08 15:13:46.390  3258  3258 W AppTransitionAnimatorImpl: onAnimationEnd - APP OUT, Execution time for each frame : Start-(1)-0-(0)-0-(4)-0-(17)-0-(55)-1-(31)-0-(11)-5-(11)-1-(16)-1-(17)-1-(14)-1-(19)-1-(14)-0-(15)-1-End
03-08 15:13:46.390  1327  2296 I SurfaceFlinger: id=35472 createSurf, flag=40004, com.example.cmput301w24t33/com.example.cmput301w24t33.activities.Attendee$_26361#35472
03-08 15:13:46.390  3258  3258 I AppTransitionAnimatorImpl: resetContentView
03-08 15:13:46.390  3258  3258 I AnimationResult: AnimationResult finish : onAnimationEnd
03-08 15:13:46.390  3258  3258 I AnimationResult: finish : false, null
03-08 15:13:46.390  3258  3627 I AnimationResult: finish callback : null
03-08 15:13:46.391  3258  5771 I ViewRootImpl@133027e[LauncherActivity]: mWNT: t=0xb400007c82004700 mBlastBufferQueue=0xb400007ce1f9a400 fn= 14 caller= com.android.systemui.shared.launcher.ViewRootImplCompat.mergeWithNextTransaction:2 com.android.quickstep.util.SurfaceTransactionApplier.lambda$scheduleApply$0:2 com.android.quickstep.util.SurfaceTransactionApplier.b:0
03-08 15:13:46.393  1327  3508 I SurfaceFlinger: id=35473 createSurf, flag=24000, Surface(name=c9f16ce StatusBar)/@0xc28a9d9 - animation-leash of insets_animation#35473
03-08 15:13:46.393  1327  3508 I SurfaceFlinger: id=35474 createSurf, flag=24000, Surface(name=296f76f NavigationBar0)/@0x8bb6395 - animation-leash of insets_animation#35474
03-08 15:13:46.394  2578  2578 D NavigationBar: onSystemBarAttributesChanged() -  displayId:0, appearance:16, packageName: com.example.cmput301w24t33 (APPEARANCE_LIGHT_NAVIGATION_BARS ), navbarColorManagedByIme:false
03-08 15:13:46.395  3258  9968 I TouchInteractionService: onSystemUiStateChanged, stateFlags : 131072 |allow_gesture|
03-08 15:13:46.395  1472  3480 V WindowManager: Relayout hash=438526f, pid=26361, syncId=-1: mAttrs={(0,0)(fillxfill) sim={adjust=resize forwardNavigation} ty=BASE_APPLICATION wanim=0x1030309
03-08 15:13:46.395  1472  3480 V WindowManager:   fl=81810100
03-08 15:13:46.395  1472  3480 V WindowManager:   pfl=12020040
03-08 15:13:46.395  1472  3480 V WindowManager:   apr=LIGHT_NAVIGATION_BARS
03-08 15:13:46.395  1472  3480 V WindowManager:   bhv=DEFAULT
03-08 15:13:46.395  1472  3480 V WindowManager:   fitSides= naviIconColor=0
03-08 15:13:46.395  1472  3480 V WindowManager:   sfl=100000}
03-08 15:13:46.397 27373 27373 I ViewRootImpl@8f2ec40[InstrumentationActivityInvoker$EmptyActivity]: handleAppVisibility mAppVisible = true visible = false
03-08 15:13:46.397  3258  3258 I RecentsAnimationDeviceState: setSystemUiFlags, stateFlags : 131072
03-08 15:13:46.397  3258  3258 I TouchInteractionService: onSystemUiFlagsChanged, lastSysUIFlags : 0
03-08 15:13:46.398 27851 27891 I SignInPerformer-2: (REDACTED) Handling request [%s], isFirstPartyCaller [%s]
03-08 15:13:46.399 26361 26361 I ViewRootImpl@b3bb840[Attendee]: updateBlastSurfaceIfNeeded mBlastBufferQueue=null isSameSurfaceControl=false
03-08 15:13:46.399 27851 27891 I SignInPerformer-2: Successfully brokered first-party unauthenticated GamesService [CONTEXT service_id=1 ]
03-08 15:13:46.400 26361 26361 I BLASTBufferQueue: new BLASTBufferQueue, mName= ViewRootImpl@b3bb840[Attendee] mNativeObject= 0xb400007cfb5f3500 sc.mNativeObject= 0xb400007c50b910a0 caller= android.view.ViewRootImpl.updateBlastSurfaceIfNeeded:2909 android.view.ViewRootImpl.relayoutWindow:9847 android.view.ViewRootImpl.performTraversals:3884 android.view.ViewRootImpl.doTraversal:3116 android.view.ViewRootImpl$TraversalRunnable.run:10885 android.view.Choreographer$CallbackRecord.run:1301 android.view.Choreographer$CallbackRecord.run:1309 android.view.Choreographer.doCallbacks:923 android.view.Choreographer.doFrame:852 android.view.Choreographer$FrameDisplayEventReceiver.run:1283
03-08 15:13:46.400 26361 26361 I BLASTBufferQueue: update, w= 1080 h= 2400 mName = ViewRootImpl@b3bb840[Attendee] mNativeObject= 0xb400007cfb5f3500 sc.mNativeObject= 0xb400007c50b910a0 format= -1 caller= android.graphics.BLASTBufferQueue.<init>:84 android.view.ViewRootImpl.updateBlastSurfaceIfNeeded:2909 android.view.ViewRootImpl.relayoutWindow:9847 android.view.ViewRootImpl.performTraversals:3884 android.view.ViewRootImpl.doTraversal:3116 android.view.ViewRootImpl$TraversalRunnable.run:10885
03-08 15:13:46.401 26361 26361 I ViewRootImpl@b3bb840[Attendee]: Relayout returned: old=(0,0,1080,2400) new=(0,0,1080,2400) req=(1080,2400)0 dur=10 res=0x3 s={true 0xb400007c7ebc3000} ch=true seqId=0
03-08 15:13:46.402 26361 26361 I ViewRootImpl@b3bb840[Attendee]: mThreadedRenderer.initialize() mSurface={isValid=true 0xb400007c7ebc3000} hwInitialized=true
03-08 15:13:46.402 26361 26463 D OpenGLRenderer: eglCreateWindowSurface
03-08 15:13:46.406 27851 27891 I GetGamesServiceV2Op: (REDACTED) Successfully brokered GamesService for request %s
03-08 15:13:46.406  1327  1327 I Layer   : id=35447 removedFromDrawingState Splash Screen com.example.cmput301w24t33.test$_2578#35447 (149)
03-08 15:13:46.407  1327  1327 I Layer   : id=35446 removedFromDrawingState 916174b Splash Screen com.example.cmput301w24t33.test#35446 (149)
03-08 15:13:46.407  1327  1327 I Layer   : id=35457 removedFromDrawingState Surface(name=c9f16ce StatusBar)/@0xc28a9d9 - animation-leash of insets_animation#35457 (149)
03-08 15:13:46.407  1327  1327 I Layer   : id=35458 removedFromDrawingState Surface(name=296f76f NavigationBar0)/@0x8bb6395 - animation-leash of insets_animation#35458 (149)
03-08 15:13:46.407  1327  1327 I Layer   : id=35460 removedFromDrawingState Surface(name=Task=3071)/@0x32fed90 - animation-leash of app_transition#35460 (149)
03-08 15:13:46.407  1327  1327 I Layer   : Layer [Splash Screen com.example.cmput301w24t33.test$_2578#35447] hidden!! flag(1)
03-08 15:13:46.407  1327  1327 I Layer   : Layer [com.example.cmput301w24t33.test/androidx.test.core.app.InstrumentationActivityInvoker$EmptyActivity$_27373#35448] hidden!! flag(1)
03-08 15:13:46.407  1327  1327 I Layer   : id=35462 removedFromDrawingState Surface(name=WallpaperWindowToken{2dabb7f token=android.os.Binder@7a8349e})/@0xf6e835c - animation-leash of window_animation#35462 (149)
03-08 15:13:46.407   603   603 I lmkd    : cached 3, sandbox(not0) 0
03-08 15:13:46.407  1327  1327 I SurfaceFlinger: id=35446 Removed 916174b Splash Screen com.example.cmput301w24t33.test#35446 (149)
03-08 15:13:46.407  1327  1327 I SurfaceFlinger: id=35457 Removed Surface(name=c9f16ce StatusBar)/@0xc28a9d9 - animation-leash of insets_animation#35457 (149)
03-08 15:13:46.408  1327  1327 I SurfaceFlinger: id=35458 Removed Surface(name=296f76f NavigationBar0)/@0x8bb6395 - animation-leash of insets_animation#35458 (149)
03-08 15:13:46.408  1327  1327 I SurfaceFlinger: id=35447 Removed Splash Screen com.example.cmput301w24t33.test$_2578#35447 (149)
03-08 15:13:46.408  1327  1327 I Layer   : id=35446 Destroyed 916174b Splash Screen com.example.cmput301w24t33.test#35446
03-08 15:13:46.409  1327  1327 I Layer   : id=35447 Destroyed Splash Screen com.example.cmput301w24t33.test$_2578#35447
03-08 15:13:46.409  1327  1327 I Layer   : id=35457 Destroyed Surface(name=c9f16ce StatusBar)/@0xc28a9d9 - animation-leash of insets_animation#35457
03-08 15:13:46.409  1327  1327 I Layer   : id=35458 Destroyed Surface(name=296f76f NavigationBar0)/@0x8bb6395 - animation-leash of insets_animation#35458
03-08 15:13:46.410 26361 26361 I ViewRootImpl@b3bb840[Attendee]: reportNextDraw android.view.ViewRootImpl.performTraversals:4438 android.view.ViewRootImpl.doTraversal:3116 android.view.ViewRootImpl$TraversalRunnable.run:10885 android.view.Choreographer$CallbackRecord.run:1301 android.view.Choreographer$CallbackRecord.run:1309
03-08 15:13:46.410 26361 26361 I ViewRootImpl@b3bb840[Attendee]: Setup new sync id=0
03-08 15:13:46.410 26361 26361 I ViewRootImpl@b3bb840[Attendee]: Setting syncFrameCallback
03-08 15:13:46.410 26361 26361 I ViewRootImpl@b3bb840[Attendee]: registerCallbacksForSync syncBuffer=false
03-08 15:13:46.411 27373 27457 D OpenGLRenderer: setSurface called with nullptr
03-08 15:13:46.411 27373 27457 D OpenGLRenderer: setSurface() destroyed EGLSurface
03-08 15:13:46.411 27373 27457 D OpenGLRenderer: destroyEglSurface
03-08 15:13:46.411  1472  2910 D InputDispatcher: Focus request (0): 438526f com.example.cmput301w24t33/com.example.cmput301w24t33.activities.Attendee but waiting because NO_WINDOW
03-08 15:13:46.412 27373 27373 I ViewRootImpl@8f2ec40[InstrumentationActivityInvoker$EmptyActivity]: performTraversals mFirst=false windowShouldResize=false viewVisibilityChanged=true mForceNextWindowRelayout=false params=null
03-08 15:13:46.417  1244  3899 I vendor.qti.bluetooth@1.0-ibs_handler: ProcessIbsCmd: Received IBS_WAKE_IND: 0xFD
03-08 15:13:46.417  1244  3899 D vendor.qti.bluetooth@1.0-ibs_handler: SerialClockVote: vote for UART CLK ON
03-08 15:13:46.417  1244  3899 I vendor.qti.bluetooth@1.0-ibs_handler: ProcessIbsCmd: Writing IBS_WAKE_ACK
03-08 15:13:46.420  1472  4570 V WindowManager: Relayout Window{fa77b0d u0 com.example.cmput301w24t33.test/androidx.test.core.app.InstrumentationActivityInvoker$EmptyActivity}: viewVisibility=8 req=1080x2400 d0
03-08 15:13:46.422   603   603 I lmkd    : Reclaim 'com.google.process.gservices' (27663), uid 10231, oom_score_adj 925, state 19 to free 79580kB rss, 24872kb swap
03-08 15:13:46.422   603   603 I lmkd    : Reclaimed 104452kB at oom_score_adj 850
03-08 15:13:46.423  1472  4570 V WindowManager: Relayout hash=fa77b0d, pid=27373, syncId=-1: mAttrs={(0,0)(fillxfill) sim={adjust=pan forwardNavigation} ty=BASE_APPLICATION
03-08 15:13:46.423  1472  4570 V WindowManager:   fl=81810100
03-08 15:13:46.423  1472  4570 V WindowManager:   pfl=12020040
03-08 15:13:46.423  1472  4570 V WindowManager:   apr=LIGHT_NAVIGATION_BARS
03-08 15:13:46.423  1472  4570 V WindowManager:   bhv=DEFAULT
03-08 15:13:46.423  1472  4570 V WindowManager:   fitSides= naviIconColor=0
03-08 15:13:46.423  1472  4570 V WindowManager:   sfl=100000}
03-08 15:13:46.424 26361 26527 I ViewRootImpl@b3bb840[Attendee]: Received frameDrawingCallback syncResult=0 frameNum=1.
03-08 15:13:46.424 26361 26527 I ViewRootImpl@b3bb840[Attendee]: Setting up sync and frameCommitCallback
03-08 15:13:46.428 26361 26463 I BLASTBufferQueue: [ViewRootImpl@b3bb840[Attendee]#3](f:0,a:0) onFrameAvailable the first frame is available
03-08 15:13:46.429 27373 27373 I ViewRootImpl@8f2ec40[InstrumentationActivityInvoker$EmptyActivity]: Relayout returned: old=(0,0,1080,2400) new=(0,0,1080,2400) req=(1080,2400)8 dur=15 res=0x2 s={false 0x0} ch=true seqId=0
03-08 15:13:46.429 26361 26463 I ViewRootImpl@b3bb840[Attendee]: Received frameCommittedCallback lastAttemptedDrawFrameNum=1 didProduceBuffer=true
03-08 15:13:46.429 26361 26463 D OpenGLRenderer: CFMS:: SetUp Pid : 26361    Tid : 26463
03-08 15:13:46.430 26361 26463 W Parcel  : Expecting binder but got null!
03-08 15:13:46.430 26361 26361 I ViewRootImpl@b3bb840[Attendee]: onSyncComplete
03-08 15:13:46.430 26361 26361 I ViewRootImpl@b3bb840[Attendee]: setupSync seqId=0 mSyncId=0 fn=1 caller=android.view.ViewRootImpl$$ExternalSyntheticLambda11.accept:6 android.window.SurfaceSyncer.lambda$setupSync$1$android-window-SurfaceSyncer:128 android.window.SurfaceSyncer$$ExternalSyntheticLambda1.accept:8 android.window.SurfaceSyncer$SyncSet.checkIfSyncIsComplete:382 android.window.SurfaceSyncer$SyncSet.markSyncReady:359 android.window.SurfaceSyncer.markSyncReady:151 android.view.ViewRootImpl.performTraversals:4503
03-08 15:13:46.431 26361 26361 I ViewRootImpl@b3bb840[Attendee]: reportDrawFinished seqId=0 mSyncId=-1 fn=1 mSurfaceChangedTransaction=0xb400007c7edb4b00
03-08 15:13:46.435  1472  1876 W ziparchive: Unable to open '/data/app/~~W-ddUiX8JS3WzrZIN8mU0w==/com.example.cmput301w24t33-E7e2aXhTzEvn2QLsQTpRuw==/base.dm': No such file or directory
03-08 15:13:46.436  1327  2100 I SurfaceFlinger: id=35475 createSurf, flag=24000, Surface(name=438526f com.example.cmput301w24t33/com.example.cmput301w24t33.activities.Attendee)/@0x841280a - animation-leash of starting_reveal#35475
03-08 15:13:46.437  1472  1876 I PkgPredictorService-SecIpmManagerServiceImpl: reportToNAP uid:10451 com.example.cmput301w24t33/com.example.cmput301w24t33.activities.Attendee thisTime:265
03-08 15:13:46.440  2578  2656 I ViewRootImpl@5b17857[cmput301w24t33]: performTraversals params={(0,0)(fillxfill) sim={adjust=pan} ty=APPLICATION_STARTING fmt=TRANSLUCENT wanim=0x1030309
03-08 15:13:46.440  2578  2656 I ViewRootImpl@5b17857[cmput301w24t33]:   fl=81030118
03-08 15:13:46.440  2578  2656 I ViewRootImpl@5b17857[cmput301w24t33]:   pfl=16000010
03-08 15:13:46.440  2578  2656 I ViewRootImpl@5b17857[cmput301w24t33]:   bhv=DEFAULT
03-08 15:13:46.440  2578  2656 I ViewRootImpl@5b17857[cmput301w24t33]:   fitSides= naviIconColor=0}
03-08 15:13:46.441  2578  2656 I ViewRootImpl@5b17857[cmput301w24t33]: performTraversals mFirst=false windowShouldResize=false viewVisibilityChanged=false mForceNextWindowRelayout=false params={(0,0)(fillxfill) sim={adjust=pan} ty=APPLICATION_STARTING fmt=TRANSLUCENT wanim=0x1030309
03-08 15:13:46.441  2578  2656 I ViewRootImpl@5b17857[cmput301w24t33]:   fl=81030118
03-08 15:13:46.441  2578  2656 I ViewRootImpl@5b17857[cmput301w24t33]:   pfl=16000010
03-08 15:13:46.441  2578  2656 I ViewRootImpl@5b17857[cmput301w24t33]:   bhv=DEFAULT
03-08 15:13:46.441  2578  2656 I ViewRootImpl@5b17857[cmput301w24t33]:   fitSides= naviIconColor=0}
03-08 15:13:46.442  1472  2910 D InputDispatcher: Focus entered window (0): 438526f com.example.cmput301w24t33/com.example.cmput301w24t33.activities.Attendee
03-08 15:13:46.442  1472  1876 I ActivityTaskManager: Displayed com.example.cmput301w24t33/.activities.Attendee: +265ms
03-08 15:13:46.443  1472  4570 V WindowManager: Relayout Window{d6ba384 u0 Splash Screen com.example.cmput301w24t33}: viewVisibility=0 req=1080x2400 d0
03-08 15:13:46.444  2578  2578 D SamsungLightBarControlHelper: onStatusBarAppearanceChanged() -  sbModeChanged:false, statusBarMode:MODE_TRANSPARENT, barState:SHADE, isKeyguardShowing:false, navbarColorManagedByIme:false, stackAppearancesChanged:true, (AppearanceRegion{ bounds=[0,0][1080,2400]}, ), packageName:com.example.cmput301w24t33
03-08 15:13:46.444  2578  2578 D NavigationBar: onSystemBarAttributesChanged() -  displayId:0, appearance:0, packageName: com.example.cmput301w24t33, navbarColorManagedByIme:false
03-08 15:13:46.445  2578  2578 D SamsungLightBarControlHelper: updateNavigation(White button) isLightBar:false, hasLightBarNavigationBarFlag:false, packageName:com.example.cmput301w24t33, DirectReplying:false, NavBarColorManagerdByIme:false, ForceDarkForScrim:false, QsCustomizing:false, PanelHasWhiteBg:true
03-08 15:13:46.446  2578  2578 D SamsungLightBarControlHelper: updateStatus(WHITE icon) NumStacks:1, StatusBarMode:MODE_TRANSPARENT, lightBarBounds:[], StatusBarState:SHADE, packageName:com.example.cmput301w24t33, isWhiteKeyguardStatusBarBySettings:true
03-08 15:13:46.446  1472  4570 V WindowManager: Relayout hash=d6ba384, pid=2578, syncId=-1: mAttrs={(0,0)(fillxfill) sim={adjust=pan} ty=APPLICATION_STARTING fmt=TRANSLUCENT wanim=0x1030309
03-08 15:13:46.446  1472  4570 V WindowManager:   fl=81030118
03-08 15:13:46.446  1472  4570 V WindowManager:   pfl=16000010
03-08 15:13:46.446  1472  4570 V WindowManager:   bhv=DEFAULT
03-08 15:13:46.446  1472  4570 V WindowManager:   fitSides= naviIconColor=0}
03-08 15:13:46.446  1327  1327 D SurfaceFlinger: Display 4630947232161729153 HWC layers:
03-08 15:13:46.446  1327  1327 D SurfaceFlinger:      DEVICE | 0xb400007446147f00 | 0100 | RGBx_8888    |  152.0    0.0 1232.0 2400.0 |    0    0 1080 2400 | Wallpaper BBQ wrapper#88
03-08 15:13:46.446  1327  1327 D SurfaceFlinger:      DEVICE | 0xb40000745d065700 | 0100 | RGBA_8888    |    0.0    0.0 1080.0 2400.0 |    0    0 1080 2400 | com.sec.android.app.launcher/com.sec[...]ivities.LauncherActivity$_3258#35456
03-08 15:13:46.446  1327  1327 D SurfaceFlinger:      DEVICE | 0xb400007446149be0 | 0102 | RGBA_8888    |    0.0    0.0 1080.0 2400.0 |   22   48 1058 2352 | com.example.cmput301w24t33/com.examp[...]t33.activities.Attendee$_26361#35472
03-08 15:13:46.446  1327  1327 D SurfaceFlinger:      DEVICE | 0xb40000745d065770 | 0100 | RGBA_8888    |    0.0    0.0 1080.0 2400.0 |   22   48 1058 2352 | Splash Screen com.example.cmput301w24t33$_2578#35466
03-08 15:13:46.446  1327  1327 D SurfaceFlinger:      DEVICE | 0xb400007446147170 | 0100 | RGBA_8888    |    0.0    0.0 1080.0   91.0 |    0    0 1080   91 | StatusBar$_2578#95
03-08 15:13:46.446  1327  1327 D SurfaceFlinger:      DEVICE | 0xb400007446147bf0 | 0100 | RGBA_8888    |    0.0    0.0   67.0  515.0 |    0  301   67  816 | com.samsung.android.app.cocktailbars[...]rvice.CocktailBarService$_5242#3533
03-08 15:13:46.446  1327  1327 D SurfaceFlinger: 3
03-08 15:13:46.446  1327  1327 D SurfaceFlinger:      DEVICE | 0xb40000744614a4a0 | 0100 | RGBA_8888    |    0.0    0.0 1080.0  126.0 |    0 2274 1080 2400 | NavigationBar0$_2578#89
03-08 15:13:46.446  1327  1327 D SurfaceFlinger:
03-08 15:13:46.446  2578  2656 D InsetsController: onStateChanged: InsetsState: {mDisplayFrame=Rect(0, 0 - 1080, 2400), mDisplayCutout=DisplayCutout{insets=Rect(0, 91 - 0, 0) waterfall=Insets{left=0, top=0, right=0, bottom=0} boundingRect={Bounds=[Rect(0, 0 - 0, 0), Rect(503, 0 - 577, 91), Rect(0, 0 - 0, 0), Rect(0, 0 - 0, 0)]} cutoutPathParserInfo={CutoutPathParserInfo{displayWidth=1080 displayHeight=2400 physicalDisplayWidth=1080 physicalDisplayHeight=2400 density={2.625} cutoutSpec={M 0,0 H -14.0952380952381 V 34.66666666666667 H 14.0952380952381 V 0 H 0 Z @dp} rotation={0} scale={1.0} physicalPixelDisplaySizeRatio={1.0}}}}, mRoundedCorners=RoundedCorners{[RoundedCorner{position=TopLeft, radius=84, center=Point(84, 84)}, RoundedCorner{position=TopRight, radius=84, center=Point(996, 84)}, RoundedCorner{position=BottomRight, radius=84, center=Point(996, 2316)}, RoundedCorner{position=BottomLeft, radius=84, center=Point(84, 2316)}]}  mRoundedCornerFrame=Rect(0, 0 - 1080, 2400), mPrivacyIndicatorBounds=PrivacyIndicatorBounds {static bounds=Rect(964, 0 - 1080, 91) rotation=0}, mSources= { InsetsSource: {mType=ITYPE_STATUS_BAR, mFrame=[0,0][1080,91], mVisible=true, mInsetsRoundedCornerFrame=false}, InsetsSource: {mType=ITYPE_NAVIGATION_BAR, mFrame=[0,2274][1080,2400], mVisible=true, mInsetsRoundedCornerFrame=false}, InsetsSource: {mType=ITYPE_LEFT_GESTURES, mFrame=[0,0][0,2400], mVisible=true, mInsetsRoundedCornerFrame=false}, InsetsSource: {mType=ITYPE_RIGHT_GESTURES, mFrame=[1080,0][1080,2400], mVisible=true, mInsetsRoundedCornerFrame=false}, InsetsSource: {mType=ITYPE_TOP_MANDATORY_GESTURES, mFrame=[0,0][1080,123], mVisible=true, mInsetsRoundedCornerFrame=false}, InsetsSource: {mType=ITYPE_BOTTOM_MANDATORY_GESTURES, mFrame=[0,2274][1080,2400], mVisible=true, mInsetsRoundedCornerFrame=false}, InsetsSource: {mType=ITYPE_LEFT_DISPLAY_CUTOUT, mFrame=[0,0][-100000,2400], mVisible=true, mInsetsRoundedCornerFrame=false}, InsetsSource: {mType=ITYPE_TOP_DISPLAY_CUTOUT, mFrame=[0,0][1080,91], mVisible=true, mInsetsRoundedCornerFrame=false}, InsetsSource: {mType=ITYPE_RIGHT_DISPLAY_CUTOUT, mFrame=[100000,0][1080,2400], mVisible=true, mInsetsRoundedCornerFrame=false}, InsetsSource: {mType=ITYPE_BOTTOM_DISPLAY_CUTOUT, mFrame=[0,100000][1080,2400], mVisible=true, mInsetsRoundedCornerFrame=false}, InsetsSource: {mType=ITYPE_TOP_TAPPABLE_ELEMENT, mFrame=[0,0][1080,91], mVisible=true, mInsetsRoundedCornerFrame=false}, InsetsSource: {mType=ITYPE_BOTTOM_TAPPABLE_ELEMENT, mFrame=[0,2274][1080,2400], mVisible=true, mInsetsRoundedCornerFrame=false}, InsetsSource: {mType=ITYPE_IME, mFrame=[0,0][0,0], mVisibleFrame=[0,1409][1080,2400], mVisible=false, mInsetsRoundedCornerFrame=false} } host=Splash Screen com.example.cmput301w24t33 from=android.view.ViewRootImpl.relayoutWindow:9802
03-08 15:13:46.447  2578  2656 I ViewRootImpl@5b17857[cmput301w24t33]: updateBlastSurfaceIfNeeded mBlastBufferQueue=0xb400007c52070b00 isSameSurfaceControl=true
03-08 15:13:46.447  2578  2656 I BLASTBufferQueue: update, w= 1080 h= 2400 mName = ViewRootImpl@5b17857[cmput301w24t33] mNativeObject= 0xb400007c52070b00 sc.mNativeObject= 0xb400007c4d127fa0 format= -3 caller= android.view.ViewRootImpl.updateBlastSurfaceIfNeeded:2898 android.view.ViewRootImpl.relayoutWindow:9847 android.view.ViewRootImpl.performTraversals:3884 android.view.ViewRootImpl.doTraversal:3116 android.view.ViewRootImpl$TraversalRunnable.run:10885 android.view.Choreographer$CallbackRecord.run:1301
03-08 15:13:46.447  2578  2656 I ViewRootImpl@5b17857[cmput301w24t33]: Relayout returned: old=(0,0,1080,2400) new=(0,0,1080,2400) req=(1080,2400)0 dur=6 res=0x0 s={true 0xb400007c529ac000} ch=false seqId=0
03-08 15:13:46.448  2578  2711 I ViewRootImpl@5b17857[cmput301w24t33]: mWNT: t=0xb400007c820f6900 mBlastBufferQueue=0xb400007c52070b00 fn= 2 caller= android.view.SyncRtSurfaceTransactionApplier.applyTransaction:96 android.view.SyncRtSurfaceTransactionApplier.lambda$scheduleApply$0$android-view-SyncRtSurfaceTransactionApplier:69 android.view.SyncRtSurfaceTransactionApplier$$ExternalSyntheticLambda0.onFrameDraw:4
03-08 15:13:46.448  2578  2711 I ViewRootImpl@5b17857[cmput301w24t33]: mWNT: t=0xb400007c8210b000 mBlastBufferQueue=0xb400007c52070b00 fn= 2 caller= android.view.SyncRtSurfaceTransactionApplier.applyTransaction:96 android.view.SyncRtSurfaceTransactionApplier.lambda$scheduleApply$0$android-view-SyncRtSurfaceTransactionApplier:69 android.view.SyncRtSurfaceTransactionApplier$$ExternalSyntheticLambda0.onFrameDraw:4
03-08 15:13:46.454  1472  2020 I libprocessgroup: Successfully killed process cgroup uid 10231 pid 27663 in 0ms
03-08 15:13:46.455   603   603 I lmkd    : cached 3, sandbox(not0) 0
03-08 15:13:46.455  1180  1180 I Zygote  : Process 27663 exited due to signal 9 (Killed)
03-08 15:13:46.461  2578  2712 I ViewRootImpl@5b17857[cmput301w24t33]: mWNT: t=0xb400007c8210b400 mBlastBufferQueue=0xb400007c52070b00 fn= 3 caller= android.view.SyncRtSurfaceTransactionApplier.applyTransaction:96 android.view.SyncRtSurfaceTransactionApplier.lambda$scheduleApply$0$android-view-SyncRtSurfaceTransactionApplier:69 android.view.SyncRtSurfaceTransactionApplier$$ExternalSyntheticLambda0.onFrameDraw:4
03-08 15:13:46.463 10975 10975 I MCFQS   : (DeviceConnectionService) onTrimMemory()-[td:main] level: 10
03-08 15:13:46.463  1244  3899 I vendor.qti.bluetooth@1.0-ibs_handler: ProcessIbsCmd: Received IBS_SLEEP_IND: 0xFE
03-08 15:13:46.463  1244  3899 D vendor.qti.bluetooth@1.0-ibs_handler: SerialClockVote: vote for UART CLK OFF
03-08 15:13:46.464  4995  4995 W DMASA[U]: [AppLogData]onTrimMemory(10):1709936026463
03-08 15:13:46.464 26361 26361 W Firestore: (24.10.2) [CustomClassMapper]: No setter/field for fullName found on class com.example.cmput301w24t33.users.User (fields/setters are case sensitive!)
03-08 15:13:46.466  3407  3407 W DeviceManager_FLP: onTrimMemory : 10
03-08 15:13:46.466  3407  3453 I GpsSessionManager_FLP: arrangeInvalidSessions
03-08 15:13:46.466   603   603 I lmkd    : cached 3, sandbox(not0) 0
03-08 15:13:46.468  2578  2578 I ViewRootImpl@1c1cd0e[NotificationShade]: performTraversals mFirst=false windowShouldResize=false viewVisibilityChanged=false mForceNextWindowRelayout=false params={(0,0)(fillxfill) gr=TOP CENTER_VERTICAL sim={adjust=resize} layoutInDisplayCutoutMode=always ty=NOTIFICATION_SHADE fmt=TRANSLUCENT
03-08 15:13:46.468  2578  2578 I ViewRootImpl@1c1cd0e[NotificationShade]:   fl=81840048
03-08 15:13:46.468  2578  2578 I ViewRootImpl@1c1cd0e[NotificationShade]:   pfl=1b000000
03-08 15:13:46.468  2578  2578 I ViewRootImpl@1c1cd0e[NotificationShade]:   bhv=SHOW_TRANSIENT_BARS_BY_SWIPE naviIconColor=0
03-08 15:13:46.468  2578  2578 I ViewRootImpl@1c1cd0e[NotificationShade]:   sfl=60000}
03-08 15:13:46.469  1472  5212 V WindowManager: Relayout Window{85bfa35 u0 NotificationShade}: viewVisibility=4 req=1080x2400 d0
03-08 15:13:46.472  1472  5212 V WindowManager: Relayout hash=85bfa35, pid=2578, syncId=-1: mAttrs={(0,0)(fillxfill) gr=TOP CENTER_VERTICAL sim={adjust=resize} layoutInDisplayCutoutMode=always ty=NOTIFICATION_SHADE fmt=TRANSLUCENT
03-08 15:13:46.472  1472  5212 V WindowManager:   fl=81840048
03-08 15:13:46.472  1472  5212 V WindowManager:   pfl=1b000000
