03-08 15:13:43.946  1472  5162 V WindowManager:   sfl=100000}
03-08 15:13:43.946 27373 27373 I t301w24t33.test: Using CollectorTypeCC GC.
03-08 15:13:43.947   603   603 I lmkd    : cached 3, sandbox(not0) 0
03-08 15:13:43.948  1327  1327 D SurfaceFlinger: Display 4630947232161729153 HWC layers:
03-08 15:13:43.948  1327  1327 D SurfaceFlinger:      DEVICE | 0xb400007446148e50 | 0100 | RGBA_8888    |    0.0    0.0 1080.0 2400.0 |    0    0 1080 2400 | Splash Screen com.example.cmput301w24t33.test$_2578#35411
03-08 15:13:43.948  1327  1327 D SurfaceFlinger:      DEVICE | 0xb400007446147b80 | 0100 | RGBA_8888    |    0.0    0.0 1080.0   91.0 |    0    0 1080   91 | StatusBar$_2578#95
03-08 15:13:43.948  1327  1327 D SurfaceFlinger:      DEVICE | 0xb400007446147bf0 | 0100 | RGBA_8888    |    0.0    0.0   67.0  515.0 |    0  301   67  816 | com.samsung.android.app.cocktailbars[...]rvice.CocktailBarService$_5242#35333
03-08 15:13:43.948  1327  1327 D SurfaceFlinger:      DEVICE | 0xb400007446149b70 | 0100 | RGBA_8888    |    0.0    0.0 1080.0  126.0 |    0 2274 1080 2400 | NavigationBar0$_2578#89
03-08 15:13:43.948  1327  1327 D SurfaceFlinger:
03-08 15:13:43.952   603   603 I lmkd    : cached 3, sandbox(not0) 0
03-08 15:13:43.954 26361 26361 I ViewRootImpl@349359b[Admin]: Relayout returned: old=(0,0,1080,2400) new=(0,0,1080,2400) req=(1080,2400)8 dur=16 res=0x2 s={false 0x0} ch=true seqId=0
03-08 15:13:43.965   603   603 I lmkd    : cached 3, sandbox(not0) 0
03-08 15:13:43.965 30985 30990 I adbd    : jdwp connection from 27373
03-08 15:13:43.970 27373 27373 D ActivityThread: setConscryptValidator
03-08 15:13:43.970 27373 27373 D ActivityThread: setConscryptValidator - put
03-08 15:13:43.971 27146 27215 I Finsky  : [479] tkq.y(6): getDownloads()
03-08 15:13:43.972  3258 23306 I RecentModel: onTaskStackChangedBackground
03-08 15:13:43.974  1472  2284 D OpenGLRenderer: RenderThread::requireGlContext()
03-08 15:13:43.976   603   603 I lmkd    : cached 3, sandbox(not0) 0
03-08 15:13:43.978   603   603 I lmkd    : Reclaim 'com.google.android.adservices.api' (27105), uid 10027, oom_score_adj 955, state 19 to free 83108kB rss, 24664kb swap
03-08 15:13:43.979   603   603 I lmkd    : Reclaimed 107772kB at oom_score_adj 850
03-08 15:13:43.979   603   603 I lmkd    : Suppressed 6 failed kill reports
03-08 15:13:43.979 27281 27411 I Finsky:background: [466] ohp.i(6): getDownloads()
03-08 15:13:43.988  1472  2619 D InputDispatcher: Focused application(0): ActivityRecord{eb5d83a u0 com.example.cmput301w24t33.test/androidx.test.core.app.InstrumentationActivityInvoker$EmptyActivity} t3069}
03-08 15:13:43.988  1472  2284 D OpenGLRenderer: RenderThread::setGrContext()
03-08 15:13:44.002 27146 27282 I Finsky  : [506] rga.run(66): Installer: Installer starting
03-08 15:13:44.002 27146 27282 I Finsky  : [506] rga.run(89): Installer: Installer started
03-08 15:13:44.003  1472  2685 D PackageManager: setEnabledSetting : userId = 0 packageName = com.sec.android.daemonapp cmp = androidx.work.impl.background.systemjob.SystemJobService newState = 1 callingPackage = 10188/com.sec.android.daemonapp
03-08 15:13:44.004  1472  2685 D ApplicationPolicy: getApplicationStateEnabled : pkg = com.sec.android.daemonapp userId : 0
03-08 15:13:44.005  1472  2685 D ApplicationPolicy: getApplicationComponentState : pkg = com.sec.android.daemonapp userId : 0
03-08 15:13:44.006  1472  2391 D AS.MultiSoundManager: mForegroundUid = 10453
03-08 15:13:44.010 27373 27373 D CompatibilityChangeReporter: Compat change id reported: 171979766; UID 10453; state: ENABLED
03-08 15:13:44.012  1273  1344 E ANDR-PERF-UTIL: Failed to update node /proc/3258/sched_low_latency with value 1
03-08 15:13:44.012  1273  1344 E ANDR-PERF-OPTSHANDLER: can't set low latency for tid 3258
03-08 15:13:44.012  1273  1344 E ANDR-PERF-RESOURCEQS: Failed to apply optimization [3, 52]
03-08 15:13:44.012  1273  1344 E ANDR-PERF-UTIL: Failed to update node /proc/5771/sched_low_latency with value 1
03-08 15:13:44.012  1273  1344 E ANDR-PERF-OPTSHANDLER: can't set low latency for tid 5771
03-08 15:13:44.012  1273  1344 E ANDR-PERF-RESOURCEQS: Failed to apply optimization [3, 52]
03-08 15:13:44.012  1273  1344 E ANDR-PERF-UTIL: Failed to update node /proc/5770/sched_low_latency with value 1
03-08 15:13:44.012  1273  1344 E ANDR-PERF-OPTSHANDLER: can't set low latency for tid 5770
03-08 15:13:44.012  1273  1344 E ANDR-PERF-RESOURCEQS: Failed to apply optimization [3, 52]
03-08 15:13:44.012  1273  1344 E ANDR-PERF-UTIL: Failed to update node /proc/5393/sched_low_latency with value 1
03-08 15:13:44.012  1273  1344 E ANDR-PERF-OPTSHANDLER: can't set low latency for tid 5393
03-08 15:13:44.012  1273  1344 E ANDR-PERF-RESOURCEQS: Failed to apply optimization [3, 52]
03-08 15:13:44.012  1273  1344 E ANDR-PERF-UTIL: Failed to read /proc/sys/kernel/walt_low_latency_task_threshold
03-08 15:13:44.012  1273  1344 E ANDR-PERF-OPTSHANDLER: Failed to read /proc/sys/kernel/walt_low_latency_task_threshold
03-08 15:13:44.012  1273  1344 E ANDR-PERF-RESOURCEQS: Failed to apply optimization [3, 54]
03-08 15:13:44.021  5242  5242 I ActivityUtils: HomePackage : com.sec.android.app.launcher, resumePackageName : com.example.cmput301w24t33.test
03-08 15:13:44.025 27373 27373 D ApplicationLoaders: Returning zygote-cached class loader: /system/framework/android.test.base.jar
03-08 15:13:44.029 27373 27373 D nativeloader: Configuring clns-4 for other apk /system/framework/android.test.mock.jar. target_sdk_version=34, uses_libraries=ALL, library_path=/data/app/~~5YYnvnDDujNmeUExSm1Obg==/com.example.cmput301w24t33.test-SwK-uf5IpLknilFLzbt1hg==/lib/arm64, permitted_path=/data:/mnt/expand:/data/user/0/com.example.cmput301w24t33.test
03-08 15:13:44.029 27373 27373 D nativeloader: Extending system_exposed_libraries: libhumantracking.arcsoft.so:libPortraitDistortionCorrection.arcsoft.so:libPortraitDistortionCorrectionCali.arcsoft.so:libface_landmark.arcsoft.so:libFacialStickerEngine.arcsoft.so:libveengine.arcsoft.so:liblow_light_hdr.arcsoft.so:libhigh_dynamic_range.arcsoft.so:libFacialAttributeDetection.arcsoft.so:libBeauty_v4.camera.samsung.so:libexifa.camera.samsung.so:libjpega.camera.samsung.so:libOpenCv.camera.samsung.so:libImageScreener.camera.samsung.so:libMyFilter.camera.samsung.so:libtensorflowLite.myfilter.camera.samsung.so:libtensorflowlite_inference_api.myfilter.camera.samsung.so:libEventFinder.camera.samsung.so:libSmartScan.camera.samsung.so:libRectify.camera.samsung.so:libDocRectifyWrapper.camera.samsung.so:libUltraWideDistortionCorrection.camera.samsung.so:libWideDistortionCorrection.camera.samsung.so:libHpr_RecGAE_cvFeature_v1.0.camera.samsung.so:libHprFace_GAE_api.camera.samsung.so:libFace_Landmark_API.camera.samsung.so:libHprFace_GAE_jni.camera.samsung.so:libFacialBase
03-08 15:13:44.031 27373 27373 D ApplicationLoaders: Returning zygote-cached class loader: /system/framework/android.test.base.jar
03-08 15:13:44.033  1472  3678 I MediaSessionMonitor: Media session stopped : diffrent pkg
03-08 15:13:44.034 27373 27373 D nativeloader: Configuring clns-5 for other apk /system/framework/android.test.runner.jar. target_sdk_version=34, uses_libraries=ALL, library_path=/data/app/~~5YYnvnDDujNmeUExSm1Obg==/com.example.cmput301w24t33.test-SwK-uf5IpLknilFLzbt1hg==/lib/arm64, permitted_path=/data:/mnt/expand:/data/user/0/com.example.cmput301w24t33.test
03-08 15:13:44.034 27373 27373 D nativeloader: Extending system_exposed_libraries: libhumantracking.arcsoft.so:libPortraitDistortionCorrection.arcsoft.so:libPortraitDistortionCorrectionCali.arcsoft.so:libface_landmark.arcsoft.so:libFacialStickerEngine.arcsoft.so:libveengine.arcsoft.so:liblow_light_hdr.arcsoft.so:libhigh_dynamic_range.arcsoft.so:libFacialAttributeDetection.arcsoft.so:libBeauty_v4.camera.samsung.so:libexifa.camera.samsung.so:libjpega.camera.samsung.so:libOpenCv.camera.samsung.so:libImageScreener.camera.samsung.so:libMyFilter.camera.samsung.so:libtensorflowLite.myfilter.camera.samsung.so:libtensorflowlite_inference_api.myfilter.camera.samsung.so:libEventFinder.camera.samsung.so:libSmartScan.camera.samsung.so:libRectify.camera.samsung.so:libDocRectifyWrapper.camera.samsung.so:libUltraWideDistortionCorrection.camera.samsung.so:libWideDistortionCorrection.camera.samsung.so:libHpr_RecGAE_cvFeature_v1.0.camera.samsung.so:libHprFace_GAE_api.camera.samsung.so:libFace_Landmark_API.camera.samsung.so:libHprFace_GAE_jni.camera.samsung.so:libFacialBase
03-08 15:13:44.036 27373 27373 W ziparchive: Unable to open '/data/app/~~5YYnvnDDujNmeUExSm1Obg==/com.example.cmput301w24t33.test-SwK-uf5IpLknilFLzbt1hg==/base.dm': No such file or directory
03-08 15:13:44.036 27373 27373 W ziparchive: Unable to open '/data/app/~~5YYnvnDDujNmeUExSm1Obg==/com.example.cmput301w24t33.test-SwK-uf5IpLknilFLzbt1hg==/base.dm': No such file or directory
03-08 15:13:44.036 27146 27146 I Finsky  : [2] rmf.Q(85): Installer: found apps to install. apps=[]
03-08 15:13:44.051 27340 27340 I FirebaseApp: Device unlocked: initializing all Firebase APIs for app [DEFAULT]
03-08 15:13:44.053 27340 27340 I FirebaseInitProvider: FirebaseApp initialization successful
03-08 15:13:44.058 27373 27373 D nativeloader: Configuring clns-6 for other apk /data/app/~~5YYnvnDDujNmeUExSm1Obg==/com.example.cmput301w24t33.test-SwK-uf5IpLknilFLzbt1hg==/base.apk. target_sdk_version=34, uses_libraries=, library_path=/data/app/~~5YYnvnDDujNmeUExSm1Obg==/com.example.cmput301w24t33.test-SwK-uf5IpLknilFLzbt1hg==/lib/arm64, permitted_path=/data:/mnt/expand:/data/user/0/com.example.cmput301w24t33.test
03-08 15:13:44.062  1180  1180 I Zygote  : Process 27105 exited due to signal 9 (Killed)
03-08 15:13:44.062   603   603 I lmkd    : cached 3, sandbox(not0) 0
03-08 15:13:44.063  1472  2020 I libprocessgroup: Successfully killed process cgroup uid 10027 pid 27105 in 0ms
03-08 15:13:44.064 27281 27281 I Finsky:background: [2] uuk.onTrimMemory(13): Memory trim requested to level 60
03-08 15:13:44.073   603   603 I lmkd    : cached 3, sandbox(not0) 0
03-08 15:13:44.076  1472  2619 I AppWidgetServiceImpl: getAppWidgetInfo() 2, from 0
03-08 15:13:44.077  1472  2619 I AppWidgetServiceImpl: getAppWidgetInfo() 2, from 0
03-08 15:13:44.077  1472  2619 I AppWidgetServiceImpl: getAppWidgetInfo() 2, from 0
03-08 15:13:44.081 27146 27424 I Finsky  : [512] rlo.a(98): IV2: found recoverable installs: []
03-08 15:13:44.084 27300 27300 I [WEATHER]LoggerService: {[5C0BA85D5BDED42699E6D325962A0C42BF3F81A0C613A1ED9E2A7D077A66EED55C647D7B2B341BC701E685F047739D31]}
03-08 15:13:44.087   603   603 I lmkd    : cached 3, sandbox(not0) 0
03-08 15:13:44.087 27340 27340 I CrashlyticsInitProvider: CrashlyticsInitProvider skipping initialization
03-08 15:13:44.088   603   603 I lmkd    : Reclaim 'com.google.android.packageinstaller' (27126), uid 10081, oom_score_adj 945, state 19 to free 75052kB rss, 24976kb swap
03-08 15:13:44.089   603   603 I lmkd    : Reclaimed 100028kB at oom_score_adj 850
03-08 15:13:44.089   603   603 I lmkd    : Suppressed 2 failed kill reports
03-08 15:13:44.090 27373 27373 V GraphicsEnvironment: ANGLE Developer option for 'com.example.cmput301w24t33.test' set to: 'default'
03-08 15:13:44.091 27373 27373 V GraphicsEnvironment: ANGLE GameManagerService for com.example.cmput301w24t33.test: false
03-08 15:13:44.091 27373 27373 V GraphicsEnvironment: Updatable production driver is not supported on the device.
03-08 15:13:44.091 27340 27340 I [PASS][SPASS]SamsungPassSettingsProvider: onCreateData
03-08 15:13:44.092 27340 27340 I [PASS][SPASS]SamsungPassSettingsProvider: checkCondition - Build.Version:33, UserId:0, UserIsGuest:false
03-08 15:13:44.092 27340 27340 I [PASS][SPASS]EasySigninProvider: onCreate
03-08 15:13:44.093 27340 27340 I [PASS][SPASS]PasskeyProvider: onCreate
03-08 15:13:44.094 27300 27300 I [WEATHER]AppTracker: {[D0466952204EBFF3E13D4873907B6C05F0C1E86B96FC6A9A976AA4D2BCB309EF306EA7C6A6E801EEF476955DD6CA81DC3899FD36DAEFCF9FA5A8EA92392E80D3E509E48B4BFD67659D5D5052782EB0E573472A5F52A43F4DE6ACD5D940771E9C0BC742B2117400369BEF3DA8D13575595B3EBF697B82512FB012D4654946AFAB0A39EF6FADC2A87499FDE0FE2036CB48E5E45E6F35E6E6B54C450960BB9DC9AE06EE85E3DE0B1348DD8C1AE9893553F0D83849D93BA600B95474AF30FBE26C36F052E1719FB7305AA88F87DEECB7E03E1A02CD3B8BAD3B0594F9A84FD0E9C41079E238EA2995ABC201C422B16BF2A5F76ABC98837F9699DD3985D8A758F1E51B26D899C4F9797B90764D4910B7AB9244D20E8C2A1E1A39F78A5CEB37B57A0B6D1EE5F4E668510A2390B2299B325149400802FC0DFF851A97F9EF18BB44094BE1014B79E55D79778E3174E65AE94CC11E44455ED79A36760319C698508037310786DC6D6A42D94431820313227D5A7B1806D8E77D6DCB81212205738F316DDFE532DB3C7D52C7925D824E0C8E80ECED0248E08AABDB7F2A46EBF61F784B5E50041DB76C423EC3951949AFD788F7C63772DCD55A174D64ED7A22F00277F2D76F38]}
03-08 15:13:44.095 27300 27300 I [WEATHER]AppTracker: {[BD1B1571DDC41A6AD3CAC884767120D554EF2F8404E7C3A063D0E3758E0AE18470A8EFA68A5B4E7500CDC31D1F35D236190752474E12AD71E054EDFE35FD2BA80E7E69756D909564C3CE5AD0D08E7171]}
03-08 15:13:44.095 27340 27340 I [PASS][CMN]WalletDeeplinkTokenProvider: onCreate
03-08 15:13:44.095 27340 27340 I [PASS][SPASS]SettingDBProvider: onCreate
03-08 15:13:44.095 27340 27340 I [PASS][SPASS]WalletSettingsProvider: onCreate
03-08 15:13:44.098  3258  3272 I id.app.launcher: NativeAlloc concurrent copying GC freed 102099(4368KB) AllocSpace objects, 21(1532KB) LOS objects, 49% free, 13MB/26MB, paused 172us,75us total 161.213ms
03-08 15:13:44.100 27300 27300 I [WEATHER]AppTracker: {[7CD596852974A0D0010951A492265295BB63FE51BDA7B949786B3A7FDB5DA204E76392889F4ED17AFE55E841C793F954AEFFD7781F8B58F074BF8ADCEFF21BFFB357F3E5F032C8A3FC57256DA5903F6D08E0FB33549E41C7FD01430073A482E6DA1A57F13D86F6DA0E244BA93FA9574E961BC18C916624CA862898D5CF42E88AA24B2A152A74593189627B653E2EC0CB48B8E957CF55F24691C957279118EB22A8A4757EE2669BF8B39077C26404766DD5538476C599830E780B38BA2A71116BC50226D32642741A9D8945D99C339FC425EE1C1AA798D06056F5CD824ED63E8973B91B199544ED2D26BE6D77DD72EF0F53A7F097480744EF4306C1E7D5FBC9C72EC54DB502FF6AF8F05B4E3345BAF477E75AEEFCB6F6511F4995C0BC6B39F76C484AEB08E21C1BA99182CB0C6E49222E35631DDA4EACDA8AB150427BCC95C8D94E99CBF9D3EA97957BA8FD07EE9514134639495F332F44E65CFF81CE93918C7ED782B59AA6AB7ABA121D1313630A8256AD59330E93A2CB1DB02A4E5D56922CC4DBBC2173B64CA08086181FD705EF9890A9E91F463BAC514FCA7BE3EF3B9DB23558C43E2F82DC8C82207BE49ED2EF2997B243E1D7C72599CE25671D842FD6E4D9DA4BFFB8E8849AD310FD1426C853325931B1A8893140E395D21156FD9AEC88E564AFCF631B2E6AA211796F706F03B168]}
03-08 15:13:44.101 27300 27300 I [WEATHER]AppTracker: {[10F96C9836DCA7A1899B4B887010BEBD7A902DAB3F19363AE0395E5AD83272C7C18BF405620817A4CE0B1E8502CC8444D73A7BEB89BC1AA890B85435BB3AE7BF622AF15D4CDCD214D6679D57D5EE87DABCDF2243E8D65E4F07132A1B109AE1454C45A673943A6C9EAB6E209F0E99E5674085E5C29962E14F476A4D75F8CBA9D78A10993BC1910BED2665C5A3F3ED5BF5E17FE8DCA6842741A26BBA87D1F6DF74EF49BF7E159BF97E54E617E541809899FE24EB8A1398C2D0B61E3A62A6EF2ECBFC88B7923CA4E3562DC2C9C06D2C0EBF3867E034347C8DFB1A398AAF4813FF795ED89D8D99CE90DC445BD645E46C75C65EA0CF599AD767335BF2A4AAE6A69F4CC3CA3CE9FF82CFDE7E4F47F6CC4D233D0B727061BB580B1B758C0880E7AC9A93BC6D3CC3A7305000440D232496233CF20892015B2719A919BC83CDEB65DB6EBAF89F202F5A514811E0EF1E8B81018C39BA6AB47B163A6FB7B58B3098A0330433B069D06E2B99C9C760F7D31440F0CC2183DC53FB67CE75CD73AF390EC2FDF59307AE0529BF59F37184F3EC2500EDD187A5F04AB9F684E154088C134B93A5301A]}
03-08 15:13:44.107  1472  2440 W SemWifiTransportLayerUtils: getApplicationCategory - IOException com.example.cmput301w24t33.test
03-08 15:13:44.107  1472  2440 W System.err: java.io.FileNotFoundException: https://play.google.com/store/apps/details?id=com.example.cmput301w24t33.test&hl=en
03-08 15:13:44.107  1472  2440 W System.err: 	at com.android.okhttp.internal.huc.HttpURLConnectionImpl.getInputStream(HttpURLConnectionImpl.java:255)
03-08 15:13:44.107  1472  2440 W System.err: 	at com.android.okhttp.internal.huc.DelegatingHttpsURLConnection.getInputStream(DelegatingHttpsURLConnection.java:211)
03-08 15:13:44.107  1472  2440 W System.err: 	at com.android.okhttp.internal.huc.HttpsURLConnectionImpl.getInputStream(HttpsURLConnectionImpl.java:30)
03-08 15:13:44.107  1472  2440 W System.err: 	at com.samsung.android.server.wifi.tcp.SemWifiTransportLayerUtils.getApplicationCategory(SemWifiTransportLayerUtils.java:104)
03-08 15:13:44.107  1472  2440 W System.err: 	at com.samsung.android.server.wifi.tcp.SemWifiTransportLayerMonitor$TcpMonitorHandler.handleMessage(SemWifiTransportLayerMonitor.java:244)
03-08 15:13:44.107  1472  2440 W System.err: 	at android.os.Handler.dispatchMessage(Handler.java:106)
03-08 15:13:44.107  1472  2440 W System.err: 	at android.os.Looper.loopOnce(Looper.java:226)
03-08 15:13:44.107  1472  2440 W System.err: 	at android.os.Looper.loop(Looper.java:313)
03-08 15:13:44.107  1472  2440 W System.err: 	at android.os.HandlerThread.run(HandlerThread.java:67)
03-08 15:13:44.110 27340 27340 I [PASS][SPASS]SPassApplication: onCreate
03-08 15:13:44.111 27340 27340 I [PASS][SPASS]FrameworkUtils: isInitialized : true
03-08 15:13:44.111 27340 27340 I [PASS][SPASS]FrameworkHelper: initialize - already initialized
03-08 15:13:44.114 27146 27447 D ConnectivityManager: StackLog: [android.net.ConnectivityManager.sendRequestForNetwork(ConnectivityManager.java:4359)] [android.net.ConnectivityManager.registerDefaultNetworkCallbackForUid(ConnectivityManager.java:4923)] [android.net.ConnectivityManager.registerDefaultNetworkCallback(ConnectivityManager.java:4890)] [android.net.ConnectivityManager.registerDefaultNetworkCallback(ConnectivityManager.java:4864)] [rvn.call(PG:29)] [arxl.a(PG:3)] [arwp.run(PG:21)] [arxm.run(PG:5)] [java.util.concurrent.ThreadPoolExecutor.runWorker(ThreadPoolExecutor.java:1145)] [java.util.concurrent.ThreadPoolExecutor$Worker.run(ThreadPoolExecutor.java:644)] [opv.run(PG:202)] [java.lang.Thread.run(Thread.java:1012)]
03-08 15:13:44.114  1472  2440 D SemWifiTransportLayerMonitor.TcpMonitorHandler: MSG_SAVE_PACKAGE_INFO
03-08 15:13:44.114  1472  2440 D SemWifiTransportLayerFileManager: saveWifiPackageInfoToFile
03-08 15:13:44.114  1472  2440 D SemWifiTransportLayerFileManager: writeWifiPackageInfoList
03-08 15:13:44.116  1472  2619 D ConnectivityService: requestNetwork for uid/pid:10233/27146 activeRequest: null callbackRequest: 7872 [NetworkRequest [ REQUEST id=7873, [ Capabilities: INTERNET&NOT_RESTRICTED&TRUSTED&NOT_VCN_MANAGED Uid: 10233 RequestorUid: 10233 RequestorPkg: com.android.vending UnderlyingNetworks: Null] ]] callback flags: 0 order: 2147483647
03-08 15:13:44.117 27373 27373 D NetworkSecurityConfig: No Network Security Config specified, using platform default
03-08 15:13:44.119   603   603 I lmkd    : cached 3, sandbox(not0) 0
03-08 15:13:44.119  1180  1180 I Zygote  : Process 27126 exited due to signal 9 (Killed)
03-08 15:13:44.120  1472  2376 D ConnectivityService:    accepting network in place of null
03-08 15:13:44.121   603   603 I lmkd    : cached 3, sandbox(not0) 0
03-08 15:13:44.122  1472  2020 I libprocessgroup: Successfully killed process cgroup uid 10081 pid 27126 in 0ms
03-08 15:13:44.122  1472  2376 D ConnectivityService: Rematched networks [computed 1ms] [applied 0ms] [issued 1]
03-08 15:13:44.122  1472  2376 D ConnectivityService: NetworkReassignment :
03-08 15:13:44.122  1472  2376 D ConnectivityService:   7873 : null → 162
03-08 15:13:44.123  1472  2366 D WifiNetworkFactory: got request NetworkRequest [ REQUEST id=7873, [ Capabilities: INTERNET&NOT_RESTRICTED&TRUSTED&NOT_VCN_MANAGED Uid: 10233 RequestorUid: 10233 RequestorPkg: com.android.vending UnderlyingNetworks: Null] ]
03-08 15:13:44.123  1472  2366 D UntrustedWifiNetworkFactory: got request NetworkRequest [ REQUEST id=7873, [ Capabilities: INTERNET&NOT_RESTRICTED&TRUSTED&NOT_VCN_MANAGED Uid: 10233 RequestorUid: 10233 RequestorPkg: com.android.vending UnderlyingNetworks: Null] ]
03-08 15:13:44.123  1472  2366 D OemPaidWifiNetworkFactory: got request NetworkRequest [ REQUEST id=7873, [ Capabilities: INTERNET&NOT_RESTRICTED&TRUSTED&NOT_VCN_MANAGED Uid: 10233 RequestorUid: 10233 RequestorPkg: com.android.vending UnderlyingNetworks: Null] ]
03-08 15:13:44.123  1472  2366 D MultiInternetWifiNetworkFactory: got request NetworkRequest [ REQUEST id=7873, [ Capabilities: INTERNET&NOT_RESTRICTED&TRUSTED&NOT_VCN_MANAGED Uid: 10233 RequestorUid: 10233 RequestorPkg: com.android.vending UnderlyingNetworks: Null] ]
03-08 15:13:44.124 27146 27146 I Finsky  : [2] uuk.onTrimMemory(13): Memory trim requested to level 80
03-08 15:13:44.124 27146 27146 I Finsky  : [2] uuj.accept(93): Flushing in-memory image cache
03-08 15:13:44.127  3258  3274 W System  : A resource failed to call release.
03-08 15:13:44.127  3258  3274 W System  : A resource failed to call release.
03-08 15:13:44.127  3258  3274 W System  : A resource failed to call release.
03-08 15:13:44.127  1327  3508 I SurfaceFlinger: id=35356 Removed Surface(name=WallpaperWindowToken{2dabb7f token=android.os.Binder@7a8349e})/@0xf6e835c - animation-leash of window_animation#35356 (139)
03-08 15:13:44.127  1327  3508 I SurfaceFlinger: id=35354 Removed Surface(name=Task=3049)/@0xba0459d - animation-leash of app_transition#35354 (139)
03-08 15:13:44.127  1327  3508 I SurfaceFlinger: id=35355 Removed Surface(name=Task=1)/@0x464f238 - animation-leash of app_transition#35355 (139)
03-08 15:13:44.132 27146 27215 I Finsky  : [479] rvl.a(6): IQ: start evaluating install requests.
03-08 15:13:44.132 27146 27215 I Finsky  : [479] rvl.a(39): IQ: no jobs active. Skipping
03-08 15:13:44.132 27300 27300 I [WEATHER]AppTracker: {[1EF538E48D8A5DE22301220C3EC79DF14273058DFA9DDAE56233B2F3F8B8C22F77242024D592553A27FB6CBE68E578A56AA2B0849AC52E6FEDD97C5D5A16048D686736CDD0A2CBC0E82366B92929F0633E1B89A12933402A06DE0207D56F46BBCC1F060354F7DF7844C07DE477F10DEE34AE00F5AB48EC6EFFA21F572409A2A3]}
03-08 15:13:44.133   679   679 W keymaster_tee: [WRN]begin req PARAMS: A32 B2 P64
03-08 15:13:44.136   679   679 D keymaster_swd: keymaster_swd [WRN] (swd_run_cb:257) swd_begin() returns 0
03-08 15:13:44.142  1327  1327 I Layer   : id=35354 Destroyed Surface(name=Task=3049)/@0xba0459d - animation-leash of app_transition#35354
03-08 15:13:44.142  1327  1327 I Layer   : id=35356 Destroyed Surface(name=WallpaperWindowToken{2dabb7f token=android.os.Binder@7a8349e})/@0xf6e835c - animation-leash of window_animation#35356
03-08 15:13:44.142  1327  1327 I Layer   : id=35355 Destroyed Surface(name=Task=1)/@0x464f238 - animation-leash of app_transition#35355
03-08 15:13:44.144 27146 27447 I Finsky  : [515] rvn.call(119): IQ: Pruning inactive install requests
03-08 15:13:44.145   679   679 D keymaster_swd: keymaster_swd [WRN] (swd_run_cb:257) swd_update() returns 0
03-08 15:13:44.145  1273  1344 E ANDR-PERF-UTIL: Failed to update node /proc/26952/sched_boost with value 0
03-08 15:13:44.146  1273  1344 E ANDR-PERF-OPTSHANDLER: can't reset task 26952
03-08 15:13:44.146  1273  1344 E ANDR-PERF-RESOURCEQS: Failed to reset optimization [3, 32]
03-08 15:13:44.148   679   679 D keymaster_swd: keymaster_swd [WRN] (swd_run_cb:257) swd_finish() returns 0
03-08 15:13:44.148 27340 27340 I [PASS][SPASS]SPassApplication: checkDeviceId false
03-08 15:13:44.148 27340 27340 I [PASS][SPASS]FrameworkUtils: isInitialized : true
03-08 15:13:44.148 27340 27340 I [PASS][SPASS]PassFramework: ISU
03-08 15:13:44.149 27300 27300 I [WEATHER]AppTracker: {[289DCA6E52EA5F2B89DDAD4BB87132BC5B2D2EFB9F561F474DC3F198D1E525C3987C4AE9C59931590EF331DE752623A876233C63EB7EFC2D6F1219FB152B2DBC4A0D30049D90EB07389048A6D3FFAD7A855DCF7785251E9F0BE739BC3DAB79F16A589633DC63D77167B2438A17852F6B6F062DF29EAE4EF87677CEBFB15D5D23E75D82BE2F381ED2A3081E6BD8C49381586BC7602FEA6BED72EBAC45DFABCCCF788E92361B38CE145403989E1E25E902E9F3D161A131D089EFE50A199BF444F4F09D15D7DE530EC8289F20966C49C05311EF0FB062028DE003AF93061FDEA3C8]}
03-08 15:13:44.149 27146 27444 I Finsky  : [514] rwz.accept(280): Retaining com.google.mainline.telemetry from pruning.
03-08 15:13:44.151 27146 27444 I Finsky  : [514] xdo.accept(300): Pruning stale session for mainline_train_primary
03-08 15:13:44.152 27146 27444 I Finsky  : [514] xdo.accept(300): Pruning stale session for com.google.mainline.adservices
03-08 15:13:44.152 27146 27444 I Finsky  : [514] xdo.accept(300): Pruning stale session for com.google.android.tzdata4
03-08 15:13:44.153 27300 27396 I [WEATHER]AppTracker: {[9463E95B750BC187A69397E7A5000CD810E8720DA3B60675F80E4F8FA58D2113F7FDD832CF79175D8A044144B8B5C9265636C1BCC050B7F5BBEFA508B98C7782216C3B92EFC626A433ADC8865F89622CEB576A741FBFDC7C13C83543D0EC21B2D9B26D32FFBB94369C5828D437E19318BCC5C15052A10AFCA3D2FD627AF6E0F54EC3CD64044A88E4F13A00C2FB20BBB30ACD0EEFF4A738A961190720F25107E0]}
03-08 15:13:44.154 27300 27300 I [WEATHER]SecAnalytics: {[C87F748D3E09D031296D0B45C9728D50B08E5E4A046F081532BA5EBC2665B5BD]}
03-08 15:13:44.154 27300 27300 I [WEATHER]StartPersistenceWork: {[85B742B6859B0A51E847EECEE54D7BBAE550F5111C0137B0DF63931E80F61A23]}
03-08 15:13:44.156 27146 27215 I Finsky  : [479] rvl.a(506): IQ: 0 scheduled install statuses found to proceed.
03-08 15:13:44.159 27300 27300 I [WEATHER]RestoreAutoRefresh: {[3D9E0655162E9D283348CE35F2ECDAEAF622451BE3DDE69A6AC2764A011D1C6101DEFA1863529A7F45C0C8D5718FEC76]}
03-08 15:13:44.160 27146 27447 I Finsky  : [515] abhg.<init>(55): Resetting scheduler db
03-08 15:13:44.160   679   679 W keymaster_tee: [WRN]begin req PARAMS: A32 B2 P64
03-08 15:13:44.162 27300 27300 I [WEATHER]RestoreAutoRefresh: {[3D9E0655162E9D283348CE35F2ECDAEAF622451BE3DDE69A6AC2764A011D1C614AEFD66083E9C26E989FB3D41AA35BF0573E7C5E1EAB3522CAD510AAF35405A1A9E55454346E44486CC8DCAFDCE96576623869DCF01F3FAE4E1DA0E3D1B67430]}
03-08 15:13:44.163   603   603 I lmkd    : cached 3, sandbox(not0) 0
03-08 15:13:44.167   679   679 D keymaster_swd: keymaster_swd [WRN] (swd_run_cb:257) swd_begin() returns 0
03-08 15:13:44.167 27146 27444 I Finsky  : [514] xdx.h(45): PackageInstaller: Abandoned the session for mainline_train_primary, sessionId: 2141755955
03-08 15:13:44.167 27146 27146 I Finsky  : [2] acpy.a(9): Connecting InstallListener to SplitInstallService broadcaster...
03-08 15:13:44.169   679   679 D keymaster_swd: keymaster_swd [WRN] (swd_run_cb:257) swd_update() returns 0
03-08 15:13:44.171   679   679 D keymaster_swd: keymaster_swd [WRN] (swd_run_cb:257) swd_finish() returns 0
03-08 15:13:44.172 27146 27444 I Finsky  : [514] xdx.h(45): PackageInstaller: Abandoned the session for com.google.mainline.adservices, sessionId: 1788655083
03-08 15:13:44.174   603   603 I lmkd    : cached 3, sandbox(not0) 0
03-08 15:13:44.176 27373 27373 D NetworkSecurityConfig: No Network Security Config specified, using platform default
03-08 15:13:44.176   679   679 W keymaster_tee: [WRN]begin req PARAMS: A32 B2 P64
03-08 15:13:44.180   679   679 D keymaster_swd: keymaster_swd [WRN] (swd_run_cb:257) swd_begin() returns 0
03-08 15:13:44.180 27146 27444 I Finsky  : [514] xdx.h(45): PackageInstaller: Abandoned the session for com.google.android.tzdata4, sessionId: 1837526592
03-08 15:13:44.184   679   679 D keymaster_swd: keymaster_swd [WRN] (swd_run_cb:257) swd_update() returns 0
03-08 15:13:44.185   603   603 I lmkd    : cached 3, sandbox(not0) 0
03-08 15:13:44.186   679   679 D keymaster_swd: keymaster_swd [WRN] (swd_run_cb:257) swd_finish() returns 0
03-08 15:13:44.189   603   603 I lmkd    : Reclaim 'com.android.vending' (27146), uid 10233, oom_score_adj 935, state 19 to free 177132kB rss, 24288kb swap
03-08 15:13:44.189   603   603 I lmkd    : Reclaimed 201420kB at oom_score_adj 850
03-08 15:13:44.189   603   603 I lmkd    : Suppressed 4 failed kill reports
03-08 15:13:44.194   679   679 W keymaster_tee: [WRN]begin req PARAMS: A32 B2 P64
03-08 15:13:44.196 27300 27300 I [WEATHER]RefreshSchedulerImpl: {[3D9E0655162E9D283348CE35F2ECDAEA9F3655DB299128963EF7A822A65D7BBEA33A8CE0AC11CC22C0F03B0C4E99CB7249538B88594820F70EDC5774041CB5C16ADCF96DF8E4D29B43243E6701FD336D]}
03-08 15:13:44.197   679   679 D keymaster_swd: keymaster_swd [WRN] (swd_run_cb:257) swd_begin() returns 0
03-08 15:13:44.197 27300 27300 I [WEATHER]RefreshSchedulerImpl: {[3D9E0655162E9D283348CE35F2ECDAEABDB7D536AE4DF6F1F1EA7E7D41912166F59853539B9A8370EBE7EDFC7118DEEF58639861B70EBA14B596E39AC9FE514BA7F733C66382178953A1421F91B4596D]}
03-08 15:13:44.198 27300 27300 I [WEATHER]RefreshSchedulerImpl: {[3D9E0655162E9D283348CE35F2ECDAEAD166ED69BE70E76B71021181F727A56D615056388A6182743CB3CD1C02BD67F1871B7B661F1309A0F36F5CEEFE24EA5407C40D600C5068BB5EA16778AB2BAE0A]}
03-08 15:13:44.199 27300 27300 I [WEATHER]RefreshSchedulerImpl: {[3D9E0655162E9D283348CE35F2ECDAEA9A9BDF2F584CC397C743B48A86C22EAC]}
03-08 15:13:44.199   679   679 D keymaster_swd: keymaster_swd [WRN] (swd_run_cb:257) swd_update() returns 0
03-08 15:13:44.202 27373 27457 D OpenGLRenderer: RenderThread::requireGlContext()
03-08 15:13:44.203 27373 27457 I AdrenoGLES-0: QUALCOMM build                   : e1ac91e, I2b3b5fbd00
03-08 15:13:44.203 27373 27457 I AdrenoGLES-0: Build Date                       : 11/17/20
03-08 15:13:44.203 27373 27457 I AdrenoGLES-0: OpenGL ES Shader Compiler Version: EV031.32.02.06
03-08 15:13:44.203 27373 27457 I AdrenoGLES-0: Local Branch                     :
03-08 15:13:44.203 27373 27457 I AdrenoGLES-0: Remote Branch                    :
03-08 15:13:44.203 27373 27457 I AdrenoGLES-0: Remote Branch                    :
03-08 15:13:44.203 27373 27457 I AdrenoGLES-0: Reconstruct Branch               :
03-08 15:13:44.203 27373 27457 I AdrenoGLES-0: Build Config                     : S P 10.0.7 AArch64
03-08 15:13:44.203 27373 27457 I AdrenoGLES-0: Driver Path                      : /vendor/lib64/egl/libGLESv2_adreno.so
03-08 15:13:44.204 27300 27399 E [WEATHER]RepresentLocationManager: {[7D230D78D0ABBDBE948CE80A15B2E91DFF802913D1AF381467573614C6FCCC8E90F1E9CD8AFD23AEB491C274FD20C127]}
03-08 15:13:44.205 27300 27399 W [WEATHER]RepresentLocationCondition: {[791A7E843A2403D987543B4D9BD486B71BE3E621203B6E1BD71D444D8BD172C9B8BEB86A6A33DACE4B14BB0AC32ED7EB]}
03-08 15:13:44.205 27300 27399 I [WEATHER]AddRepresentScenarioHandler: {[DF604F2FE57637CF1717FE26DFD22E393D928D46A03C081A6AAED627C131A00BD754416B1A748B1FF46C6EF7FDD6A4F0]}
03-08 15:13:44.206 27300 27399 I [WEATHER]ConditionManager: {[B1B36EC94B8C4F4707BE22CC98BC66F3561CC7B081D2BD569F36A49392B4ADA979098BA9B8B0EBE1C405C11017A99F29]}
03-08 15:13:44.207   679   679 D keymaster_swd: keymaster_swd [WRN] (swd_run_cb:257) swd_finish() returns 0
03-08 15:13:44.209 27340 27340 I [PASS][SPASS]FrameworkUtils: isSignedUp - true
03-08 15:13:44.213 27373 27457 I AdrenoGLES-0: PFP: 0x016ee190, ME: 0x00000000
03-08 15:13:44.214  1472  5162 I AppWidgetServiceImpl: getAppWidgetInfo() 2, from 0
03-08 15:13:44.221 27373 27457 D OpenGLRenderer: RenderThread::setGrContext()
03-08 15:13:44.225 27373 27373 I DecorView: [INFO] isPopOver=false config=true
03-08 15:13:44.225 27373 27373 I DecorView: updateCaptionType: isFloating=false isApplication=true hasWindowDecorCaption=false this=DecorView@7508899[]
03-08 15:13:44.225 27373 27373 D DecorView: setCaptionType = 0, this = DecorView@7508899[]
03-08 15:13:44.231 27373 27373 I DecorView: getCurrentDensityDpi: from real metrics. densityDpi=420 msg=resources_loaded
03-08 15:13:44.231 27373 27373 I DecorView: setWindowBackground: isPopOver=false color=ffffffff d=android.graphics.drawable.ColorDrawable@8e2273f
03-08 15:13:44.236 27340 27340 I [PASS][CMN]WalletUtil: getWalletMigrated : false
03-08 15:13:44.237 27340 27340 I [PASS][SPASS]IconUtils:  checkVersionAddIcon : criticalUpdateVersion : true firstCheck : false appIconExist : true  walletMigrated : false
03-08 15:13:44.237 27340 27340 I [PASS][SPASS]FrameworkUtils: isInitialized : true
03-08 15:13:44.237 27340 27340 I [PASS][SPASS]PassFramework: ISU
03-08 15:13:44.237 27340 27340 I [PASS][SPASS]FrameworkUtils: isSignedUp - true
03-08 15:13:44.237 27340 27340 I [PASS][SPASS]IconUtils: checkVersionAddIcon showIconForcibly
03-08 15:13:44.237 27340 27340 I [PASS][SPASS]IconUtils: addAppIcon
03-08 15:13:44.238  1472  2376 D ConnectivityService: releasing NetworkRequest [ REQUEST id=7873, [ Capabilities: INTERNET&NOT_RESTRICTED&TRUSTED&NOT_VCN_MANAGED Uid: 10233 RequestorUid: 10233 RequestorPkg: com.android.vending UnderlyingNetworks: Null] ] (release request)
03-08 15:13:44.238 27373 27373 I MSHandlerLifeCycle: check: return. pkg=com.example.cmput301w24t33.test parent=null callers=com.android.internal.policy.DecorView.setVisibility:4412 android.app.ActivityThread.handleResumeActivity:5476 android.app.servertransaction.ResumeActivityItem.execute:54 android.app.servertransaction.ActivityTransactionItem.execute:45 android.app.servertransaction.TransactionExecutor.executeLifecycleState:176
03-08 15:13:44.238 27373 27373 I MSHandlerLifeCycle: removeMultiSplitHandler: no exist. decor=DecorView@7508899[]
03-08 15:13:44.238  1472  2020 I libprocessgroup: Successfully killed process cgroup uid 10233 pid 27146 in 0ms
03-08 15:13:44.243  1472  2376 D ConnectivityService:  Removing from current network [162 WIFI], leaving 148 requests.
03-08 15:13:44.243  1472  2376 D ConnectivityService: releasing NetworkRequest [ REQUEST id=7868, [ Capabilities: INTERNET&NOT_RESTRICTED&TRUSTED&NOT_VCN_MANAGED Uid: 10233 RequestorUid: 10233 RequestorPkg: com.android.vending UnderlyingNetworks: Null] ] (release request)
03-08 15:13:44.243  1472  2376 D ConnectivityService:  Removing from current network [162 WIFI], leaving 147 requests.
03-08 15:13:44.243 27340 27340 I [PASS][SPASS]IconUtils: addAppIcon : App icon is already added
03-08 15:13:44.244 27340 27340 I [PASS][CMN]WalletUtil: getWalletMigrated : false
03-08 15:13:44.244 27340 27340 I [PASS][SPASS]IconUtils: setComponentEnabledSetting : true, walletMigrated : false
03-08 15:13:44.244  1472  5032 D PackageManager: setEnabledSetting : userId = 0 packageName = com.samsung.android.samsungpass cmp = com.samsung.android.samsungpass.launcher.EntryLauncher newState = 1 callingPackage = 10112/com.samsung.android.samsungpass
03-08 15:13:44.245  1472  5032 D ApplicationPolicy: getApplicationStateEnabled : pkg = com.samsung.android.samsungpass userId : 0
03-08 15:13:44.246 27300 27399 I [WEATHER]DataTracker: {[473FCD0E8512FA5F1DE411360283BDC0EC41EDE8C09C8995F2A7235612EA56053D99084B1E838E58AFDD1BFB1DB7E1B481769CCE835C1815A771D0FD2D16A88332F231E0A45438E9F9FDC4197A92EFCF8269012F89ED03C8F6235F61CB0555F4F661A6C9DD7D5A52DC2E067CE5F7FAC791BB3BE06565F6540967893B66223458FFE0C833D3302F9798CAFDBAF756CF4F93DE8EC7452093E7592BF0E1F58E7B5EE842B8D37D19A58327E1A5F56CDA66D5B9CA2DE92F698A0581B49FA6BFC6BB3F0ABEE492BD0715AEF1006A9C94667EDD1B183998DBEB512A1D782954680CB7A0D08043DA6A336E44EF5A2B9C92DF4DEBE610883249FC839B546FBFF700B5CEE2B94C1FFC9816F2846747AF6D628CFD74BFB205DEA0C454E1491AECFDCC0B7606161B68686CEC4C5C43205EC15AD9E5D1BE0DAE84984C9685EF4ED145995645C4309B3AAB4465836B17CCAA1EDE9E6F169186847D9EC29B35FD4BA31AEE274FAF7D2302115C5EE1A0E2E653E669A327174A6ACF8DE5B02EEFBF2C1B884C1BC48AF76509E7F1A45D66436E555E13FB3B57743F8E30AA9BD27D821C22F80EAA118D30F98B00F95CF3B391C80D914ABE3FCA2101CBBDA256A0841E6C53CAF596DF226A5AB9F4104C691894B449C9E45D2A7060D44BD934E0CA4A3BDD64CFD626F5A817BA1FAD47E4876402BBB5DF05D185DB]}
03-08 15:13:44.246  1472  5032 D ApplicationPolicy: getApplicationComponentState : pkg = com.samsung.android.samsungpass userId : 0
03-08 15:13:44.246  1180  1180 I Zygote  : Process 27146 exited due to signal 9 (Killed)
03-08 15:13:44.248  1472  2284 D OpenGLRenderer: trimMemory(TRIM_MEMORY_COMPLETE)::destroyRenderingContext
03-08 15:13:44.248  1472  2284 D OpenGLRenderer: RenderThread::destroyRenderingContext()
03-08 15:13:44.248  1472  2284 D OpenGLRenderer: RenderThread::setGrContext()
03-08 15:13:44.250 27373 27457 D NativeCustomFrequencyManager: [NativeCFMS] BpCustomFrequencyManager::BpCustomFrequencyManager()
03-08 15:13:44.250  3407  3407 W DeviceManager_FLP: onTrimMemory : 15
03-08 15:13:44.250  4995  4995 W DMASA[U]: [AppLogData]onTrimMemory(15):1709936024250
03-08 15:13:44.250  3407  3453 I GpsSessionManager_FLP: arrangeInvalidSessions
03-08 15:13:44.259  2578  2578 D SystemUIService: SYSUI_RAM_OPTIMIZATION onTrimMemory=15
03-08 15:13:44.260 10975 10975 I MCFQS   : (DeviceConnectionService) onTrimMemory()-[td:main] level: 15
03-08 15:13:44.262  4995  4995 I id.diagmonagent: Explicit concurrent copying GC freed 1135(92KB) AllocSpace objects, 0(0B) LOS objects, 70% free, 2629KB/8773KB, paused 25us,16us total 7.049ms
03-08 15:13:44.264  4995  4995 W DMASA[C]: [DiagMonAgentApplication]onTrimMemory (15)
03-08 15:13:44.264 27281 27281 I Finsky:background: [2] uuk.onTrimMemory(13): Memory trim requested to level 15
03-08 15:13:44.269  1472  5032 D PackageManager: setEnabledSetting : userId = 0 packageName = com.samsung.android.samsungpass cmp = com.samsung.android.samsungpass.launcher.EntryLauncherJPN newState = 2 callingPackage = 10112/com.samsung.android.samsungpass
03-08 15:13:44.272 27300 27300 I [WEATHER]LoggerService: {[5C0BA85D5BDED42699E6D325962A0C42A8839C4F0E9F4A8FC9AA06FC0E579599]}
03-08 15:13:44.273 27300 27300 I [WEATHER]LoggerService: {[5C0BA85D5BDED42699E6D325962A0C4246C4011B1991DADE1BBA30BCEBC67C542FBC9FC94087E262B4FB455D615601B50D265F972AC72E991D09EDFF38C48B1233ADC0AA098C4CA4C248601BD11652A01876AC2AB969E5BE6BEEBF6BCF1810B147D42D57A7E307F104BDCBF354B0EC5C99601E720AF30A83B9C8E749B293F3AB]}
03-08 15:13:44.274  1472  5160 D PackageManager: setEnabledSetting : userId = 0 packageName = com.samsung.android.samsungpass cmp = com.samsung.android.samsungpass.launcher.SearchableActivity newState = 2 callingPackage = 10112/com.samsung.android.samsungpass
03-08 15:13:44.274 27281 27281 I Finsky:background: [2] uuk.onTrimMemory(13): Memory trim requested to level 60
03-08 15:13:44.275 27300 27399 I [WEATHER]DayNightChangeCheckService: {[32C96A90F3F48E012C7ADE377ED85AB74856C78EBC580EADB597611259E4C203FE48DF800843A8C244C5B2A9871A2C7AADFFF84D206FADBFCE756393034AF3DC6B040B162BCCB5BEFC9592E110122B7147FBF4B46FA0898B1A4A7FBFE3492251DCC7620BCA1B55643CED4D9D484D3A909105548631743AABD57C163750170CAE]}
03-08 15:13:44.275  5242  5242 I CocktailBarUiController: onTrimMemory is ignored
03-08 15:13:44.276 27340 27340 I [PASS][CMN]WalletUtil: getWalletMigrated : false
03-08 15:13:44.276 27340 27340 I [PASS][SPASS]IconUtils: setComponentEnabledSetting : true, walletMigrated : false
03-08 15:13:44.276 12908 12908 I HBD     : HoneyBoardService onTrimMemory 15
03-08 15:13:44.276  1472  5160 D PackageManager: setEnabledSetting : userId = 0 packageName = com.samsung.android.samsungpass cmp = com.samsung.android.samsungpass.launcher.EntryLauncher newState = 1 callingPackage = 10112/com.samsung.android.samsungpass
03-08 15:13:44.278 26361 26361 I ViewRootImpl@349359b[Admin]: stopped(true) old = false
03-08 15:13:44.278 26361 26361 I ViewRootImpl@349359b[Admin]: WindowStopped on com.example.cmput301w24t33/com.example.cmput301w24t33.activities.AdminActivity set to true
03-08 15:13:44.279  1472  3340 D InputTransport: Input channel constructed: '5f02127', fd=921
03-08 15:13:44.279  1472  3340 D InputTransport: Input channel constructed: '5f02127', fd=953
03-08 15:13:44.280  1472  3340 D InputTransport: Input channel constructed: '5f02127', fd=959
03-08 15:13:44.282  1327  2100 I SurfaceFlinger: id=35414 createSurf, flag=80004, 5f02127 com.example.cmput301w24t33.test/androidx.test.core.app.InstrumentationActivityInvoker$EmptyActivity#35414
03-08 15:13:44.283 26361 26361 D LifecycleMonitor: Lifecycle status change: com.example.cmput301w24t33.activities.AdminActivity@e03c4f0 in: STOPPED
03-08 15:13:44.283 12908 12908 I HBD     : HoneyBoardService honeyBoardComponentManager.onTrimMemory()
03-08 15:13:44.283  1472  5160 D ApplicationPolicy: getApplicationStateEnabled : pkg = com.samsung.android.samsungpass userId : 0
03-08 15:13:44.284  1472  5160 D ApplicationPolicy: getApplicationComponentState : pkg = com.samsung.android.samsungpass userId : 0
03-08 15:13:44.286 26361 26361 V ActivityScenario: Update currentActivityStage to STOPPED, currentActivity=com.example.cmput301w24t33.activities.AdminActivity@e03c4f0
03-08 15:13:44.287 12908 12908 I HBD     : e viewLayoutSizeUpdateManager trimMemory
03-08 15:13:44.287  1472  5160 D PackageManager: setEnabledSetting : userId = 0 packageName = com.samsung.android.samsungpass cmp = com.samsung.android.samsungpass.launcher.EntryLauncherJPN newState = 2 callingPackage = 10112/com.samsung.android.samsungpass
03-08 15:13:44.287  1472  3340 D InputTransport: Input channel destroyed: '5f02127', fd=959
03-08 15:13:44.289  1472  5160 D PackageManager: setEnabledSetting : userId = 0 packageName = com.samsung.android.samsungpass cmp = com.samsung.android.samsungpass.launcher.SearchableActivity newState = 2 callingPackage = 10112/com.samsung.android.samsungpass
03-08 15:13:44.290 27373 27373 D InsetsController: onStateChanged: InsetsState: {mDisplayFrame=Rect(0, 0 - 1080, 2400), mDisplayCutout=DisplayCutout{insets=Rect(0, 91 - 0, 0) waterfall=Insets{left=0, top=0, right=0, bottom=0} boundingRect={Bounds=[Rect(0, 0 - 0, 0), Rect(503, 0 - 577, 91), Rect(0, 0 - 0, 0), Rect(0, 0 - 0, 0)]} cutoutPathParserInfo={CutoutPathParserInfo{displayWidth=1080 displayHeight=2400 physicalDisplayWidth=1080 physicalDisplayHeight=2400 density={2.625} cutoutSpec={M 0,0 H -14.0952380952381 V 34.66666666666667 H 14.0952380952381 V 0 H 0 Z @dp} rotation={0} scale={1.0} physicalPixelDisplaySizeRatio={1.0}}}}, mRoundedCorners=RoundedCorners{[RoundedCorner{position=TopLeft, radius=84, center=Point(84, 84)}, RoundedCorner{position=TopRight, radius=84, center=Point(996, 84)}, RoundedCorner{position=BottomRight, radius=84, center=Point(996, 2316)}, RoundedCorner{position=BottomLeft, radius=84, center=Point(84, 2316)}]}  mRoundedCornerFrame=Rect(0, 0 - 1080, 2400), mPrivacyIndicatorBounds=PrivacyIndicatorBounds {static bounds=Rect(964, 0 - 1080, 91) rotation=0}, mSources= { InsetsSource: {mType=ITYPE_STATUS_BAR, mFrame=[0,0][1080,91], mVisible=true, mInsetsRoundedCornerFrame=false}, InsetsSource: {mType=ITYPE_NAVIGATION_BAR, mFrame=[0,2274][1080,2400], mVisible=true, mInsetsRoundedCornerFrame=false}, InsetsSource: {mType=ITYPE_LEFT_GESTURES, mFrame=[0,0][0,2400], mVisible=true, mInsetsRoundedCornerFrame=false}, InsetsSource: {mType=ITYPE_RIGHT_GESTURES, mFrame=[1080,0][1080,2400], mVisible=true, mInsetsRoundedCornerFrame=false}, InsetsSource: {mType=ITYPE_TOP_MANDATORY_GESTURES, mFrame=[0,0][1080,123], mVisible=true, mInsetsRoundedCornerFrame=false}, InsetsSource: {mType=ITYPE_BOTTOM_MANDATORY_GESTURES, mFrame=[0,2274][1080,2400], mVisible=true, mInsetsRoundedCornerFrame=false}, InsetsSource: {mType=ITYPE_LEFT_DISPLAY_CUTOUT, mFrame=[0,0][-100000,2400], mVisible=true, mInsetsRoundedCornerFrame=false}, InsetsSource: {mType=ITYPE_TOP_DISPLAY_CUTOUT, mFrame=[0,0][1080,91], mVisible=true, mInsetsRoundedCornerFrame=false}, InsetsSource: {mType=ITYPE_RIGHT_DISPLAY_CUTOUT, mFrame=[100000,0][1080,2400], mVisible=true, mInsetsRoundedCornerFrame=false}, InsetsSource: {mType=ITYPE_BOTTOM_DISPLAY_CUTOUT, mFrame=[0,100000][1080,2400], mVisible=true, mInsetsRoundedCornerFrame=false}, InsetsSource: {mType=ITYPE_TOP_TAPPABLE_ELEMENT, mFrame=[0,0][1080,91], mVisible=true, mInsetsRoundedCornerFrame=false}, InsetsSource: {mType=ITYPE_BOTTOM_TAPPABLE_ELEMENT, mFrame=[0,2274][1080,2400], mVisible=true, mInsetsRoundedCornerFrame=false} } host=com.example.cmput301w24t33.test/androidx.test.core.app.InstrumentationActivityInvoker$EmptyActivity from=android.view.ViewRootImpl.setView:1732
03-08 15:13:44.290 26361 26361 I MSHandlerLifeCycle: removeMultiSplitHandler: no exist. decor=DecorView@7574208[Admin]
03-08 15:13:44.293 27373 27373 I ViewRootImpl@d7f2b6a[InstrumentationActivityInvoker$EmptyActivity]: setView = com.android.internal.policy.DecorView@7508899 TM=true
03-08 15:13:44.297 27300 27354 I [WEATHER]DataTracker: {[010BC0A5D0A0A477CE9271757D52E8B765376C900757FF0BABF461B757A4EE85]}
03-08 15:13:44.297 27373 27373 I MSHandlerLifeCycle: removeMultiSplitHandler: no exist. decor=DecorView@7508899[InstrumentationActivityInvoker$EmptyActivity]
03-08 15:13:44.297 27300 27354 I [WEATHER]DataTracker: {[388BEE2D2A841C0140CBCBBD4B69DB14E452B3E0F7F9FC3152E0C647282AE938A4BD59A1B41A96C9548373969E6A805D]}
03-08 15:13:44.300 26361 26361 D LifecycleMonitor: Lifecycle status change: com.example.cmput301w24t33.activities.AdminActivity@e03c4f0 in: DESTROYED
03-08 15:13:44.300 26361 26361 V ActivityScenario: Update currentActivityStage to DESTROYED, currentActivity=null
03-08 15:13:44.301 27340 27340 I MockDeskModeManager:  isDeskMode : false
03-08 15:13:44.301 27340 27340 I MockDeskModeManager: Adding Desktop State change Listeners
03-08 15:13:44.303 26361 26361 I MSHandlerLifeCycle: removeMultiSplitHandler: no exist. decor=DecorView@7574208[Admin]
03-08 15:13:44.306 26361 26463 D OpenGLRenderer: setSurface called with nullptr
03-08 15:13:44.306 26361 26361 I ViewRootImpl@349359b[Admin]: dispatchDetachedFromWindow
03-08 15:13:44.308  1472  5160 D InputTransport: Input channel destroyed: '1f82d5b', fd=885
03-08 15:13:44.308  1472  5160 W InputManager-JNI: Input channel object '1f82d5b com.example.cmput301w24t33/com.example.cmput301w24t33.activities.AdminActivity (client)' was disposed without first being removed with the input manager!
03-08 15:13:44.308  1472  5160 D InputTransport: Input channel destroyed: '1f82d5b', fd=902
03-08 15:13:44.309  1327  1413 I SurfaceFlinger: id=35415 createSurf, flag=24004, Surface(name=a2c6971 InputMethod)/@0x3034fd7 - animation-leash of insets_animation#35415
03-08 15:13:44.312 26361 26361 D InputTransport: Input channel destroyed: '1f82d5b', fd=107
03-08 15:13:44.312 27373 27373 I ViewRootImpl@d7f2b6a[InstrumentationActivityInvoker$EmptyActivity]: performTraversals params={(0,0)(fillxfill) sim={adjust=pan forwardNavigation} ty=BASE_APPLICATION
03-08 15:13:44.312 27373 27373 I ViewRootImpl@d7f2b6a[InstrumentationActivityInvoker$EmptyActivity]:   fl=81810100
03-08 15:13:44.312 27373 27373 I ViewRootImpl@d7f2b6a[InstrumentationActivityInvoker$EmptyActivity]:   pfl=12020040
03-08 15:13:44.312 27373 27373 I ViewRootImpl@d7f2b6a[InstrumentationActivityInvoker$EmptyActivity]:   bhv=DEFAULT
03-08 15:13:44.312 27373 27373 I ViewRootImpl@d7f2b6a[InstrumentationActivityInvoker$EmptyActivity]:   fitSides= naviIconColor=0
03-08 15:13:44.312 27373 27373 I ViewRootImpl@d7f2b6a[InstrumentationActivityInvoker$EmptyActivity]:   sfl=100000}
03-08 15:13:44.314 26361 26459 I TestRunner: finished: testAdminViewProfiles(com.example.cmput301w24t33.AdminActivityUITest)
