03-08 15:13:46.851  1472  5031 V WindowManager: Relayout hash=b018b1a, pid=26361, syncId=-1: mAttrs={(0,0)(fillxfill) sim={adjust=resize forwardNavigation} ty=BASE_APPLICATION wanim=0x1030309
03-08 15:13:46.851  1472  5031 V WindowManager:   fl=81810100
03-08 15:13:46.851  1472  5031 V WindowManager:   pfl=12020040
03-08 15:13:46.851  1472  5031 V WindowManager:   apr=LIGHT_NAVIGATION_BARS
03-08 15:13:46.851  1472  5031 V WindowManager:   bhv=DEFAULT
03-08 15:13:46.851  1472  5031 V WindowManager:   fitSides= naviIconColor=0
03-08 15:13:46.851  1472  5031 V WindowManager:   sfl=100000}
03-08 15:13:46.855 26361 26361 D InsetsController: onStateChanged: InsetsState: {mDisplayFrame=Rect(0, 0 - 1080, 2400), mDisplayCutout=DisplayCutout{insets=Rect(0, 91 - 0, 0) waterfall=Insets{left=0, top=0, right=0, bottom=0} boundingRect={Bounds=[Rect(0, 0 - 0, 0), Rect(503, 0 - 577, 91), Rect(0, 0 - 0, 0), Rect(0, 0 - 0, 0)]} cutoutPathParserInfo={CutoutPathParserInfo{displayWidth=1080 displayHeight=2400 physicalDisplayWidth=1080 physicalDisplayHeight=2400 density={2.625} cutoutSpec={M 0,0 H -14.0952380952381 V 34.66666666666667 H 14.0952380952381 V 0 H 0 Z @dp} rotation={0} scale={1.0} physicalPixelDisplaySizeRatio={1.0}}}}, mRoundedCorners=RoundedCorners{[RoundedCorner{position=TopLeft, radius=84, center=Point(84, 84)}, RoundedCorner{position=TopRight, radius=84, center=Point(996, 84)}, RoundedCorner{position=BottomRight, radius=84, center=Point(996, 2316)}, RoundedCorner{position=BottomLeft, radius=84, center=Point(84, 2316)}]}  mRoundedCornerFrame=Rect(0, 0 - 1080, 2400), mPrivacyIndicatorBounds=PrivacyIndicatorBounds {static bounds=Rect(964, 0 - 1080, 91) rotation=0}, mSources= { InsetsSource: {mType=ITYPE_STATUS_BAR, mFrame=[0,0][1080,91], mVisible=true, mInsetsRoundedCornerFrame=false}, InsetsSource: {mType=ITYPE_NAVIGATION_BAR, mFrame=[0,2274][1080,2400], mVisible=true, mInsetsRoundedCornerFrame=false}, InsetsSource: {mType=ITYPE_LEFT_GESTURES, mFrame=[0,0][0,2400], mVisible=true, mInsetsRoundedCornerFrame=false}, InsetsSource: {mType=ITYPE_RIGHT_GESTURES, mFrame=[1080,0][1080,2400], mVisible=true, mInsetsRoundedCornerFrame=false}, InsetsSource: {mType=ITYPE_TOP_MANDATORY_GESTURES, mFrame=[0,0][1080,123], mVisible=true, mInsetsRoundedCornerFrame=false}, InsetsSource: {mType=ITYPE_BOTTOM_MANDATORY_GESTURES, mFrame=[0,2274][1080,2400], mVisible=true, mInsetsRoundedCornerFrame=false}, InsetsSource: {mType=ITYPE_LEFT_DISPLAY_CUTOUT, mFrame=[0,0][-100000,2400], mVisible=true, mInsetsRoundedCornerFrame=false}, InsetsSource: {mType=ITYPE_TOP_DISPLAY_CUTOUT, mFrame=[0,0][1080,91], mVisible=true, mInsetsRoundedCornerFrame=false}, InsetsSource: {mType=ITYPE_RIGHT_DISPLAY_CUTOUT, mFrame=[100000,0][1080,2400], mVisible=true, mInsetsRoundedCornerFrame=false}, InsetsSource: {mType=ITYPE_BOTTOM_DISPLAY_CUTOUT, mFrame=[0,100000][1080,2400], mVisible=true, mInsetsRoundedCornerFrame=false}, InsetsSource: {mType=ITYPE_TOP_TAPPABLE_ELEMENT, mFrame=[0,0][1080,91], mVisible=true, mInsetsRoundedCornerFrame=false}, InsetsSource: {mType=ITYPE_BOTTOM_TAPPABLE_ELEMENT, mFrame=[0,2274][1080,2400], mVisible=true, mInsetsRoundedCornerFrame=false}, InsetsSource: {mType=ITYPE_IME, mFrame=[0,0][0,0], mVisibleFrame=[0,1409][1080,2400], mVisible=false, mInsetsRoundedCornerFrame=false} } host=com.example.cmput301w24t33/com.example.cmput301w24t33.activities.Organizer from=android.view.ViewRootImpl.relayoutWindow:9802
03-08 15:13:46.857 26361 26361 I ViewRootImpl@35311c6[Organizer]: updateBlastSurfaceIfNeeded mBlastBufferQueue=null isSameSurfaceControl=false
03-08 15:13:46.858 26361 26361 I BLASTBufferQueue: new BLASTBufferQueue, mName= ViewRootImpl@35311c6[Organizer] mNativeObject= 0xb400007cfb5f7e80 sc.mNativeObject= 0xb400007c50e5b080 caller= android.view.ViewRootImpl.updateBlastSurfaceIfNeeded:2909 android.view.ViewRootImpl.relayoutWindow:9847 android.view.ViewRootImpl.performTraversals:3884 android.view.ViewRootImpl.doTraversal:3116 android.view.ViewRootImpl$TraversalRunnable.run:10885 android.view.Choreographer$CallbackRecord.run:1301 android.view.Choreographer$CallbackRecord.run:1309 android.view.Choreographer.doCallbacks:923 android.view.Choreographer.doFrame:852 android.view.Choreographer$FrameDisplayEventReceiver.run:1283
03-08 15:13:46.859 26361 26361 I BLASTBufferQueue: update, w= 1080 h= 2400 mName = ViewRootImpl@35311c6[Organizer] mNativeObject= 0xb400007cfb5f7e80 sc.mNativeObject= 0xb400007c50e5b080 format= -1 caller= android.graphics.BLASTBufferQueue.<init>:84 android.view.ViewRootImpl.updateBlastSurfaceIfNeeded:2909 android.view.ViewRootImpl.relayoutWindow:9847 android.view.ViewRootImpl.performTraversals:3884 android.view.ViewRootImpl.doTraversal:3116 android.view.ViewRootImpl$TraversalRunnable.run:10885
03-08 15:13:46.859 26361 26361 I ViewRootImpl@35311c6[Organizer]: Relayout returned: old=(0,0,1080,2400) new=(0,0,1080,2400) req=(1080,2400)0 dur=12 res=0x3 s={true 0xb400007c50d4e800} ch=true seqId=0
03-08 15:13:46.861 26361 26361 I ViewRootImpl@35311c6[Organizer]: mThreadedRenderer.initialize() mSurface={isValid=true 0xb400007c50d4e800} hwInitialized=true
03-08 15:13:46.862 26361 26463 D OpenGLRenderer: eglCreateWindowSurface
03-08 15:13:46.866 26361 26361 I ViewRootImpl@35311c6[Organizer]: reportNextDraw android.view.ViewRootImpl.performTraversals:4438 android.view.ViewRootImpl.doTraversal:3116 android.view.ViewRootImpl$TraversalRunnable.run:10885 android.view.Choreographer$CallbackRecord.run:1301 android.view.Choreographer$CallbackRecord.run:1309
03-08 15:13:46.866 26361 26361 I ViewRootImpl@35311c6[Organizer]: Setup new sync id=0
03-08 15:13:46.867 26361 26361 I ViewRootImpl@35311c6[Organizer]: Setting syncFrameCallback
03-08 15:13:46.867 26361 26361 I ViewRootImpl@35311c6[Organizer]: registerCallbacksForSync syncBuffer=false
03-08 15:13:46.872 26361 26528 I ViewRootImpl@35311c6[Organizer]: Received frameDrawingCallback syncResult=0 frameNum=1.
03-08 15:13:46.872 26361 26528 I ViewRootImpl@35311c6[Organizer]: Setting up sync and frameCommitCallback
03-08 15:13:46.872  1327  1327 I Layer   : id=35473 removedFromDrawingState Surface(name=c9f16ce StatusBar)/@0xc28a9d9 - animation-leash of insets_animation#35473 (142)
03-08 15:13:46.872  1327  1327 I Layer   : id=35474 removedFromDrawingState Surface(name=296f76f NavigationBar0)/@0x8bb6395 - animation-leash of insets_animation#35474 (142)
03-08 15:13:46.874  1472  3543 D InputDispatcher: Focus request (0): b018b1a com.example.cmput301w24t33/com.example.cmput301w24t33.activities.Organizer but waiting because NO_WINDOW
03-08 15:13:46.888 26361 26463 I BLASTBufferQueue: [ViewRootImpl@35311c6[Organizer]#4](f:0,a:0) onFrameAvailable the first frame is available
03-08 15:13:46.889 26361 26463 I ViewRootImpl@35311c6[Organizer]: Received frameCommittedCallback lastAttemptedDrawFrameNum=1 didProduceBuffer=true
03-08 15:13:46.889 26361 26463 D OpenGLRenderer: CFMS:: SetUp Pid : 26361    Tid : 26463
03-08 15:13:46.889 26361 26463 W Parcel  : Expecting binder but got null!
03-08 15:13:46.890 26361 26361 I ViewRootImpl@35311c6[Organizer]: onSyncComplete
03-08 15:13:46.890 26361 26361 I ViewRootImpl@35311c6[Organizer]: setupSync seqId=0 mSyncId=0 fn=1 caller=android.view.ViewRootImpl$$ExternalSyntheticLambda11.accept:6 android.window.SurfaceSyncer.lambda$setupSync$1$android-window-SurfaceSyncer:128 android.window.SurfaceSyncer$$ExternalSyntheticLambda1.accept:8 android.window.SurfaceSyncer$SyncSet.checkIfSyncIsComplete:382 android.window.SurfaceSyncer$SyncSet.markSyncReady:359 android.window.SurfaceSyncer.markSyncReady:151 android.view.ViewRootImpl.performTraversals:4503
03-08 15:13:46.891 26361 26361 I ViewRootImpl@35311c6[Organizer]: reportDrawFinished seqId=0 mSyncId=-1 fn=1 mSurfaceChangedTransaction=0xb400007c50e74f00
03-08 15:13:46.892 26361 26361 I ViewRootImpl@b3bb840[Attendee]: MSG_WINDOW_FOCUS_CHANGED 0 0
03-08 15:13:46.894  1327  2296 I SurfaceFlinger: id=35483 createSurf, flag=24000, Surface(name=ActivityRecord{4a9e2ec u0 com.example.cmput301w24t33/.activities.Attendee} t3072})/@0xfad487b - animation-leash of app_transition#35483
03-08 15:13:46.894  1327  3508 I SurfaceFlinger: id=35484 createSurf, flag=80004, Surface(name=ActivityRecord{4a9e2ec u0 com.example.cmput301w24t33/.activities.Attendee} t3072})/@0xfad487b - animation-bounds#35484
03-08 15:13:46.895  1327  1413 I SurfaceFlinger: id=35485 createSurf, flag=20004, DimAnimationLayer for ActivityRecord{7b0bfd3 u0 com.example.cmput301w24t33/.activities.Organizer} t3072}#35485
03-08 15:13:46.896  1327  3508 I SurfaceFlinger: id=35486 createSurf, flag=24004, Surface(name=ActivityRecord{7b0bfd3 u0 com.example.cmput301w24t33/.activities.Organizer} t3072})/@0x222591f - animation-leash of app_transition#35486
03-08 15:13:46.897  1327  3508 I SurfaceFlinger: id=35487 createSurf, flag=80004, Surface(name=ActivityRecord{7b0bfd3 u0 com.example.cmput301w24t33/.activities.Organizer} t3072})/@0x222591f - animation-bounds#35487
03-08 15:13:46.898  1472  1876 I ActivityTaskManager: Displayed com.example.cmput301w24t33/.activities.Organizer: +169ms
03-08 15:13:46.899  1327  2296 I SurfaceFlinger: id=35488 createSurf, flag=80000, ec505c2 ActivityRecordInputSink com.example.cmput301w24t33/.activities.Organizer#35488
03-08 15:13:46.900  1327  3508 I SurfaceFlinger: id=35474 Removed Surface(name=296f76f NavigationBar0)/@0x8bb6395 - animation-leash of insets_animation#35474 (148)
03-08 15:13:46.900  1327  3508 I SurfaceFlinger: id=35473 Removed Surface(name=c9f16ce StatusBar)/@0xc28a9d9 - animation-leash of insets_animation#35473 (148)
03-08 15:13:46.905 26361 26361 W Firestore: (24.10.2) [CustomClassMapper]: No setter/field for fullName found on class com.example.cmput301w24t33.users.User (fields/setters are case sensitive!)
03-08 15:13:46.906  1327  1327 I Layer   : id=35473 Destroyed Surface(name=c9f16ce StatusBar)/@0xc28a9d9 - animation-leash of insets_animation#35473
03-08 15:13:46.906  1327  1327 I Layer   : id=35474 Destroyed Surface(name=296f76f NavigationBar0)/@0x8bb6395 - animation-leash of insets_animation#35474
03-08 15:13:46.912  1327  1327 I Layer   : id=35489 Destroyed Screenshot Parent#35489
03-08 15:13:46.915  1327  3508 I SurfaceFlinger: id=35490 createSurf, flag=40404, Bottom Edge Extension#35490
03-08 15:13:46.915  1327  3508 I SurfaceFlinger: id=35491 createSurf, flag=400, bbq-wrapper#35491
03-08 15:13:46.916  1472 26944 I BLASTBufferQueue: [bbq-adapter#1677](f:0,a:0) onFrameAvailable the first frame is available
03-08 15:13:46.917  1327  1327 I Layer   : id=35492 Destroyed Screenshot Parent#35492
03-08 15:13:46.921  1327  2296 I SurfaceFlinger: id=35493 createSurf, flag=40404, Top Edge Extension#35493
03-08 15:13:46.922  1327  2296 I SurfaceFlinger: id=35494 createSurf, flag=400, bbq-wrapper#35494
03-08 15:13:46.923  1472 26945 I BLASTBufferQueue: [bbq-adapter#1678](f:0,a:0) onFrameAvailable the first frame is available
03-08 15:13:46.923  1472  5031 I SemDvfsHyPerManager: acquire hyper - AMS_RESUME_TAIL/1472@16, type = -999
03-08 15:13:46.924  1472  5031 I SemDvfsHyPerManager: acquire hyper - AMS_ACT_LAZY/1472@17, type = -999
03-08 15:13:46.924  1257  1326 I HYPER-HAL: [RequestManager.cpp]acquire(): Acquired ID : 1107832  [1472 / 16]    HINT : AMS_RESUME_TAIL    list :
03-08 15:13:46.924  1257  1326 I HYPER-HAL: [ResourceManager.cpp]updateResource(): [CPUMinFreq] UpdateResource Request ID : 1107832    Value : 1324800
03-08 15:13:46.924  1257  1326 I HYPER-HAL: [RequestManager.cpp]acquire(): Acquired ID : 1109322  [1472 / 17]    HINT : AMS_ACT_LAZY    list :
03-08 15:13:46.924  1257  1326 I HYPER-HAL: [ResourceManager.cpp]removeResource(): [CPULittleMinFreq] RemoveResource Request ID : 1104855
03-08 15:13:46.926  1257  1326 I HYPER-HAL: [ResourceManager.cpp]removeResource(): [CPUMinFreq] RemoveResource Request ID : 1104855
03-08 15:13:46.926  1257  1326 I HYPER-HAL: [RequestManager.cpp]releaseLocked(): Released ID : 1104855
03-08 15:13:46.957  1472  5031 D InputDispatcher: Focus entered window (0): b018b1a com.example.cmput301w24t33/com.example.cmput301w24t33.activities.Organizer
03-08 15:13:46.958 26361 26361 I ViewRootImpl@35311c6[Organizer]: MSG_WINDOW_FOCUS_CHANGED 1 0
03-08 15:13:46.959 26361 26361 I ViewRootImpl@35311c6[Organizer]: mThreadedRenderer.initializeIfNeeded()#2 mSurface={isValid=true 0xb400007c50d4e800}
03-08 15:13:46.960 26361 26361 D InputMethodManager: startInputInner - Id : 0
03-08 15:13:46.960 26361 26361 I InputMethodManager: startInputInner - mService.startInputOrWindowGainedFocus
03-08 15:13:46.962  1472  5031 D InputMethodManagerService: mDesktopModeManager null!
03-08 15:13:46.962  1472  5031 V InputMethodManagerService: getDisplayIdOfInputMethodWindowToBeAdded: displayId=0
03-08 15:13:46.962  1472  5031 D InputMethodManagerService: isImeSwitcherDisabledPackage : false
03-08 15:13:46.962  1472  5031 D InputMethodManagerService: checkDisplayOfStartInputAndUpdateKeyboard: displayId=0, mFocusedDisplayId=0
03-08 15:13:46.962  1472  5031 D InputTransport: Input channel constructed: 'ClientS', fd=715
03-08 15:13:46.962  1472  5031 D InputTransport: Input channel destroyed: 'ClientS', fd=715
03-08 15:13:46.963 12908 12908 I HBD     : HoneyBoardService onFinishInput
03-08 15:13:46.964 12908 12908 I HBD     : a IC have been unbinding,  RemoteInputConnection{idHash=#56f285e}
03-08 15:13:46.964 12908 12908 I HBD     : HoneyBoardService [PF_CL][onFinishInput]  1 ms
03-08 15:13:46.964 12908 12908 I HBD     : HoneyBoardService [IMI] onStartInput - caller pid : 26361 , caller uid : 10451
03-08 15:13:46.964 12908 12908 I HBD     : j updateConfigs
03-08 15:13:46.964 12908 12908 I HBD     : j isEnabledNightMode : false
03-08 15:13:46.964 12908 12908 I HBD     : a IC have been binding, RemoteInputConnection{idHash=#56f285e}
03-08 15:13:46.964 12908 12908 I HBD     : h [EditorInputType]setPrivateImeOptionsToTable privateImeOptions ( null )
03-08 15:13:46.964 12908 12908 I HBD     : b incognitoMode : false
03-08 15:13:46.964  1327  3508 I SurfaceFlinger: id=35495 createSurf, flag=24004, Surface(name=a2c6971 InputMethod)/@0x3034fd7 - animation-leash of insets_animation#35495
03-08 15:13:46.964 12908 12908 I HBD     : b needOff = true , isForceOff = false, isNullInputClass : true
03-08 15:13:46.965 12908 12908 I HBD     : h getDefaultInputRange : UNKNOWN
03-08 15:13:46.965 12908 12908 I HBD     : h getDefaultInputRange : UNKNOWN
03-08 15:13:46.965 12908 12908 I HBD     : h getDefaultInputRange : UNKNOWN
03-08 15:13:46.966 12908 12908 I HBD     : b needOff = true , isForceOff = false, isNullInputClass : true
03-08 15:13:46.966 12908 12908 I HBD     : b update cached prediction status : false
03-08 15:13:46.966 12908 12908 I HBD     : h getDefaultInputRange : UNKNOWN
03-08 15:13:46.966 12908 12908 I HBD     : a currentState : 0
03-08 15:13:46.966  1327  1327 D SurfaceFlinger: Display 4630947232161729153 HWC layers:
03-08 15:13:46.966  1327  1327 D SurfaceFlinger:      CLIENT | 0xb400007446147950 | 0102 | RGBA_8888    |    0.0    0.0    0.0    0.0 |    0 2392 1080 2400 | bbq-wrapper#35491
03-08 15:13:46.966  1327  1327 D SurfaceFlinger:      CLIENT | 0xb40000745d065c40 | 0102 | RGBA_8888    |    0.0    8.0 1080.0 2400.0 |    0    0 1080 2392 | com.example.cmput301w24t33/com.examp[...]t33.activities.Attendee$_26361#35472
03-08 15:13:46.966  1327  1327 D SurfaceFlinger:      CLIENT | 0xb40000744614aeb0 | 0102 | RGBA_8888    |    0.0    0.0 1080.0    1.0 |    0    0 1080  403 | bbq-wrapper#35494
03-08 15:13:46.966  1327  1327 D SurfaceFlinger:      CLIENT | 0xb40000745d065380 | 0102 | RGBA_8888    |    0.0    0.0 1080.0 1997.0 |    0  403 1080 2400 | com.example.cmput301w24t33/com.examp[...]33.activities.Organizer$_26361#35480
03-08 15:13:46.966  1327  1327 D SurfaceFlinger:      CLIENT | 0xb400007446147170 | 0100 | RGBA_8888    |    0.0    0.0 1080.0   91.0 |    0    0 1080   91 | StatusBar$_2578#95
03-08 15:13:46.966  1327  1327 D SurfaceFlinger:      CLIENT | 0xb400007446147bf0 | 0100 | RGBA_8888    |    0.0    0.0   67.0  515.0 |    0  301   67  816 | com.samsung.android.app.cocktailbars[...]rvice.CocktailBarService$_5242#35333
03-08 15:13:46.966  1327  1327 D SurfaceFlinger:      CLIENT | 0xb400007446148210 | 0100
03-08 15:13:46.966  1327  1327 D SurfaceFlinger: | RGBA_8888    |    0.0    0.0 1080.0  126.0 |    0 2274 1080 2400 | NavigationBar0$_2578#89
03-08 15:13:46.966  1327  1327 D SurfaceFlinger:
03-08 15:13:46.967 12908 12908 I HBD     : a [UpdatePolicy] [post] a: 0 cl: 65537 kit: [0/0] vt: 0 ir: 1
03-08 15:13:46.967 12908 12908 I HBD     : a [NRIC] resetNoResponseState
03-08 15:13:46.967 12908 12908 I HBD     : b needOff = true , isForceOff = false, isNullInputClass : true
03-08 15:13:46.967 12908 12908 I HBD     : b update cached prediction status : false
03-08 15:13:46.968 12908 12908 I HBD     : HoneyBoardService [PF_OP][onStartInput]  4 ms
03-08 15:13:46.972  1327  1327 I Layer   : id=35476 removedFromDrawingState Surface(name=a2c6971 InputMethod)/@0x3034fd7 - animation-leash of insets_animation#35476 (151)
03-08 15:13:46.975  1327  3508 I SurfaceFlinger: id=35476 Removed Surface(name=a2c6971 InputMethod)/@0x3034fd7 - animation-leash of insets_animation#35476 (151)
03-08 15:13:46.977  1472  2686 D InputMethodManagerService: isImeSwitcherDisabledPackage : false
03-08 15:13:46.978 12908 12908 I InputMethodService: removeImeSurface
03-08 15:13:46.978 12908 12908 I MSHandlerLifeCycle: check: return. pkg=com.samsung.android.honeyboard isActivity=false callers=com.android.internal.policy.DecorView.setVisibility:4412 android.app.Dialog.hide:767 android.inputmethodservice.InputMethodService.removeImeSurface:1290 android.inputmethodservice.InputMethodService.scheduleImeSurfaceRemoval:1279 android.inputmethodservice.InputMethodService.-$$Nest$mscheduleImeSurfaceRemoval:0
03-08 15:13:46.979 12908 12908 I MSHandlerLifeCycle: removeMultiSplitHandler: no exist. decor=DecorView@df736f9[InputMethod]
03-08 15:13:46.981  1327  1327 D SurfaceFlinger: Display 4630947232161729153 HWC layers:
03-08 15:13:46.981  1327  1327 D SurfaceFlinger:      CLIENT | 0xb400007446147950 | 0102 | RGBA_8888    |    0.0    0.0    0.0    0.0 |    0 2381 1080 2400 | bbq-wrapper#35491
03-08 15:13:46.981  1327  1327 D SurfaceFlinger:      CLIENT | 0xb400007446149be0 | 0102 | RGBA_8888    |    0.0   19.0 1080.0 2400.0 |    0    0 1080 2381 | com.example.cmput301w24t33/com.examp[...]t33.activities.Attendee$_26361#35472
03-08 15:13:46.981  1327  1327 D SurfaceFlinger:      CLIENT | 0xb40000744614aeb0 | 0102 | RGBA_8888    |    0.0    0.0 1080.0    1.0 |    0    0 1080  333 | bbq-wrapper#35494
03-08 15:13:46.981  1327  1327 D SurfaceFlinger:      CLIENT |              | 0000 |  Unknown  |    0.0    0.0    0.0    0.0 |    0    0 1080 2400 | DimAnimationLayer for ActivityRecord[...]/.activities.Organizer} t3072}#35485
03-08 15:13:46.981  1327  1327 D SurfaceFlinger:      CLIENT | 0xb40000745d065380 | 0102 | RGBA_8888    |    0.0    0.0 1080.0 2067.0 |    0  333 1080 2400 | com.example.cmput301w24t33/com.examp[...]33.activities.Organizer$_26361#35480
03-08 15:13:46.981  1327  1327 D SurfaceFlinger:      CLIENT | 0xb400007446147170 | 0100 | RGBA_8888    |    0.0    0.0 1080.0   91.0 |    0    0 1080   91 | StatusBar$_2578#95
03-08 15:13:46.981  1327  1327 D SurfaceFlinger:      CLIENT | 0xb400007446147bf0 | 0100 | RGBA_88
03-08 15:13:46.981  1327  1327 D SurfaceFlinger: 88    |    0.0    0.0   67.0  515.0 |    0  301   67  816 | com.samsung.android.app.cocktailbars[...]rvice.CocktailBarService$_5242#35333
03-08 15:13:46.981  1327  1327 D SurfaceFlinger:      CLIENT | 0xb400007446148210 | 0100 | RGBA_8888    |    0.0    0.0 1080.0  126.0 |    0 2274 1080 2400 | NavigationBar0$_2578#89
03-08 15:13:46.981  1327  1327 D SurfaceFlinger:
03-08 15:13:46.985  1472  1877 I GestureDetector: handleMessage TAP
03-08 15:13:46.985  1472  1472 I GestureDetector: handleMessage TAP
03-08 15:13:46.989  1327  1327 I Layer   : id=35476 Destroyed Surface(name=a2c6971 InputMethod)/@0x3034fd7 - animation-leash of insets_animation#35476
03-08 15:13:47.053  5242  5242 I Utils   : isCurrentUser current = 0, ownerId = 0
03-08 15:13:47.054  5242  5242 I TrayVisibilityController: getComputedTrayVisible : keyguardState = 1
03-08 15:13:47.054  5242  5242 I TrayVisibilityController: updateTrayVisible: State=1 visible=1 mCurrentVisible=1 specificMode=0
03-08 15:13:47.054  5242  5242 I TrayStateController: onNotifyUpdateTray: state=0
03-08 15:13:47.065  1327  1327 D SurfaceFlinger: Display 4630947232161729153 HWC layers:
03-08 15:13:47.065  1327  1327 D SurfaceFlinger:      CLIENT | 0xb40000744614aeb0 | 0102 | RGBA_8888    |    0.0    0.0    0.0    0.0 |    0    0 1080   89 | bbq-wrapper#35494
03-08 15:13:47.065  1327  1327 D SurfaceFlinger:      CLIENT |              | 0000 |  Unknown  |    0.0    0.0    0.0    0.0 |    0    0 1080 2400 | DimAnimationLayer for ActivityRecord[...]/.activities.Organizer} t3072}#35485
03-08 15:13:47.065  1327  1327 D SurfaceFlinger:      CLIENT | 0xb40000745d065e70 | 0102 | RGBA_8888    |    0.0    0.0 1080.0 2311.0 |    0   89 1080 2400 | com.example.cmput301w24t33/com.examp[...]33.activities.Organizer$_26361#35480
03-08 15:13:47.065  1327  1327 D SurfaceFlinger:      CLIENT | 0xb400007446147170 | 0100 | RGBA_8888    |    0.0    0.0 1080.0   91.0 |    0    0 1080   91 | StatusBar$_2578#95
03-08 15:13:47.065  1327  1327 D SurfaceFlinger:      CLIENT | 0xb400007446147bf0 | 0100 | RGBA_8888    |    0.0    0.0   67.0  515.0 |    0  301   67  816 | com.samsung.android.app.cocktailbars[...]rvice.CocktailBarService$_5242#35333
03-08 15:13:47.065  1327  1327 D SurfaceFlinger:      CLIENT | 0xb400007446148210 | 0100 | RGBA_8888    |    0.0    0.0 1080.0  126.0 |    0 2274 1080 2400 | NavigationBar0$_2578#89
03-08 15:13:47.065  1327  1327 D SurfaceFlinger:
03-08 15:13:47.096 10149 10149 I dgdm    : onStop
03-08 15:13:47.142 26361 26361 I ViewInteraction: Checking 'MatchesViewAssertion{viewMatcher=(view has effective visibility <VISIBLE> and view.getGlobalVisibleRect() to return non-empty rectangle)}' assertion on view view.getId() is <2131231154/com.example.cmput301w24t33:id/organizer_activity>
03-08 15:13:47.146 26361 26361 I ViewInteraction: Performing 'single click' action on view view.getId() is <2131230849/com.example.cmput301w24t33:id/button_user_mode>
03-08 15:13:47.149  1472  5031 D InputDispatcher: Inject motion (26361/10451): action=0x0, time=154419397000000, f=0x0, d=0 dsdx=1.000000 dtdx=0.000000
03-08 15:13:47.150  1472  2259 I InputDispatcher: Delivering touch to (2578): action: 0x4, f=0x0, d=0, '296f76f', t=0
03-08 15:13:47.150  1472  2259 I InputDispatcher: Delivering touch to (26361): action: 0x0, f=0x0, d=0, 'b018b1a', t=0 +(0,-30)
03-08 15:13:47.151  1472  1877 I GestureDetector: obtain mCurrentDownEvent. id: -133783695 caller: com.android.server.wm.SystemGesturesPointerEventListener.onPointerEvent:203 com.android.server.wm.PointerEventDispatcher.onInputEvent:53 android.view.InputEventReceiver.dispatchInputEvent:285
03-08 15:13:47.151  1472  1877 I GestureDetector: obtain mCurrentDownEvent. id: -133783695 caller: com.android.server.wm.SystemPerformancePointerEventListener.onPointerEvent:89 com.android.server.wm.PointerEventDispatcher.onInputEvent:53 android.view.InputEventReceiver.dispatchInputEvent:285
03-08 15:13:47.152 26361 26361 I ViewRootImpl@35311c6[Organizer]: ViewPostIme pointer 0
03-08 15:13:47.191  1472  2686 D InputDispatcher: Inject motion (26361/10451): action=0x1, time=154419438000000, f=0x0, d=0 dsdx=1.000000 dtdx=0.000000
03-08 15:13:47.191  1472  2259 I InputDispatcher: Delivering touch to (26361): action: 0x1, f=0x0, d=0, 'b018b1a', t=0 +(0,-14)
03-08 15:13:47.192 26361 26361 I ViewRootImpl@35311c6[Organizer]: ViewPostIme pointer 1
03-08 15:13:47.192  1472  1877 I GestureDetector: obtain mCurrentMotionEventRaw. action: 1 id: -236994076
03-08 15:13:47.192  1472  1877 I GestureDetector: obtain mCurrentMotionEventRaw. action: 1 id: -236994076
03-08 15:13:47.196  1472  1882 I ChimeraSystemEventListener: appLaunchIntent package name is: com.example.cmput301w24t33
03-08 15:13:47.197  1472  2686 I SemDvfsHyPerManager: acquire hyper - AMS_ACT_START/1472@14, type = -999
03-08 15:13:47.197  1257  1326 I HYPER-HAL: [RequestManager.cpp]acquire(): Acquired ID : 1104855  [1472 / 14]    HINT : AMS_ACT_START    list :
03-08 15:13:47.198  1257  1326 I HYPER-HAL: [ResourceManager.cpp]updateResource(): [CPULittleMinFreq] UpdateResource Request ID : 1104855    Value : 1804800
03-08 15:13:47.198  1327  1413 I SurfaceFlinger: id=35496 createSurf, flag=80004, ActivityRecord{1d0e8e9 u0 com.example.cmput301w24t33/.activities.Attendee} t3072}#35496
03-08 15:13:47.202  1257  1326 I HYPER-HAL: [ResourceManager.cpp]updateResource(): [CPUMinFreq] UpdateResource Request ID : 1104855    Value : 1939200
03-08 15:13:47.207 26361 26361 D LifecycleMonitor: Lifecycle status change: com.example.cmput301w24t33.activities.Organizer@1acf41b in: PAUSED
03-08 15:13:47.208 26361 26361 V ActivityScenario: Activity lifecycle changed event received but ignored because the intent does not match. startActivityIntent=Intent { act=android.intent.action.MAIN cat=[android.intent.category.LAUNCHER] flg=0x10008000 cmp=com.example.cmput301w24t33/.activities.Attendee }, activity.getIntent()=Intent { cmp=com.example.cmput301w24t33/.activities.Organizer (has extras) }, activity=com.example.cmput301w24t33.activities.Organizer@1acf41b
03-08 15:13:47.213  1472  2686 D InputDispatcher: Focused application(0): ActivityRecord{1d0e8e9 u0 com.example.cmput301w24t33/.activities.Attendee} t3072}
03-08 15:13:47.219  1472  3678 I MediaSessionMonitor: Media session stopped : diffrent pkg
03-08 15:13:47.221  5242  5242 I ActivityUtils: HomePackage : com.sec.android.app.launcher, resumePackageName : com.example.cmput301w24t33
03-08 15:13:47.230 26361 26361 D LifecycleMonitor: Lifecycle status change: com.example.cmput301w24t33.activities.Attendee@e714f03 in: PRE_ON_CREATE
03-08 15:13:47.230 26361 26361 V ActivityScenario: Activity lifecycle changed event received but ignored because the intent does not match. startActivityIntent=Intent { act=android.intent.action.MAIN cat=[android.intent.category.LAUNCHER] flg=0x10008000 cmp=com.example.cmput301w24t33/.activities.Attendee }, activity.getIntent()=Intent { cmp=com.example.cmput301w24t33/.activities.Attendee }, activity=com.example.cmput301w24t33.activities.Attendee@e714f03
03-08 15:13:47.238 26361 26361 I DecorView: [INFO] isPopOver=false config=true
03-08 15:13:47.238 26361 26361 I DecorView: updateCaptionType: isFloating=false isApplication=true hasWindowDecorCaption=false this=DecorView@239b7b[]
03-08 15:13:47.239 26361 26361 D DecorView: setCaptionType = 0, this = DecorView@239b7b[]
03-08 15:13:47.240  1472  2686 D InputDispatcher: Focus left window (0): b018b1a com.example.cmput301w24t33/com.example.cmput301w24t33.activities.Organizer
03-08 15:13:47.241 26361 26361 I DecorView: getCurrentDensityDpi: from real metrics. densityDpi=420 msg=resources_loaded
03-08 15:13:47.241 26361 26361 I DecorView: setWindowBackground: isPopOver=false color=ffffffff d=android.graphics.drawable.ColorDrawable@7d4d9f1
03-08 15:13:47.264 26361 26361 D ContentValues: Attendee Android ID: 6d2d326bbbe75ba1
03-08 15:13:47.265 26361 26361 D FadeMove:  GET USER LiveData single user: null
03-08 15:13:47.267 26361 26361 D LifecycleMonitor: Lifecycle status change: com.example.cmput301w24t33.activities.Attendee@e714f03 in: CREATED
03-08 15:13:47.268 26361 26361 V ActivityScenario: Activity lifecycle changed event received but ignored because the intent does not match. startActivityIntent=Intent { act=android.intent.action.MAIN cat=[android.intent.category.LAUNCHER] flg=0x10008000 cmp=com.example.cmput301w24t33/.activities.Attendee }, activity.getIntent()=Intent { cmp=com.example.cmput301w24t33/.activities.Attendee }, activity=com.example.cmput301w24t33.activities.Attendee@e714f03
03-08 15:13:47.272 26361 26361 D LifecycleMonitor: Lifecycle status change: com.example.cmput301w24t33.activities.Attendee@e714f03 in: STARTED
03-08 15:13:47.272   603   603 I lmkd    : 0(delay), 0(swap), 50(freelimit), 0(reentrymode) memory pressure events were skipped after a kill!
03-08 15:13:47.273 26361 26361 V ActivityScenario: Activity lifecycle changed event received but ignored because the intent does not match. startActivityIntent=Intent { act=android.intent.action.MAIN cat=[android.intent.category.LAUNCHER] flg=0x10008000 cmp=com.example.cmput301w24t33/.activities.Attendee }, activity.getIntent()=Intent { cmp=com.example.cmput301w24t33/.activities.Attendee }, activity=com.example.cmput301w24t33.activities.Attendee@e714f03
03-08 15:13:47.274 26361 26361 D ContentValues: RESUME
03-08 15:13:47.274 26361 26361 D LifecycleMonitor: Lifecycle status change: com.example.cmput301w24t33.activities.Attendee@e714f03 in: RESUMED
03-08 15:13:47.275 26361 26361 V ActivityScenario: Activity lifecycle changed event received but ignored because the intent does not match. startActivityIntent=Intent { act=android.intent.action.MAIN cat=[android.intent.category.LAUNCHER] flg=0x10008000 cmp=com.example.cmput301w24t33/.activities.Attendee }, activity.getIntent()=Intent { cmp=com.example.cmput301w24t33/.activities.Attendee }, activity=com.example.cmput301w24t33.activities.Attendee@e714f03
03-08 15:13:47.276 26361 26361 I MSHandlerLifeCycle: check: return. pkg=com.example.cmput301w24t33 parent=null callers=com.android.internal.policy.DecorView.setVisibility:4412 android.app.ActivityThread.handleResumeActivity:5476 android.app.servertransaction.ResumeActivityItem.execute:54 android.app.servertransaction.ActivityTransactionItem.execute:45 android.app.servertransaction.TransactionExecutor.executeLifecycleState:176
03-08 15:13:47.276 26361 26361 I MSHandlerLifeCycle: removeMultiSplitHandler: no exist. decor=DecorView@239b7b[]
03-08 15:13:47.281 26361 26463 D NativeCustomFrequencyManager: [NativeCFMS] BpCustomFrequencyManager::BpCustomFrequencyManager()
03-08 15:13:47.282  1472  5031 D InputTransport: Input channel constructed: '8b4d62b', fd=715
03-08 15:13:47.282  1472  5031 D InputTransport: Input channel constructed: '8b4d62b', fd=743
03-08 15:13:47.282  1472  5031 D InputTransport: Input channel constructed: '8b4d62b', fd=759
03-08 15:13:47.283  1327  3508 I SurfaceFlinger: id=35497 createSurf, flag=80004, 8b4d62b com.example.cmput301w24t33/com.example.cmput301w24t33.activities.Attendee#35497
03-08 15:13:47.283  1472  5031 D InputTransport: Input channel destroyed: '8b4d62b', fd=759
03-08 15:13:47.285 26361 26361 D InsetsController: onStateChanged: InsetsState: {mDisplayFrame=Rect(0, 0 - 1080, 2400), mDisplayCutout=DisplayCutout{insets=Rect(0, 91 - 0, 0) waterfall=Insets{left=0, top=0, right=0, bottom=0} boundingRect={Bounds=[Rect(0, 0 - 0, 0), Rect(503, 0 - 577, 91), Rect(0, 0 - 0, 0), Rect(0, 0 - 0, 0)]} cutoutPathParserInfo={CutoutPathParserInfo{displayWidth=1080 displayHeight=2400 physicalDisplayWidth=1080 physicalDisplayHeight=2400 density={2.625} cutoutSpec={M 0,0 H -14.0952380952381 V 34.66666666666667 H 14.0952380952381 V 0 H 0 Z @dp} rotation={0} scale={1.0} physicalPixelDisplaySizeRatio={1.0}}}}, mRoundedCorners=RoundedCorners{[RoundedCorner{position=TopLeft, radius=84, center=Point(84, 84)}, RoundedCorner{position=TopRight, radius=84, center=Point(996, 84)}, RoundedCorner{position=BottomRight, radius=84, center=Point(996, 2316)}, RoundedCorner{position=BottomLeft, radius=84, center=Point(84, 2316)}]}  mRoundedCornerFrame=Rect(0, 0 - 1080, 2400), mPrivacyIndicatorBounds=PrivacyIndicatorBounds {static bounds=Rect(964, 0 - 1080, 91) rotation=0}, mSources= { InsetsSource: {mType=ITYPE_STATUS_BAR, mFrame=[0,0][1080,91], mVisible=true, mInsetsRoundedCornerFrame=false}, InsetsSource: {mType=ITYPE_NAVIGATION_BAR, mFrame=[0,2274][1080,2400], mVisible=true, mInsetsRoundedCornerFrame=false}, InsetsSource: {mType=ITYPE_LEFT_GESTURES, mFrame=[0,0][0,2400], mVisible=true, mInsetsRoundedCornerFrame=false}, InsetsSource: {mType=ITYPE_RIGHT_GESTURES, mFrame=[1080,0][1080,2400], mVisible=true, mInsetsRoundedCornerFrame=false}, InsetsSource: {mType=ITYPE_TOP_MANDATORY_GESTURES, mFrame=[0,0][1080,123], mVisible=true, mInsetsRoundedCornerFrame=false}, InsetsSource: {mType=ITYPE_BOTTOM_MANDATORY_GESTURES, mFrame=[0,2274][1080,2400], mVisible=true, mInsetsRoundedCornerFrame=false}, InsetsSource: {mType=ITYPE_LEFT_DISPLAY_CUTOUT, mFrame=[0,0][-100000,2400], mVisible=true, mInsetsRoundedCornerFrame=false}, InsetsSource: {mType=ITYPE_TOP_DISPLAY_CUTOUT, mFrame=[0,0][1080,91], mVisible=true, mInsetsRoundedCornerFrame=false}, InsetsSource: {mType=ITYPE_RIGHT_DISPLAY_CUTOUT, mFrame=[100000,0][1080,2400], mVisible=true, mInsetsRoundedCornerFrame=false}, InsetsSource: {mType=ITYPE_BOTTOM_DISPLAY_CUTOUT, mFrame=[0,100000][1080,2400], mVisible=true, mInsetsRoundedCornerFrame=false}, InsetsSource: {mType=ITYPE_TOP_TAPPABLE_ELEMENT, mFrame=[0,0][1080,91], mVisible=true, mInsetsRoundedCornerFrame=false}, InsetsSource: {mType=ITYPE_BOTTOM_TAPPABLE_ELEMENT, mFrame=[0,2274][1080,2400], mVisible=true, mInsetsRoundedCornerFrame=false} } host=com.example.cmput301w24t33/com.example.cmput301w24t33.activities.Attendee from=android.view.ViewRootImpl.setView:1732
03-08 15:13:47.287 26361 26361 I ViewRootImpl@8fa8ae3[Attendee]: setView = com.android.internal.policy.DecorView@239b7b TM=true
03-08 15:13:47.288 26361 26361 I MSHandlerLifeCycle: removeMultiSplitHandler: no exist. decor=DecorView@239b7b[Attendee]
03-08 15:13:47.302 26361 26361 I ViewRootImpl@8fa8ae3[Attendee]: performTraversals params={(0,0)(fillxfill) sim={adjust=resize forwardNavigation} ty=BASE_APPLICATION wanim=0x1030309
03-08 15:13:47.302 26361 26361 I ViewRootImpl@8fa8ae3[Attendee]:   fl=81810100
03-08 15:13:47.302 26361 26361 I ViewRootImpl@8fa8ae3[Attendee]:   pfl=12020040
03-08 15:13:47.302 26361 26361 I ViewRootImpl@8fa8ae3[Attendee]:   bhv=DEFAULT
03-08 15:13:47.302 26361 26361 I ViewRootImpl@8fa8ae3[Attendee]:   fitSides= naviIconColor=0
03-08 15:13:47.302 26361 26361 I ViewRootImpl@8fa8ae3[Attendee]:   sfl=100000}
03-08 15:13:47.304 26361 26361 I ViewRootImpl@8fa8ae3[Attendee]: performTraversals mFirst=true windowShouldResize=true viewVisibilityChanged=false mForceNextWindowRelayout=false params={(0,0)(fillxfill) sim={adjust=resize forwardNavigation} ty=BASE_APPLICATION wanim=0x1030309
03-08 15:13:47.304 26361 26361 I ViewRootImpl@8fa8ae3[Attendee]:   fl=81810100
03-08 15:13:47.304 26361 26361 I ViewRootImpl@8fa8ae3[Attendee]:   pfl=12020040
03-08 15:13:47.304 26361 26361 I ViewRootImpl@8fa8ae3[Attendee]:   bhv=DEFAULT
03-08 15:13:47.304 26361 26361 I ViewRootImpl@8fa8ae3[Attendee]:   fitSides= naviIconColor=0
03-08 15:13:47.304 26361 26361 I ViewRootImpl@8fa8ae3[Attendee]:   sfl=100000}
03-08 15:13:47.305  1472  5031 V WindowManager: Relayout Window{8b4d62b u0 com.example.cmput301w24t33/com.example.cmput301w24t33.activities.Attendee}: viewVisibility=0 req=1080x2400 d0
03-08 15:13:47.305  1327  3508 I SurfaceFlinger: id=35498 createSurf, flag=40004, com.example.cmput301w24t33/com.example.cmput301w24t33.activities.Attendee$_26361#35498
03-08 15:13:47.308  1327  3508 I SurfaceFlinger: id=35499 createSurf, flag=24000, Surface(name=c9f16ce StatusBar)/@0xc28a9d9 - animation-leash of insets_animation#35499
03-08 15:13:47.308  1327  3508 I SurfaceFlinger: id=35500 createSurf, flag=24000, Surface(name=296f76f NavigationBar0)/@0x8bb6395 - animation-leash of insets_animation#35500
03-08 15:13:47.309  1472  5031 V WindowManager: Relayout hash=8b4d62b, pid=26361, syncId=-1: mAttrs={(0,0)(fillxfill) sim={adjust=resize forwardNavigation} ty=BASE_APPLICATION wanim=0x1030309
03-08 15:13:47.309  1472  5031 V WindowManager:   fl=81810100
03-08 15:13:47.309  1472  5031 V WindowManager:   pfl=12020040
03-08 15:13:47.309  1472  5031 V WindowManager:   apr=LIGHT_NAVIGATION_BARS
03-08 15:13:47.309  1472  5031 V WindowManager:   bhv=DEFAULT
03-08 15:13:47.309  1472  5031 V WindowManager:   fitSides= naviIconColor=0
03-08 15:13:47.309  1472  5031 V WindowManager:   sfl=100000}
03-08 15:13:47.312 26361 26361 D InsetsController: onStateChanged: InsetsState: {mDisplayFrame=Rect(0, 0 - 1080, 2400), mDisplayCutout=DisplayCutout{insets=Rect(0, 91 - 0, 0) waterfall=Insets{left=0, top=0, right=0, bottom=0} boundingRect={Bounds=[Rect(0, 0 - 0, 0), Rect(503, 0 - 577, 91), Rect(0, 0 - 0, 0), Rect(0, 0 - 0, 0)]} cutoutPathParserInfo={CutoutPathParserInfo{displayWidth=1080 displayHeight=2400 physicalDisplayWidth=1080 physicalDisplayHeight=2400 density={2.625} cutoutSpec={M 0,0 H -14.0952380952381 V 34.66666666666667 H 14.0952380952381 V 0 H 0 Z @dp} rotation={0} scale={1.0} physicalPixelDisplaySizeRatio={1.0}}}}, mRoundedCorners=RoundedCorners{[RoundedCorner{position=TopLeft, radius=84, center=Point(84, 84)}, RoundedCorner{position=TopRight, radius=84, center=Point(996, 84)}, RoundedCorner{position=BottomRight, radius=84, center=Point(996, 2316)}, RoundedCorner{position=BottomLeft, radius=84, center=Point(84, 2316)}]}  mRoundedCornerFrame=Rect(0, 0 - 1080, 2400), mPrivacyIndicatorBounds=PrivacyIndicatorBounds {static bounds=Rect(964, 0 - 1080, 91) rotation=0}, mSources= { InsetsSource: {mType=ITYPE_STATUS_BAR, mFrame=[0,0][1080,91], mVisible=true, mInsetsRoundedCornerFrame=false}, InsetsSource: {mType=ITYPE_NAVIGATION_BAR, mFrame=[0,2274][1080,2400], mVisible=true, mInsetsRoundedCornerFrame=false}, InsetsSource: {mType=ITYPE_LEFT_GESTURES, mFrame=[0,0][0,2400], mVisible=true, mInsetsRoundedCornerFrame=false}, InsetsSource: {mType=ITYPE_RIGHT_GESTURES, mFrame=[1080,0][1080,2400], mVisible=true, mInsetsRoundedCornerFrame=false}, InsetsSource: {mType=ITYPE_TOP_MANDATORY_GESTURES, mFrame=[0,0][1080,123], mVisible=true, mInsetsRoundedCornerFrame=false}, InsetsSource: {mType=ITYPE_BOTTOM_MANDATORY_GESTURES, mFrame=[0,2274][1080,2400], mVisible=true, mInsetsRoundedCornerFrame=false}, InsetsSource: {mType=ITYPE_LEFT_DISPLAY_CUTOUT, mFrame=[0,0][-100000,2400], mVisible=true, mInsetsRoundedCornerFrame=false}, InsetsSource: {mType=ITYPE_TOP_DISPLAY_CUTOUT, mFrame=[0,0][1080,91], mVisible=true, mInsetsRoundedCornerFrame=false}, InsetsSource: {mType=ITYPE_RIGHT_DISPLAY_CUTOUT, mFrame=[100000,0][1080,2400], mVisible=true, mInsetsRoundedCornerFrame=false}, InsetsSource: {mType=ITYPE_BOTTOM_DISPLAY_CUTOUT, mFrame=[0,100000][1080,2400], mVisible=true, mInsetsRoundedCornerFrame=false}, InsetsSource: {mType=ITYPE_TOP_TAPPABLE_ELEMENT, mFrame=[0,0][1080,91], mVisible=true, mInsetsRoundedCornerFrame=false}, InsetsSource: {mType=ITYPE_BOTTOM_TAPPABLE_ELEMENT, mFrame=[0,2274][1080,2400], mVisible=true, mInsetsRoundedCornerFrame=false}, InsetsSource: {mType=ITYPE_IME, mFrame=[0,0][0,0], mVisibleFrame=[0,1409][1080,2400], mVisible=false, mInsetsRoundedCornerFrame=false} } host=com.example.cmput301w24t33/com.example.cmput301w24t33.activities.Attendee from=android.view.ViewRootImpl.relayoutWindow:9802
03-08 15:13:47.314 26361 26361 I ViewRootImpl@8fa8ae3[Attendee]: updateBlastSurfaceIfNeeded mBlastBufferQueue=null isSameSurfaceControl=false
03-08 15:13:47.315 26361 26361 I BLASTBufferQueue: new BLASTBufferQueue, mName= ViewRootImpl@8fa8ae3[Attendee] mNativeObject= 0xb400007c7ee0aa00 sc.mNativeObject= 0xb400007c50e5dba0 caller= android.view.ViewRootImpl.updateBlastSurfaceIfNeeded:2909 android.view.ViewRootImpl.relayoutWindow:9847 android.view.ViewRootImpl.performTraversals:3884 android.view.ViewRootImpl.doTraversal:3116 android.view.ViewRootImpl$TraversalRunnable.run:10885 android.view.Choreographer$CallbackRecord.run:1301 android.view.Choreographer$CallbackRecord.run:1309 android.view.Choreographer.doCallbacks:923 android.view.Choreographer.doFrame:852 android.view.Choreographer$FrameDisplayEventReceiver.run:1283
03-08 15:13:47.315 26361 26361 I BLASTBufferQueue: update, w= 1080 h= 2400 mName = ViewRootImpl@8fa8ae3[Attendee] mNativeObject= 0xb400007c7ee0aa00 sc.mNativeObject= 0xb400007c50e5dba0 format= -1 caller= android.graphics.BLASTBufferQueue.<init>:84 android.view.ViewRootImpl.updateBlastSurfaceIfNeeded:2909 android.view.ViewRootImpl.relayoutWindow:9847 android.view.ViewRootImpl.performTraversals:3884 android.view.ViewRootImpl.doTraversal:3116 android.view.ViewRootImpl$TraversalRunnable.run:10885
03-08 15:13:47.315  3258  9968 I RecentModel: onTaskStackChangedBackground
03-08 15:13:47.316 26361 26361 I ViewRootImpl@8fa8ae3[Attendee]: Relayout returned: old=(0,0,1080,2400) new=(0,0,1080,2400) req=(1080,2400)0 dur=10 res=0x3 s={true 0xb400007ce21b6000} ch=true seqId=0
03-08 15:13:47.317 26361 26463 D OpenGLRenderer: eglCreateWindowSurface
03-08 15:13:47.318 26361 26361 I ViewRootImpl@8fa8ae3[Attendee]: mThreadedRenderer.initialize() mSurface={isValid=true 0xb400007ce21b6000} hwInitialized=true
03-08 15:13:47.324 26361 26361 I ViewRootImpl@8fa8ae3[Attendee]: reportNextDraw android.view.ViewRootImpl.performTraversals:4438 android.view.ViewRootImpl.doTraversal:3116 android.view.ViewRootImpl$TraversalRunnable.run:10885 android.view.Choreographer$CallbackRecord.run:1301 android.view.Choreographer$CallbackRecord.run:1309
03-08 15:13:47.324 26361 26361 I ViewRootImpl@8fa8ae3[Attendee]: Setup new sync id=0
03-08 15:13:47.324 26361 26361 I ViewRootImpl@8fa8ae3[Attendee]: Setting syncFrameCallback
03-08 15:13:47.324 26361 26361 I ViewRootImpl@8fa8ae3[Attendee]: registerCallbacksForSync syncBuffer=false
03-08 15:13:47.327  1327  1327 D SurfaceFlinger: Display 4630947232161729153 HWC layers:
03-08 15:13:47.327  1327  1327 D SurfaceFlinger:      DEVICE | 0xb40000745d065380 | 0102 | RGBA_8888    |    0.0    0.0 1080.0 2400.0 |    0    0 1080 2400 | com.example.cmput301w24t33/com.examp[...]33.activities.Organizer$_26361#35480
03-08 15:13:47.327  1327  1327 D SurfaceFlinger:      DEVICE | 0xb400007446147170 | 0100 | RGBA_8888    |    0.0    0.0 1080.0   91.0 |    0    0 1080   91 | StatusBar$_2578#95
03-08 15:13:47.327  1327  1327 D SurfaceFlinger:      DEVICE | 0xb400007446147bf0 | 0100 | RGBA_8888    |    0.0    0.0   67.0  515.0 |    0  301   67  816 | com.samsung.android.app.cocktailbars[...]rvice.CocktailBarService$_5242#35333
03-08 15:13:47.327  1327  1327 D SurfaceFlinger:      DEVICE | 0xb400007446148210 | 0100 | RGBA_8888    |    0.0    0.0 1080.0  126.0 |    0 2274 1080 2400 | NavigationBar0$_2578#89
03-08 15:13:47.327  1327  1327 D SurfaceFlinger:
03-08 15:13:47.332 26361 26527 I ViewRootImpl@8fa8ae3[Attendee]: Received frameDrawingCallback syncResult=0 frameNum=1.
03-08 15:13:47.332 26361 26527 I ViewRootImpl@8fa8ae3[Attendee]: Setting up sync and frameCommitCallback
03-08 15:13:47.333 26361 26463 I BLASTBufferQueue: [ViewRootImpl@8fa8ae3[Attendee]#5](f:0,a:0) onFrameAvailable the first frame is available
03-08 15:13:47.333 26361 26463 I ViewRootImpl@8fa8ae3[Attendee]: Received frameCommittedCallback lastAttemptedDrawFrameNum=1 didProduceBuffer=true
03-08 15:13:47.334 26361 26463 D OpenGLRenderer: CFMS:: SetUp Pid : 26361    Tid : 26463
03-08 15:13:47.334 26361 26463 W Parcel  : Expecting binder but got null!
03-08 15:13:47.334 26361 26361 I ViewRootImpl@8fa8ae3[Attendee]: onSyncComplete
03-08 15:13:47.335 26361 26361 I ViewRootImpl@8fa8ae3[Attendee]: setupSync seqId=0 mSyncId=0 fn=1 caller=android.view.ViewRootImpl$$ExternalSyntheticLambda11.accept:6 android.window.SurfaceSyncer.lambda$setupSync$1$android-window-SurfaceSyncer:128 android.window.SurfaceSyncer$$ExternalSyntheticLambda1.accept:8 android.window.SurfaceSyncer$SyncSet.checkIfSyncIsComplete:382 android.window.SurfaceSyncer$SyncSet.markSyncReady:359 android.window.SurfaceSyncer.markSyncReady:151 android.view.ViewRootImpl.performTraversals:4503
03-08 15:13:47.335 26361 26361 I ViewRootImpl@8fa8ae3[Attendee]: reportDrawFinished seqId=0 mSyncId=-1 fn=1 mSurfaceChangedTransaction=0xb400007c50ee4400
03-08 15:13:47.338  1327  2296 I SurfaceFlinger: id=35501 createSurf, flag=24000, Surface(name=ActivityRecord{7b0bfd3 u0 com.example.cmput301w24t33/.activities.Organizer} t3072})/@0x222591f - animation-leash of app_transition#35501
03-08 15:13:47.338  1327  2296 I SurfaceFlinger: id=35502 createSurf, flag=80004, Surface(name=ActivityRecord{7b0bfd3 u0 com.example.cmput301w24t33/.activities.Organizer} t3072})/@0x222591f - animation-bounds#35502
03-08 15:13:47.339  1327  1327 I Layer   : id=35481 removedFromDrawingState Surface(name=c9f16ce StatusBar)/@0xc28a9d9 - animation-leash of insets_animation#35481 (157)
03-08 15:13:47.339  1327  1327 I Layer   : id=35482 removedFromDrawingState Surface(name=296f76f NavigationBar0)/@0x8bb6395 - animation-leash of insets_animation#35482 (157)
03-08 15:13:47.339  1327  3508 I SurfaceFlinger: id=35503 createSurf, flag=20004, DimAnimationLayer for ActivityRecord{1d0e8e9 u0 com.example.cmput301w24t33/.activities.Attendee} t3072}#35503
03-08 15:13:47.340  1327  1413 I SurfaceFlinger: id=35504 createSurf, flag=24004, Surface(name=ActivityRecord{1d0e8e9 u0 com.example.cmput301w24t33/.activities.Attendee} t3072})/@0x2500715 - animation-leash of app_transition#35504
03-08 15:13:47.341  1327  2296 I SurfaceFlinger: id=35505 createSurf, flag=80004, Surface(name=ActivityRecord{1d0e8e9 u0 com.example.cmput301w24t33/.activities.Attendee} t3072})/@0x2500715 - animation-bounds#35505
03-08 15:13:47.341  1472  3543 D InputDispatcher: Focus request (0): 8b4d62b com.example.cmput301w24t33/com.example.cmput301w24t33.activities.Attendee but waiting because NO_WINDOW
03-08 15:13:47.343  1472  1876 I ActivityTaskManager: Displayed com.example.cmput301w24t33/.activities.Attendee: +145ms
03-08 15:13:47.344  1327  3508 I SurfaceFlinger: id=35506 createSurf, flag=80000, 8126d70 ActivityRecordInputSink com.example.cmput301w24t33/.activities.Attendee#35506
03-08 15:13:47.346  1244  3899 I vendor.qti.bluetooth@1.0-ibs_handler: ProcessIbsCmd: Received IBS_WAKE_IND: 0xFD
03-08 15:13:47.346  1244  3899 D vendor.qti.bluetooth@1.0-ibs_handler: SerialClockVote: vote for UART CLK ON
03-08 15:13:47.346  1244  3899 D vendor.qti.bluetooth@1.0-wake_lock: Acquire wakelock is acquired
03-08 15:13:47.346  1244  3899 I vendor.qti.bluetooth@1.0-ibs_handler: ProcessIbsCmd: Writing IBS_WAKE_ACK
03-08 15:13:47.355 26361 26361 W Firestore: (24.10.2) [CustomClassMapper]: No setter/field for fullName found on class com.example.cmput301w24t33.users.User (fields/setters are case sensitive!)
03-08 15:13:47.355  1327  1327 I Layer   : id=35493 removedFromDrawingState Top Edge Extension#35493 (161)
03-08 15:13:47.355  1327  1327 I Layer   : id=35494 removedFromDrawingState bbq-wrapper#35494 (161)
03-08 15:13:47.356  1327  1327 I Layer   : id=35485 removedFromDrawingState DimAnimationLayer for ActivityRecord{7b0bfd3 u0 com.example.cmput301w24t33/.activities.Organizer} t3072}#35485 (161)
03-08 15:13:47.356  1327  1327 I Layer   : id=35487 removedFromDrawingState Surface(name=ActivityRecord{7b0bfd3 u0 com.example.cmput301w24t33/.activities.Organizer} t3072})/@0x222591f - animation-bounds#35487 (161)
03-08 15:13:47.356  1327  1327 I Layer   : id=35486 removedFromDrawingState Surface(name=ActivityRecord{7b0bfd3 u0 com.example.cmput301w24t33/.activities.Organizer} t3072})/@0x222591f - animation-leash of app_transition#35486 (161)
03-08 15:13:47.356  1327  1327 I Layer   : id=35486 removedFromDrawingState Surface(name=ActivityRecord{7b0bfd3 u0 com.example.cmput301w24t33/.activities.Organizer} t3072})/@0x222591f - animation-leash of app_transition#35486 (161)
03-08 15:13:47.356  1327  1327 I Layer   : Layer [com.example.cmput301w24t33/com.example.cmput301w24t33.activities.Attendee$_26361#35498] hidden!! flag(0)
03-08 15:13:47.357  1327  3508 I SurfaceFlinger: id=35493 Removed Top Edge Extension#35493 (161)
03-08 15:13:47.357  1327  3508 I SurfaceFlinger: id=35485 Removed DimAnimationLayer for ActivityRecord{7b0bfd3 u0 com.example.cmput301w24t33/.activities.Organizer} t3072}#35485 (161)
03-08 15:13:47.357  1327  3508 I SurfaceFlinger: id=35487 Removed Surface(name=ActivityRecord{7b0bfd3 u0 com.example.cmput301w24t33/.activities.Organizer} t3072})/@0x222591f - animation-bounds#35487 (161)
03-08 15:13:47.358  1327  1414 I SurfaceFlinger: id=35486 Removed Surface(name=ActivityRecord{7b0bfd3 u0 com.example.cmput301w24t33/.activities.Organizer} t3072})/@0x222591f - animation-leash of app_transition#35486 (161)
03-08 15:13:47.362  1327  1327 I Layer   : id=35507 Destroyed Screenshot Parent#35507
03-08 15:13:47.363  1327  2100 I SurfaceFlinger: id=35508 createSurf, flag=40404, Bottom Edge Extension#35508
03-08 15:13:47.364  1327  2100 I SurfaceFlinger: id=35509 createSurf, flag=400, bbq-wrapper#35509
03-08 15:13:47.365  1472 26944 I BLASTBufferQueue: [bbq-adapter#1679](f:0,a:0) onFrameAvailable the first frame is available
03-08 15:13:47.366  1327  1327 I Layer   : id=35510 Destroyed Screenshot Parent#35510
03-08 15:13:47.367  3258  3637 I QuickstepModelDelegate: Widget predictions updated
03-08 15:13:47.369  1327  2100 I SurfaceFlinger: id=35511 createSurf, flag=40404, Top Edge Extension#35511
03-08 15:13:47.370  1327  2100 I SurfaceFlinger: id=35512 createSurf, flag=400, bbq-wrapper#35512
03-08 15:13:47.370  1472 26945 I BLASTBufferQueue: [bbq-adapter#1680](f:0,a:0) onFrameAvailable the first frame is available
03-08 15:13:47.372  1327  1327 I SurfaceFlinger: id=35494 Removed bbq-wrapper#35494 (165)
03-08 15:13:47.373  1327  1327 I Layer   : id=35485 Destroyed DimAnimationLayer for ActivityRecord{7b0bfd3 u0 com.example.cmput301w24t33/.activities.Organizer} t3072}#35485
03-08 15:13:47.373  1327  1327 I Layer   : id=35493 Destroyed Top Edge Extension#35493
03-08 15:13:47.373  1327  1327 I Layer   : id=35486 Destroyed Surface(name=ActivityRecord{7b0bfd3 u0 com.example.cmput301w24t33/.activities.Organizer} t3072})/@0x222591f - animation-leash of app_transition#35486
03-08 15:13:47.373  1327  1327 I Layer   : id=35487 Destroyed Surface(name=ActivityRecord{7b0bfd3 u0 com.example.cmput301w24t33/.activities.Organizer} t3072})/@0x222591f - animation-bounds#35487
03-08 15:13:47.373  1327  1327 I Layer   : id=35494 Destroyed bbq-wrapper#35494
