03-08 15:13:42.006   603   603 I lmkd    : Reclaim 'com.samsung.android.rubin.app' (26652), uid 5010, oom_score_adj 915, state 19 to free 120912kB rss, 24348kb swap
03-08 15:13:42.006  2578  2664 I BLASTBufferQueue: [ViewRootImpl@8a64a32[test]#938](f:0,a:0) onFrameAvailable the first frame is available
03-08 15:13:42.006  1537  7255 I CameraService: onUidStateChanged: uid=10052, procState is changed. (0 -> 1)
03-08 15:13:42.006  2578  2664 I ViewRootImpl@8a64a32[test]: Received frameCommittedCallback lastAttemptedDrawFrameNum=1 didProduceBuffer=true
03-08 15:13:42.006   603   603 I lmkd    : Reclaimed 145260kB at oom_score_adj 850
03-08 15:13:42.007  2578  2664 D OpenGLRenderer: CFMS:: SetUp Pid : 2578    Tid : 2664
03-08 15:13:42.007  2578  2664 W Parcel  : Expecting binder but got null!
03-08 15:13:42.007  2578  2656 I ViewRootImpl@8a64a32[test]: onSyncComplete
03-08 15:13:42.007  2578  2656 I ViewRootImpl@8a64a32[test]: setupSync seqId=0 mSyncId=0 fn=1 caller=android.view.ViewRootImpl$$ExternalSyntheticLambda11.accept:6 android.window.SurfaceSyncer.lambda$setupSync$1$android-window-SurfaceSyncer:128 android.window.SurfaceSyncer$$ExternalSyntheticLambda1.accept:8 android.window.SurfaceSyncer$SyncSet.checkIfSyncIsComplete:382 android.window.SurfaceSyncer$SyncSet.markSyncReady:359 android.window.SurfaceSyncer.markSyncReady:151 android.view.ViewRootImpl.performTraversals:4503
03-08 15:13:42.007  2578  2656 I ViewRootImpl@8a64a32[test]: reportDrawFinished seqId=0 mSyncId=-1 fn=1 mSurfaceChangedTransaction=0xb400007c821cd200
03-08 15:13:42.015  1180  1180 D Zygote  : Forked child process 26952
03-08 15:13:42.019  1472  2465 D NetdEventListenerService: DNS Requested by : 162, 1000
03-08 15:13:42.022  1472  2440 D TrafficStats: tagSocket(938) with statsTag=0xffffffff, statsUid=-1
03-08 15:13:42.030  1327  1327 I Layer   : id=35377 Destroyed Screenshot Parent#35377
03-08 15:13:42.030 26934 26934 D ActivityThread: setConscryptValidator
03-08 15:13:42.030 26934 26934 D ActivityThread: setConscryptValidator - put
03-08 15:13:42.037   603   603 I lmkd    : cached 2, sandbox(not0) 0
03-08 15:13:42.038  1327  2296 I SurfaceFlinger: id=35378 createSurf, flag=80000, 777d3a5 ActivityRecordInputSink com.example.cmput301w24t33.test/androidx.test.core.app.InstrumentationActivityInvoker$EmptyActivity#35378
03-08 15:13:42.039  1180  1180 I Zygote  : Process 26652 exited due to signal 9 (Killed)
03-08 15:13:42.040   603   603 I lmkd    : Reclaim 'com.samsung.android.authfw' (26607), uid 5278, oom_score_adj 905, state 19 to free 87876kB rss, 24832kb swap
03-08 15:13:42.040   603   603 I lmkd    : Reclaimed 112708kB at oom_score_adj 850
03-08 15:13:42.042  1327  1327 I Layer   : Layer [Splash Screen com.example.cmput301w24t33.test$_2578#35376] hidden!! flag(0)
03-08 15:13:42.043  1327  1327 I Layer   : Layer [com.example.cmput301w24t33/com.example.cmput301w24t33.activities.AdminActivity$_26361#35368] hidden!! flag(1)
03-08 15:13:42.046   603   603 W lmkd    : Failed to open /proc/26652/oom_score_adj; errno=2: process 26652 might have been killed
03-08 15:13:42.048  1327  1327 D SurfaceFlinger: Display 4630947232161729153 HWC layers:
03-08 15:13:42.048  1327  1327 D SurfaceFlinger:      DEVICE | 0xb400007446149860 | 0100 | RGBA_8888    |    0.0    0.0 1080.0 2400.0 |    0    0 1080 2400 | Splash Screen com.example.cmput301w24t33.test$_2578#35376
03-08 15:13:42.048  1327  1327 D SurfaceFlinger:      DEVICE | 0xb400007446147170 | 0100 | RGBA_8888    |    0.0    0.0 1080.0   91.0 |    0    0 1080   91 | StatusBar$_2578#95
03-08 15:13:42.048  1327  1327 D SurfaceFlinger:      DEVICE | 0xb400007446147bf0 | 0100 | RGBA_8888    |    0.0    0.0   67.0  515.0 |    0  301   67  816 | com.samsung.android.app.cocktailbars[...]rvice.CocktailBarService$_5242#35333
03-08 15:13:42.048  1327  1327 D SurfaceFlinger:      DEVICE | 0xb400007446149b70 | 0100 | RGBA_8888    |    0.0    0.0 1080.0  126.0 |    0 2274 1080 2400 | NavigationBar0$_2578#89
03-08 15:13:42.048  1327  1327 D SurfaceFlinger:
03-08 15:13:42.048 26361 26361 W Firestore: (24.10.2) [CustomClassMapper]: No setter/field for fullName found on class com.example.cmput301w24t33.users.User (fields/setters are case sensitive!)
03-08 15:13:42.054  1472  2020 I libprocessgroup: Successfully killed process cgroup uid 5010 pid 26652 in 4ms
03-08 15:13:42.057  1472  2284 D OpenGLRenderer: RenderThread::requireGlContext()
03-08 15:13:42.057 26898 26898 I GoogleHttpClient: GMS http client unavailable, use old client
03-08 15:13:42.059 26952 26952 I t301w24t33.test: Late-enabling -Xcheck:jni
03-08 15:13:42.073 26934 26934 D CompatibilityChangeReporter: Compat change id reported: 171979766; UID 10233; state: ENABLED
03-08 15:13:42.074  1472  2284 D OpenGLRenderer: RenderThread::setGrContext()
03-08 15:13:42.074  3258 21465 I RecentModel: onTaskStackChangedBackground
03-08 15:13:42.078 26952 26952 I t301w24t33.test: Using CollectorTypeCC GC.
03-08 15:13:42.094 26361 26361 I ViewRootImpl@311210d[Admin]: handleAppVisibility mAppVisible = true visible = false
03-08 15:13:42.096 26361 26361 I ViewRootImpl@311210d[Admin]: stopped(true) old = false
03-08 15:13:42.096 26361 26361 I ViewRootImpl@311210d[Admin]: WindowStopped on com.example.cmput301w24t33/com.example.cmput301w24t33.activities.AdminActivity set to true
03-08 15:13:42.097 26934 26934 D nativeloader: Configuring clns-4 for other apk /system/framework/org.apache.http.legacy.jar. target_sdk_version=34, uses_libraries=ALL, library_path=/data/app/~~qZfaCzdmQBABvXnJ95C3mA==/com.android.vending-p7X2hj1wUbHKwH1yuQ8RDA==/lib/arm64:/data/app/~~qZfaCzdmQBABvXnJ95C3mA==/com.android.vending-p7X2hj1wUbHKwH1yuQ8RDA==/base.apk!/lib/arm64-v8a:/data/app/~~qZfaCzdmQBABvXnJ95C3mA==/com.android.vending-p7X2hj1wUbHKwH1yuQ8RDA==/split_config.arm64_v8a.apk!/lib/arm64-v8a:/data/app/~~qZfaCzdmQBABvXnJ95C3mA==/com.android.vending-p7X2hj1wUbHKwH1yuQ8RDA==/split_config.en.apk!/lib/arm64-v8a:/data/app/~~qZfaCzdmQBABvXnJ95C3mA==/com.android.vending-p7X2hj1wUbHKwH1yuQ8RDA==/split_phonesky_data_loader.apk!/lib/arm64-v8a:/data/app/~~qZfaCzdmQBABvXnJ95C3mA==/com.android.vending-p7X2hj1wUbHKwH1yuQ8RDA==/split_phonesky_data_loader.config.arm64_v8a.apk!/lib/arm64-v8a, permitted_path=/data:/mnt/expand:/data/user/0/com.android.vending
03-08 15:13:42.097 26934 26934 D nativeloader: Extending system_exposed_libraries: libhumantracking.arcsoft.so:libPortraitDistortionCorrection.arcsoft.so:libPortraitDistortionCorrectionCali.arcsoft.so:libface_landmark.arcsoft.so:libFacialStickerEngine.arcsoft.so:libveengine.arcsoft.so:liblow_light_hdr.arcsoft.so:libhigh_dynamic_range.arcsoft.so:libFacialAttributeDetection.arcsoft.so:libBeauty_v4.camera.samsung.so:libexifa.camera.samsung.so:libjpega.camera.samsung.so:libOpenCv.camera.samsung.so:libImageScreener.camera.samsung.so:libMyFilter.camera.samsung.so:libtensorflowLite.myfilter.camera.samsung.so:libtensorflowlite_inference_api.myfilter.camera.samsung.so:libEventFinder.camera.samsung.so:libSmartScan.camera.samsung.so:libRectify.camera.samsung.so:libDocRectifyWrapper.camera.samsung.so:libUltraWideDistortionCorrection.camera.samsung.so:libWideDistortionCorrection.camera.samsung.so:libHpr_RecGAE_cvFeature_v1.0.camera.samsung.so:libHprFace_GAE_api.camera.samsung.so:libFace_Landmark_API.camera.samsung.so:libHprFace_GAE_jni.camera.samsung.so:libFacialBase
03-08 15:13:42.099 26361 26361 D LifecycleMonitor: Lifecycle status change: com.example.cmput301w24t33.activities.AdminActivity@4aaf27f in: STOPPED
03-08 15:13:42.101 26361 26361 V ActivityScenario: Update currentActivityStage to STOPPED, currentActivity=com.example.cmput301w24t33.activities.AdminActivity@4aaf27f
03-08 15:13:42.101 30985 30990 I adbd    : jdwp connection from 26952
03-08 15:13:42.104   604   614 I servicemanager: 'com.samsung.android.pass.IPassService' died
03-08 15:13:42.106   603   603 I lmkd    : cached 2, sandbox(not0) 0
03-08 15:13:42.106  1472  2020 I libprocessgroup: Successfully killed process cgroup uid 5278 pid 26607 in 0ms
03-08 15:13:42.106  1180  1180 I Zygote  : Process 26607 exited due to signal 9 (Killed)
03-08 15:13:42.108   603   603 I lmkd    : Reclaim 'com.samsung.android.sm.devicesecurity' (26697), uid 5012, oom_score_adj 955, state 19 to free 78788kB rss, 24824kb swap
03-08 15:13:42.108   603   603 I lmkd    : Reclaimed 103612kB at oom_score_adj 850
03-08 15:13:42.109 26361 26361 I MSHandlerLifeCycle: removeMultiSplitHandler: no exist. decor=DecorView@38d2349[Admin]
03-08 15:13:42.123 26361 26361 I ViewRootImpl@311210d[Admin]: MSG_WINDOW_FOCUS_CHANGED 0 0
03-08 15:13:42.126 26361 26463 D OpenGLRenderer: setSurface called with nullptr
03-08 15:13:42.126 26361 26463 D OpenGLRenderer: setSurface() destroyed EGLSurface
03-08 15:13:42.126 26361 26463 D OpenGLRenderer: destroyEglSurface
03-08 15:13:42.127 26952 26952 D ActivityThread: setConscryptValidator
03-08 15:13:42.128 26952 26952 D ActivityThread: setConscryptValidator - put
03-08 15:13:42.132 26361 26361 I ViewRootImpl@311210d[Admin]: performTraversals mFirst=false windowShouldResize=false viewVisibilityChanged=true mForceNextWindowRelayout=false params={(0,0)(fillxfill) sim={adjust=pan} ty=BASE_APPLICATION wanim=0x1030309
03-08 15:13:42.132 26361 26361 I ViewRootImpl@311210d[Admin]:   fl=81810100
03-08 15:13:42.132 26361 26361 I ViewRootImpl@311210d[Admin]:   pfl=12020040
03-08 15:13:42.132 26361 26361 I ViewRootImpl@311210d[Admin]:   bhv=DEFAULT
03-08 15:13:42.132 26361 26361 I ViewRootImpl@311210d[Admin]:   fitSides= naviIconColor=0
03-08 15:13:42.132 26361 26361 I ViewRootImpl@311210d[Admin]:   sfl=100000}
03-08 15:13:42.133  1472  2682 V WindowManager: Relayout Window{18176f7 u0 com.example.cmput301w24t33/com.example.cmput301w24t33.activities.AdminActivity}: viewVisibility=8 req=1080x2400 d0
03-08 15:13:42.135  1472  2682 V WindowManager: Relayout hash=18176f7, pid=26361, syncId=-1: mAttrs={(0,0)(fillxfill) sim={adjust=pan} ty=BASE_APPLICATION wanim=0x1030309
03-08 15:13:42.135  1472  2682 V WindowManager:   fl=81810100
03-08 15:13:42.135  1472  2682 V WindowManager:   pfl=12020040
03-08 15:13:42.135  1472  2682 V WindowManager:   apr=LIGHT_NAVIGATION_BARS
03-08 15:13:42.135  1472  2682 V WindowManager:   bhv=DEFAULT
03-08 15:13:42.135  1472  2682 V WindowManager:   fitSides= naviIconColor=0
03-08 15:13:42.135  1472  2682 V WindowManager:   sfl=100000}
03-08 15:13:42.136 26934 26934 W ziparchive: Unable to open '/data/app/~~qZfaCzdmQBABvXnJ95C3mA==/com.android.vending-p7X2hj1wUbHKwH1yuQ8RDA==/split_config.arm64_v8a.dm': No such file or directory
03-08 15:13:42.136 26934 26934 W ziparchive: Unable to open '/data/app/~~qZfaCzdmQBABvXnJ95C3mA==/com.android.vending-p7X2hj1wUbHKwH1yuQ8RDA==/split_config.arm64_v8a.dm': No such file or directory
03-08 15:13:42.137 26934 26934 W ding:background: Entry not found
03-08 15:13:42.137 26934 26934 W ziparchive: Unable to open '/data/app/~~qZfaCzdmQBABvXnJ95C3mA==/com.android.vending-p7X2hj1wUbHKwH1yuQ8RDA==/split_config.en.dm': No such file or directory
03-08 15:13:42.137 26934 26934 W ziparchive: Unable to open '/data/app/~~qZfaCzdmQBABvXnJ95C3mA==/com.android.vending-p7X2hj1wUbHKwH1yuQ8RDA==/split_config.en.dm': No such file or directory
03-08 15:13:42.138 26934 26934 W ding:background: Entry not found
03-08 15:13:42.138 26934 26934 W ziparchive: Unable to open '/data/app/~~qZfaCzdmQBABvXnJ95C3mA==/com.android.vending-p7X2hj1wUbHKwH1yuQ8RDA==/split_phonesky_data_loader.dm': No such file or directory
03-08 15:13:42.138 26934 26934 W ziparchive: Unable to open '/data/app/~~qZfaCzdmQBABvXnJ95C3mA==/com.android.vending-p7X2hj1wUbHKwH1yuQ8RDA==/split_phonesky_data_loader.dm': No such file or directory
03-08 15:13:42.138 26934 26934 W ding:background: Entry not found
03-08 15:13:42.139 26934 26934 W ziparchive: Unable to open '/data/app/~~qZfaCzdmQBABvXnJ95C3mA==/com.android.vending-p7X2hj1wUbHKwH1yuQ8RDA==/split_phonesky_data_loader.config.arm64_v8a.dm': No such file or directory
03-08 15:13:42.139 26934 26934 W ziparchive: Unable to open '/data/app/~~qZfaCzdmQBABvXnJ95C3mA==/com.android.vending-p7X2hj1wUbHKwH1yuQ8RDA==/split_phonesky_data_loader.config.arm64_v8a.dm': No such file or directory
03-08 15:13:42.139 26934 26934 W ding:background: Entry not found
03-08 15:13:42.140 26934 26934 D nativeloader: Configuring clns-5 for other apk /data/app/~~qZfaCzdmQBABvXnJ95C3mA==/com.android.vending-p7X2hj1wUbHKwH1yuQ8RDA==/base.apk:/data/app/~~qZfaCzdmQBABvXnJ95C3mA==/com.android.vending-p7X2hj1wUbHKwH1yuQ8RDA==/split_config.arm64_v8a.apk:/data/app/~~qZfaCzdmQBABvXnJ95C3mA==/com.android.vending-p7X2hj1wUbHKwH1yuQ8RDA==/split_config.en.apk:/data/app/~~qZfaCzdmQBABvXnJ95C3mA==/com.android.vending-p7X2hj1wUbHKwH1yuQ8RDA==/split_phonesky_data_loader.apk:/data/app/~~qZfaCzdmQBABvXnJ95C3mA==/com.android.vending-p7X2hj1wUbHKwH1yuQ8RDA==/split_phonesky_data_loader.config.arm64_v8a.apk. target_sdk_version=34, uses_libraries=, library_path=/data/app/~~qZfaCzdmQBABvXnJ95C3mA==/com.android.vending-p7X2hj1wUbHKwH1yuQ8RDA==/lib/arm64:/data/app/~~qZfaCzdmQBABvXnJ95C3mA==/com.android.vending-p7X2hj1wUbHKwH1yuQ8RDA==/base.apk!/lib/arm64-v8a:/data/app/~~qZfaCzdmQBABvXnJ95C3mA==/com.android.vending-p7X2hj1wUbHKwH1yuQ8RDA==/split_config.arm64_v8a.apk!/lib/arm64-v8a:/data/app/~~qZfaCzdmQBABvXnJ95C3mA==/com.android.vending-p7X2hj1wUbHK
03-08 15:13:42.151 26361 26361 I ViewRootImpl@311210d[Admin]: Relayout returned: old=(0,0,1080,2400) new=(0,0,1080,2400) req=(1080,2400)8 dur=12 res=0x2 s={false 0x0} ch=false seqId=0
03-08 15:13:42.153 26934 26934 V GraphicsEnvironment: ANGLE Developer option for 'com.android.vending' set to: 'default'
03-08 15:13:42.153 26934 26934 V GraphicsEnvironment: ANGLE GameManagerService for com.android.vending: false
03-08 15:13:42.153  1472  2682 D InputDispatcher: Focused application(0): ActivityRecord{71f937a u0 com.example.cmput301w24t33.test/androidx.test.core.app.InstrumentationActivityInvoker$EmptyActivity} t3067}
03-08 15:13:42.157 26934 26934 D NetworkSecurityConfig: No Network Security Config specified, using platform default
03-08 15:13:42.159 26934 26934 D NetworkSecurityConfig: No Network Security Config specified, using platform default
03-08 15:13:42.165 26934 26934 I Finsky:background: [2] krm.i(82): Process created at version: 39.9.31-31 [0] [PR] 610866660
03-08 15:13:42.165  1472  2020 I libprocessgroup: Successfully killed process cgroup uid 5012 pid 26697 in 0ms
03-08 15:13:42.165   603   603 I lmkd    : cached 2, sandbox(not0) 0
03-08 15:13:42.165 26952 26952 D CompatibilityChangeReporter: Compat change id reported: 171979766; UID 10453; state: ENABLED
03-08 15:13:42.166  1180  1180 I Zygote  : Process 26697 exited due to signal 9 (Killed)
03-08 15:13:42.168  1472  2391 D AS.MultiSoundManager: mForegroundUid = 10453
03-08 15:13:42.175   603   603 I lmkd    : cached 2, sandbox(not0) 0
03-08 15:13:42.176  1327  1327 I Layer   : id=35368 removedFromDrawingState com.example.cmput301w24t33/com.example.cmput301w24t33.activities.AdminActivity$_26361#35368 (135)
03-08 15:13:42.178 26952 26952 D ApplicationLoaders: Returning zygote-cached class loader: /system/framework/android.test.base.jar
03-08 15:13:42.179  1472  3678 I MediaSessionMonitor: Media session stopped : diffrent pkg
03-08 15:13:42.181  5242  5242 I ActivityUtils: HomePackage : com.sec.android.app.launcher, resumePackageName : com.example.cmput301w24t33.test
03-08 15:13:42.182 26952 26952 D nativeloader: Configuring clns-4 for other apk /system/framework/android.test.mock.jar. target_sdk_version=34, uses_libraries=ALL, library_path=/data/app/~~5YYnvnDDujNmeUExSm1Obg==/com.example.cmput301w24t33.test-SwK-uf5IpLknilFLzbt1hg==/lib/arm64, permitted_path=/data:/mnt/expand:/data/user/0/com.example.cmput301w24t33.test
03-08 15:13:42.182 26952 26952 D nativeloader: Extending system_exposed_libraries: libhumantracking.arcsoft.so:libPortraitDistortionCorrection.arcsoft.so:libPortraitDistortionCorrectionCali.arcsoft.so:libface_landmark.arcsoft.so:libFacialStickerEngine.arcsoft.so:libveengine.arcsoft.so:liblow_light_hdr.arcsoft.so:libhigh_dynamic_range.arcsoft.so:libFacialAttributeDetection.arcsoft.so:libBeauty_v4.camera.samsung.so:libexifa.camera.samsung.so:libjpega.camera.samsung.so:libOpenCv.camera.samsung.so:libImageScreener.camera.samsung.so:libMyFilter.camera.samsung.so:libtensorflowLite.myfilter.camera.samsung.so:libtensorflowlite_inference_api.myfilter.camera.samsung.so:libEventFinder.camera.samsung.so:libSmartScan.camera.samsung.so:libRectify.camera.samsung.so:libDocRectifyWrapper.camera.samsung.so:libUltraWideDistortionCorrection.camera.samsung.so:libWideDistortionCorrection.camera.samsung.so:libHpr_RecGAE_cvFeature_v1.0.camera.samsung.so:libHprFace_GAE_api.camera.samsung.so:libFace_Landmark_API.camera.samsung.so:libHprFace_GAE_jni.camera.samsung.so:libFacialBase
03-08 15:13:42.184 26952 26952 D ApplicationLoaders: Returning zygote-cached class loader: /system/framework/android.test.base.jar
03-08 15:13:42.185   603   603 I lmkd    : cached 3, sandbox(not0) 0
03-08 15:13:42.186  1327  2296 I SurfaceFlinger: id=35368 Removed com.example.cmput301w24t33/com.example.cmput301w24t33.activities.AdminActivity$_26361#35368 (135)
03-08 15:13:42.188 26952 26952 D nativeloader: Configuring clns-5 for other apk /system/framework/android.test.runner.jar. target_sdk_version=34, uses_libraries=ALL, library_path=/data/app/~~5YYnvnDDujNmeUExSm1Obg==/com.example.cmput301w24t33.test-SwK-uf5IpLknilFLzbt1hg==/lib/arm64, permitted_path=/data:/mnt/expand:/data/user/0/com.example.cmput301w24t33.test
03-08 15:13:42.188 26952 26952 D nativeloader: Extending system_exposed_libraries: libhumantracking.arcsoft.so:libPortraitDistortionCorrection.arcsoft.so:libPortraitDistortionCorrectionCali.arcsoft.so:libface_landmark.arcsoft.so:libFacialStickerEngine.arcsoft.so:libveengine.arcsoft.so:liblow_light_hdr.arcsoft.so:libhigh_dynamic_range.arcsoft.so:libFacialAttributeDetection.arcsoft.so:libBeauty_v4.camera.samsung.so:libexifa.camera.samsung.so:libjpega.camera.samsung.so:libOpenCv.camera.samsung.so:libImageScreener.camera.samsung.so:libMyFilter.camera.samsung.so:libtensorflowLite.myfilter.camera.samsung.so:libtensorflowlite_inference_api.myfilter.camera.samsung.so:libEventFinder.camera.samsung.so:libSmartScan.camera.samsung.so:libRectify.camera.samsung.so:libDocRectifyWrapper.camera.samsung.so:libUltraWideDistortionCorrection.camera.samsung.so:libWideDistortionCorrection.camera.samsung.so:libHpr_RecGAE_cvFeature_v1.0.camera.samsung.so:libHprFace_GAE_api.camera.samsung.so:libFace_Landmark_API.camera.samsung.so:libHprFace_GAE_jni.camera.samsung.so:libFacialBase
03-08 15:13:42.190 26952 26952 W ziparchive: Unable to open '/data/app/~~5YYnvnDDujNmeUExSm1Obg==/com.example.cmput301w24t33.test-SwK-uf5IpLknilFLzbt1hg==/base.dm': No such file or directory
03-08 15:13:42.190 26952 26952 W ziparchive: Unable to open '/data/app/~~5YYnvnDDujNmeUExSm1Obg==/com.example.cmput301w24t33.test-SwK-uf5IpLknilFLzbt1hg==/base.dm': No such file or directory
03-08 15:13:42.194  1327  1327 I Layer   : id=35368 Destroyed com.example.cmput301w24t33/com.example.cmput301w24t33.activities.AdminActivity$_26361#35368
03-08 15:13:42.196   603   603 I lmkd    : cached 3, sandbox(not0) 0
03-08 15:13:42.201 26934 26934 I Finsky:background: [2] agsk.bB(289): Finished reading experiment flags from file [0tGUNCGIkbk4o6-fQ335kUYSKwVj4lusnHT-A5Dsy08] numFlags=1597.
03-08 15:13:42.201  1273  1344 E ANDR-PERF-UTIL: Failed to update node /proc/3258/sched_low_latency with value 1
03-08 15:13:42.201  1273  1344 E ANDR-PERF-OPTSHANDLER: can't set low latency for tid 3258
03-08 15:13:42.201  1273  1344 E ANDR-PERF-RESOURCEQS: Failed to apply optimization [3, 52]
03-08 15:13:42.201  1273  1344 E ANDR-PERF-UTIL: Failed to update node /proc/5771/sched_low_latency with value 1
03-08 15:13:42.201  1273  1344 E ANDR-PERF-OPTSHANDLER: can't set low latency for tid 5771
03-08 15:13:42.201  1273  1344 E ANDR-PERF-RESOURCEQS: Failed to apply optimization [3, 52]
03-08 15:13:42.201  1273  1344 E ANDR-PERF-UTIL: Failed to update node /proc/5770/sched_low_latency with value 1
03-08 15:13:42.201  1273  1344 E ANDR-PERF-OPTSHANDLER: can't set low latency for tid 5770
03-08 15:13:42.201  1273  1344 E ANDR-PERF-RESOURCEQS: Failed to apply optimization [3, 52]
03-08 15:13:42.201  1273  1344 E ANDR-PERF-UTIL: Failed to update node /proc/5393/sched_low_latency with value 1
03-08 15:13:42.201  1273  1344 E ANDR-PERF-OPTSHANDLER: can't set low latency for tid 5393
03-08 15:13:42.201  1273  1344 E ANDR-PERF-RESOURCEQS: Failed to apply optimization [3, 52]
03-08 15:13:42.202  1273  1344 E ANDR-PERF-UTIL: Failed to read /proc/sys/kernel/walt_low_latency_task_threshold
03-08 15:13:42.202  1273  1344 E ANDR-PERF-OPTSHANDLER: Failed to read /proc/sys/kernel/walt_low_latency_task_threshold
03-08 15:13:42.202  1273  1344 E ANDR-PERF-RESOURCEQS: Failed to apply optimization [3, 54]
03-08 15:13:42.207   603   603 I lmkd    : cached 3, sandbox(not0) 0
03-08 15:13:42.210 26952 26952 D nativeloader: Configuring clns-6 for other apk /data/app/~~5YYnvnDDujNmeUExSm1Obg==/com.example.cmput301w24t33.test-SwK-uf5IpLknilFLzbt1hg==/base.apk. target_sdk_version=34, uses_libraries=, library_path=/data/app/~~5YYnvnDDujNmeUExSm1Obg==/com.example.cmput301w24t33.test-SwK-uf5IpLknilFLzbt1hg==/lib/arm64, permitted_path=/data:/mnt/expand:/data/user/0/com.example.cmput301w24t33.test
03-08 15:13:42.218   603   603 I lmkd    : cached 3, sandbox(not0) 0
03-08 15:13:42.224 26952 26952 V GraphicsEnvironment: ANGLE Developer option for 'com.example.cmput301w24t33.test' set to: 'default'
03-08 15:13:42.225 26952 26952 V GraphicsEnvironment: ANGLE GameManagerService for com.example.cmput301w24t33.test: false
03-08 15:13:42.225 26952 26952 V GraphicsEnvironment: Updatable production driver is not supported on the device.
03-08 15:13:42.226 26934 26934 I Finsky:background: [2] agsk.bB(289): Finished reading experiment flags from file [zyior8vm0xYjTnbjBqbmVQgHO51tT_LlAmkwu91Lf94] numFlags=1914.
03-08 15:13:42.229   603   603 I lmkd    : cached 3, sandbox(not0) 0
03-08 15:13:42.229 26952 26952 D NetworkSecurityConfig: No Network Security Config specified, using platform default
03-08 15:13:42.234  1472  2440 W SemWifiTransportLayerUtils: getApplicationCategory - IOException com.example.cmput301w24t33.test
03-08 15:13:42.234  1472  2440 W System.err: java.io.FileNotFoundException: https://play.google.com/store/apps/details?id=com.example.cmput301w24t33.test&hl=en
03-08 15:13:42.234  1472  2440 W System.err: 	at com.android.okhttp.internal.huc.HttpURLConnectionImpl.getInputStream(HttpURLConnectionImpl.java:255)
03-08 15:13:42.234  1472  2440 W System.err: 	at com.android.okhttp.internal.huc.DelegatingHttpsURLConnection.getInputStream(DelegatingHttpsURLConnection.java:211)
03-08 15:13:42.234  1472  2440 W System.err: 	at com.android.okhttp.internal.huc.HttpsURLConnectionImpl.getInputStream(HttpsURLConnectionImpl.java:30)
03-08 15:13:42.234  1472  2440 W System.err: 	at com.samsung.android.server.wifi.tcp.SemWifiTransportLayerUtils.getApplicationCategory(SemWifiTransportLayerUtils.java:104)
03-08 15:13:42.234  1472  2440 W System.err: 	at com.samsung.android.server.wifi.tcp.SemWifiTransportLayerMonitor$TcpMonitorHandler.handleMessage(SemWifiTransportLayerMonitor.java:244)
03-08 15:13:42.234  1472  2440 W System.err: 	at android.os.Handler.dispatchMessage(Handler.java:106)
03-08 15:13:42.234  1472  2440 W System.err: 	at android.os.Looper.loopOnce(Looper.java:226)
03-08 15:13:42.234  1472  2440 W System.err: 	at android.os.Looper.loop(Looper.java:313)
03-08 15:13:42.234  1472  2440 W System.err: 	at android.os.HandlerThread.run(HandlerThread.java:67)
03-08 15:13:42.234  1472  2440 D SemWifiTransportLayerMonitor.TcpMonitorHandler: MSG_SAVE_PACKAGE_INFO
03-08 15:13:42.234  1472  2440 D SemWifiTransportLayerFileManager: saveWifiPackageInfoToFile
03-08 15:13:42.234  1472  2440 D SemWifiTransportLayerFileManager: writeWifiPackageInfoList
03-08 15:13:42.240   603   603 I lmkd    : cached 3, sandbox(not0) 0
03-08 15:13:42.242 26934 26934 D CompatibilityChangeReporter: Compat change id reported: 183155436; UID 10233; state: ENABLED
03-08 15:13:42.248 26934 26934 I Finsky:background: [2] agsk.bB(289): Finished reading experiment flags from file [pgOEtUAtpWQ-OHmjyOD8NsXSCAcV8C3b5Y3WTF8QUWI] numFlags=1913.
03-08 15:13:42.250   603   603 I lmkd    : cached 3, sandbox(not0) 0
03-08 15:13:42.253 26934 26934 I Finsky:background: [2] xev.<init>(69): xeo - Registering in memory receiver for android.intent.action.PACKAGE_ADDED and android.intent.action.PACKAGE_REMOVED
03-08 15:13:42.261   603   603 I lmkd    : cached 3, sandbox(not0) 0
03-08 15:13:42.262 26934 26934 I Finsky:background: [2] jzz.j(307): This process start was not selected for Play memory metrics collection.
03-08 15:13:42.263   603   603 I lmkd    : Reclaim 'com.google.android.packageinstaller' (26738), uid 10081, oom_score_adj 935, state 19 to free 74564kB rss, 24972kb swap
03-08 15:13:42.263   603   603 I lmkd    : Reclaimed 99536kB at oom_score_adj 850
03-08 15:13:42.263   603   603 I lmkd    : Suppressed 9 failed kill reports
03-08 15:13:42.272 26934 26934 I Finsky:background: [2] uuk.onTrimMemory(13): Memory trim requested to level 60
03-08 15:13:42.275 26770 26932 W android.vending: Long monitor contention with owner WriteThroughInstallerDataStore (26927) at void roy.C()(PG:76) waiters=0 in arwl roy.B() for 348ms
03-08 15:13:42.275  7315 25653 I Fitness : (REDACTED) OnPackageChangedOperation got intent: %s
03-08 15:13:42.276 26770 26932 I Finsky  : [507] qno.a(65): Installer: Checking for orphaned groups
03-08 15:13:42.276 26952 26952 D NetworkSecurityConfig: No Network Security Config specified, using platform default
03-08 15:13:42.277 26770 26870 I Finsky  : [480] kkm.apply(1379): AIM: Got app ownership map. App counts: . Unique apps: 0
03-08 15:13:42.291 26952 26996 D OpenGLRenderer: RenderThread::requireGlContext()
03-08 15:13:42.292 26952 26996 I AdrenoGLES-0: QUALCOMM build                   : e1ac91e, I2b3b5fbd00
03-08 15:13:42.292 26952 26996 I AdrenoGLES-0: Build Date                       : 11/17/20
03-08 15:13:42.292 26952 26996 I AdrenoGLES-0: OpenGL ES Shader Compiler Version: EV031.32.02.06
03-08 15:13:42.292 26952 26996 I AdrenoGLES-0: Local Branch                     :
03-08 15:13:42.292 26952 26996 I AdrenoGLES-0: Remote Branch                    :
03-08 15:13:42.292 26952 26996 I AdrenoGLES-0: Remote Branch                    :
03-08 15:13:42.292 26952 26996 I AdrenoGLES-0: Reconstruct Branch               :
03-08 15:13:42.292 26952 26996 I AdrenoGLES-0: Build Config                     : S P 10.0.7 AArch64
03-08 15:13:42.292 26952 26996 I AdrenoGLES-0: Driver Path                      : /vendor/lib64/egl/libGLESv2_adreno.so
03-08 15:13:42.293  1180  1180 I Zygote  : Process 26738 exited due to signal 9 (Killed)
03-08 15:13:42.293   603   603 I lmkd    : cached 3, sandbox(not0) 0
03-08 15:13:42.298 26770 26931 I Finsky  : [506] tkq.y(6): getDownloads()
03-08 15:13:42.298 26952 26996 I AdrenoGLES-0: PFP: 0x016ee190, ME: 0x00000000
03-08 15:13:42.304   603   603 I lmkd    : cached 3, sandbox(not0) 0
03-08 15:13:42.305 26952 26996 D OpenGLRenderer: RenderThread::setGrContext()
03-08 15:13:42.311  1180  1180 D Zygote  : Forked child process 27004
03-08 15:13:42.312  1472  2020 I libprocessgroup: Successfully killed process cgroup uid 10081 pid 26738 in 0ms
03-08 15:13:42.312   603   603 I lmkd    : cached 3, sandbox(not0) 0
03-08 15:13:42.314 26770 26770 I Finsky  : [2] uuk.onTrimMemory(13): Memory trim requested to level 80
03-08 15:13:42.315 26770 26770 I Finsky  : [2] uuj.accept(93): Flushing in-memory image cache
03-08 15:13:42.326   603   603 I lmkd    : cached 3, sandbox(not0) 0
03-08 15:13:42.334   603   603 I lmkd    : cached 3, sandbox(not0) 0
03-08 15:13:42.339  7315 25653 I Fitness : (REDACTED) FitCleanupIntentOperation received Intent %s
03-08 15:13:42.339 26770 26856 I Finsky  : [468] kmj.a(206): AIM: AppInfoManager-Perf > ItemModel > CacheSize=170, cacheHitCount=0, cacheMissCount=0, total appsWithNoServerDataCount=7. Missed  in cache (limit 10) : []
03-08 15:13:42.345   603   603 I lmkd    : cached 3, sandbox(not0) 0
03-08 15:13:42.346 26770 26860 I Finsky  : [472] joq.accept(158): AIM: AppInfoManager-Perf > getApps > data collection finished
03-08 15:13:42.347 26770 26860 I Finsky  : [472] jzy.run(673): AIM: AppInfoManager-Perf > maybeDestroyAppInfoManager is called. actives = 0
03-08 15:13:42.349 26952 26952 I DecorView: [INFO] isPopOver=false config=true
03-08 15:13:42.349 26952 26952 I DecorView: updateCaptionType: isFloating=false isApplication=true hasWindowDecorCaption=false this=DecorView@7508899[]
03-08 15:13:42.349 26952 26952 D DecorView: setCaptionType = 0, this = DecorView@7508899[]
03-08 15:13:42.352   603   603 I lmkd    : cached 3, sandbox(not0) 0
03-08 15:13:42.354 26952 26952 I DecorView: getCurrentDensityDpi: from real metrics. densityDpi=420 msg=resources_loaded
03-08 15:13:42.354 26952 26952 I DecorView: setWindowBackground: isPopOver=false color=ffffffff d=android.graphics.drawable.ColorDrawable@8e2273f
03-08 15:13:42.360 26934 26934 I Finsky:background: [2] uuk.onTrimMemory(13): Memory trim requested to level 60
03-08 15:13:42.362 26952 26952 I MSHandlerLifeCycle: check: return. pkg=com.example.cmput301w24t33.test parent=null callers=com.android.internal.policy.DecorView.setVisibility:4412 android.app.ActivityThread.handleResumeActivity:5476 android.app.servertransaction.ResumeActivityItem.execute:54 android.app.servertransaction.ActivityTransactionItem.execute:45 android.app.servertransaction.TransactionExecutor.executeLifecycleState:176
03-08 15:13:42.362 26952 26952 I MSHandlerLifeCycle: removeMultiSplitHandler: no exist. decor=DecorView@7508899[]
03-08 15:13:42.365 27004 27004 I .filterprovider: Using CollectorTypeCC GC.
03-08 15:13:42.368   603   603 I lmkd    : cached 3, sandbox(not0) 0
03-08 15:13:42.369 26361 26361 D LifecycleMonitor: Lifecycle status change: com.example.cmput301w24t33.activities.AdminActivity@4aaf27f in: DESTROYED
03-08 15:13:42.369 26361 26361 V ActivityScenario: Update currentActivityStage to DESTROYED, currentActivity=null
03-08 15:13:42.371 27004 27004 E .filterprovider: Not starting debugger since process cannot load the jdwp agent.
03-08 15:13:42.372 26934 27006 I Finsky:background: [460] ohp.i(6): getDownloads()
03-08 15:13:42.378 27004 27004 D ActivityThread: setConscryptValidator
03-08 15:13:42.378 27004 27004 D ActivityThread: setConscryptValidator - put
03-08 15:13:42.379   603   603 I lmkd    : cached 3, sandbox(not0) 0
03-08 15:13:42.390   603   603 I lmkd    : cached 3, sandbox(not0) 0
03-08 15:13:42.401   603   603 I lmkd    : cached 3, sandbox(not0) 0
03-08 15:13:42.411 26361 26361 I MSHandlerLifeCycle: removeMultiSplitHandler: no exist. decor=DecorView@38d2349[Admin]
03-08 15:13:42.412   603   603 I lmkd    : cached 3, sandbox(not0) 0
03-08 15:13:42.414 26361 26463 D OpenGLRenderer: setSurface called with nullptr
03-08 15:13:42.414 26361 26361 I ViewRootImpl@311210d[Admin]: dispatchDetachedFromWindow
03-08 15:13:42.415  1472  2910 D InputTransport: Input channel destroyed: '18176f7', fd=953
03-08 15:13:42.415  1472  2910 W InputManager-JNI: Input channel object '18176f7 com.example.cmput301w24t33/com.example.cmput301w24t33.activities.AdminActivity (client)' was disposed without first being removed with the input manager!
03-08 15:13:42.415  1472  2910 D InputTransport: Input channel destroyed: '18176f7', fd=977
03-08 15:13:42.416  1327  2296 I SurfaceFlinger: id=35379 createSurf, flag=24004, Surface(name=a2c6971 InputMethod)/@0x3034fd7 - animation-leash of insets_animation#35379
03-08 15:13:42.417 26952 26996 D NativeCustomFrequencyManager: [NativeCFMS] BpCustomFrequencyManager::BpCustomFrequencyManager()
03-08 15:13:42.419 27004 27004 D CompatibilityChangeReporter: Compat change id reported: 171979766; UID 1000; state: ENABLED
03-08 15:13:42.423 27851 21078 I Icing   : Indexing com.google.android.gms-apps from com.google.android.gms
03-08 15:13:42.424 26361 26361 D InputTransport: Input channel destroyed: '18176f7', fd=106
03-08 15:13:42.427  1327  1327 I Layer   : id=35367 removedFromDrawingState 18176f7 com.example.cmput301w24t33/com.example.cmput301w24t33.activities.AdminActivity#35367 (135)
03-08 15:13:42.427  1327  1327 I Layer   : id=35372 removedFromDrawingState Surface(name=a2c6971 InputMethod)/@0x3034fd7 - animation-leash of insets_animation#35372 (135)
03-08 15:13:42.427  1327  1327 I SurfaceFlinger: id=35367 Removed 18176f7 com.example.cmput301w24t33/com.example.cmput301w24t33.activities.AdminActivity#35367 (135)
03-08 15:13:42.427  1327  2100 I SurfaceFlinger: id=35300 Removed Surface(name=a2c6971 InputMethod)/@0x3034fd7 - animation-leash of insets_animation#35300 (135)
03-08 15:13:42.427  1327  1327 I SurfaceFlinger: id=35372 Removed Surface(name=a2c6971 InputMethod)/@0x3034fd7 - animation-leash of insets_animation#35372 (135)
03-08 15:13:42.428  1327  1327 I Layer   : id=35300 Destroyed Surface(name=a2c6971 InputMethod)/@0x3034fd7 - animation-leash of insets_animation#35300
03-08 15:13:42.428  1327  1327 I Layer   : id=35367 Destroyed 18176f7 com.example.cmput301w24t33/com.example.cmput301w24t33.activities.AdminActivity#35367
03-08 15:13:42.428  1327  1327 I Layer   : id=35372 Destroyed Surface(name=a2c6971 InputMethod)/@0x3034fd7 - animation-leash of insets_animation#35372
03-08 15:13:42.428 26361 26459 I TestRunner: finished: testAdminViewEvent(com.example.cmput301w24t33.AdminActivityUITest)
