03-08 15:13:43.447  1472  2685 D ConnectivityService: requestNetwork for uid/pid:10233/27146 activeRequest: null callbackRequest: 7867 [NetworkRequest [ REQUEST id=7868, [ Capabilities: INTERNET&NOT_RESTRICTED&TRUSTED&NOT_VCN_MANAGED Uid: 10233 RequestorUid: 10233 RequestorPkg: com.android.vending UnderlyingNetworks: Null] ]] callback flags: 0 order: 2147483647
03-08 15:13:43.449  1472  2376 D ConnectivityService:    accepting network in place of null
03-08 15:13:43.449 27146 27212 D ConnectivityManager: StackLog: [android.net.ConnectivityManager.sendRequestForNetwork(ConnectivityManager.java:4359)] [android.net.ConnectivityManager.sendRequestForNetwork(ConnectivityManager.java:4401)] [android.net.ConnectivityManager.registerNetworkCallback(ConnectivityManager.java:4783)] [bchg.b(PG:118)] [bcha.<init>(PG:85)] [org.chromium.net.NetworkChangeNotifier.g(PG:14)] [org.chromium.net.impl.CronetLibraryLoader.b(PG:709)] [arqj.run(PG:7)]
03-08 15:13:43.450  1472  2366 D WifiNetworkFactory: got request NetworkRequest [ REQUEST id=7868, [ Capabilities: INTERNET&NOT_RESTRICTED&TRUSTED&NOT_VCN_MANAGED Uid: 10233 RequestorUid: 10233 RequestorPkg: com.android.vending UnderlyingNetworks: Null] ]
03-08 15:13:43.450  1472  2366 D UntrustedWifiNetworkFactory: got request NetworkRequest [ REQUEST id=7868, [ Capabilities: INTERNET&NOT_RESTRICTED&TRUSTED&NOT_VCN_MANAGED Uid: 10233 RequestorUid: 10233 RequestorPkg: com.android.vending UnderlyingNetworks: Null] ]
03-08 15:13:43.451  1472  2366 D OemPaidWifiNetworkFactory: got request NetworkRequest [ REQUEST id=7868, [ Capabilities: INTERNET&NOT_RESTRICTED&TRUSTED&NOT_VCN_MANAGED Uid: 10233 RequestorUid: 10233 RequestorPkg: com.android.vending UnderlyingNetworks: Null] ]
03-08 15:13:43.451  1472  2366 D MultiInternetWifiNetworkFactory: got request NetworkRequest [ REQUEST id=7868, [ Capabilities: INTERNET&NOT_RESTRICTED&TRUSTED&NOT_VCN_MANAGED Uid: 10233 RequestorUid: 10233 RequestorPkg: com.android.vending UnderlyingNetworks: Null] ]
03-08 15:13:43.451  1472  5212 D PackageManager: setEnabledSetting : userId = 0 packageName = com.android.vending cmp = com.google.android.finsky.systemupdateactivity.SystemUpdateActivity newState = 1 callingPackage = 10233/com.android.vending
03-08 15:13:43.452  1472  5212 D ApplicationPolicy: getApplicationStateEnabled : pkg = com.android.vending userId : 0
03-08 15:13:43.453  1472  5212 D ApplicationPolicy: getApplicationComponentState : pkg = com.android.vending userId : 0
03-08 15:13:43.453 27146 27174 I cr_CronetLibraryLoader: Cronet version: 122.0.6238.3, arch: aarch64
03-08 15:13:43.453  1472  2376 D ConnectivityService: Rematched networks [computed 1ms] [applied 1ms] [issued 1]
03-08 15:13:43.453  1472  2376 D ConnectivityService: NetworkReassignment :
03-08 15:13:43.453  1472  2376 D ConnectivityService:   7868 : null → 162
03-08 15:13:43.454  1472  2465 D NetdEventListenerService: DNS Requested by : 162, 10233
03-08 15:13:43.455 27146 27174 D bcjy    : Failed to get store_server_configs_in_properties options: No value for store_server_configs_in_properties
03-08 15:13:43.455 27146 27174 D bcjy    : Failed to get max_server_configs_stored_in_properties options: No value for max_server_configs_stored_in_properties
03-08 15:13:43.455 27146 27174 D bcjy    : Failed to get goaway_sessions_on_ip_change options: No value for goaway_sessions_on_ip_change
03-08 15:13:43.455 27146 27174 D bcjy    : Failed to get close_sessions_on_ip_change options: No value for close_sessions_on_ip_change
03-08 15:13:43.455 27146 27174 D bcjy    : Failed to get migrate_sessions_on_network_change_v2 options: No value for migrate_sessions_on_network_change_v2
03-08 15:13:43.455 27146 27174 D bcjy    : Failed to get migrate_sessions_early_v2 options: No value for migrate_sessions_early_v2
03-08 15:13:43.455  1472  2685 D PackageManager: setEnabledSetting : userId = 0 packageName = com.android.vending cmp = com.google.android.finsky.remotesetup.PlayRemoteSetupActivity newState = 0 callingPackage = 10233/com.android.vending
03-08 15:13:43.455 27146 27174 D bcjy    : Failed to get disable_bidirectional_streams options: No value for disable_bidirectional_streams
03-08 15:13:43.455 27146 27174 D bcjy    : Failed to get max_time_before_crypto_handshake_seconds options: No value for max_time_before_crypto_handshake_seconds
03-08 15:13:43.455 27146 27174 D bcjy    : Failed to get max_idle_time_before_crypto_handshake_seconds options: No value for max_idle_time_before_crypto_handshake_seconds
03-08 15:13:43.455 27146 27174 D bcjy    : Failed to get enable_socket_recv_optimization options: No value for enable_socket_recv_optimization
03-08 15:13:43.455 27146 27174 D bcjy    : Failed to get AsyncDNS options: No value for AsyncDNS
03-08 15:13:43.455 27146 27174 D bcjy    : Failed to get max_stale_uses options: No value for max_stale_uses
03-08 15:13:43.455 27146 27174 D bcjy    : Failed to get persist_to_disk options: No value for persist_to_disk
03-08 15:13:43.455 27146 27174 D bcjy    : Failed to get persist_delay_ms options: No value for persist_delay_ms
03-08 15:13:43.455 27146 27174 D bcjy    : Failed to get use_stale_on_name_not_resolved options: No value for use_stale_on_name_not_resolved
03-08 15:13:43.455 27146 27174 D bcjy    : Failed to get disable_ipv6_on_wifi options: No value for disable_ipv6_on_wifi
03-08 15:13:43.456  1472  2685 D ApplicationPolicy: getApplicationStateEnabled : pkg = com.android.vending userId : 0
03-08 15:13:43.456  1472  2685 D ApplicationPolicy: getApplicationComponentState : pkg = com.android.vending userId : 0
03-08 15:13:43.457 27146 27175 I Finsky  : [457] apcf.e(7): registerListener
03-08 15:13:43.457 27146 27215 I Finsky  : [479] xds.run(627): RemoteSetup: Set {com.android.vending/com.google.android.finsky.remotesetup.PlayRemoteSetupActivity} enabled state to 0
03-08 15:13:43.459  1472  2619 D PackageManager: setEnabledSetting : userId = 0 packageName = com.android.vending cmp = com.google.android.finsky.hibernation.impl.UnhibernateActivity newState = 1 callingPackage = 10233/com.android.vending
03-08 15:13:43.460  1472  2619 D ApplicationPolicy: getApplicationStateEnabled : pkg = com.android.vending userId : 0
03-08 15:13:43.460  1472  2619 D ApplicationPolicy: getApplicationComponentState : pkg = com.android.vending userId : 0
03-08 15:13:43.461 27146 27215 I Finsky  : [479] np.run(126): Set UnhibernateActivity enabled state to 1
03-08 15:13:43.461 27146 27208 I Finsky  : [472] xds.run(331): SysUA: Set SystemUpdateActivity enabled state to 1
03-08 15:13:43.462  1472  2376 D ConnectivityService: Rematched networks [computed 1ms] [applied 2ms] [issued 4]
03-08 15:13:43.462  1472  2376 D ConnectivityService: NetworkReassignment : no changes
03-08 15:13:43.463 27146 27175 I Finsky  : [457] apcf.e(7): registerListener
03-08 15:13:43.468  1472  2465 D NetdEventListenerService: DNS Requested by : 162, 10233
03-08 15:13:43.468 27040 27040 I GOS:App : onTrimMemory 60
03-08 15:13:43.470  1472  5212 D PackageManager: setEnabledSetting : userId = 0 packageName = com.android.vending cmp = com.google.android.finsky.systemcomponentupdateui.common.SystemComponentUpdateActivity newState = 0 callingPackage = 10233/com.android.vending
03-08 15:13:43.471  1472  5212 D ApplicationPolicy: getApplicationStateEnabled : pkg = com.android.vending userId : 0
03-08 15:13:43.471  1472  5212 D ApplicationPolicy: getApplicationComponentState : pkg = com.android.vending userId : 0
03-08 15:13:43.472 27146 27221 I Finsky  : [481] xds.run(372): SysCUA: Set {com.android.vending/com.google.android.finsky.systemcomponentupdateui.common.SystemComponentUpdateActivity} enabled state to 0
03-08 15:13:43.475  1472  2465 D NetdEventListenerService: DNS Requested by : 162, 10233
03-08 15:13:43.478  1472  2465 D NetdEventListenerService: DNS Requested by : 162, 10233
03-08 15:13:43.499 27146 27146 I Finsky  : [2] xex.g(1): xex - Received: android.intent.action.PACKAGE_CHANGED, [njUhg7RjyppCHwWQ9Js4soAhwUlaiE7yzZHYJw0azbw]
03-08 15:13:43.500  1180  1180 D Zygote  : Forked child process 27260
03-08 15:13:43.511 27146 27204 I Finsky  : [468] tzt.t(284): Loaded library for account: [41ELlJhGcG_olllDdByoN7XCLDWWfZwsDhxGYyWumKQ]
03-08 15:13:43.511 27146 27204 I Finsky  : [468] tzt.t(284): Loaded library for account: [FDZ5mQ3WUZJk8cxsR8iewwxd8Udmv0OCy1529JXaSIw]
03-08 15:13:43.512 27146 27204 I Finsky  : [468] tzt.t(353): Finished loading 2 libraries.
03-08 15:13:43.514 26361 26361 I ViewInteraction: Checking 'MatchesViewAssertion{viewMatcher=(view has effective visibility <VISIBLE> and view.getGlobalVisibleRect() to return non-empty rectangle)}' assertion on view view.getId() is <2131230799/com.example.cmput301w24t33:id/admin_view_profiles_fragment>
03-08 15:13:43.521 26361 26361 I ViewInteraction: Performing 'single click' action on view view.getId() is <2131231337/com.example.cmput301w24t33:id/view_profiles_back_button>
03-08 15:13:43.523  1472  5212 D InputDispatcher: Inject motion (26361/10451): action=0x0, time=154415771000000, f=0x0, d=0 dsdx=1.000000 dtdx=0.000000
03-08 15:13:43.525  1472  2259 I InputDispatcher: Delivering touch to (2578): action: 0x4, f=0x0, d=0, '296f76f', t=0
03-08 15:13:43.525  1472  2259 I InputDispatcher: Delivering touch to (26361): action: 0x0, f=0x0, d=0, '1f82d5b', t=0
03-08 15:13:43.526  1472  1877 I GestureDetector: obtain mCurrentDownEvent. id: -660789754 caller: com.android.server.wm.SystemGesturesPointerEventListener.onPointerEvent:203 com.android.server.wm.PointerEventDispatcher.onInputEvent:53 android.view.InputEventReceiver.dispatchInputEvent:285
03-08 15:13:43.526  1472  1877 I GestureDetector: obtain mCurrentDownEvent. id: -660789754 caller: com.android.server.wm.SystemPerformancePointerEventListener.onPointerEvent:89 com.android.server.wm.PointerEventDispatcher.onInputEvent:53 android.view.InputEventReceiver.dispatchInputEvent:285
03-08 15:13:43.526 26361 26361 I ViewRootImpl@349359b[Admin]: ViewPostIme pointer 0
03-08 15:13:43.527 27260 27260 I e.process.gapps: Using CollectorTypeCC GC.
03-08 15:13:43.538 27260 27260 E e.process.gapps: Not starting debugger since process cannot load the jdwp agent.
03-08 15:13:43.542 27260 27260 D ActivityThread: setConscryptValidator
03-08 15:13:43.542 27260 27260 D ActivityThread: setConscryptValidator - put
03-08 15:13:43.544 27146 27146 I Finsky  : [2] kkt.f(9): AIM: AppInfoCacheUpdater -> invalidating apps: [com.example.cmput301w24t33.test]
03-08 15:13:43.545 27146 27146 I Finsky  : [2] klk.a(26): AIM: AppInfoManager-Perf > Creating AppInfoManager ...
03-08 15:13:43.546 27146 27273 I Finsky  : [502] ons.accept(113): Wrote row to frosting DB: 139267
03-08 15:13:43.548 27146 27273 I Finsky  : [502] ons.accept(113): Wrote row to frosting DB: 139268
03-08 15:13:43.552 27260 27260 D CompatibilityChangeReporter: Compat change id reported: 171979766; UID 10231; state: ENABLED
03-08 15:13:43.555 27146 27146 I Finsky  : [2] kli.g(21): AIM: AppInfoManager-Perf > getApps > called for 1 apps
03-08 15:13:43.559 27260 27260 D nativeloader: Configuring clns-shared-4 for other apk /system/framework/org.apache.http.legacy.jar. target_sdk_version=33, uses_libraries=ALL, library_path=/system/system_ext/priv-app/GoogleServicesFramework/lib/arm64:/system/system_ext/priv-app/GoogleServicesFramework/GoogleServicesFramework.apk!/lib/arm64-v8a:/system/lib64:/system/system_ext/lib64, permitted_path=/data:/mnt/expand:/data/user/0/com.google.android.gsf:/system/system_ext/priv-app/GoogleServicesFramework:/system/lib64:/system/system_ext/lib64
03-08 15:13:43.559 27260 27260 D nativeloader: Extending system_exposed_libraries: libhumantracking.arcsoft.so:libPortraitDistortionCorrection.arcsoft.so:libPortraitDistortionCorrectionCali.arcsoft.so:libface_landmark.arcsoft.so:libFacialStickerEngine.arcsoft.so:libveengine.arcsoft.so:liblow_light_hdr.arcsoft.so:libhigh_dynamic_range.arcsoft.so:libFacialAttributeDetection.arcsoft.so:libBeauty_v4.camera.samsung.so:libexifa.camera.samsung.so:libjpega.camera.samsung.so:libOpenCv.camera.samsung.so:libImageScreener.camera.samsung.so:libMyFilter.camera.samsung.so:libtensorflowLite.myfilter.camera.samsung.so:libtensorflowlite_inference_api.myfilter.camera.samsung.so:libEventFinder.camera.samsung.so:libSmartScan.camera.samsung.so:libRectify.camera.samsung.so:libDocRectifyWrapper.camera.samsung.so:libUltraWideDistortionCorrection.camera.samsung.so:libWideDistortionCorrection.camera.samsung.so:libHpr_RecGAE_cvFeature_v1.0.camera.samsung.so:libHprFace_GAE_api.camera.samsung.so:libFace_Landmark_API.camera.samsung.so:libHprFace_GAE_jni.camera.samsung.so:libFacialBase
03-08 15:13:43.560   603   603 I lmkd    : cached 3, sandbox(not0) 0
03-08 15:13:43.563 27146 27221 I Finsky  : [481] kmo.a(55): AIM: AppInfoManager-Perf > OnDeviceAppInfo > cacheHitCount=0, cacheMissCount=1. Missed  in cache (limit 10) : [com.example.cmput301w24t33.test]
03-08 15:13:43.563   603   603 I lmkd    : Reclaim 'com.samsung.android.provider.filterprovider' (27004), uid 1000, oom_score_adj 915, state 19 to free 76500kB rss, 24872kb swap
03-08 15:13:43.563   603   603 I lmkd    : Reclaimed 101372kB at oom_score_adj 850
03-08 15:13:43.565  1472  3480 D InputDispatcher: Inject motion (26361/10451): action=0x1, time=154415813000000, f=0x0, d=0 dsdx=1.000000 dtdx=0.000000
03-08 15:13:43.566  1472  2259 I InputDispatcher: Delivering touch to (26361): action: 0x1, f=0x0, d=0, '1f82d5b', t=0
03-08 15:13:43.566  1472  1877 I GestureDetector: obtain mCurrentMotionEventRaw. action: 1 id: -196826081
03-08 15:13:43.566  1472  1877 I GestureDetector: obtain mCurrentMotionEventRaw. action: 1 id: -196826081
03-08 15:13:43.566 26361 26361 I ViewRootImpl@349359b[Admin]: ViewPostIme pointer 1
03-08 15:13:43.579 27260 27260 D nativeloader: Configuring clns-shared-5 for other apk /system/system_ext/priv-app/GoogleServicesFramework/GoogleServicesFramework.apk. target_sdk_version=33, uses_libraries=, library_path=/system/system_ext/priv-app/GoogleServicesFramework/lib/arm64:/system/system_ext/priv-app/GoogleServicesFramework/GoogleServicesFramework.apk!/lib/arm64-v8a:/system/lib64:/system/system_ext/lib64, permitted_path=/data:/mnt/expand:/data/user/0/com.google.android.gsf:/system/system_ext/priv-app/GoogleServicesFramework:/system/lib64:/system/system_ext/lib64
03-08 15:13:43.585 27146 27146 I Finsky  : [2] rmf.x(24): Installer: Attempting to start installer
03-08 15:13:43.587 27146 27146 I Finsky  : [2] apcf.e(7): registerListener
03-08 15:13:43.590 27146 27146 I Finsky  : [2] acju.<init>(239): Initializing pausers from value store.
03-08 15:13:43.594  1180  1180 D Zygote  : Forked child process 27281
03-08 15:13:43.596 27146 27146 I Finsky  : [2] acju.<init>(280): setup::RES: Callers (Pausers) in PauseUpdatesCallersValueStore: []
03-08 15:13:43.599 27146 27146 I Finsky  : [2] uuk.onTrimMemory(13): Memory trim requested to level 60
03-08 15:13:43.599 27146 27146 I Finsky  : [2] uuj.accept(93): Flushing in-memory image cache
03-08 15:13:43.602 27260 27260 V GraphicsEnvironment: ANGLE Developer option for 'com.google.android.gsf' set to: 'default'
03-08 15:13:43.602 27146 27146 I Finsky  : [2] mub.onSubscriptionsChanged(6): onSubscriptionsChanged
03-08 15:13:43.604 27260 27260 V GraphicsEnvironment: ANGLE GameManagerService for com.google.android.gsf: false
03-08 15:13:43.606 27146 27146 I Finsky  : [2] rmf.Q(15): Installer: Installer kick - no action, not running yet
03-08 15:13:43.607   603   603 I lmkd    : cached 3, sandbox(not0) 0
03-08 15:13:43.610  1180  1180 I Zygote  : Process 27004 exited due to signal 9 (Killed)
03-08 15:13:43.611 27260 27260 D NetworkSecurityConfig: No Network Security Config specified, using platform default
03-08 15:13:43.611   603   603 I lmkd    : Reclaim 'com.example.cmput301w24t33.test' (26952), uid 10453, oom_score_adj 900, state 18 to free 110504kB rss, 19620kb swap
03-08 15:13:43.612   603   603 I lmkd    : Reclaimed 130124kB at oom_score_adj 850
03-08 15:13:43.613 27260 27260 D NetworkSecurityConfig: No Network Security Config specified, using platform default
03-08 15:13:43.623  1472  2020 I libprocessgroup: Successfully killed process cgroup uid 1000 pid 27004 in 18ms
03-08 15:13:43.627 27260 27260 I GoogleHttpClient: GMS http client unavailable, use old client
03-08 15:13:43.639 27281 27281 I ding:background: Using CollectorTypeCC GC.
03-08 15:13:43.647 27281 27281 E ding:background: Not starting debugger since process cannot load the jdwp agent.
03-08 15:13:43.655  1472  2020 I libprocessgroup: Successfully killed process cgroup uid 10453 pid 26952 in 0ms
03-08 15:13:43.661 27281 27281 D ActivityThread: setConscryptValidator
03-08 15:13:43.661  1180  1180 I Zygote  : Process 26952 exited due to signal 9 (Killed)
03-08 15:13:43.661 27281 27281 D ActivityThread: setConscryptValidator - put
03-08 15:13:43.662  1244  3899 I vendor.qti.bluetooth@1.0-ibs_handler: ProcessIbsCmd: Received IBS_WAKE_IND: 0xFD
03-08 15:13:43.662  1244  3899 D vendor.qti.bluetooth@1.0-ibs_handler: SerialClockVote: vote for UART CLK ON
03-08 15:13:43.662  1244  3899 D vendor.qti.bluetooth@1.0-wake_lock: Acquire wakelock is acquired
03-08 15:13:43.663  1244  3899 I vendor.qti.bluetooth@1.0-ibs_handler: ProcessIbsCmd: Writing IBS_WAKE_ACK
03-08 15:13:43.670 27281 27281 D CompatibilityChangeReporter: Compat change id reported: 171979766; UID 10233; state: ENABLED
03-08 15:13:43.675 27281 27281 D nativeloader: Configuring clns-4 for other apk /system/framework/org.apache.http.legacy.jar. target_sdk_version=34, uses_libraries=ALL, library_path=/data/app/~~qZfaCzdmQBABvXnJ95C3mA==/com.android.vending-p7X2hj1wUbHKwH1yuQ8RDA==/lib/arm64:/data/app/~~qZfaCzdmQBABvXnJ95C3mA==/com.android.vending-p7X2hj1wUbHKwH1yuQ8RDA==/base.apk!/lib/arm64-v8a:/data/app/~~qZfaCzdmQBABvXnJ95C3mA==/com.android.vending-p7X2hj1wUbHKwH1yuQ8RDA==/split_config.arm64_v8a.apk!/lib/arm64-v8a:/data/app/~~qZfaCzdmQBABvXnJ95C3mA==/com.android.vending-p7X2hj1wUbHKwH1yuQ8RDA==/split_config.en.apk!/lib/arm64-v8a:/data/app/~~qZfaCzdmQBABvXnJ95C3mA==/com.android.vending-p7X2hj1wUbHKwH1yuQ8RDA==/split_phonesky_data_loader.apk!/lib/arm64-v8a:/data/app/~~qZfaCzdmQBABvXnJ95C3mA==/com.android.vending-p7X2hj1wUbHKwH1yuQ8RDA==/split_phonesky_data_loader.config.arm64_v8a.apk!/lib/arm64-v8a, permitted_path=/data:/mnt/expand:/data/user/0/com.android.vending
03-08 15:13:43.675 27281 27281 D nativeloader: Extending system_exposed_libraries: libhumantracking.arcsoft.so:libPortraitDistortionCorrection.arcsoft.so:libPortraitDistortionCorrectionCali.arcsoft.so:libface_landmark.arcsoft.so:libFacialStickerEngine.arcsoft.so:libveengine.arcsoft.so:liblow_light_hdr.arcsoft.so:libhigh_dynamic_range.arcsoft.so:libFacialAttributeDetection.arcsoft.so:libBeauty_v4.camera.samsung.so:libexifa.camera.samsung.so:libjpega.camera.samsung.so:libOpenCv.camera.samsung.so:libImageScreener.camera.samsung.so:libMyFilter.camera.samsung.so:libtensorflowLite.myfilter.camera.samsung.so:libtensorflowlite_inference_api.myfilter.camera.samsung.so:libEventFinder.camera.samsung.so:libSmartScan.camera.samsung.so:libRectify.camera.samsung.so:libDocRectifyWrapper.camera.samsung.so:libUltraWideDistortionCorrection.camera.samsung.so:libWideDistortionCorrection.camera.samsung.so:libHpr_RecGAE_cvFeature_v1.0.camera.samsung.so:libHprFace_GAE_api.camera.samsung.so:libFace_Landmark_API.camera.samsung.so:libHprFace_GAE_jni.camera.samsung.so:libFacialBase
03-08 15:13:43.689   603   603 I lmkd    : cached 3, sandbox(not0) 0
03-08 15:13:43.692   603   603 I lmkd    : Reclaim 'com.samsung.android.game.gos' (27040), uid 10076, oom_score_adj 915, state 19 to free 94972kB rss, 24448kb swap
03-08 15:13:43.692   603   603 I lmkd    : Reclaimed 119420kB at oom_score_adj 850
03-08 15:13:43.695 27281 27281 W ziparchive: Unable to open '/data/app/~~qZfaCzdmQBABvXnJ95C3mA==/com.android.vending-p7X2hj1wUbHKwH1yuQ8RDA==/split_config.arm64_v8a.dm': No such file or directory
03-08 15:13:43.695 27281 27281 W ziparchive: Unable to open '/data/app/~~qZfaCzdmQBABvXnJ95C3mA==/com.android.vending-p7X2hj1wUbHKwH1yuQ8RDA==/split_config.arm64_v8a.dm': No such file or directory
03-08 15:13:43.695 27281 27281 W ding:background: Entry not found
03-08 15:13:43.696 27281 27281 W ziparchive: Unable to open '/data/app/~~qZfaCzdmQBABvXnJ95C3mA==/com.android.vending-p7X2hj1wUbHKwH1yuQ8RDA==/split_config.en.dm': No such file or directory
03-08 15:13:43.696 27281 27281 W ziparchive: Unable to open '/data/app/~~qZfaCzdmQBABvXnJ95C3mA==/com.android.vending-p7X2hj1wUbHKwH1yuQ8RDA==/split_config.en.dm': No such file or directory
03-08 15:13:43.696 27281 27281 W ding:background: Entry not found
03-08 15:13:43.697 27281 27281 W ziparchive: Unable to open '/data/app/~~qZfaCzdmQBABvXnJ95C3mA==/com.android.vending-p7X2hj1wUbHKwH1yuQ8RDA==/split_phonesky_data_loader.dm': No such file or directory
03-08 15:13:43.697 27281 27281 W ziparchive: Unable to open '/data/app/~~qZfaCzdmQBABvXnJ95C3mA==/com.android.vending-p7X2hj1wUbHKwH1yuQ8RDA==/split_phonesky_data_loader.dm': No such file or directory
03-08 15:13:43.697 27281 27281 W ding:background: Entry not found
03-08 15:13:43.698 27281 27281 W ziparchive: Unable to open '/data/app/~~qZfaCzdmQBABvXnJ95C3mA==/com.android.vending-p7X2hj1wUbHKwH1yuQ8RDA==/split_phonesky_data_loader.config.arm64_v8a.dm': No such file or directory
03-08 15:13:43.698 27281 27281 W ziparchive: Unable to open '/data/app/~~qZfaCzdmQBABvXnJ95C3mA==/com.android.vending-p7X2hj1wUbHKwH1yuQ8RDA==/split_phonesky_data_loader.config.arm64_v8a.dm': No such file or directory
03-08 15:13:43.698 27281 27281 W ding:background: Entry not found
03-08 15:13:43.699 27281 27281 D nativeloader: Configuring clns-5 for other apk /data/app/~~qZfaCzdmQBABvXnJ95C3mA==/com.android.vending-p7X2hj1wUbHKwH1yuQ8RDA==/base.apk:/data/app/~~qZfaCzdmQBABvXnJ95C3mA==/com.android.vending-p7X2hj1wUbHKwH1yuQ8RDA==/split_config.arm64_v8a.apk:/data/app/~~qZfaCzdmQBABvXnJ95C3mA==/com.android.vending-p7X2hj1wUbHKwH1yuQ8RDA==/split_config.en.apk:/data/app/~~qZfaCzdmQBABvXnJ95C3mA==/com.android.vending-p7X2hj1wUbHKwH1yuQ8RDA==/split_phonesky_data_loader.apk:/data/app/~~qZfaCzdmQBABvXnJ95C3mA==/com.android.vending-p7X2hj1wUbHKwH1yuQ8RDA==/split_phonesky_data_loader.config.arm64_v8a.apk. target_sdk_version=34, uses_libraries=, library_path=/data/app/~~qZfaCzdmQBABvXnJ95C3mA==/com.android.vending-p7X2hj1wUbHKwH1yuQ8RDA==/lib/arm64:/data/app/~~qZfaCzdmQBABvXnJ95C3mA==/com.android.vending-p7X2hj1wUbHKwH1yuQ8RDA==/base.apk!/lib/arm64-v8a:/data/app/~~qZfaCzdmQBABvXnJ95C3mA==/com.android.vending-p7X2hj1wUbHKwH1yuQ8RDA==/split_config.arm64_v8a.apk!/lib/arm64-v8a:/data/app/~~qZfaCzdmQBABvXnJ95C3mA==/com.android.vending-p7X2hj1wUbHK
03-08 15:13:43.701  3407  3453 I SettingManager_FLP: onDeviceStationaryChanged, true
03-08 15:13:43.708  1244  3899 I vendor.qti.bluetooth@1.0-ibs_handler: ProcessIbsCmd: Received IBS_SLEEP_IND: 0xFE
03-08 15:13:43.709  1244  3899 D vendor.qti.bluetooth@1.0-ibs_handler: SerialClockVote: vote for UART CLK OFF
03-08 15:13:43.710 27281 27281 V GraphicsEnvironment: ANGLE Developer option for 'com.android.vending' set to: 'default'
03-08 15:13:43.710 27281 27281 V GraphicsEnvironment: ANGLE GameManagerService for com.android.vending: false
03-08 15:13:43.711  1180  1180 D Zygote  : Forked child process 27300
03-08 15:13:43.713 27281 27281 D NetworkSecurityConfig: No Network Security Config specified, using platform default
03-08 15:13:43.714 27281 27281 D NetworkSecurityConfig: No Network Security Config specified, using platform default
03-08 15:13:43.721 27281 27281 I Finsky:background: [2] krm.i(82): Process created at version: 39.9.31-31 [0] [PR] 610866660
03-08 15:13:43.723  1244  3899 I vendor.qti.bluetooth@1.0-ibs_handler: ProcessIbsCmd: Received IBS_WAKE_IND: 0xFD
03-08 15:13:43.724  1244  3899 D vendor.qti.bluetooth@1.0-ibs_handler: SerialClockVote: vote for UART CLK ON
03-08 15:13:43.724  1244  3899 I vendor.qti.bluetooth@1.0-ibs_handler: ProcessIbsCmd: Writing IBS_WAKE_ACK
03-08 15:13:43.731  1472  2020 I libprocessgroup: Successfully killed process cgroup uid 10076 pid 27040 in 0ms
03-08 15:13:43.732  1180  1180 I Zygote  : Process 27040 exited due to signal 9 (Killed)
03-08 15:13:43.737 27281 27281 I Finsky:background: [2] agsk.bB(289): Finished reading experiment flags from file [0tGUNCGIkbk4o6-fQ335kUYSKwVj4lusnHT-A5Dsy08] numFlags=1597.
03-08 15:13:43.748 27300 27300 I droid.daemonapp: Using CollectorTypeCC GC.
03-08 15:13:43.748 27146 27283 I Finsky  : [507] qno.a(65): Installer: Checking for orphaned groups
03-08 15:13:43.751 27146 27221 I Finsky  : [481] kkm.apply(1379): AIM: Got app ownership map. App counts: . Unique apps: 0
03-08 15:13:43.753 30985 30990 I adbd    : jdwp connection from 27300
03-08 15:13:43.756 27281 27281 I Finsky:background: [2] agsk.bB(289): Finished reading experiment flags from file [zyior8vm0xYjTnbjBqbmVQgHO51tT_LlAmkwu91Lf94] numFlags=1914.
03-08 15:13:43.758 27300 27300 D ActivityThread: setConscryptValidator
03-08 15:13:43.758 27300 27300 D ActivityThread: setConscryptValidator - put
03-08 15:13:43.761 27146 27282 I Finsky  : [506] tkq.y(6): getDownloads()
03-08 15:13:43.764 27281 27281 D CompatibilityChangeReporter: Compat change id reported: 183155436; UID 10233; state: ENABLED
03-08 15:13:43.767  1244  3899 I vendor.qti.bluetooth@1.0-ibs_handler: ProcessIbsCmd: Received IBS_SLEEP_IND: 0xFE
03-08 15:13:43.767  1244  3899 D vendor.qti.bluetooth@1.0-ibs_handler: SerialClockVote: vote for UART CLK OFF
03-08 15:13:43.770 27300 27300 D CompatibilityChangeReporter: Compat change id reported: 171979766; UID 10188; state: ENABLED
03-08 15:13:43.774 27281 27281 I Finsky:background: [2] agsk.bB(289): Finished reading experiment flags from file [pgOEtUAtpWQ-OHmjyOD8NsXSCAcV8C3b5Y3WTF8QUWI] numFlags=1913.
03-08 15:13:43.778   603   603 I lmkd    : cached 3, sandbox(not0) 0
03-08 15:13:43.781 27281 27281 I Finsky:background: [2] xev.<init>(69): xeo - Registering in memory receiver for android.intent.action.PACKAGE_ADDED and android.intent.action.PACKAGE_REMOVED
03-08 15:13:43.784 27281 27281 I Finsky:background: [2] uuk.onTrimMemory(13): Memory trim requested to level 5
03-08 15:13:43.786 27281 27281 I Finsky:background: [2] jzz.j(307): This process start was not selected for Play memory metrics collection.
03-08 15:13:43.789   603   603 I lmkd    : cached 3, sandbox(not0) 0
03-08 15:13:43.795   603   603 I lmkd    : cached 3, sandbox(not0) 0
03-08 15:13:43.797 27281 27281 I Finsky:background: [2] uuk.onTrimMemory(13): Memory trim requested to level 40
03-08 15:13:43.798 27146 27204 I Finsky  : [468] kmj.a(206): AIM: AppInfoManager-Perf > ItemModel > CacheSize=170, cacheHitCount=0, cacheMissCount=0, total appsWithNoServerDataCount=7. Missed  in cache (limit 10) : []
03-08 15:13:43.802   603   603 I lmkd    : cached 3, sandbox(not0) 0
03-08 15:13:43.804 27146 27204 I Finsky  : [468] joq.accept(158): AIM: AppInfoManager-Perf > getApps > data collection finished
03-08 15:13:43.804 27146 27204 I Finsky  : [468] jzy.run(673): AIM: AppInfoManager-Perf > maybeDestroyAppInfoManager is called. actives = 0
03-08 15:13:43.814 27281 27335 I Finsky:background: [459] ohp.i(6): getDownloads()
03-08 15:13:43.814   603   603 I lmkd    : cached 3, sandbox(not0) 0
03-08 15:13:43.816  7315 25653 I Fitness : (REDACTED) OnPackageChangedOperation got intent: %s
03-08 15:13:43.824 26361 26361 I ViewInteraction: Checking 'MatchesViewAssertion{viewMatcher=(view has effective visibility <VISIBLE> and view.getGlobalVisibleRect() to return non-empty rectangle)}' assertion on view view.getId() is <2131230795/com.example.cmput301w24t33:id/admin_activity>
03-08 15:13:43.825   603   603 I lmkd    : cached 3, sandbox(not0) 0
03-08 15:13:43.826  1472  1877 I GestureDetector: handleMessage TAP
03-08 15:13:43.826  1472  1472 I GestureDetector: handleMessage TAP
03-08 15:13:43.828  1180  1180 D Zygote  : Forked child process 27340
03-08 15:13:43.833  1472  1882 I ChimeraSystemEventListener: appLaunchIntent package name is: com.example.cmput301w24t33.test
03-08 15:13:43.833   603   603 I lmkd    : cached 3, sandbox(not0) 0
03-08 15:13:43.834  1472  3404 I SemDvfsHyPerManager: acquire hyper - AMS_APP_SWITCH/1472@18, type = -999
03-08 15:13:43.835  1257  1326 I HYPER-HAL: [RequestManager.cpp]acquire(): Acquired ID : 1110813  [1472 / 18]    HINT : AMS_APP_SWITCH    list :
03-08 15:13:43.835  1327  2296 I SurfaceFlinger: id=35408 createSurf, flag=24004, Task=3069#35408
03-08 15:13:43.835  1257  1326 I HYPER-HAL: [ResourceManager.cpp]updateResource(): [CPULittleMinFreq] UpdateResource Request ID : 1110813    Value : 1804800
03-08 15:13:43.839  7315 25653 I Fitness : (REDACTED) FitCleanupIntentOperation received Intent %s
03-08 15:13:43.838  5044  5044 I SemDvfsHyPerManager: acquire hyper - APP_START_SHORT/5044@12, type = -999
03-08 15:13:43.840  1327  1414 I SurfaceFlinger: id=35409 createSurf, flag=80004, ActivityRecord{eb5d83a u0 com.example.cmput301w24t33.test/androidx.test.core.app.InstrumentationActivityInvoker$EmptyActivity} t3069}#35409
03-08 15:13:43.844   603   603 I lmkd    : cached 3, sandbox(not0) 0
03-08 15:13:43.853  2578  2664 D NativeCustomFrequencyManager: [NativeCFMS] BpCustomFrequencyManager::BpCustomFrequencyManager()
03-08 15:13:43.854  1537  2198 I CameraService: onUidStateChanged: uid=10052, procState is changed. (0 -> 1)
03-08 15:13:43.855  1472  5160 I SemDvfsHyPerManager: acquire hyper - AMS_APP_LAUNCH/1472@15, type = -999
03-08 15:13:43.855   603   603 I lmkd    : cached 3, sandbox(not0) 0
03-08 15:13:43.856  5044  5044 I SemDvfsHyPerManager: acquire hyper - APP_START/5044@14, type = -999
03-08 15:13:43.859  1472  5160 D InputTransport: Input channel constructed: '42fc76f', fd=743
03-08 15:13:43.859  1472  5160 D InputTransport: Input channel constructed: '42fc76f', fd=756
03-08 15:13:43.859  3258  3258 I TopTaskTracker: onTaskMovedToFront : taskId = 3069
03-08 15:13:43.859  1472  5160 D InputTransport: Input channel constructed: '42fc76f', fd=759
03-08 15:13:43.860  1327  1414 I SurfaceFlinger: id=35410 createSurf, flag=80004, 42fc76f Splash Screen com.example.cmput301w24t33.test#35410
03-08 15:13:43.860  1257  1326 I HYPER-HAL: [ResourceManager.cpp]updateResource(): [CPUMinFreq] UpdateResource Request ID : 1110813    Value : 2208000
03-08 15:13:43.861  1257  1326 I HYPER-HAL: [RequestManager.cpp]acquire(): Acquired ID : 12784108  [5044 / 12]    HINT : APP_START    list : [TIMEOUT / 1500]
03-08 15:13:43.861  1257  1326 I HYPER-HAL: [ResourceManager.cpp]updateResource(): [CPUMaxFreq] UpdateResource Request ID : 12784108    Value : 2208000
03-08 15:13:43.861  1257  1326 I HYPER-HAL: [RequestManager.cpp]acquire(): Acquired ID : 1106343  [1472 / 15]    HINT : AMS_APP_LAUNCH    list :
03-08 15:13:43.861  1257  1326 I HYPER-HAL: [ResourceManager.cpp]updateResource(): [CPULittleMinFreq] UpdateResource Request ID : 1106343    Value : 1804800
03-08 15:13:43.861  1257  1326 I HYPER-HAL: [ResourceManager.cpp]updateResource(): [CPUMinFreq] UpdateResource Request ID : 1106343    Value : 2208000
03-08 15:13:43.861  1257  1326 I HYPER-HAL: [RequestManager.cpp]acquire(): Acquired ID : 12794225  [5044 / 14]    HINT : APP_START    list :
03-08 15:13:43.861  1257  1326 I HYPER-HAL: [ResourceManager.cpp]updateResource(): [CPUMaxFreq] UpdateResource Request ID : 12794225    Value : 2208000
03-08 15:13:43.866   603   603 I lmkd    : cached 3, sandbox(not0) 0
03-08 15:13:43.867 26361 26361 D LifecycleMonitor: Lifecycle status change: com.example.cmput301w24t33.activities.AdminActivity@e03c4f0 in: PAUSED
03-08 15:13:43.867 26361 26361 V ActivityScenario: Update currentActivityStage to PAUSED, currentActivity=com.example.cmput301w24t33.activities.AdminActivity@e03c4f0
03-08 15:13:43.871  1472  3440 I AS.AudioService: uid:10333is using audio
03-08 15:13:43.874 27340 27340 I oid.samsungpass: Using CollectorTypeCC GC.
03-08 15:13:43.875   603   603 I lmkd    : cached 3, sandbox(not0) 0
03-08 15:13:43.877  1472  5160 D InputTransport: Input channel destroyed: '42fc76f', fd=759
03-08 15:13:43.877   603   603 I lmkd    : Reclaim 'com.samsung.android.sm.devicesecurity' (27078), uid 5012, oom_score_adj 935, state 19 to free 78728kB rss, 24844kb swap
03-08 15:13:43.878   603   603 I lmkd    : Reclaimed 103572kB at oom_score_adj 850
03-08 15:13:43.878   603   603 I lmkd    : Suppressed 10 failed kill reports
03-08 15:13:43.878  2578  2656 D InsetsController: onStateChanged: InsetsState: {mDisplayFrame=Rect(0, 0 - 1080, 2400), mDisplayCutout=DisplayCutout{insets=Rect(0, 91 - 0, 0) waterfall=Insets{left=0, top=0, right=0, bottom=0} boundingRect={Bounds=[Rect(0, 0 - 0, 0), Rect(503, 0 - 577, 91), Rect(0, 0 - 0, 0), Rect(0, 0 - 0, 0)]} cutoutPathParserInfo={CutoutPathParserInfo{displayWidth=1080 displayHeight=2400 physicalDisplayWidth=1080 physicalDisplayHeight=2400 density={2.625} cutoutSpec={M 0,0 H -14.0952380952381 V 34.66666666666667 H 14.0952380952381 V 0 H 0 Z @dp} rotation={0} scale={1.0} physicalPixelDisplaySizeRatio={1.0}}}}, mRoundedCorners=RoundedCorners{[RoundedCorner{position=TopLeft, radius=84, center=Point(84, 84)}, RoundedCorner{position=TopRight, radius=84, center=Point(996, 84)}, RoundedCorner{position=BottomRight, radius=84, center=Point(996, 2316)}, RoundedCorner{position=BottomLeft, radius=84, center=Point(84, 2316)}]}  mRoundedCornerFrame=Rect(0, 0 - 1080, 2400), mPrivacyIndicatorBounds=PrivacyIndicatorBounds {static bounds=Rect(964, 0 - 1080, 91) rotation=0}, mSources= { InsetsSource: {mType=ITYPE_STATUS_BAR, mFrame=[0,0][1080,91], mVisible=true, mInsetsRoundedCornerFrame=false}, InsetsSource: {mType=ITYPE_NAVIGATION_BAR, mFrame=[0,2274][1080,2400], mVisible=true, mInsetsRoundedCornerFrame=false}, InsetsSource: {mType=ITYPE_LEFT_GESTURES, mFrame=[0,0][0,2400], mVisible=true, mInsetsRoundedCornerFrame=false}, InsetsSource: {mType=ITYPE_RIGHT_GESTURES, mFrame=[1080,0][1080,2400], mVisible=true, mInsetsRoundedCornerFrame=false}, InsetsSource: {mType=ITYPE_TOP_MANDATORY_GESTURES, mFrame=[0,0][1080,123], mVisible=true, mInsetsRoundedCornerFrame=false}, InsetsSource: {mType=ITYPE_BOTTOM_MANDATORY_GESTURES, mFrame=[0,2274][1080,2400], mVisible=true, mInsetsRoundedCornerFrame=false}, InsetsSource: {mType=ITYPE_LEFT_DISPLAY_CUTOUT, mFrame=[0,0][-100000,2400], mVisible=true, mInsetsRoundedCornerFrame=false}, InsetsSource: {mType=ITYPE_TOP_DISPLAY_CUTOUT, mFrame=[0,0][1080,91], mVisible=true, mInsetsRoundedCornerFrame=false}, InsetsSource: {mType=ITYPE_RIGHT_DISPLAY_CUTOUT, mFrame=[100000,0][1080,2400], mVisible=true, mInsetsRoundedCornerFrame=false}, InsetsSource: {mType=ITYPE_BOTTOM_DISPLAY_CUTOUT, mFrame=[0,100000][1080,2400], mVisible=true, mInsetsRoundedCornerFrame=false}, InsetsSource: {mType=ITYPE_TOP_TAPPABLE_ELEMENT, mFrame=[0,0][1080,91], mVisible=true, mInsetsRoundedCornerFrame=false}, InsetsSource: {mType=ITYPE_BOTTOM_TAPPABLE_ELEMENT, mFrame=[0,2274][1080,2400], mVisible=true, mInsetsRoundedCornerFrame=false} } host=Splash Screen com.example.cmput301w24t33.test from=android.view.ViewRootImpl.setView:1732
03-08 15:13:43.880  2578  2656 I ViewRootImpl@5f8d9e1[test]: setView = android.widget.FrameLayout@948331d TM=true
03-08 15:13:43.882  2578  2656 I ViewRootImpl@5f8d9e1[test]: performTraversals params={(0,0)(fillxfill) sim={adjust=pan} ty=APPLICATION_STARTING fmt=TRANSLUCENT
03-08 15:13:43.882  2578  2656 I ViewRootImpl@5f8d9e1[test]:   fl=81030118
03-08 15:13:43.882  2578  2656 I ViewRootImpl@5f8d9e1[test]:   pfl=16000010
03-08 15:13:43.882  2578  2656 I ViewRootImpl@5f8d9e1[test]:   apr=LIGHT_STATUS_BARS LIGHT_NAVIGATION_BARS
03-08 15:13:43.882  2578  2656 I ViewRootImpl@5f8d9e1[test]:   bhv=DEFAULT
03-08 15:13:43.882  2578  2656 I ViewRootImpl@5f8d9e1[test]:   fitSides= naviIconColor=0}
03-08 15:13:43.882  2578  2656 I ViewRootImpl@5f8d9e1[test]: performTraversals mFirst=true windowShouldResize=true viewVisibilityChanged=false mForceNextWindowRelayout=false params={(0,0)(fillxfill) sim={adjust=pan} ty=APPLICATION_STARTING fmt=TRANSLUCENT
03-08 15:13:43.882  2578  2656 I ViewRootImpl@5f8d9e1[test]:   fl=81030118
03-08 15:13:43.882  2578  2656 I ViewRootImpl@5f8d9e1[test]:   pfl=16000010
03-08 15:13:43.882  2578  2656 I ViewRootImpl@5f8d9e1[test]:   apr=LIGHT_STATUS_BARS LIGHT_NAVIGATION_BARS
03-08 15:13:43.882  2578  2656 I ViewRootImpl@5f8d9e1[test]:   bhv=DEFAULT
03-08 15:13:43.882  2578  2656 I ViewRootImpl@5f8d9e1[test]:   fitSides= naviIconColor=0}
03-08 15:13:43.883  1472  5160 V WindowManager: Relayout Window{42fc76f u0 Splash Screen com.example.cmput301w24t33.test}: viewVisibility=0 req=1080x2400 d0
03-08 15:13:43.883  1327  2296 I SurfaceFlinger: id=35411 createSurf, flag=40004, Splash Screen com.example.cmput301w24t33.test$_2578#35411
03-08 15:13:43.884 27340 27340 E oid.samsungpass: Not starting debugger since process cannot load the jdwp agent.
03-08 15:13:43.885 27851 22524 I Icing   : Indexing com.google.android.gms-apps from com.google.android.gms
03-08 15:13:43.888 27851 22524 I Icing   : Indexing done com.google.android.gms-apps
03-08 15:13:43.888  1472  2440 D TrafficStats: tagSocket(715) with statsTag=0xffffffff, statsUid=-1
03-08 15:13:43.890  1472  5160 V WindowManager: Relayout hash=42fc76f, pid=2578, syncId=-1: mAttrs={(0,0)(fillxfill) sim={adjust=pan} ty=APPLICATION_STARTING fmt=TRANSLUCENT
03-08 15:13:43.890  1472  5160 V WindowManager:   fl=81030118
03-08 15:13:43.890  1472  5160 V WindowManager:   pfl=16000010
03-08 15:13:43.890  1472  5160 V WindowManager:   apr=LIGHT_STATUS_BARS LIGHT_NAVIGATION_BARS
03-08 15:13:43.890  1472  5160 V WindowManager:   bhv=DEFAULT
03-08 15:13:43.890  1472  5160 V WindowManager:   fitSides= naviIconColor=0}
03-08 15:13:43.890 27340 27340 D ActivityThread: setConscryptValidator
03-08 15:13:43.890 27340 27340 D ActivityThread: setConscryptValidator - put
03-08 15:13:43.892  2578  2656 D InsetsController: onStateChanged: InsetsState: {mDisplayFrame=Rect(0, 0 - 1080, 2400), mDisplayCutout=DisplayCutout{insets=Rect(0, 91 - 0, 0) waterfall=Insets{left=0, top=0, right=0, bottom=0} boundingRect={Bounds=[Rect(0, 0 - 0, 0), Rect(503, 0 - 577, 91), Rect(0, 0 - 0, 0), Rect(0, 0 - 0, 0)]} cutoutPathParserInfo={CutoutPathParserInfo{displayWidth=1080 displayHeight=2400 physicalDisplayWidth=1080 physicalDisplayHeight=2400 density={2.625} cutoutSpec={M 0,0 H -14.0952380952381 V 34.66666666666667 H 14.0952380952381 V 0 H 0 Z @dp} rotation={0} scale={1.0} physicalPixelDisplaySizeRatio={1.0}}}}, mRoundedCorners=RoundedCorners{[RoundedCorner{position=TopLeft, radius=84, center=Point(84, 84)}, RoundedCorner{position=TopRight, radius=84, center=Point(996, 84)}, RoundedCorner{position=BottomRight, radius=84, center=Point(996, 2316)}, RoundedCorner{position=BottomLeft, radius=84, center=Point(84, 2316)}]}  mRoundedCornerFrame=Rect(0, 0 - 1080, 2400), mPrivacyIndicatorBounds=PrivacyIndicatorBounds {static bounds=Rect(964, 0 - 1080, 91) rotation=0}, mSources= { InsetsSource: {mType=ITYPE_STATUS_BAR, mFrame=[0,0][1080,91], mVisible=true, mInsetsRoundedCornerFrame=false}, InsetsSource: {mType=ITYPE_NAVIGATION_BAR, mFrame=[0,2274][1080,2400], mVisible=true, mInsetsRoundedCornerFrame=false}, InsetsSource: {mType=ITYPE_LEFT_GESTURES, mFrame=[0,0][0,2400], mVisible=true, mInsetsRoundedCornerFrame=false}, InsetsSource: {mType=ITYPE_RIGHT_GESTURES, mFrame=[1080,0][1080,2400], mVisible=true, mInsetsRoundedCornerFrame=false}, InsetsSource: {mType=ITYPE_TOP_MANDATORY_GESTURES, mFrame=[0,0][1080,123], mVisible=true, mInsetsRoundedCornerFrame=false}, InsetsSource: {mType=ITYPE_BOTTOM_MANDATORY_GESTURES, mFrame=[0,2274][1080,2400], mVisible=true, mInsetsRoundedCornerFrame=false}, InsetsSource: {mType=ITYPE_LEFT_DISPLAY_CUTOUT, mFrame=[0,0][-100000,2400], mVisible=true, mInsetsRoundedCornerFrame=false}, InsetsSource: {mType=ITYPE_TOP_DISPLAY_CUTOUT, mFrame=[0,0][1080,91], mVisible=true, mInsetsRoundedCornerFrame=false}, InsetsSource: {mType=ITYPE_RIGHT_DISPLAY_CUTOUT, mFrame=[100000,0][1080,2400], mVisible=true, mInsetsRoundedCornerFrame=false}, InsetsSource: {mType=ITYPE_BOTTOM_DISPLAY_CUTOUT, mFrame=[0,100000][1080,2400], mVisible=true, mInsetsRoundedCornerFrame=false}, InsetsSource: {mType=ITYPE_TOP_TAPPABLE_ELEMENT, mFrame=[0,0][1080,91], mVisible=true, mInsetsRoundedCornerFrame=false}, InsetsSource: {mType=ITYPE_BOTTOM_TAPPABLE_ELEMENT, mFrame=[0,2274][1080,2400], mVisible=true, mInsetsRoundedCornerFrame=false}, InsetsSource: {mType=ITYPE_IME, mFrame=[0,0][0,0], mVisibleFrame=[0,1409][1080,2400], mVisible=false, mInsetsRoundedCornerFrame=false} } host=Splash Screen com.example.cmput301w24t33.test from=android.view.ViewRootImpl.relayoutWindow:9802
03-08 15:13:43.893  1472  2619 D InputDispatcher: Focus left window (0): 1f82d5b com.example.cmput301w24t33/com.example.cmput301w24t33.activities.AdminActivity
03-08 15:13:43.893  2578  2656 I ViewRootImpl@5f8d9e1[test]: updateBlastSurfaceIfNeeded mBlastBufferQueue=null isSameSurfaceControl=false
03-08 15:13:43.894 26361 26361 I ViewRootImpl@349359b[Admin]: MSG_WINDOW_FOCUS_CHANGED 0 0
03-08 15:13:43.895  2578  2656 I BLASTBufferQueue: new BLASTBufferQueue, mName= ViewRootImpl@5f8d9e1[test] mNativeObject= 0xb400007c52070b00 sc.mNativeObject= 0xb400007c52ea3520 caller= android.view.ViewRootImpl.updateBlastSurfaceIfNeeded:2909 android.view.ViewRootImpl.relayoutWindow:9847 android.view.ViewRootImpl.performTraversals:3884 android.view.ViewRootImpl.doTraversal:3116 android.view.ViewRootImpl$TraversalRunnable.run:10885 android.view.Choreographer$CallbackRecord.run:1301 android.view.Choreographer$CallbackRecord.run:1309 android.view.Choreographer.doCallbacks:923 android.view.Choreographer.doFrame:852 android.view.Choreographer$FrameDisplayEventReceiver.run:1283
03-08 15:13:43.895  2578  2656 I BLASTBufferQueue: update, w= 1080 h= 2400 mName = ViewRootImpl@5f8d9e1[test] mNativeObject= 0xb400007c52070b00 sc.mNativeObject= 0xb400007c52ea3520 format= -3 caller= android.graphics.BLASTBufferQueue.<init>:84 android.view.ViewRootImpl.updateBlastSurfaceIfNeeded:2909 android.view.ViewRootImpl.relayoutWindow:9847 android.view.ViewRootImpl.performTraversals:3884 android.view.ViewRootImpl.doTraversal:3116 android.view.ViewRootImpl$TraversalRunnable.run:10885
03-08 15:13:43.896  2578  2656 I ViewRootImpl@5f8d9e1[test]: Relayout returned: old=(0,0,1080,2400) new=(0,0,1080,2400) req=(1080,2400)0 dur=11 res=0x3 s={true 0xb400007c529ac000} ch=true seqId=0
03-08 15:13:43.896  1180  1180 D Zygote  : Forked child process 27373
03-08 15:13:43.896  2578  2656 I ViewRootImpl@5f8d9e1[test]: mThreadedRenderer.initialize() mSurface={isValid=true 0xb400007c529ac000} hwInitialized=true
03-08 15:13:43.897  2578  2664 D OpenGLRenderer: eglCreateWindowSurface
03-08 15:13:43.898  2578  2656 I ViewRootImpl@5f8d9e1[test]: reportNextDraw android.view.ViewRootImpl.performTraversals:4438 android.view.ViewRootImpl.doTraversal:3116 android.view.ViewRootImpl$TraversalRunnable.run:10885 android.view.Choreographer$CallbackRecord.run:1301 android.view.Choreographer$CallbackRecord.run:1309
03-08 15:13:43.898  2578  2656 I ViewRootImpl@5f8d9e1[test]: Setup new sync id=0
03-08 15:13:43.898  2578  2656 I ViewRootImpl@5f8d9e1[test]: Setting syncFrameCallback
03-08 15:13:43.898  2578  2656 I ViewRootImpl@5f8d9e1[test]: registerCallbacksForSync syncBuffer=false
03-08 15:13:43.899  2578  2712 I ViewRootImpl@5f8d9e1[test]: Received frameDrawingCallback syncResult=0 frameNum=1.
03-08 15:13:43.899  2578  2712 I ViewRootImpl@5f8d9e1[test]: Setting up sync and frameCommitCallback
03-08 15:13:43.903  2578  2664 I BLASTBufferQueue: [ViewRootImpl@5f8d9e1[test]#940](f:0,a:0) onFrameAvailable the first frame is available
03-08 15:13:43.904  2578  2664 I ViewRootImpl@5f8d9e1[test]: Received frameCommittedCallback lastAttemptedDrawFrameNum=1 didProduceBuffer=true
03-08 15:13:43.904  2578  2664 D OpenGLRenderer: CFMS:: SetUp Pid : 2578    Tid : 2664
03-08 15:13:43.904  2578  2664 W Parcel  : Expecting binder but got null!
03-08 15:13:43.905  2578  2656 I ViewRootImpl@5f8d9e1[test]: onSyncComplete
03-08 15:13:43.905  2578  2656 I ViewRootImpl@5f8d9e1[test]: setupSync seqId=0 mSyncId=0 fn=1 caller=android.view.ViewRootImpl$$ExternalSyntheticLambda11.accept:6 android.window.SurfaceSyncer.lambda$setupSync$1$android-window-SurfaceSyncer:128 android.window.SurfaceSyncer$$ExternalSyntheticLambda1.accept:8 android.window.SurfaceSyncer$SyncSet.checkIfSyncIsComplete:382 android.window.SurfaceSyncer$SyncSet.markSyncReady:359 android.window.SurfaceSyncer.markSyncReady:151 android.view.ViewRootImpl.performTraversals:4503
03-08 15:13:43.905  2578  2656 I ViewRootImpl@5f8d9e1[test]: reportDrawFinished seqId=0 mSyncId=-1 fn=1 mSurfaceChangedTransaction=0xb400007c662e3c00
03-08 15:13:43.911 26361 26361 I ViewRootImpl@349359b[Admin]: handleAppVisibility mAppVisible = true visible = false
03-08 15:13:43.914  1472  2020 I libprocessgroup: Successfully killed process cgroup uid 5012 pid 27078 in 0ms
03-08 15:13:43.915 27340 27340 D CompatibilityChangeReporter: Compat change id reported: 171979766; UID 10112; state: ENABLED
03-08 15:13:43.915   603   603 I lmkd    : cached 3, sandbox(not0) 0
03-08 15:13:43.916  1180  1180 I Zygote  : Process 27078 exited due to signal 9 (Killed)
03-08 15:13:43.917 27281 27343 D ConnectivityManager: StackLog: [android.net.ConnectivityManager.sendRequestForNetwork(ConnectivityManager.java:4359)] [android.net.ConnectivityManager.registerDefaultNetworkCallbackForUid(ConnectivityManager.java:4923)] [android.net.ConnectivityManager.registerDefaultNetworkCallback(ConnectivityManager.java:4890)] [android.net.ConnectivityManager.registerDefaultNetworkCallback(ConnectivityManager.java:4864)] [olk.a(PG:9)] [lhu.d(PG:118)] [lhu.b(PG:2899)] [azth.b(PG:14)] [aztg.b(PG:5)] [azth.b(PG:14)] [mvd.a(PG:444)] [aruz.d(PG:3)] [arvb.run(PG:42)] [java.util.concurrent.ThreadPoolExecutor.runWorker(ThreadPoolExecutor.java:1145)] [java.util.concurrent.ThreadPoolExecutor$Worker.run(ThreadPoolExecutor.java:644)] [opv.run(PG:202)] [java.lang.Thread.run(Thread.java:1012)]
03-08 15:13:43.918  1244  3730 D vendor.qti.bluetooth@1.0-wake_lock: Release wakelock is released
03-08 15:13:43.919  1327  1327 I Layer   : id=35412 Destroyed Screenshot Parent#35412
03-08 15:13:43.919  1472  2686 D ConnectivityService: requestNetwork for uid/pid:10233/27281 activeRequest: null callbackRequest: 7870 [NetworkRequest [ REQUEST id=7871, [ Capabilities: INTERNET&NOT_RESTRICTED&TRUSTED&NOT_VCN_MANAGED Uid: 10233 RequestorUid: 10233 RequestorPkg: com.android.vending UnderlyingNetworks: Null] ]] callback flags: 0 order: 2147483647
03-08 15:13:43.920  1472  2376 D ConnectivityService:    accepting network in place of null
03-08 15:13:43.921  1472  2366 D WifiNetworkFactory: got request NetworkRequest [ REQUEST id=7871, [ Capabilities: INTERNET&NOT_RESTRICTED&TRUSTED&NOT_VCN_MANAGED Uid: 10233 RequestorUid: 10233 RequestorPkg: com.android.vending UnderlyingNetworks: Null] ]
03-08 15:13:43.923  1472  2376 D ConnectivityService: Rematched networks [computed 1ms] [applied 1ms] [issued 1]
03-08 15:13:43.924  1472  2376 D ConnectivityService: NetworkReassignment :
03-08 15:13:43.924  1472  2376 D ConnectivityService:   7871 : null → 162
03-08 15:13:43.924  1472  2366 D UntrustedWifiNetworkFactory: got request NetworkRequest [ REQUEST id=7871, [ Capabilities: INTERNET&NOT_RESTRICTED&TRUSTED&NOT_VCN_MANAGED Uid: 10233 RequestorUid: 10233 RequestorPkg: com.android.vending UnderlyingNetworks: Null] ]
03-08 15:13:43.924  1472  2366 D OemPaidWifiNetworkFactory: got request NetworkRequest [ REQUEST id=7871, [ Capabilities: INTERNET&NOT_RESTRICTED&TRUSTED&NOT_VCN_MANAGED Uid: 10233 RequestorUid: 10233 RequestorPkg: com.android.vending UnderlyingNetworks: Null] ]
03-08 15:13:43.924  1472  2366 D MultiInternetWifiNetworkFactory: got request NetworkRequest [ REQUEST id=7871, [ Capabilities: INTERNET&NOT_RESTRICTED&TRUSTED&NOT_VCN_MANAGED Uid: 10233 RequestorUid: 10233 RequestorPkg: com.android.vending UnderlyingNetworks: Null] ]
03-08 15:13:43.925 27373 27373 I t301w24t33.test: Late-enabling -Xcheck:jni
03-08 15:13:43.926   603   603 I lmkd    : cached 3, sandbox(not0) 0
03-08 15:13:43.928  1327  1414 I SurfaceFlinger: id=35413 createSurf, flag=80000, 59d3365 ActivityRecordInputSink com.example.cmput301w24t33.test/androidx.test.core.app.InstrumentationActivityInvoker$EmptyActivity#35413
03-08 15:13:43.934 26361 26463 D OpenGLRenderer: setSurface called with nullptr
03-08 15:13:43.934 26361 26463 D OpenGLRenderer: setSurface() destroyed EGLSurface
03-08 15:13:43.934 26361 26463 D OpenGLRenderer: destroyEglSurface
03-08 15:13:43.936  7315  7326 I .gms.persistent: Background young concurrent copying GC freed 349106(15MB) AllocSpace objects, 3(124KB) LOS objects, 34% free, 29MB/45MB, paused 188us,89us total 117.791ms
03-08 15:13:43.937 26361 26361 I ViewRootImpl@349359b[Admin]: performTraversals mFirst=false windowShouldResize=false viewVisibilityChanged=true mForceNextWindowRelayout=false params=null
03-08 15:13:43.937   603   603 I lmkd    : cached 3, sandbox(not0) 0
03-08 15:13:43.939  1472  5162 V WindowManager: Relayout Window{1f82d5b u0 com.example.cmput301w24t33/com.example.cmput301w24t33.activities.AdminActivity}: viewVisibility=8 req=1080x2400 d0
03-08 15:13:43.941  1327  1327 I Layer   : Layer [Splash Screen com.example.cmput301w24t33.test$_2578#35411] hidden!! flag(0)
03-08 15:13:43.941  1327  1327 I Layer   : Layer [com.example.cmput301w24t33/com.example.cmput301w24t33.activities.AdminActivity$_26361#35402] hidden!! flag(1)
03-08 15:13:43.946  1472  5162 V WindowManager: Relayout hash=1f82d5b, pid=26361, syncId=-1: mAttrs={(0,0)(fillxfill) sim={adjust=resize} ty=BASE_APPLICATION wanim=0x1030309
03-08 15:13:43.946  1472  5162 V WindowManager:   fl=81810100
03-08 15:13:43.946  1472  5162 V WindowManager:   pfl=12020040
03-08 15:13:43.946  1472  5162 V WindowManager:   apr=LIGHT_NAVIGATION_BARS
03-08 15:13:43.946  1472  5162 V WindowManager:   bhv=DEFAULT
03-08 15:13:43.946  1472  5162 V WindowManager:   fitSides= naviIconColor=0
