03-08 15:13:44.319 26361 26459 I TestRunner: started: testProfileAttendee(com.example.cmput301w24t33.AttendeeUITest)
03-08 15:13:44.322  5242  5242 I Utils   : isCurrentUser current = 0, ownerId = 0
03-08 15:13:44.322  1327  1413 I SurfaceFlinger: id=35393 Removed 18a5c24 ActivityRecordInputSink com.example.cmput301w24t33/.activities.Admin#35393 (138)
03-08 15:13:44.322  5242  5242 I TrayVisibilityController: getComputedTrayVisible : keyguardState = 1
03-08 15:13:44.322  5242  5242 I TrayVisibilityController: updateTrayVisible: State=1 visible=1 mCurrentVisible=1 specificMode=0
03-08 15:13:44.322  5242  5242 I TrayStateController: onNotifyUpdateTray: state=0
03-08 15:13:44.322  1327  2100 I SurfaceFlinger: id=35416 createSurf, flag=24004, Task=3068#35416
03-08 15:13:44.324  1472  5160 V WindowManager: Relayout Window{5f02127 u0 com.example.cmput301w24t33.test/androidx.test.core.app.InstrumentationActivityInvoker$EmptyActivity}: viewVisibility=0 req=1080x2400 d0
03-08 15:13:44.324 27340 27340 I SmpLog  : [SMP] init. D:false P:FCM_PRIMARY_MODE A:a
03-08 15:13:44.325  3258  3258 I RecentsView: onTaskRemoved() taskId : 3068
03-08 15:13:44.325  3258  3258 I TopTaskTracker: onTaskRemoved : taskId = 3068
03-08 15:13:44.325  3258  3258 I RecentsView: onTaskRemoved() taskId : 3068
03-08 15:13:44.325  3258  3258 I TopTaskTracker: onTaskRemoved : taskId = 3068
03-08 15:13:44.325  1327  2100 I SurfaceFlinger: id=35417 createSurf, flag=40004, com.example.cmput301w24t33.test/androidx.test.core.app.InstrumentationActivityInvoker$EmptyActivity$_27373#35417
03-08 15:13:44.325  1327  1327 I Layer   : id=35402 removedFromDrawingState com.example.cmput301w24t33/com.example.cmput301w24t33.activities.Admin$_26361#35402 (139)
03-08 15:13:44.325  1327  1327 I Layer   : id=35401 removedFromDrawingState 1f82d5b com.example.cmput301w24t33/com.example.cmput301w24t33.activities.Admin#35401 (140)
03-08 15:13:44.325  1327  1327 I Layer   : id=35406 removedFromDrawingState Surface(name=a2c6971 InputMethod)/@0x3034fd7 - animation-leash of insets_animation#35406 (140)
03-08 15:13:44.325  1327  1327 I SurfaceFlinger: id=35402 Removed com.example.cmput301w24t33/com.example.cmput301w24t33.activities.Admin$_26361#35402 (140)
03-08 15:13:44.325  1327  1327 I SurfaceFlinger: id=35401 Removed 1f82d5b com.example.cmput301w24t33/com.example.cmput301w24t33.activities.Admin#35401 (140)
03-08 15:13:44.326  1327  1327 I SurfaceFlinger: id=35406 Removed Surface(name=a2c6971 InputMethod)/@0x3034fd7 - animation-leash of insets_animation#35406 (140)
03-08 15:13:44.326  1327  1327 I Layer   : id=35379 Destroyed Surface(name=a2c6971 InputMethod)/@0x3034fd7 - animation-leash of insets_animation#35379
03-08 15:13:44.326  1327  1327 I Layer   : id=35401 Destroyed 1f82d5b com.example.cmput301w24t33/com.example.cmput301w24t33.activities.Admin#35401
03-08 15:13:44.326  1327  1327 I Layer   : id=35402 Destroyed com.example.cmput301w24t33/com.example.cmput301w24t33.activities.Admin$_26361#35402
03-08 15:13:44.327  1327  1327 I Layer   : id=35406 Destroyed Surface(name=a2c6971 InputMethod)/@0x3034fd7 - animation-leash of insets_animation#35406
03-08 15:13:44.329 26361 26459 W Settings: Setting always_finish_activities has moved from android.provider.Settings.System to android.provider.Settings.Global, returning read-only value.
03-08 15:13:44.331 27340 27340 I [AUTHFW][PSDK]PassOperation: initialize
03-08 15:13:44.331 27340 27340 I [AUTHFW][PSDK]PassServiceConnection: bindService
03-08 15:13:44.331  1327  2100 I SurfaceFlinger: id=35418 createSurf, flag=24000, Surface(name=c9f16ce StatusBar)/@0xc28a9d9 - animation-leash of insets_animation#35418
03-08 15:13:44.333  1327  2100 I SurfaceFlinger: id=35419 createSurf, flag=24000, Surface(name=296f76f NavigationBar0)/@0x8bb6395 - animation-leash of insets_animation#35419
03-08 15:13:44.335  1472  5160 V WindowManager: Relayout hash=5f02127, pid=27373, syncId=-1: mAttrs={(0,0)(fillxfill) sim={adjust=pan forwardNavigation} ty=BASE_APPLICATION
03-08 15:13:44.335  1472  5160 V WindowManager:   fl=81810100
03-08 15:13:44.335  1472  5160 V WindowManager:   pfl=12020040
03-08 15:13:44.335  1472  5160 V WindowManager:   apr=LIGHT_NAVIGATION_BARS
03-08 15:13:44.335  1472  5160 V WindowManager:   bhv=DEFAULT
03-08 15:13:44.335  1472  5160 V WindowManager:   fitSides= naviIconColor=0
03-08 15:13:44.335  1472  5160 V WindowManager:   sfl=100000}
03-08 15:13:44.336  2578  2578 D SamsungLightBarControlHelper: onStatusBarAppearanceChanged() -  sbModeChanged:false, statusBarMode:MODE_TRANSPARENT, barState:SHADE, isKeyguardShowing:false, navbarColorManagedByIme:false, stackAppearancesChanged:true, (AppearanceRegion{LIGHT_STATUS_BARS bounds=[0,0][1080,2400]}, ), packageName:com.example.cmput301w24t33.test
03-08 15:13:44.338 27373 27373 D InsetsController: onStateChanged: InsetsState: {mDisplayFrame=Rect(0, 0 - 1080, 2400), mDisplayCutout=DisplayCutout{insets=Rect(0, 91 - 0, 0) waterfall=Insets{left=0, top=0, right=0, bottom=0} boundingRect={Bounds=[Rect(0, 0 - 0, 0), Rect(503, 0 - 577, 91), Rect(0, 0 - 0, 0), Rect(0, 0 - 0, 0)]} cutoutPathParserInfo={CutoutPathParserInfo{displayWidth=1080 displayHeight=2400 physicalDisplayWidth=1080 physicalDisplayHeight=2400 density={2.625} cutoutSpec={M 0,0 H -14.0952380952381 V 34.66666666666667 H 14.0952380952381 V 0 H 0 Z @dp} rotation={0} scale={1.0} physicalPixelDisplaySizeRatio={1.0}}}}, mRoundedCorners=RoundedCorners{[RoundedCorner{position=TopLeft, radius=84, center=Point(84, 84)}, RoundedCorner{position=TopRight, radius=84, center=Point(996, 84)}, RoundedCorner{position=BottomRight, radius=84, center=Point(996, 2316)}, RoundedCorner{position=BottomLeft, radius=84, center=Point(84, 2316)}]}  mRoundedCornerFrame=Rect(0, 0 - 1080, 2400), mPrivacyIndicatorBounds=PrivacyIndicatorBounds {static bounds=Rect(964, 0 - 1080, 91) rotation=0}, mSources= { InsetsSource: {mType=ITYPE_STATUS_BAR, mFrame=[0,0][1080,91], mVisible=true, mInsetsRoundedCornerFrame=false}, InsetsSource: {mType=ITYPE_NAVIGATION_BAR, mFrame=[0,2274][1080,2400], mVisible=true, mInsetsRoundedCornerFrame=false}, InsetsSource: {mType=ITYPE_LEFT_GESTURES, mFrame=[0,0][0,2400], mVisible=true, mInsetsRoundedCornerFrame=false}, InsetsSource: {mType=ITYPE_RIGHT_GESTURES, mFrame=[1080,0][1080,2400], mVisible=true, mInsetsRoundedCornerFrame=false}, InsetsSource: {mType=ITYPE_TOP_MANDATORY_GESTURES, mFrame=[0,0][1080,123], mVisible=true, mInsetsRoundedCornerFrame=false}, InsetsSource: {mType=ITYPE_BOTTOM_MANDATORY_GESTURES, mFrame=[0,2274][1080,2400], mVisible=true, mInsetsRoundedCornerFrame=false}, InsetsSource: {mType=ITYPE_LEFT_DISPLAY_CUTOUT, mFrame=[0,0][-100000,2400], mVisible=true, mInsetsRoundedCornerFrame=false}, InsetsSource: {mType=ITYPE_TOP_DISPLAY_CUTOUT, mFrame=[0,0][1080,91], mVisible=true, mInsetsRoundedCornerFrame=false}, InsetsSource: {mType=ITYPE_RIGHT_DISPLAY_CUTOUT, mFrame=[100000,0][1080,2400], mVisible=true, mInsetsRoundedCornerFrame=false}, InsetsSource: {mType=ITYPE_BOTTOM_DISPLAY_CUTOUT, mFrame=[0,100000][1080,2400], mVisible=true, mInsetsRoundedCornerFrame=false}, InsetsSource: {mType=ITYPE_TOP_TAPPABLE_ELEMENT, mFrame=[0,0][1080,91], mVisible=true, mInsetsRoundedCornerFrame=false}, InsetsSource: {mType=ITYPE_BOTTOM_TAPPABLE_ELEMENT, mFrame=[0,2274][1080,2400], mVisible=true, mInsetsRoundedCornerFrame=false}, InsetsSource: {mType=ITYPE_IME, mFrame=[0,0][0,0], mVisibleFrame=[0,1409][1080,2400], mVisible=false, mInsetsRoundedCornerFrame=false} } host=com.example.cmput301w24t33.test/androidx.test.core.app.InstrumentationActivityInvoker$EmptyActivity from=android.view.ViewRootImpl.relayoutWindow:9802
03-08 15:13:44.339 27300 27358 I [WEATHER]GetNewsViewMode: {[C26E2E900F356F1B3ED14494445255D2EA5F4348FF5F746D0B1773AAE006289B]}
03-08 15:13:44.340 27300 27300 I RunestoneSDK: [1.3.11]Called module : V15RunestoneStateModule -> getRunestoneState(RunestoneStateApi.kt:4)
03-08 15:13:44.342  1327  1327 I Layer   : id=35383 removedFromDrawingState ActivityRecord{7d4638d u0 com.example.cmput301w24t33/.activities.Admin} t3068}#35383 (138)
03-08 15:13:44.342  1327  1327 I Layer   : id=35393 removedFromDrawingState 18a5c24 ActivityRecordInputSink com.example.cmput301w24t33/.activities.Admin#35393 (138)
03-08 15:13:44.342  1327  1327 I Layer   : id=35382 removedFromDrawingState Task=3068#35382 (138)
03-08 15:13:44.342  1327  1327 I Layer   : id=35416 removedFromDrawingState Task=3068#35416 (138)
03-08 15:13:44.342  1327  1327 I Layer   : id=35403 removedFromDrawingState Surface(name=c9f16ce StatusBar)/@0xc28a9d9 - animation-leash of insets_animation#35403 (138)
03-08 15:13:44.342  1327  1327 I Layer   : id=35404 removedFromDrawingState Surface(name=296f76f NavigationBar0)/@0x8bb6395 - animation-leash of insets_animation#35404 (138)
03-08 15:13:44.342  1327  1327 I SurfaceFlinger: id=35403 Removed Surface(name=c9f16ce StatusBar)/@0xc28a9d9 - animation-leash of insets_animation#35403 (138)
03-08 15:13:44.342  1327  1327 I SurfaceFlinger: id=35404 Removed Surface(name=296f76f NavigationBar0)/@0x8bb6395 - animation-leash of insets_animation#35404 (138)
03-08 15:13:44.342  1327  1327 I SurfaceFlinger: id=35383 Removed ActivityRecord{7d4638d u0 com.example.cmput301w24t33/.activities.Admin} t3068}#35383 (138)
03-08 15:13:44.342  1327  1327 I SurfaceFlinger: id=35416 Removed Task=3068#35416 (138)
03-08 15:13:44.342 27373 27373 I ViewRootImpl@d7f2b6a[InstrumentationActivityInvoker$EmptyActivity]: updateBlastSurfaceIfNeeded mBlastBufferQueue=null isSameSurfaceControl=false
03-08 15:13:44.342  1327  1327 I Layer   : id=35403 Destroyed Surface(name=c9f16ce StatusBar)/@0xc28a9d9 - animation-leash of insets_animation#35403
03-08 15:13:44.342  1327  1327 I Layer   : id=35404 Destroyed Surface(name=296f76f NavigationBar0)/@0x8bb6395 - animation-leash of insets_animation#35404
03-08 15:13:44.342  1327  1327 I Layer   : id=35383 Destroyed ActivityRecord{7d4638d u0 com.example.cmput301w24t33/.activities.Admin} t3068}#35383
03-08 15:13:44.342  1327  1327 I Layer   : id=35393 Destroyed 18a5c24 ActivityRecordInputSink com.example.cmput301w24t33/.activities.Admin#35393
03-08 15:13:44.342  1327  1327 I Layer   : id=35416 Destroyed Task=3068#35416
03-08 15:13:44.343 27373 27373 E BufferQueueProducer: Unable to open libpenguin.so: dlopen failed: library "libpenguin.so" not found.
03-08 15:13:44.345  2578  2578 D SamsungLightBarControlHelper: updateStatus(BLACK icon) NumStacks:1, StatusBarMode:MODE_TRANSPARENT, lightBarBounds:[Rect(0, 0 - 1080, 2400)], StatusBarState:SHADE, packageName:com.example.cmput301w24t33.test, isWhiteKeyguardStatusBarBySettings:true
03-08 15:13:44.345 27373 27373 I BLASTBufferQueue: new BLASTBufferQueue, mName= ViewRootImpl@d7f2b6a[InstrumentationActivityInvoker$EmptyActivity] mNativeObject= 0xb400007ceb0ddc80 sc.mNativeObject= 0xb400007cdd41c3c0 caller= android.view.ViewRootImpl.updateBlastSurfaceIfNeeded:2909 android.view.ViewRootImpl.relayoutWindow:9847 android.view.ViewRootImpl.performTraversals:3884 android.view.ViewRootImpl.doTraversal:3116 android.view.ViewRootImpl$TraversalRunnable.run:10885 android.view.Choreographer$CallbackRecord.run:1301 android.view.Choreographer$CallbackRecord.run:1309 android.view.Choreographer.doCallbacks:923 android.view.Choreographer.doFrame:852 android.view.Choreographer$FrameDisplayEventReceiver.run:1283
03-08 15:13:44.345 27340 27340 I [PASS][SPASS]FrameworkUtils: isInitialized : true
03-08 15:13:44.345 27340 27340 I [PASS][SPASS]PassFramework: ISU
03-08 15:13:44.345 27340 27340 I [PASS][SPASS]FrameworkUtils: isSignedUp - true
03-08 15:13:44.346 27340 27340 I [PASS][SPASS]ServicePolicyManager: isDigitalKeyBlocked : false 33 / SM-A715W
03-08 15:13:44.346  1472  5160 D InputDispatcher: Focus request (0): 5f02127 com.example.cmput301w24t33.test/androidx.test.core.app.InstrumentationActivityInvoker$EmptyActivity but waiting because NOT_VISIBLE
03-08 15:13:44.346 27373 27373 I BLASTBufferQueue: update, w= 1080 h= 2400 mName = ViewRootImpl@d7f2b6a[InstrumentationActivityInvoker$EmptyActivity] mNativeObject= 0xb400007ceb0ddc80 sc.mNativeObject= 0xb400007cdd41c3c0 format= -1 caller= android.graphics.BLASTBufferQueue.<init>:84 android.view.ViewRootImpl.updateBlastSurfaceIfNeeded:2909 android.view.ViewRootImpl.relayoutWindow:9847 android.view.ViewRootImpl.performTraversals:3884 android.view.ViewRootImpl.doTraversal:3116 android.view.ViewRootImpl$TraversalRunnable.run:10885
03-08 15:13:44.346 27340 27340 I [PASS][SPASS]SamsungAccountHelper: SamsungAccountHelper creator !!
03-08 15:13:44.348 27373 27373 I ViewRootImpl@d7f2b6a[InstrumentationActivityInvoker$EmptyActivity]: Relayout returned: old=(0,0,1080,2400) new=(0,0,1080,2400) req=(1080,2400)0 dur=25 res=0x3 s={true 0xb400007cdd40b800} ch=true seqId=0
03-08 15:13:44.350 27373 27373 I ViewRootImpl@d7f2b6a[InstrumentationActivityInvoker$EmptyActivity]: mThreadedRenderer.initialize() mSurface={isValid=true 0xb400007cdd40b800} hwInitialized=true
03-08 15:13:44.352  1250  9148 I SDM     : HWCDisplay::GetColorModeCount: Supported color mode count = 3
03-08 15:13:44.352  1250  9148 I SDM     : HWCDisplay::GetColorModes: Color mode = 0 is supported
03-08 15:13:44.352  1250  9148 I SDM     : HWCDisplay::GetColorModes: Color mode = 7 is supported
03-08 15:13:44.352  1250  9148 I SDM     : HWCDisplay::GetColorModes: Color mode = 9 is supported
03-08 15:13:44.352 27373 27373 I ViewRootImpl@d7f2b6a[InstrumentationActivityInvoker$EmptyActivity]: reportNextDraw android.view.ViewRootImpl.performTraversals:4438 android.view.ViewRootImpl.doTraversal:3116 android.view.ViewRootImpl$TraversalRunnable.run:10885 android.view.Choreographer$CallbackRecord.run:1301 android.view.Choreographer$CallbackRecord.run:1309
03-08 15:13:44.352 27373 27373 I ViewRootImpl@d7f2b6a[InstrumentationActivityInvoker$EmptyActivity]: Setup new sync id=0
03-08 15:13:44.353 27373 27373 I ViewRootImpl@d7f2b6a[InstrumentationActivityInvoker$EmptyActivity]: Setting syncFrameCallback
03-08 15:13:44.353  1472  1882 I ChimeraSystemEventListener: appLaunchIntent package name is: com.example.cmput301w24t33
03-08 15:13:44.353 27373 27373 I ViewRootImpl@d7f2b6a[InstrumentationActivityInvoker$EmptyActivity]: registerCallbacksForSync syncBuffer=false
03-08 15:13:44.354 27373 27457 D OpenGLRenderer: eglCreateWindowSurface
03-08 15:13:44.354  2578  2594 I ndroid.systemui: NativeAlloc concurrent copying GC freed 399307(16MB) AllocSpace objects, 23(1236KB) LOS objects, 42% free, 32MB/56MB, paused 163us,115us total 426.387ms
03-08 15:13:44.356  1327  2100 I SurfaceFlinger: id=35405 Removed Surface(name=1f82d5b com.example.cmput301w24t33/com.example.cmput301w24t33.activities.Admin)/@0x75ab0c3 - animation-leash of starting_reveal#35405 (133)
03-08 15:13:44.356  1327  2296 I SurfaceFlinger: id=35394 Removed Surface(name=deb078 com.example.cmput301w24t33.test/androidx.test.core.app.InstrumentationActivityInvoker$EmptyActivity)/@0x2ed5e5 - animation-leash of starting_reveal#35394 (133)
03-08 15:13:44.356  2578  2664 D OpenGLRenderer: setSurface called with nullptr
03-08 15:13:44.357  2578  2664 D OpenGLRenderer: setSurface called with nullptr
03-08 15:13:44.358  1327  2296 I SurfaceFlinger: id=35371 Removed Surface(name=18176f7 com.example.cmput301w24t33/com.example.cmput301w24t33.activities.Admin)/@0x8f4f73 - animation-leash of starting_reveal#35371 (133)
03-08 15:13:44.358  1472  3404 I SemDvfsHyPerManager: acquire hyper - AMS_APP_SWITCH/1472@18, type = -999
03-08 15:13:44.358  2578  2664 D OpenGLRenderer: setSurface called with nullptr
03-08 15:13:44.358  1327  1327 I Layer   : id=35394 Destroyed Surface(name=deb078 com.example.cmput301w24t33.test/androidx.test.core.app.InstrumentationActivityInvoker$EmptyActivity)/@0x2ed5e5 - animation-leash of starting_reveal#35394
03-08 15:13:44.358  1327  1327 I Layer   : id=35405 Destroyed Surface(name=1f82d5b com.example.cmput301w24t33/com.example.cmput301w24t33.activities.Admin)/@0x75ab0c3 - animation-leash of starting_reveal#35405
03-08 15:13:44.358  1327  1327 I Layer   : id=35371 Destroyed Surface(name=18176f7 com.example.cmput301w24t33/com.example.cmput301w24t33.activities.Admin)/@0x8f4f73 - animation-leash of starting_reveal#35371
03-08 15:13:44.360 27340 27476 I [PASS][CMN]WalletUtil: getWalletMigrated : false
03-08 15:13:44.361 27340 27476 I [PASS][CMN]SamsungAnalyticsLog: initializeSamsungAnalytics
03-08 15:13:44.361 27340 27476 I [PASS][CMN]WalletUtil: getWalletMigrated : false
03-08 15:13:44.361  5044  5044 I SemDvfsHyPerManager: acquire hyper - APP_START_SHORT/5044@12, type = -999
03-08 15:13:44.362 27340 27476 I DIAGMON_SDK[605065]: DiagMonAgent type: 2
03-08 15:13:44.362 27340 27476 I DIAGMON_SDK[605065][p595fm8rxk] : generated SR object
03-08 15:13:44.362 27340 27476 I [PASS][SPASS]SPassApplication: AndroidThreeTen initialized
03-08 15:13:44.363  1257  1326 I HYPER-HAL: [RequestManager.cpp]acquire(): Acquired ID : 1110813  [1472 / 18]    HINT : AMS_APP_SWITCH    list :
03-08 15:13:44.363  1257  1326 I HYPER-HAL: [ResourceManager.cpp]updateResource(): [CPULittleMinFreq] UpdateResource Request ID : 1110813    Value : 1804800
03-08 15:13:44.363  1257  1326 I HYPER-HAL: [ResourceManager.cpp]updateResource(): [CPUMinFreq] UpdateResource Request ID : 1110813    Value : 2208000
03-08 15:13:44.363  1257  1326 I HYPER-HAL: [RequestManager.cpp]acquire(): Acquired ID : 12784108  [5044 / 12]    HINT : APP_START    list : [TIMEOUT / 1500]
03-08 15:13:44.363  1257  1326 I HYPER-HAL: [ResourceManager.cpp]updateResource(): [CPUMaxFreq] UpdateResource Request ID : 12784108    Value : 2208000
03-08 15:13:44.364  2578  2578 I ViewRootImpl@1c1cd0e[NotificationShade]: performTraversals mFirst=false windowShouldResize=false viewVisibilityChanged=false mForceNextWindowRelayout=false params={(0,0)(fillxfill) gr=TOP CENTER_VERTICAL sim={adjust=resize} layoutInDisplayCutoutMode=always ty=NOTIFICATION_SHADE fmt=TRANSLUCENT
03-08 15:13:44.364  2578  2578 I ViewRootImpl@1c1cd0e[NotificationShade]:   fl=81840048
03-08 15:13:44.364  2578  2578 I ViewRootImpl@1c1cd0e[NotificationShade]:   pfl=1b000000
03-08 15:13:44.364  2578  2578 I ViewRootImpl@1c1cd0e[NotificationShade]:   vsysui=2000
03-08 15:13:44.364  2578  2578 I ViewRootImpl@1c1cd0e[NotificationShade]:   apr=LIGHT_STATUS_BARS
03-08 15:13:44.364  2578  2578 I ViewRootImpl@1c1cd0e[NotificationShade]:   bhv=SHOW_TRANSIENT_BARS_BY_SWIPE naviIconColor=0
03-08 15:13:44.364  2578  2578 I ViewRootImpl@1c1cd0e[NotificationShade]:   sfl=60000}
03-08 15:13:44.365  1327  2296 I SurfaceFlinger: id=35420 createSurf, flag=24004, Task=3070#35420
03-08 15:13:44.367 27373 27481 I ViewRootImpl@d7f2b6a[InstrumentationActivityInvoker$EmptyActivity]: Received frameDrawingCallback syncResult=0 frameNum=1.
03-08 15:13:44.367 27373 27481 I ViewRootImpl@d7f2b6a[InstrumentationActivityInvoker$EmptyActivity]: Setting up sync and frameCommitCallback
03-08 15:13:44.368  1327  2296 I SurfaceFlinger: id=35421 createSurf, flag=80004, ActivityRecord{77ae70 u0 com.example.cmput301w24t33/.activities.Attendee} t3070}#35421
03-08 15:13:44.369   679   679 W keymaster_tee: [WRN]begin req PARAMS: A32 B2 P64
03-08 15:13:44.372 27340 27475 I SmpLog  : [SMP] Test mode: false, v:3.3.7.0, com.samsung.android.samsungpass
03-08 15:13:44.372   679   679 D keymaster_swd: keymaster_swd [WRN] (swd_run_cb:257) swd_begin() returns 0
03-08 15:13:44.374 27340 27475 I SmpLog  : [SMP] ptype:fcm, token:...iMQ6- (152), D:false, U:null, S:true, M:null, P:FCM_PRIMARY_MODE
03-08 15:13:44.374  2578  2597 W System  : A resource failed to call release.
03-08 15:13:44.375  1327  2296 I SurfaceFlinger: id=35373 Removed Task=3067#35373 (132)
03-08 15:13:44.375  1327  1327 I Layer   : id=35373 Destroyed Task=3067#35373
03-08 15:13:44.375  2578  2597 W System  : A resource failed to call release.
03-08 15:13:44.376  1327  2100 I SurfaceFlinger: id=35360 Removed Task=3066#35360 (131)
03-08 15:13:44.376   604   697 I servicemanager: Could not find android.hardware.graphics.allocator.IAllocator/default in the VINTF manifest.
03-08 15:13:44.380 27340 27475 I SmpLog  : [SMP] SEND BR : smp init success
03-08 15:13:44.383  2578  2664 D NativeCustomFrequencyManager: [NativeCFMS] BpCustomFrequencyManager::BpCustomFrequencyManager()
03-08 15:13:44.385  1472  5160 I SemDvfsHyPerManager: acquire hyper - AMS_APP_LAUNCH/1472@15, type = -999
03-08 15:13:44.385  1257  1326 I HYPER-HAL: [RequestManager.cpp]acquire(): Acquired ID : 1106343  [1472 / 15]    HINT : AMS_APP_LAUNCH    list :
03-08 15:13:44.385  1257  1326 I HYPER-HAL: [ResourceManager.cpp]updateResource(): [CPULittleMinFreq] UpdateResource Request ID : 1106343    Value : 1804800
03-08 15:13:44.385  1257  1326 I HYPER-HAL: [ResourceManager.cpp]updateResource(): [CPUMinFreq] UpdateResource Request ID : 1106343    Value : 2208000
03-08 15:13:44.385  1180  1180 D Zygote  : Forked child process 27487
03-08 15:13:44.386  5044  5044 I SemDvfsHyPerManager: acquire hyper - APP_START/5044@14, type = -999
03-08 15:13:44.387  1472  5162 V WindowManager: Relayout Window{85bfa35 u0 NotificationShade}: viewVisibility=4 req=1080x2400 d0
03-08 15:13:44.387  1257  1326 I HYPER-HAL: [RequestManager.cpp]acquire(): Acquired ID : 12794225  [5044 / 14]    HINT : APP_START    list :
03-08 15:13:44.387  1257  1326 I HYPER-HAL: [ResourceManager.cpp]updateResource(): [CPUMaxFreq] UpdateResource Request ID : 12794225    Value : 2208000
03-08 15:13:44.391  1472  5162 V WindowManager: Relayout hash=85bfa35, pid=2578, syncId=-1: mAttrs={(0,0)(fillxfill) gr=TOP CENTER_VERTICAL sim={adjust=resize} layoutInDisplayCutoutMode=always ty=NOTIFICATION_SHADE fmt=TRANSLUCENT
03-08 15:13:44.391  1472  5162 V WindowManager:   fl=81840048
03-08 15:13:44.391  1472  5162 V WindowManager:   pfl=1b000000
03-08 15:13:44.391  1472  5162 V WindowManager:   vsysui=2000
03-08 15:13:44.391  1472  5162 V WindowManager:   apr=LIGHT_STATUS_BARS
03-08 15:13:44.391  1472  5162 V WindowManager:   bhv=SHOW_TRANSIENT_BARS_BY_SWIPE naviIconColor=0
03-08 15:13:44.391  1472  5162 V WindowManager:   sfl=60000}
03-08 15:13:44.392  1327  1327 I Layer   : id=35360 Destroyed Task=3066#35360
03-08 15:13:44.395 27373 27457 I BLASTBufferQueue: [ViewRootImpl@d7f2b6a[InstrumentationActivityInvoker$EmptyActivity]#0](f:0,a:0) onFrameAvailable the first frame is available
03-08 15:13:44.396 27373 27457 I ViewRootImpl@d7f2b6a[InstrumentationActivityInvoker$EmptyActivity]: Received frameCommittedCallback lastAttemptedDrawFrameNum=1 didProduceBuffer=true
03-08 15:13:44.396  1180  1180 D Zygote  : Forked child process 27490
03-08 15:13:44.396 27373 27457 D OpenGLRenderer: CFMS:: SetUp Pid : 27373    Tid : 27457
03-08 15:13:44.397  2578  2578 I ViewRootImpl@1c1cd0e[NotificationShade]: Relayout returned: old=(0,0,1080,2400) new=(0,0,1080,2400) req=(1080,2400)4 dur=32 res=0x0 s={false 0x0} ch=false seqId=0
03-08 15:13:44.397  1472  6022 D InputTransport: Input channel constructed: 'fecc4a3', fd=759
03-08 15:13:44.397  1472  6022 D InputTransport: Input channel constructed: 'fecc4a3', fd=885
03-08 15:13:44.397  1472  6022 D InputTransport: Input channel constructed: 'fecc4a3', fd=902
03-08 15:13:44.398   679   679 D keymaster_swd: keymaster_swd [WRN] (swd_run_cb:257) swd_update() returns 0
03-08 15:13:44.398  1327  2296 I SurfaceFlinger: id=35422 createSurf, flag=80004, fecc4a3 Splash Screen com.example.cmput301w24t33#35422
03-08 15:13:44.399  2578  2578 I FaceWidgetPositionAlgorithm: getClockContainerHeight() supplier = 227, bottom margin = 0, real height = 290
03-08 15:13:44.399  2578  2578 I ClockInfoManager: isClockFaceType: type = 9 clockFaceType = 0
03-08 15:13:44.399  2578  2578 D FaceWidgetPositionAlgorithm: getTopMargin scale = 0.8408237, clockContainerHeight = 227, scaleMarginY = 21
03-08 15:13:44.399  2578  2578 I FaceWidgetPositionAlgorithm: getClockContainerHeight() supplier = 227, bottom margin = 63, real height = 290
03-08 15:13:44.399  2578  2578 I FaceWidgetPositionAlgorithm: getMediaContainerHeight() height = 456 container Visibility = 8, isValid = true, mIsDozing = false, fraction = 1.0, source = 0, target = 0
03-08 15:13:44.399  2578  2578 I FaceWidgetPositionAlgorithm: getMediaContainerHeight() supplier = 456
03-08 15:13:44.400  1472  6022 D InputTransport: Input channel destroyed: 'fecc4a3', fd=902
03-08 15:13:44.400   679   679 D keymaster_swd: keymaster_swd [WRN] (swd_run_cb:257) swd_finish() returns 0
03-08 15:13:44.402 27340 27340 I [PASS][SPASS]SamsungAccountHelper: Getting SA CC runtime: CA
03-08 15:13:44.404  2578  2656 D InsetsController: onStateChanged: InsetsState: {mDisplayFrame=Rect(0, 0 - 1080, 2400), mDisplayCutout=DisplayCutout{insets=Rect(0, 91 - 0, 0) waterfall=Insets{left=0, top=0, right=0, bottom=0} boundingRect={Bounds=[Rect(0, 0 - 0, 0), Rect(503, 0 - 577, 91), Rect(0, 0 - 0, 0), Rect(0, 0 - 0, 0)]} cutoutPathParserInfo={CutoutPathParserInfo{displayWidth=1080 displayHeight=2400 physicalDisplayWidth=1080 physicalDisplayHeight=2400 density={2.625} cutoutSpec={M 0,0 H -14.0952380952381 V 34.66666666666667 H 14.0952380952381 V 0 H 0 Z @dp} rotation={0} scale={1.0} physicalPixelDisplaySizeRatio={1.0}}}}, mRoundedCorners=RoundedCorners{[RoundedCorner{position=TopLeft, radius=84, center=Point(84, 84)}, RoundedCorner{position=TopRight, radius=84, center=Point(996, 84)}, RoundedCorner{position=BottomRight, radius=84, center=Point(996, 2316)}, RoundedCorner{position=BottomLeft, radius=84, center=Point(84, 2316)}]}  mRoundedCornerFrame=Rect(0, 0 - 1080, 2400), mPrivacyIndicatorBounds=PrivacyIndicatorBounds {static bounds=Rect(964, 0 - 1080, 91) rotation=0}, mSources= { InsetsSource: {mType=ITYPE_STATUS_BAR, mFrame=[0,0][1080,91], mVisible=true, mInsetsRoundedCornerFrame=false}, InsetsSource: {mType=ITYPE_NAVIGATION_BAR, mFrame=[0,2274][1080,2400], mVisible=true, mInsetsRoundedCornerFrame=false}, InsetsSource: {mType=ITYPE_LEFT_GESTURES, mFrame=[0,0][0,2400], mVisible=true, mInsetsRoundedCornerFrame=false}, InsetsSource: {mType=ITYPE_RIGHT_GESTURES, mFrame=[1080,0][1080,2400], mVisible=true, mInsetsRoundedCornerFrame=false}, InsetsSource: {mType=ITYPE_TOP_MANDATORY_GESTURES, mFrame=[0,0][1080,123], mVisible=true, mInsetsRoundedCornerFrame=false}, InsetsSource: {mType=ITYPE_BOTTOM_MANDATORY_GESTURES, mFrame=[0,2274][1080,2400], mVisible=true, mInsetsRoundedCornerFrame=false}, InsetsSource: {mType=ITYPE_LEFT_DISPLAY_CUTOUT, mFrame=[0,0][-100000,2400], mVisible=true, mInsetsRoundedCornerFrame=false}, InsetsSource: {mType=ITYPE_TOP_DISPLAY_CUTOUT, mFrame=[0,0][1080,91], mVisible=true, mInsetsRoundedCornerFrame=false}, InsetsSource: {mType=ITYPE_RIGHT_DISPLAY_CUTOUT, mFrame=[100000,0][1080,2400], mVisible=true, mInsetsRoundedCornerFrame=false}, InsetsSource: {mType=ITYPE_BOTTOM_DISPLAY_CUTOUT, mFrame=[0,100000][1080,2400], mVisible=true, mInsetsRoundedCornerFrame=false}, InsetsSource: {mType=ITYPE_TOP_TAPPABLE_ELEMENT, mFrame=[0,0][1080,91], mVisible=true, mInsetsRoundedCornerFrame=false}, InsetsSource: {mType=ITYPE_BOTTOM_TAPPABLE_ELEMENT, mFrame=[0,2274][1080,2400], mVisible=true, mInsetsRoundedCornerFrame=false} } host=Splash Screen com.example.cmput301w24t33 from=android.view.ViewRootImpl.setView:1732
03-08 15:13:44.404 27373 27457 W Parcel  : Expecting binder but got null!
03-08 15:13:44.407 27373 27373 I ViewRootImpl@d7f2b6a[InstrumentationActivityInvoker$EmptyActivity]: onSyncComplete
03-08 15:13:44.407  2578  2656 I ViewRootImpl@2d59f4d[cmput301w24t33]: setView = android.widget.FrameLayout@a36396f TM=true
03-08 15:13:44.410 27373 27373 I ViewRootImpl@d7f2b6a[InstrumentationActivityInvoker$EmptyActivity]: setupSync seqId=0 mSyncId=0 fn=1 caller=android.view.ViewRootImpl$$ExternalSyntheticLambda11.accept:6 android.window.SurfaceSyncer.lambda$setupSync$1$android-window-SurfaceSyncer:128 android.window.SurfaceSyncer$$ExternalSyntheticLambda1.accept:8 android.window.SurfaceSyncer$SyncSet.checkIfSyncIsComplete:382 android.window.SurfaceSyncer$SyncSet.markSyncReady:359 android.window.SurfaceSyncer.markSyncReady:151 android.view.ViewRootImpl.performTraversals:4503
03-08 15:13:44.410  2578  2656 I ViewRootImpl@2d59f4d[cmput301w24t33]: performTraversals params={(0,0)(fillxfill) sim={adjust=pan} ty=APPLICATION_STARTING fmt=TRANSLUCENT wanim=0x1030309
03-08 15:13:44.410  2578  2656 I ViewRootImpl@2d59f4d[cmput301w24t33]:   fl=81030118
03-08 15:13:44.410  2578  2656 I ViewRootImpl@2d59f4d[cmput301w24t33]:   pfl=16000010
03-08 15:13:44.410  2578  2656 I ViewRootImpl@2d59f4d[cmput301w24t33]:   apr=LIGHT_STATUS_BARS LIGHT_NAVIGATION_BARS
03-08 15:13:44.410  2578  2656 I ViewRootImpl@2d59f4d[cmput301w24t33]:   bhv=DEFAULT
03-08 15:13:44.410  2578  2656 I ViewRootImpl@2d59f4d[cmput301w24t33]:   fitSides= naviIconColor=0}
03-08 15:13:44.411  2578  2656 I ViewRootImpl@2d59f4d[cmput301w24t33]: performTraversals mFirst=true windowShouldResize=true viewVisibilityChanged=false mForceNextWindowRelayout=false params={(0,0)(fillxfill) sim={adjust=pan} ty=APPLICATION_STARTING fmt=TRANSLUCENT wanim=0x1030309
03-08 15:13:44.411  2578  2656 I ViewRootImpl@2d59f4d[cmput301w24t33]:   fl=81030118
03-08 15:13:44.411  2578  2656 I ViewRootImpl@2d59f4d[cmput301w24t33]:   pfl=16000010
03-08 15:13:44.411  2578  2656 I ViewRootImpl@2d59f4d[cmput301w24t33]:   apr=LIGHT_STATUS_BARS LIGHT_NAVIGATION_BARS
03-08 15:13:44.411  2578  2656 I ViewRootImpl@2d59f4d[cmput301w24t33]:   bhv=DEFAULT
03-08 15:13:44.411  2578  2656 I ViewRootImpl@2d59f4d[cmput301w24t33]:   fitSides= naviIconColor=0}
03-08 15:13:44.411  1472  6022 V WindowManager: Relayout Window{fecc4a3 u0 Splash Screen com.example.cmput301w24t33}: viewVisibility=0 req=1080x2400 d0
03-08 15:13:44.412  1327  1413 I SurfaceFlinger: id=35423 createSurf, flag=40004, Splash Screen com.example.cmput301w24t33$_2578#35423
03-08 15:13:44.414 27373 27373 I ViewRootImpl@d7f2b6a[InstrumentationActivityInvoker$EmptyActivity]: reportDrawFinished seqId=0 mSyncId=-1 fn=1 mSurfaceChangedTransaction=0xb400007cfb563000
03-08 15:13:44.415  1472  6022 V WindowManager: Relayout hash=fecc4a3, pid=2578, syncId=-1: mAttrs={(0,0)(fillxfill) sim={adjust=pan} ty=APPLICATION_STARTING fmt=TRANSLUCENT wanim=0x1030309
03-08 15:13:44.415  1472  6022 V WindowManager:   fl=81030118
03-08 15:13:44.415  1472  6022 V WindowManager:   pfl=16000010
03-08 15:13:44.415  1472  6022 V WindowManager:   apr=LIGHT_STATUS_BARS LIGHT_NAVIGATION_BARS
03-08 15:13:44.415  1472  6022 V WindowManager:   bhv=DEFAULT
03-08 15:13:44.415  1472  6022 V WindowManager:   fitSides= naviIconColor=0}
03-08 15:13:44.415  3258  3258 I TopTaskTracker: onTaskMovedToFront : taskId = 3070
03-08 15:13:44.419  1472  4475 D SemWifiUsabilityStatsMonitor: onWifiUsabilityStats - seqNum 23815, isSameBssidAndFreq true
03-08 15:13:44.419  1472  1884 I SemDvfsHyPerManager: acquire hyper - AMS_RESUME_TAIL/1472@16, type = -999
03-08 15:13:44.419  1472  1884 I SemDvfsHyPerManager: acquire hyper - AMS_ACT_LAZY/1472@17, type = -999
03-08 15:13:44.419  2578  2656 I ViewRootImpl@2d59f4d[cmput301w24t33]: updateBlastSurfaceIfNeeded mBlastBufferQueue=null isSameSurfaceControl=false
03-08 15:13:44.419  1472  1876 W ziparchive: Unable to open '/data/app/~~5YYnvnDDujNmeUExSm1Obg==/com.example.cmput301w24t33.test-SwK-uf5IpLknilFLzbt1hg==/base.dm': No such file or directory
03-08 15:13:44.420  2578  2656 I BLASTBufferQueue: new BLASTBufferQueue, mName= ViewRootImpl@2d59f4d[cmput301w24t33] mNativeObject= 0xb400007c520db380 sc.mNativeObject= 0xb400007c66251d80 caller= android.view.ViewRootImpl.updateBlastSurfaceIfNeeded:2909 android.view.ViewRootImpl.relayoutWindow:9847 android.view.ViewRootImpl.performTraversals:3884 android.view.ViewRootImpl.doTraversal:3116 android.view.ViewRootImpl$TraversalRunnable.run:10885 android.view.Choreographer$CallbackRecord.run:1301 android.view.Choreographer$CallbackRecord.run:1309 android.view.Choreographer.doCallbacks:923 android.view.Choreographer.doFrame:852 android.view.Choreographer$FrameDisplayEventReceiver.run:1283
03-08 15:13:44.421  2578  2656 I BLASTBufferQueue: update, w= 1080 h= 2400 mName = ViewRootImpl@2d59f4d[cmput301w24t33] mNativeObject= 0xb400007c520db380 sc.mNativeObject= 0xb400007c66251d80 format= -3 caller= android.graphics.BLASTBufferQueue.<init>:84 android.view.ViewRootImpl.updateBlastSurfaceIfNeeded:2909 android.view.ViewRootImpl.relayoutWindow:9847 android.view.ViewRootImpl.performTraversals:3884 android.view.ViewRootImpl.doTraversal:3116 android.view.ViewRootImpl$TraversalRunnable.run:10885
03-08 15:13:44.420  1472  2428 I SemWifiLinkQualityMonitor: Link Qos Query: 0.046 ms / 173.837 Mbps (200 / 0.005 / 1.013)
03-08 15:13:44.421  1257  1326 I HYPER-HAL: [RequestManager.cpp]acquire(): Acquired ID : 1107832  [1472 / 16]    HINT : AMS_RESUME_TAIL    list :
03-08 15:13:44.421  2578  2656 I ViewRootImpl@2d59f4d[cmput301w24t33]: Relayout returned: old=(0,0,1080,2400) new=(0,0,1080,2400) req=(1080,2400)0 dur=8 res=0x3 s={true 0xb400007c52c2c800} ch=true seqId=0
03-08 15:13:44.422  2578  2656 I ViewRootImpl@2d59f4d[cmput301w24t33]: mThreadedRenderer.initialize() mSurface={isValid=true 0xb400007c52c2c800} hwInitialized=true
03-08 15:13:44.422  2578  2664 D OpenGLRenderer: eglCreateWindowSurface
03-08 15:13:44.423  1327  1413 I SurfaceFlinger: id=35424 createSurf, flag=24000, Surface(name=5f02127 com.example.cmput301w24t33.test/androidx.test.core.app.InstrumentationActivityInvoker$EmptyActivity)/@0xbe649cc - animation-leash of starting_reveal#35424
03-08 15:13:44.423  1472  1876 I PkgPredictorService-SecIpmManagerServiceImpl: reportToNAP uid:10453 com.example.cmput301w24t33.test/androidx.test.core.app.InstrumentationActivityInvoker$EmptyActivity thisTime:586
03-08 15:13:44.425  1327  1327 I Layer   : Layer [com.example.cmput301w24t33.test/androidx.test.core.app.InstrumentationActivityInvoker$EmptyActivity$_27373#35417] hidden!! flag(0)
03-08 15:13:44.426  2578  2656 I ViewRootImpl@2d59f4d[cmput301w24t33]: reportNextDraw android.view.ViewRootImpl.performTraversals:4438 android.view.ViewRootImpl.doTraversal:3116 android.view.ViewRootImpl$TraversalRunnable.run:10885 android.view.Choreographer$CallbackRecord.run:1301 android.view.Choreographer$CallbackRecord.run:1309
03-08 15:13:44.426  2578  2656 I ViewRootImpl@2d59f4d[cmput301w24t33]: Setup new sync id=0
03-08 15:13:44.426  2578  2656 I ViewRootImpl@2d59f4d[cmput301w24t33]: Setting syncFrameCallback
03-08 15:13:44.426  2578  2656 I ViewRootImpl@2d59f4d[cmput301w24t33]: registerCallbacksForSync syncBuffer=false
03-08 15:13:44.428  1472  5215 D InputDispatcher: Focus entered window (0): 5f02127 com.example.cmput301w24t33.test/androidx.test.core.app.InstrumentationActivityInvoker$EmptyActivity
03-08 15:13:44.430  1257  1326 I HYPER-HAL: [ResourceManager.cpp]updateResource(): [CPUMinFreq] UpdateResource Request ID : 1107832    Value : 1324800
03-08 15:13:44.430  1257  1326 I HYPER-HAL: [RequestManager.cpp]acquire(): Acquired ID : 1109322  [1472 / 17]    HINT : AMS_ACT_LAZY    list :
03-08 15:13:44.430  1257  1326 I HYPER-HAL: [ResourceManager.cpp]removeResource(): [CPULittleMinFreq] RemoveResource Request ID : 1110813
03-08 15:13:44.431  1327  1327 D SurfaceFlinger: Display 4630947232161729153 HWC layers:
03-08 15:13:44.431  1327  1327 D SurfaceFlinger:      DEVICE | 0xb40000745d0660a0 | 0102 | RGBA_8888    |    0.0    0.0 1080.0 2400.0 |    0    0 1080 2400 | com.example.cmput301w24t33.test/andr[...]tyInvoker$EmptyActivity$_27373#35417
03-08 15:13:44.431  1327  1327 D SurfaceFlinger:      DEVICE | 0xb400007446148e50 | 0100 | RGBA_8888    |    0.0    0.0 1080.0 2400.0 |    0    0 1080 2400 | Splash Screen com.example.cmput301w24t33.test$_2578#35411
03-08 15:13:44.431  1327  1327 D SurfaceFlinger:      DEVICE | 0xb400007446147b80 | 0100 | RGBA_8888    |    0.0    0.0 1080.0   91.0 |    0    0 1080   91 | StatusBar$_2578#95
03-08 15:13:44.431  1327  1327 D SurfaceFlinger:      DEVICE | 0xb400007446147bf0 | 0100 | RGBA_8888    |    0.0    0.0   67.0  515.0 |    0  301   67  816 | com.samsung.android.app.cocktailbars[...]rvice.CocktailBarService$_5242#35333
03-08 15:13:44.431  1327  1327 D SurfaceFlinger:      DEVICE | 0xb400007446149b70 | 0100 | RGBA_8888    |    0.0    0.0 1080.0  126.0 |    0 2274 1080 2400 | NavigationBar0$_2578#89
03-08 15:13:44.431  1327  1327 D SurfaceFlinger:
03-08 15:13:44.432   679   679 W keymaster_tee: [WRN]begin req PARAMS: A32 B2 P64
03-08 15:13:44.434  1257  1326 I HYPER-HAL: [ResourceManager.cpp]removeResource(): [CPUMinFreq] RemoveResource Request ID : 1110813
03-08 15:13:44.434  1257  1326 I HYPER-HAL: [RequestManager.cpp]releaseLocked(): Released ID : 1110813
03-08 15:13:44.437  2578  2711 I ViewRootImpl@2d59f4d[cmput301w24t33]: Received frameDrawingCallback syncResult=0 frameNum=1.
03-08 15:13:44.437  2578  2711 I ViewRootImpl@2d59f4d[cmput301w24t33]: Setting up sync and frameCommitCallback
03-08 15:13:44.438  4938  4938 I AiAi    : onTrimMemory() with level 15
03-08 15:13:44.439  2578  2664 I BLASTBufferQueue: [ViewRootImpl@2d59f4d[cmput301w24t33]#941](f:0,a:0) onFrameAvailable the first frame is available
03-08 15:13:44.440  2578  2664 I ViewRootImpl@2d59f4d[cmput301w24t33]: Received frameCommittedCallback lastAttemptedDrawFrameNum=1 didProduceBuffer=true
03-08 15:13:44.442  2578  2664 D OpenGLRenderer: CFMS:: SetUp Pid : 2578    Tid : 2664
03-08 15:13:44.442  2578  2664 W Parcel  : Expecting binder but got null!
03-08 15:13:44.442  2578  2656 I ViewRootImpl@2d59f4d[cmput301w24t33]: onSyncComplete
03-08 15:13:44.442 23629 23629 W fbservices:InitStatus: Not blocking Service (133783087)
03-08 15:13:44.442  2578  2656 I ViewRootImpl@2d59f4d[cmput301w24t33]: setupSync seqId=0 mSyncId=0 fn=1 caller=android.view.ViewRootImpl$$ExternalSyntheticLambda11.accept:6 android.window.SurfaceSyncer.lambda$setupSync$1$android-window-SurfaceSyncer:128 android.window.SurfaceSyncer$$ExternalSyntheticLambda1.accept:8 android.window.SurfaceSyncer$SyncSet.checkIfSyncIsComplete:382 android.window.SurfaceSyncer$SyncSet.markSyncReady:359 android.window.SurfaceSyncer.markSyncReady:151 android.view.ViewRootImpl.performTraversals:4503
03-08 15:13:44.443  2578  2656 I ViewRootImpl@2d59f4d[cmput301w24t33]: reportDrawFinished seqId=0 mSyncId=-1 fn=1 mSurfaceChangedTransaction=0xb400007c663e9100
03-08 15:13:44.443   679   679 D keymaster_swd: keymaster_swd [WRN] (swd_run_cb:257) swd_begin() returns 0
03-08 15:13:44.446  1472  1876 I ActivityTaskManager: Displayed com.example.cmput301w24t33.test/androidx.test.core.app.InstrumentationActivityInvoker$EmptyActivity: +586ms
03-08 15:13:44.446 30629 30629 I SEMS:AgentLog_13.6.12: [][main][MobileServiceApplication] onTrimMemory:15
03-08 15:13:44.448   679   679 D keymaster_swd: keymaster_swd [WRN] (swd_run_cb:257) swd_update() returns 0
03-08 15:13:44.449 27490 27490 I droid.rubin.app: Using CollectorTypeCC GC.
03-08 15:13:44.449 27487 27487 I .android.authfw: Using CollectorTypeCC GC.
03-08 15:13:44.451   679   679 D keymaster_swd: keymaster_swd [WRN] (swd_run_cb:257) swd_finish() returns 0
03-08 15:13:44.452 27340 27340 I [PASS][SPASS]ServicePolicyManager: isUpdatable : policy updated 0 hours ago. 1709935253612
03-08 15:13:44.452 27340 27340 I [PASS][SPASS]ServicePolicyManager: updateServicePolicy : SACountryCode(CA-), modelName(SM-A715W), salesCode(KDO), appVersion(4.3.03.10), isUpdatable(false)
03-08 15:13:44.454 27490 27490 E droid.rubin.app: Not starting debugger since process cannot load the jdwp agent.
03-08 15:13:44.455 27487 27487 E .android.authfw: Not starting debugger since process cannot load the jdwp agent.
03-08 15:13:44.459  2578  2656 I ViewRootImpl@5f8d9e1[test]: performTraversals params={(0,0)(fillxfill) sim={adjust=pan} ty=APPLICATION_STARTING fmt=TRANSLUCENT
03-08 15:13:44.459  2578  2656 I ViewRootImpl@5f8d9e1[test]:   fl=81030118
03-08 15:13:44.459  2578  2656 I ViewRootImpl@5f8d9e1[test]:   pfl=16000010
03-08 15:13:44.459  2578  2656 I ViewRootImpl@5f8d9e1[test]:   bhv=DEFAULT
03-08 15:13:44.459  2578  2656 I ViewRootImpl@5f8d9e1[test]:   fitSides= naviIconColor=0}
03-08 15:13:44.459  2578  2656 I ViewRootImpl@5f8d9e1[test]: performTraversals mFirst=false windowShouldResize=false viewVisibilityChanged=false mForceNextWindowRelayout=false params={(0,0)(fillxfill) sim={adjust=pan} ty=APPLICATION_STARTING fmt=TRANSLUCENT
03-08 15:13:44.459  2578  2656 I ViewRootImpl@5f8d9e1[test]:   fl=81030118
03-08 15:13:44.459  2578  2656 I ViewRootImpl@5f8d9e1[test]:   pfl=16000010
03-08 15:13:44.459  2578  2656 I ViewRootImpl@5f8d9e1[test]:   bhv=DEFAULT
03-08 15:13:44.459  2578  2656 I ViewRootImpl@5f8d9e1[test]:   fitSides= naviIconColor=0}
03-08 15:13:44.460   679   679 W keymaster_tee: [WRN]begin req PARAMS: A32 B2 P64
03-08 15:13:44.462  1472  5162 I SemDvfsHyPerManager: acquire hyper - AMS_ACT_RESUME/1472@13, type = -999
03-08 15:13:44.466   679   679 D keymaster_swd: keymaster_swd [WRN] (swd_run_cb:257) swd_begin() returns 0
03-08 15:13:44.464  1257  1326 I HYPER-HAL: [RequestManager.cpp]acquire(): Acquired ID : 1103368  [1472 / 13]    HINT : AMS_ACT_RESUME    list :
03-08 15:13:44.467 27487 27487 D ActivityThread: setConscryptValidator
03-08 15:13:44.468 27487 27487 D ActivityThread: setConscryptValidator - put
03-08 15:13:44.470   679   679 D keymaster_swd: keymaster_swd [WRN] (swd_run_cb:257) swd_update() returns 0
03-08 15:13:44.470  1257  1326 I HYPER-HAL: [ResourceManager.cpp]updateResource(): [CPUMinFreq] UpdateResource Request ID : 1103368    Value : 1939200
03-08 15:13:44.473  1472  5162 D InputDispatcher: Focused application(0): ActivityRecord{77ae70 u0 com.example.cmput301w24t33/.activities.Attendee} t3070}
03-08 15:13:44.474   679   679 D keymaster_swd: keymaster_swd [WRN] (swd_run_cb:257) swd_finish() returns 0
03-08 15:13:44.475 27340 27340 I [PASS][SPASS]ServicePolicyManager: isUpdatable : policy updated 0 hours ago. 1709935253612
03-08 15:13:44.476 27340 27340 I [PASS][SPASS]SPassApplication: updateServicePolicy false
03-08 15:13:44.477 27373 27373 I ViewRootImpl@d7f2b6a[InstrumentationActivityInvoker$EmptyActivity]: MSG_WINDOW_FOCUS_CHANGED 1 0
03-08 15:13:44.478 27373 27373 I ViewRootImpl@d7f2b6a[InstrumentationActivityInvoker$EmptyActivity]: mThreadedRenderer.initializeIfNeeded()#2 mSurface={isValid=true 0xb400007cdd40b800}
03-08 15:13:44.478 27340 27340 W [PASS][CMN]PackageUtil: Can not find package [com.samsung.android.spaymini]
03-08 15:13:44.479 27373 27373 D InputMethodManager: startInputInner - Id : 0
03-08 15:13:44.479 27373 27373 I InputMethodManager: startInputInner - mService.startInputOrWindowGainedFocus
03-08 15:13:44.480  1472  3340 V WindowManager: Relayout Window{42fc76f u0 Splash Screen com.example.cmput301w24t33.test}: viewVisibility=0 req=1080x2400 d0
03-08 15:13:44.482  1472  3340 V WindowManager: Relayout hash=42fc76f, pid=2578, syncId=-1: mAttrs={(0,0)(fillxfill) sim={adjust=pan} ty=APPLICATION_STARTING fmt=TRANSLUCENT
03-08 15:13:44.482  1472  3340 V WindowManager:   fl=81030118
03-08 15:13:44.482  1472  3340 V WindowManager:   pfl=16000010
03-08 15:13:44.482  1472  3340 V WindowManager:   bhv=DEFAULT
03-08 15:13:44.482  1472  3340 V WindowManager:   fitSides= naviIconColor=0}
03-08 15:13:44.484  1472  2391 D AS.MultiSoundManager: mForegroundUid = 10451
03-08 15:13:44.491  2578  2656 I ViewRootImpl@5f8d9e1[test]: updateBlastSurfaceIfNeeded mBlastBufferQueue=0xb400007c52070b00 isSameSurfaceControl=true
03-08 15:13:44.491  2578  2656 I BLASTBufferQueue: update, w= 1080 h= 2400 mName = ViewRootImpl@5f8d9e1[test] mNativeObject= 0xb400007c52070b00 sc.mNativeObject= 0xb400007c66251f60 format= -3 caller= android.view.ViewRootImpl.updateBlastSurfaceIfNeeded:2898 android.view.ViewRootImpl.relayoutWindow:9847 android.view.ViewRootImpl.performTraversals:3884 android.view.ViewRootImpl.doTraversal:3116 android.view.ViewRootImpl$TraversalRunnable.run:10885 android.view.Choreographer$CallbackRecord.run:1301
03-08 15:13:44.491  2578  2656 I ViewRootImpl@5f8d9e1[test]: Relayout returned: old=(0,0,1080,2400) new=(0,0,1080,2400) req=(1080,2400)0 dur=32 res=0x0 s={true 0xb400007c529ac000} ch=false seqId=0
03-08 15:13:44.492  1327  1413 I SurfaceFlinger: id=35425 createSurf, flag=24000, Surface(name=Task=3069)/@0x355d094 - animation-leash of app_transition#35425
03-08 15:13:44.493  1472  5160 D InputDispatcher: Focus request (0): <null> but waiting because NOT_FOCUSABLE
03-08 15:13:44.493  1472  5160 D InputDispatcher: Focus left window (0): 5f02127 com.example.cmput301w24t33.test/androidx.test.core.app.InstrumentationActivityInvoker$EmptyActivity
03-08 15:13:44.494  2578  2712 I ViewRootImpl@5f8d9e1[test]: mWNT: t=0xb400007ceb1a2000 mBlastBufferQueue=0xb400007c52070b00 fn= 2 caller= android.view.SyncRtSurfaceTransactionApplier.applyTransaction:96 android.view.SyncRtSurfaceTransactionApplier.lambda$scheduleApply$0$android-view-SyncRtSurfaceTransactionApplier:69 android.view.SyncRtSurfaceTransactionApplier$$ExternalSyntheticLambda0.onFrameDraw:4
03-08 15:13:44.494  2578  2712 I ViewRootImpl@5f8d9e1[test]: mWNT: t=0xb400007ceb1a2200 mBlastBufferQueue=0xb400007c52070b00 fn= 2 caller= android.view.SyncRtSurfaceTransactionApplier.applyTransaction:96 android.view.SyncRtSurfaceTransactionApplier.lambda$scheduleApply$0$android-view-SyncRtSurfaceTransactionApplier:69 android.view.SyncRtSurfaceTransactionApplier$$ExternalSyntheticLambda0.onFrameDraw:4
03-08 15:13:44.494 27490 27490 D ActivityThread: setConscryptValidator
03-08 15:13:44.494  1327  1413 I SurfaceFlinger: id=35426 createSurf, flag=20004, DimAnimationLayer for Task=3070#35426
03-08 15:13:44.495  1472  2465 D NetdEventListenerService: DNS Requested by : 162, 1000
03-08 15:13:44.495 27373 27373 I ViewRootImpl@d7f2b6a[InstrumentationActivityInvoker$EmptyActivity]: MSG_WINDOW_FOCUS_CHANGED 0 0
03-08 15:13:44.495  1327  2100 I SurfaceFlinger: id=35427 createSurf, flag=24004, Surface(name=Task=3070)/@0xd096200 - animation-leash of app_transition#35427
03-08 15:13:44.495  1472  2440 D TrafficStats: tagSocket(902) with statsTag=0xffffffff, statsUid=-1
03-08 15:13:44.496  2578  2711 I ViewRootImpl@5f8d9e1[test]: mWNT: t=0xb400007c81f36600 mBlastBufferQueue=0xb400007c52070b00 fn= 3 caller= android.view.SyncRtSurfaceTransactionApplier.applyTransaction:96 android.view.SyncRtSurfaceTransactionApplier.lambda$scheduleApply$0$android-view-SyncRtSurfaceTransactionApplier:69 android.view.SyncRtSurfaceTransactionApplier$$ExternalSyntheticLambda0.onFrameDraw:4
03-08 15:13:44.497 27490 27490 D ActivityThread: setConscryptValidator - put
03-08 15:13:44.500  1327  1327 I Layer   : id=35428 Destroyed Screenshot Parent#35428
03-08 15:13:44.508  1327  1414 I SurfaceFlinger: id=35429 createSurf, flag=80000, 7c048b3 ActivityRecordInputSink com.example.cmput301w24t33/.activities.Attendee#35429
03-08 15:13:44.508  2578  2712 I ViewRootImpl@5f8d9e1[test]: mWNT: t=0xb400007c81f36200 mBlastBufferQueue=0xb400007c52070b00 fn= 4 caller= android.view.SyncRtSurfaceTransactionApplier.applyTransaction:96 android.view.SyncRtSurfaceTransactionApplier.lambda$scheduleApply$0$android-view-SyncRtSurfaceTransactionApplier:69 android.view.SyncRtSurfaceTransactionApplier$$ExternalSyntheticLambda0.onFrameDraw:4
03-08 15:13:44.512 26361 26361 D LifecycleMonitor: Lifecycle status change: com.example.cmput301w24t33.activities.Attendee@75c3fd4 in: PRE_ON_CREATE
03-08 15:13:44.512 26361 26361 V ActivityScenario: Activity lifecycle changed event received but ignored because the reported transition was not ON_CREATE while the last known transition was PRE_ON_CREATE
03-08 15:13:44.520 27487 27487 D CompatibilityChangeReporter: Compat change id reported: 171979766; UID 5278; state: ENABLED
03-08 15:13:44.524  1327  1327 I Layer   : Layer [Splash Screen com.example.cmput301w24t33$_2578#35423] hidden!! flag(0)
03-08 15:13:44.526  2578  2664 D OpenGLRenderer: setSurface called with nullptr
03-08 15:13:44.526  2578  2664 D OpenGLRenderer: setSurface() destroyed EGLSurface
03-08 15:13:44.526  2578  2664 D OpenGLRenderer: destroyEglSurface
03-08 15:13:44.527 27340 27340 I [PASS][CMN]DrawableCache: clearData LruCache[maxSize=32768,hits=0,misses=0,hitRate=0%]
03-08 15:13:44.527  2578  2656 I ViewRootImpl@5f8d9e1[test]: performTraversals params={(0,0)(fillxfill) sim={adjust=pan} ty=APPLICATION_STARTING fmt=TRANSLUCENT alpha=0.0
03-08 15:13:44.527  2578  2656 I ViewRootImpl@5f8d9e1[test]:   fl=81030118
03-08 15:13:44.527  2578  2656 I ViewRootImpl@5f8d9e1[test]:   pfl=16000010
03-08 15:13:44.527  2578  2656 I ViewRootImpl@5f8d9e1[test]:   bhv=DEFAULT
03-08 15:13:44.527  2578  2656 I ViewRootImpl@5f8d9e1[test]:   fitSides= naviIconColor=0}
03-08 15:13:44.527  2578  2656 I ViewRootImpl@5f8d9e1[test]: performTraversals mFirst=false windowShouldResize=false viewVisibilityChanged=true mForceNextWindowRelayout=false params={(0,0)(fillxfill) sim={adjust=pan} ty=APPLICATION_STARTING fmt=TRANSLUCENT alpha=0.0
03-08 15:13:44.527  2578  2656 I ViewRootImpl@5f8d9e1[test]:   fl=81030118
03-08 15:13:44.527  2578  2656 I ViewRootImpl@5f8d9e1[test]:   pfl=16000010
03-08 15:13:44.527  2578  2656 I ViewRootImpl@5f8d9e1[test]:   bhv=DEFAULT
03-08 15:13:44.527  2578  2656 I ViewRootImpl@5f8d9e1[test]:   fitSides= naviIconColor=0}
03-08 15:13:44.528   603   603 I lmkd    : cached 3, sandbox(not0) 0
03-08 15:13:44.528 27340 27340 I [PASS][SPASS]SmpEventReceiver: onReceive com.samsung.android.sdk.smp.smpInitResult
03-08 15:13:44.528 27340 27340 I [PASS][SPASS]SmpEventReceiver: smp init success
03-08 15:13:44.530   603   603 I lmkd    : Reclaim 'com.google.process.gservices' (27180), uid 10231, oom_score_adj 915, state 19 to free 79120kB rss, 24888kb swap
03-08 15:13:44.531   603   603 I lmkd    : Reclaimed 104008kB at oom_score_adj 850
03-08 15:13:44.533  1327  1327 I Layer   : id=35430 Destroyed Screenshot Parent#35430
03-08 15:13:44.533 27340 27340 I [PASS][CMN]DrawableCache: clearData LruCache[maxSize=32768,hits=0,misses=0,hitRate=0%]
03-08 15:13:44.535 26361 26361 I DecorView: [INFO] isPopOver=false config=true
03-08 15:13:44.535 26361 26361 I DecorView: updateCaptionType: isFloating=false isApplication=true hasWindowDecorCaption=false this=DecorView@19fb56c[]
