03-08 15:13:42.432 26361 26459 I TestRunner: started: testAdminViewProfiles(com.example.cmput301w24t33.AdminActivityUITest)
03-08 15:13:42.433 27851 21078 I Icing   : Indexing done com.google.android.gms-apps
03-08 15:13:42.435  1472  3480 D InputTransport: Input channel constructed: 'deb078 ', fd=953
03-08 15:13:42.435  1472  3480 D InputTransport: Input channel constructed: 'deb078 ', fd=977
03-08 15:13:42.435  1472  3480 D InputTransport: Input channel constructed: 'deb078 ', fd=1018
03-08 15:13:42.436  1327  1414 I SurfaceFlinger: id=35381 createSurf, flag=80004, deb078 com.example.cmput301w24t33.test/androidx.test.core.app.InstrumentationActivityInvoker$EmptyActivity#35381
03-08 15:13:42.437  1472  3480 D InputTransport: Input channel destroyed: 'deb078 ', fd=1018
03-08 15:13:42.438  1472  1496 I system_server: Background young concurrent copying GC freed 644122(39MB) AllocSpace objects, 82(2796KB) LOS objects, 18% free, 106MB/130MB, paused 878us,540us total 198.373ms
03-08 15:13:42.440 26952 26952 D InsetsController: onStateChanged: InsetsState: {mDisplayFrame=Rect(0, 0 - 1080, 2400), mDisplayCutout=DisplayCutout{insets=Rect(0, 91 - 0, 0) waterfall=Insets{left=0, top=0, right=0, bottom=0} boundingRect={Bounds=[Rect(0, 0 - 0, 0), Rect(503, 0 - 577, 91), Rect(0, 0 - 0, 0), Rect(0, 0 - 0, 0)]} cutoutPathParserInfo={CutoutPathParserInfo{displayWidth=1080 displayHeight=2400 physicalDisplayWidth=1080 physicalDisplayHeight=2400 density={2.625} cutoutSpec={M 0,0 H -14.0952380952381 V 34.66666666666667 H 14.0952380952381 V 0 H 0 Z @dp} rotation={0} scale={1.0} physicalPixelDisplaySizeRatio={1.0}}}}, mRoundedCorners=RoundedCorners{[RoundedCorner{position=TopLeft, radius=84, center=Point(84, 84)}, RoundedCorner{position=TopRight, radius=84, center=Point(996, 84)}, RoundedCorner{position=BottomRight, radius=84, center=Point(996, 2316)}, RoundedCorner{position=BottomLeft, radius=84, center=Point(84, 2316)}]}  mRoundedCornerFrame=Rect(0, 0 - 1080, 2400), mPrivacyIndicatorBounds=PrivacyIndicatorBounds {static bounds=Rect(964, 0 - 1080, 91) rotation=0}, mSources= { InsetsSource: {mType=ITYPE_STATUS_BAR, mFrame=[0,0][1080,91], mVisible=true, mInsetsRoundedCornerFrame=false}, InsetsSource: {mType=ITYPE_NAVIGATION_BAR, mFrame=[0,2274][1080,2400], mVisible=true, mInsetsRoundedCornerFrame=false}, InsetsSource: {mType=ITYPE_LEFT_GESTURES, mFrame=[0,0][0,2400], mVisible=true, mInsetsRoundedCornerFrame=false}, InsetsSource: {mType=ITYPE_RIGHT_GESTURES, mFrame=[1080,0][1080,2400], mVisible=true, mInsetsRoundedCornerFrame=false}, InsetsSource: {mType=ITYPE_TOP_MANDATORY_GESTURES, mFrame=[0,0][1080,123], mVisible=true, mInsetsRoundedCornerFrame=false}, InsetsSource: {mType=ITYPE_BOTTOM_MANDATORY_GESTURES, mFrame=[0,2274][1080,2400], mVisible=true, mInsetsRoundedCornerFrame=false}, InsetsSource: {mType=ITYPE_LEFT_DISPLAY_CUTOUT, mFrame=[0,0][-100000,2400], mVisible=true, mInsetsRoundedCornerFrame=false}, InsetsSource: {mType=ITYPE_TOP_DISPLAY_CUTOUT, mFrame=[0,0][1080,91], mVisible=true, mInsetsRoundedCornerFrame=false}, InsetsSource: {mType=ITYPE_RIGHT_DISPLAY_CUTOUT, mFrame=[100000,0][1080,2400], mVisible=true, mInsetsRoundedCornerFrame=false}, InsetsSource: {mType=ITYPE_BOTTOM_DISPLAY_CUTOUT, mFrame=[0,100000][1080,2400], mVisible=true, mInsetsRoundedCornerFrame=false}, InsetsSource: {mType=ITYPE_TOP_TAPPABLE_ELEMENT, mFrame=[0,0][1080,91], mVisible=true, mInsetsRoundedCornerFrame=false}, InsetsSource: {mType=ITYPE_BOTTOM_TAPPABLE_ELEMENT, mFrame=[0,2274][1080,2400], mVisible=true, mInsetsRoundedCornerFrame=false}, InsetsSource: {mType=ITYPE_IME, mFrame=[0,0][0,0], mVisibleFrame=[0,1409][1080,2400], mVisible=false, mInsetsRoundedCornerFrame=false} } host=com.example.cmput301w24t33.test/androidx.test.core.app.InstrumentationActivityInvoker$EmptyActivity from=android.view.ViewRootImpl.setView:1732
03-08 15:13:42.443 26952 26952 I ViewRootImpl@d7f2b6a[InstrumentationActivityInvoker$EmptyActivity]: setView = com.android.internal.policy.DecorView@7508899 TM=true
03-08 15:13:42.443  1327  1327 I Layer   : id=35361 removedFromDrawingState ActivityRecord{68828a4 u0 com.example.cmput301w24t33/.activities.Admin} t3066}#35361 (134)
03-08 15:13:42.443  1327  1327 I Layer   : id=35366 removedFromDrawingState 4023b37 ActivityRecordInputSink com.example.cmput301w24t33/.activities.Admin#35366 (134)
03-08 15:13:42.443  1327  1327 I Layer   : id=35360 removedFromDrawingState Task=3066#35360 (134)
03-08 15:13:42.443  1327  1327 I Layer   : id=35380 removedFromDrawingState Task=3066#35380 (134)
03-08 15:13:42.443  1327  1327 I SurfaceFlinger: id=35361 Removed ActivityRecord{68828a4 u0 com.example.cmput301w24t33/.activities.Admin} t3066}#35361 (134)
03-08 15:13:42.443  1327  1327 I SurfaceFlinger: id=35380 Removed Task=3066#35380 (134)
03-08 15:13:42.444  1327  1327 I Layer   : id=35380 Destroyed Task=3066#35380
03-08 15:13:42.444  1327  1327 I Layer   : id=35361 Destroyed ActivityRecord{68828a4 u0 com.example.cmput301w24t33/.activities.Admin} t3066}#35361
03-08 15:13:42.444  1327  1327 I Layer   : id=35366 Destroyed 4023b37 ActivityRecordInputSink com.example.cmput301w24t33/.activities.Admin#35366
03-08 15:13:42.444  1472  1498 W System  : A resource failed to call end.
03-08 15:13:42.444  1472  1498 W System  : A resource failed to call release.
03-08 15:13:42.445  1472  1498 W System  : A resource failed to call end.
03-08 15:13:42.445  1472  1498 W System  : A resource failed to call HardwareBuffer.close.
03-08 15:13:42.445  1472  1498 W System  : A resource failed to call release.
03-08 15:13:42.446 26361 26459 W Settings: Setting always_finish_activities has moved from android.provider.Settings.System to android.provider.Settings.Global, returning read-only value.
03-08 15:13:42.447 26952 26952 I MSHandlerLifeCycle: removeMultiSplitHandler: no exist. decor=DecorView@7508899[InstrumentationActivityInvoker$EmptyActivity]
03-08 15:13:42.447  3258  3258 I RecentsView: onTaskRemoved() taskId : 3066
03-08 15:13:42.447  3258  3258 I TopTaskTracker: onTaskRemoved : taskId = 3066
03-08 15:13:42.448  3258  3258 I RecentsView: onTaskRemoved() taskId : 3066
03-08 15:13:42.448  3258  3258 I TopTaskTracker: onTaskRemoved : taskId = 3066
03-08 15:13:42.452  1472  1882 I ChimeraSystemEventListener: appLaunchIntent package name is: com.example.cmput301w24t33
03-08 15:13:42.454  1472  3404 I SemDvfsHyPerManager: acquire hyper - AMS_APP_SWITCH/1472@18, type = -999
03-08 15:13:42.454  1327  1414 I SurfaceFlinger: id=35382 createSurf, flag=24004, Task=3068#35382
03-08 15:13:42.455  1257  1326 I HYPER-HAL: [RequestManager.cpp]acquire(): Acquired ID : 1110813  [1472 / 18]    HINT : AMS_APP_SWITCH    list :
03-08 15:13:42.455  1257  1326 I HYPER-HAL: [ResourceManager.cpp]updateResource(): [CPULittleMinFreq] UpdateResource Request ID : 1110813    Value : 1804800
03-08 15:13:42.455  1257  1326 I HYPER-HAL: [ResourceManager.cpp]updateResource(): [CPUMinFreq] UpdateResource Request ID : 1110813    Value : 2208000
03-08 15:13:42.455  5044  5044 I SemDvfsHyPerManager: acquire hyper - APP_START_SHORT/5044@12, type = -999
03-08 15:13:42.455  1257  1326 I HYPER-HAL: [RequestManager.cpp]acquire(): Acquired ID : 12784108  [5044 / 12]    HINT : APP_START    list : [TIMEOUT / 1500]
03-08 15:13:42.456  1257  1326 I HYPER-HAL: [ResourceManager.cpp]updateResource(): [CPUMaxFreq] UpdateResource Request ID : 12784108    Value : 2208000
03-08 15:13:42.456  1327  1413 I SurfaceFlinger: id=35383 createSurf, flag=80004, ActivityRecord{7d4638d u0 com.example.cmput301w24t33/.activities.Admin} t3068}#35383
03-08 15:13:42.461  1472  2910 I SemDvfsHyPerManager: acquire hyper - AMS_APP_LAUNCH/1472@15, type = -999
03-08 15:13:42.462  1257  1326 I HYPER-HAL: [RequestManager.cpp]acquire(): Acquired ID : 1106343  [1472 / 15]    HINT : AMS_APP_LAUNCH    list :
03-08 15:13:42.462  1257  1326 I HYPER-HAL: [ResourceManager.cpp]updateResource(): [CPULittleMinFreq] UpdateResource Request ID : 1106343    Value : 1804800
03-08 15:13:42.462  1257  1326 I HYPER-HAL: [ResourceManager.cpp]updateResource(): [CPUMinFreq] UpdateResource Request ID : 1106343    Value : 2208000
03-08 15:13:42.463  5044  5044 I SemDvfsHyPerManager: acquire hyper - APP_START/5044@14, type = -999
03-08 15:13:42.464  1257  1326 I HYPER-HAL: [RequestManager.cpp]acquire(): Acquired ID : 12794225  [5044 / 14]    HINT : APP_START    list :
03-08 15:13:42.464  1257  1326 I HYPER-HAL: [ResourceManager.cpp]updateResource(): [CPUMaxFreq] UpdateResource Request ID : 12794225    Value : 2208000
03-08 15:13:42.465  3258  3258 I TopTaskTracker: onTaskMovedToFront : taskId = 3068
03-08 15:13:42.466  2578  2664 D NativeCustomFrequencyManager: [NativeCFMS] BpCustomFrequencyManager::BpCustomFrequencyManager()
03-08 15:13:42.468  1472  6022 D InputTransport: Input channel constructed: 'd4b0bbc', fd=715
03-08 15:13:42.468  1472  6022 D InputTransport: Input channel constructed: 'd4b0bbc', fd=743
03-08 15:13:42.468  1472  6022 D InputTransport: Input channel constructed: 'd4b0bbc', fd=756
03-08 15:13:42.468  1327  1414 I SurfaceFlinger: id=35384 createSurf, flag=80004, d4b0bbc Splash Screen com.example.cmput301w24t33#35384
03-08 15:13:42.469  1472  6022 D InputTransport: Input channel destroyed: 'd4b0bbc', fd=756
03-08 15:13:42.470  2578  2656 D InsetsController: onStateChanged: InsetsState: {mDisplayFrame=Rect(0, 0 - 1080, 2400), mDisplayCutout=DisplayCutout{insets=Rect(0, 91 - 0, 0) waterfall=Insets{left=0, top=0, right=0, bottom=0} boundingRect={Bounds=[Rect(0, 0 - 0, 0), Rect(503, 0 - 577, 91), Rect(0, 0 - 0, 0), Rect(0, 0 - 0, 0)]} cutoutPathParserInfo={CutoutPathParserInfo{displayWidth=1080 displayHeight=2400 physicalDisplayWidth=1080 physicalDisplayHeight=2400 density={2.625} cutoutSpec={M 0,0 H -14.0952380952381 V 34.66666666666667 H 14.0952380952381 V 0 H 0 Z @dp} rotation={0} scale={1.0} physicalPixelDisplaySizeRatio={1.0}}}}, mRoundedCorners=RoundedCorners{[RoundedCorner{position=TopLeft, radius=84, center=Point(84, 84)}, RoundedCorner{position=TopRight, radius=84, center=Point(996, 84)}, RoundedCorner{position=BottomRight, radius=84, center=Point(996, 2316)}, RoundedCorner{position=BottomLeft, radius=84, center=Point(84, 2316)}]}  mRoundedCornerFrame=Rect(0, 0 - 1080, 2400), mPrivacyIndicatorBounds=PrivacyIndicatorBounds {static bounds=Rect(964, 0 - 1080, 91) rotation=0}, mSources= { InsetsSource: {mType=ITYPE_STATUS_BAR, mFrame=[0,0][1080,91], mVisible=true, mInsetsRoundedCornerFrame=false}, InsetsSource: {mType=ITYPE_NAVIGATION_BAR, mFrame=[0,2274][1080,2400], mVisible=true, mInsetsRoundedCornerFrame=false}, InsetsSource: {mType=ITYPE_LEFT_GESTURES, mFrame=[0,0][0,2400], mVisible=true, mInsetsRoundedCornerFrame=false}, InsetsSource: {mType=ITYPE_RIGHT_GESTURES, mFrame=[1080,0][1080,2400], mVisible=true, mInsetsRoundedCornerFrame=false}, InsetsSource: {mType=ITYPE_TOP_MANDATORY_GESTURES, mFrame=[0,0][1080,123], mVisible=true, mInsetsRoundedCornerFrame=false}, InsetsSource: {mType=ITYPE_BOTTOM_MANDATORY_GESTURES, mFrame=[0,2274][1080,2400], mVisible=true, mInsetsRoundedCornerFrame=false}, InsetsSource: {mType=ITYPE_LEFT_DISPLAY_CUTOUT, mFrame=[0,0][-100000,2400], mVisible=true, mInsetsRoundedCornerFrame=false}, InsetsSource: {mType=ITYPE_TOP_DISPLAY_CUTOUT, mFrame=[0,0][1080,91], mVisible=true, mInsetsRoundedCornerFrame=false}, InsetsSource: {mType=ITYPE_RIGHT_DISPLAY_CUTOUT, mFrame=[100000,0][1080,2400], mVisible=true, mInsetsRoundedCornerFrame=false}, InsetsSource: {mType=ITYPE_BOTTOM_DISPLAY_CUTOUT, mFrame=[0,100000][1080,2400], mVisible=true, mInsetsRoundedCornerFrame=false}, InsetsSource: {mType=ITYPE_TOP_TAPPABLE_ELEMENT, mFrame=[0,0][1080,91], mVisible=true, mInsetsRoundedCornerFrame=false}, InsetsSource: {mType=ITYPE_BOTTOM_TAPPABLE_ELEMENT, mFrame=[0,2274][1080,2400], mVisible=true, mInsetsRoundedCornerFrame=false} } host=Splash Screen com.example.cmput301w24t33 from=android.view.ViewRootImpl.setView:1732
03-08 15:13:42.471  2578  2656 I ViewRootImpl@f95ffb[cmput301w24t33]: setView = android.widget.FrameLayout@77400d7 TM=true
03-08 15:13:42.472 26952 26952 I ViewRootImpl@d7f2b6a[InstrumentationActivityInvoker$EmptyActivity]: performTraversals params={(0,0)(fillxfill) sim={adjust=pan forwardNavigation} ty=BASE_APPLICATION
03-08 15:13:42.472 26952 26952 I ViewRootImpl@d7f2b6a[InstrumentationActivityInvoker$EmptyActivity]:   fl=81810100
03-08 15:13:42.472 26952 26952 I ViewRootImpl@d7f2b6a[InstrumentationActivityInvoker$EmptyActivity]:   pfl=12020040
03-08 15:13:42.472 26952 26952 I ViewRootImpl@d7f2b6a[InstrumentationActivityInvoker$EmptyActivity]:   bhv=DEFAULT
03-08 15:13:42.472 26952 26952 I ViewRootImpl@d7f2b6a[InstrumentationActivityInvoker$EmptyActivity]:   fitSides= naviIconColor=0
03-08 15:13:42.472 26952 26952 I ViewRootImpl@d7f2b6a[InstrumentationActivityInvoker$EmptyActivity]:   sfl=100000}
03-08 15:13:42.474 26934 27023 D ConnectivityManager: StackLog: [android.net.ConnectivityManager.sendRequestForNetwork(ConnectivityManager.java:4359)] [android.net.ConnectivityManager.registerDefaultNetworkCallbackForUid(ConnectivityManager.java:4923)] [android.net.ConnectivityManager.registerDefaultNetworkCallback(ConnectivityManager.java:4890)] [android.net.ConnectivityManager.registerDefaultNetworkCallback(ConnectivityManager.java:4864)] [olk.a(PG:9)] [lhu.d(PG:118)] [lhu.b(PG:2899)] [azth.b(PG:14)] [aztg.b(PG:5)] [azth.b(PG:14)] [mvd.a(PG:444)] [aruz.d(PG:3)] [arvb.run(PG:42)] [java.util.concurrent.ThreadPoolExecutor.runWorker(ThreadPoolExecutor.java:1145)] [java.util.concurrent.ThreadPoolExecutor$Worker.run(ThreadPoolExecutor.java:644)] [opv.run(PG:202)] [java.lang.Thread.run(Thread.java:1012)]
03-08 15:13:42.474 26952 26952 I ViewRootImpl@d7f2b6a[InstrumentationActivityInvoker$EmptyActivity]: performTraversals mFirst=true windowShouldResize=true viewVisibilityChanged=false mForceNextWindowRelayout=false params={(0,0)(fillxfill) sim={adjust=pan forwardNavigation} ty=BASE_APPLICATION
03-08 15:13:42.474 26952 26952 I ViewRootImpl@d7f2b6a[InstrumentationActivityInvoker$EmptyActivity]:   fl=81810100
03-08 15:13:42.474 26952 26952 I ViewRootImpl@d7f2b6a[InstrumentationActivityInvoker$EmptyActivity]:   pfl=12020040
03-08 15:13:42.474 26952 26952 I ViewRootImpl@d7f2b6a[InstrumentationActivityInvoker$EmptyActivity]:   bhv=DEFAULT
03-08 15:13:42.474 26952 26952 I ViewRootImpl@d7f2b6a[InstrumentationActivityInvoker$EmptyActivity]:   fitSides= naviIconColor=0
03-08 15:13:42.474 26952 26952 I ViewRootImpl@d7f2b6a[InstrumentationActivityInvoker$EmptyActivity]:   sfl=100000}
03-08 15:13:42.475  1472  6022 V WindowManager: Relayout Window{deb078 u0 com.example.cmput301w24t33.test/androidx.test.core.app.InstrumentationActivityInvoker$EmptyActivity}: viewVisibility=0 req=1080x2400 d0
03-08 15:13:42.475  1472  2910 D ConnectivityService: requestNetwork for uid/pid:10233/26934 activeRequest: null callbackRequest: 7863 [NetworkRequest [ REQUEST id=7864, [ Capabilities: INTERNET&NOT_RESTRICTED&TRUSTED&NOT_VCN_MANAGED Uid: 10233 RequestorUid: 10233 RequestorPkg: com.android.vending UnderlyingNetworks: Null] ]] callback flags: 0 order: 2147483647
03-08 15:13:42.475  1327  1414 I SurfaceFlinger: id=35385 createSurf, flag=40004, com.example.cmput301w24t33.test/androidx.test.core.app.InstrumentationActivityInvoker$EmptyActivity$_26952#35385
03-08 15:13:42.476  1472  2376 D ConnectivityService:    accepting network in place of null
03-08 15:13:42.477  2578  2656 I ViewRootImpl@f95ffb[cmput301w24t33]: performTraversals params={(0,0)(fillxfill) sim={adjust=pan} ty=APPLICATION_STARTING fmt=TRANSLUCENT wanim=0x1030309
03-08 15:13:42.477  2578  2656 I ViewRootImpl@f95ffb[cmput301w24t33]:   fl=81030118
03-08 15:13:42.477  2578  2656 I ViewRootImpl@f95ffb[cmput301w24t33]:   pfl=16000010
03-08 15:13:42.477  2578  2656 I ViewRootImpl@f95ffb[cmput301w24t33]:   apr=LIGHT_STATUS_BARS LIGHT_NAVIGATION_BARS
03-08 15:13:42.477  2578  2656 I ViewRootImpl@f95ffb[cmput301w24t33]:   bhv=DEFAULT
03-08 15:13:42.477  2578  2656 I ViewRootImpl@f95ffb[cmput301w24t33]:   fitSides= naviIconColor=0}
03-08 15:13:42.478  2578  2656 I ViewRootImpl@f95ffb[cmput301w24t33]: performTraversals mFirst=true windowShouldResize=true viewVisibilityChanged=false mForceNextWindowRelayout=false params={(0,0)(fillxfill) sim={adjust=pan} ty=APPLICATION_STARTING fmt=TRANSLUCENT wanim=0x1030309
03-08 15:13:42.478  2578  2656 I ViewRootImpl@f95ffb[cmput301w24t33]:   fl=81030118
03-08 15:13:42.478  2578  2656 I ViewRootImpl@f95ffb[cmput301w24t33]:   pfl=16000010
03-08 15:13:42.478  2578  2656 I ViewRootImpl@f95ffb[cmput301w24t33]:   apr=LIGHT_STATUS_BARS LIGHT_NAVIGATION_BARS
03-08 15:13:42.478  2578  2656 I ViewRootImpl@f95ffb[cmput301w24t33]:   bhv=DEFAULT
03-08 15:13:42.478  2578  2656 I ViewRootImpl@f95ffb[cmput301w24t33]:   fitSides= naviIconColor=0}
03-08 15:13:42.480  1472  2366 D WifiNetworkFactory: got request NetworkRequest [ REQUEST id=7864, [ Capabilities: INTERNET&NOT_RESTRICTED&TRUSTED&NOT_VCN_MANAGED Uid: 10233 RequestorUid: 10233 RequestorPkg: com.android.vending UnderlyingNetworks: Null] ]
03-08 15:13:42.481  1472  2366 D UntrustedWifiNetworkFactory: got request NetworkRequest [ REQUEST id=7864, [ Capabilities: INTERNET&NOT_RESTRICTED&TRUSTED&NOT_VCN_MANAGED Uid: 10233 RequestorUid: 10233 RequestorPkg: com.android.vending UnderlyingNetworks: Null] ]
03-08 15:13:42.481  1327  1414 I SurfaceFlinger: id=35386 createSurf, flag=24000, Surface(name=c9f16ce StatusBar)/@0xc28a9d9 - animation-leash of insets_animation#35386
03-08 15:13:42.481  1472  2366 D OemPaidWifiNetworkFactory: got request NetworkRequest [ REQUEST id=7864, [ Capabilities: INTERNET&NOT_RESTRICTED&TRUSTED&NOT_VCN_MANAGED Uid: 10233 RequestorUid: 10233 RequestorPkg: com.android.vending UnderlyingNetworks: Null] ]
03-08 15:13:42.481  5242  5242 I Utils   : isCurrentUser current = 0, ownerId = 0
03-08 15:13:42.482  5242  5242 I TrayVisibilityController: getComputedTrayVisible : keyguardState = 1
03-08 15:13:42.482  5242  5242 I TrayVisibilityController: updateTrayVisible: State=1 visible=1 mCurrentVisible=1 specificMode=0
03-08 15:13:42.482  1327  1414 I SurfaceFlinger: id=35387 createSurf, flag=24000, Surface(name=296f76f NavigationBar0)/@0x8bb6395 - animation-leash of insets_animation#35387
03-08 15:13:42.482  5242  5242 I TrayStateController: onNotifyUpdateTray: state=0
03-08 15:13:42.482 26770 26871 I Finsky  : [481] tkq.y(6): getDownloads()
03-08 15:13:42.483  1472  2366 D MultiInternetWifiNetworkFactory: got request NetworkRequest [ REQUEST id=7864, [ Capabilities: INTERNET&NOT_RESTRICTED&TRUSTED&NOT_VCN_MANAGED Uid: 10233 RequestorUid: 10233 RequestorPkg: com.android.vending UnderlyingNetworks: Null] ]
03-08 15:13:42.483  2578  2578 D SamsungLightBarControlHelper: onStatusBarAppearanceChanged() -  sbModeChanged:false, statusBarMode:MODE_TRANSPARENT, barState:SHADE, isKeyguardShowing:false, navbarColorManagedByIme:false, stackAppearancesChanged:true, (AppearanceRegion{LIGHT_STATUS_BARS bounds=[0,0][1080,2400]}, ), packageName:com.example.cmput301w24t33.test
03-08 15:13:42.483 27004 27004 I FILP/FilterProvider: versionName : 6.0.14, DB version : 101
03-08 15:13:42.483  1472  6022 V WindowManager: Relayout hash=deb078, pid=26952, syncId=-1: mAttrs={(0,0)(fillxfill) sim={adjust=pan forwardNavigation} ty=BASE_APPLICATION
03-08 15:13:42.483  1472  6022 V WindowManager:   fl=81810100
03-08 15:13:42.483  1472  6022 V WindowManager:   pfl=12020040
03-08 15:13:42.483  1472  6022 V WindowManager:   apr=LIGHT_NAVIGATION_BARS
03-08 15:13:42.483  1472  6022 V WindowManager:   bhv=DEFAULT
03-08 15:13:42.483  1472  6022 V WindowManager:   fitSides= naviIconColor=0
03-08 15:13:42.483  1472  6022 V WindowManager:   sfl=100000}
03-08 15:13:42.484  2578  2578 D SamsungLightBarControlHelper: updateStatus(BLACK icon) NumStacks:1, StatusBarMode:MODE_TRANSPARENT, lightBarBounds:[Rect(0, 0 - 1080, 2400)], StatusBarState:SHADE, packageName:com.example.cmput301w24t33.test, isWhiteKeyguardStatusBarBySettings:true
03-08 15:13:42.484 27004 27004 I FILP/e  : CscFeature : IntroNoSimLock
03-08 15:13:42.484  1472  2376 D ConnectivityService: Rematched networks [computed 0ms] [applied 4ms] [issued 4]
03-08 15:13:42.484  1472  2376 D ConnectivityService: NetworkReassignment :
03-08 15:13:42.484  1472  2376 D ConnectivityService:   7864 : null → 162
03-08 15:13:42.485 26934 27031 I Finsky:background: [466] ohp.i(6): getDownloads()
03-08 15:13:42.486  1472  5215 V WindowManager: Relayout Window{d4b0bbc u0 Splash Screen com.example.cmput301w24t33}: viewVisibility=0 req=1080x2400 d0
03-08 15:13:42.486 27004 27004 I FILP/e  : existTBFilters : false
03-08 15:13:42.486 27004 27004 I FILP/e  : Preload Filter Version : 5
03-08 15:13:42.486 27004 27004 I FILP/e  : One UI version : 50100
03-08 15:13:42.487  1327  1413 I SurfaceFlinger: id=35388 createSurf, flag=40004, Splash Screen com.example.cmput301w24t33$_2578#35388
03-08 15:13:42.487 26952 26952 I ViewRootImpl@d7f2b6a[InstrumentationActivityInvoker$EmptyActivity]: updateBlastSurfaceIfNeeded mBlastBufferQueue=null isSameSurfaceControl=false
03-08 15:13:42.487 26952 26952 E BufferQueueProducer: Unable to open libpenguin.so: dlopen failed: library "libpenguin.so" not found.
03-08 15:13:42.488 26952 26952 I BLASTBufferQueue: new BLASTBufferQueue, mName= ViewRootImpl@d7f2b6a[InstrumentationActivityInvoker$EmptyActivity] mNativeObject= 0xb400007ceb0ddc80 sc.mNativeObject= 0xb400007c80fc2840 caller= android.view.ViewRootImpl.updateBlastSurfaceIfNeeded:2909 android.view.ViewRootImpl.relayoutWindow:9847 android.view.ViewRootImpl.performTraversals:3884 android.view.ViewRootImpl.doTraversal:3116 android.view.ViewRootImpl$TraversalRunnable.run:10885 android.view.Choreographer$CallbackRecord.run:1301 android.view.Choreographer$CallbackRecord.run:1309 android.view.Choreographer.doCallbacks:923 android.view.Choreographer.doFrame:852 android.view.Choreographer$FrameDisplayEventReceiver.run:1283
03-08 15:13:42.489 26952 26952 I BLASTBufferQueue: update, w= 1080 h= 2400 mName = ViewRootImpl@d7f2b6a[InstrumentationActivityInvoker$EmptyActivity] mNativeObject= 0xb400007ceb0ddc80 sc.mNativeObject= 0xb400007c80fc2840 format= -1 caller= android.graphics.BLASTBufferQueue.<init>:84 android.view.ViewRootImpl.updateBlastSurfaceIfNeeded:2909 android.view.ViewRootImpl.relayoutWindow:9847 android.view.ViewRootImpl.performTraversals:3884 android.view.ViewRootImpl.doTraversal:3116 android.view.ViewRootImpl$TraversalRunnable.run:10885
03-08 15:13:42.489 26770 26931 I Finsky  : [506] rga.run(66): Installer: Installer starting
03-08 15:13:42.489 27004 27004 I FILP/d  : storeThirdPartyExternalFilters
03-08 15:13:42.489 26770 26931 I Finsky  : [506] rga.run(89): Installer: Installer started
03-08 15:13:42.489 27004 27004 I FILP/FilterProvider: query: X
03-08 15:13:42.490 26952 26952 I ViewRootImpl@d7f2b6a[InstrumentationActivityInvoker$EmptyActivity]: Relayout returned: old=(0,0,1080,2400) new=(0,0,1080,2400) req=(1080,2400)0 dur=13 res=0x3 s={true 0xb400007cef876800} ch=true seqId=0
03-08 15:13:42.490  1327  1413 W ServiceManager: Permission failure: android.permission.ACCESS_SURFACE_FLINGER from uid=10453 pid=0
03-08 15:13:42.490  1327  1413 D PermissionCache: checking android.permission.ACCESS_SURFACE_FLINGER for uid=10453 => denied (778 us)
03-08 15:13:42.490  1472  5215 V WindowManager: Relayout hash=d4b0bbc, pid=2578, syncId=-1: mAttrs={(0,0)(fillxfill) sim={adjust=pan} ty=APPLICATION_STARTING fmt=TRANSLUCENT wanim=0x1030309
03-08 15:13:42.490  1472  5215 V WindowManager:   fl=81030118
03-08 15:13:42.490  1472  5215 V WindowManager:   pfl=16000010
03-08 15:13:42.490  1472  5215 V WindowManager:   apr=LIGHT_STATUS_BARS LIGHT_NAVIGATION_BARS
03-08 15:13:42.490  1472  5215 V WindowManager:   bhv=DEFAULT
03-08 15:13:42.490  1472  5215 V WindowManager:   fitSides= naviIconColor=0}
03-08 15:13:42.490  1327  1413 W ServiceManager: Permission failure: android.permission.ROTATE_SURFACE_FLINGER from uid=10453 pid=0
03-08 15:13:42.490  1327  1413 D PermissionCache: checking android.permission.ROTATE_SURFACE_FLINGER for uid=10453 => denied (450 us)
03-08 15:13:42.491  1327  1413 W ServiceManager: Permission failure: android.permission.INTERNAL_SYSTEM_WINDOW from uid=10453 pid=0
03-08 15:13:42.491  1327  1413 D PermissionCache: checking android.permission.INTERNAL_SYSTEM_WINDOW for uid=10453 => denied (464 us)
03-08 15:13:42.491  1327  1414 W ServiceManager: Permission failure: android.permission.ACCESS_SURFACE_FLINGER from uid=10453 pid=26952
03-08 15:13:42.491  1327  1414 D PermissionCache: checking android.permission.ACCESS_SURFACE_FLINGER for uid=10453 => denied (1191 us)
03-08 15:13:42.491  2578  2656 I ViewRootImpl@f95ffb[cmput301w24t33]: updateBlastSurfaceIfNeeded mBlastBufferQueue=null isSameSurfaceControl=false
03-08 15:13:42.492  2578  2656 I BLASTBufferQueue: new BLASTBufferQueue, mName= ViewRootImpl@f95ffb[cmput301w24t33] mNativeObject= 0xb400007c52070400 sc.mNativeObject= 0xb400007c52e5ada0 caller= android.view.ViewRootImpl.updateBlastSurfaceIfNeeded:2909 android.view.ViewRootImpl.relayoutWindow:9847 android.view.ViewRootImpl.performTraversals:3884 android.view.ViewRootImpl.doTraversal:3116 android.view.ViewRootImpl$TraversalRunnable.run:10885 android.view.Choreographer$CallbackRecord.run:1301 android.view.Choreographer$CallbackRecord.run:1309 android.view.Choreographer.doCallbacks:923 android.view.Choreographer.doFrame:852 android.view.Choreographer$FrameDisplayEventReceiver.run:1283
03-08 15:13:42.492  2578  2656 I BLASTBufferQueue: update, w= 1080 h= 2400 mName = ViewRootImpl@f95ffb[cmput301w24t33] mNativeObject= 0xb400007c52070400 sc.mNativeObject= 0xb400007c52e5ada0 format= -3 caller= android.graphics.BLASTBufferQueue.<init>:84 android.view.ViewRootImpl.updateBlastSurfaceIfNeeded:2909 android.view.ViewRootImpl.relayoutWindow:9847 android.view.ViewRootImpl.performTraversals:3884 android.view.ViewRootImpl.doTraversal:3116 android.view.ViewRootImpl$TraversalRunnable.run:10885
03-08 15:13:42.492  2578  2656 I ViewRootImpl@f95ffb[cmput301w24t33]: Relayout returned: old=(0,0,1080,2400) new=(0,0,1080,2400) req=(1080,2400)0 dur=13 res=0x3 s={true 0xb400007c52be0800} ch=true seqId=0
03-08 15:13:42.492  2578  2656 I ViewRootImpl@f95ffb[cmput301w24t33]: mThreadedRenderer.initialize() mSurface={isValid=true 0xb400007c52be0800} hwInitialized=true
03-08 15:13:42.492  2578  2664 D OpenGLRenderer: eglCreateWindowSurface
03-08 15:13:42.493  2578  2656 I ViewRootImpl@f95ffb[cmput301w24t33]: reportNextDraw android.view.ViewRootImpl.performTraversals:4438 android.view.ViewRootImpl.doTraversal:3116 android.view.ViewRootImpl$TraversalRunnable.run:10885 android.view.Choreographer$CallbackRecord.run:1301 android.view.Choreographer$CallbackRecord.run:1309
03-08 15:13:42.493  2578  2656 I ViewRootImpl@f95ffb[cmput301w24t33]: Setup new sync id=0
03-08 15:13:42.493  2578  2656 I ViewRootImpl@f95ffb[cmput301w24t33]: Setting syncFrameCallback
03-08 15:13:42.493  2578  2656 I ViewRootImpl@f95ffb[cmput301w24t33]: registerCallbacksForSync syncBuffer=false
03-08 15:13:42.493  1327  1327 I Layer   : id=35369 removedFromDrawingState Surface(name=c9f16ce StatusBar)/@0xc28a9d9 - animation-leash of insets_animation#35369 (138)
03-08 15:13:42.493  1327  1327 I Layer   : id=35370 removedFromDrawingState Surface(name=296f76f NavigationBar0)/@0x8bb6395 - animation-leash of insets_animation#35370 (138)
03-08 15:13:42.494  1327  1327 I SurfaceFlinger: id=35369 Removed Surface(name=c9f16ce StatusBar)/@0xc28a9d9 - animation-leash of insets_animation#35369 (138)
03-08 15:13:42.494  1327  1327 I SurfaceFlinger: id=35370 Removed Surface(name=296f76f NavigationBar0)/@0x8bb6395 - animation-leash of insets_animation#35370 (138)
03-08 15:13:42.494  1327  1327 I Layer   : id=35369 Destroyed Surface(name=c9f16ce StatusBar)/@0xc28a9d9 - animation-leash of insets_animation#35369
03-08 15:13:42.494  1327  1327 I Layer   : id=35370 Destroyed Surface(name=296f76f NavigationBar0)/@0x8bb6395 - animation-leash of insets_animation#35370
03-08 15:13:42.495  2578  2578 I ViewRootImpl@1c1cd0e[NotificationShade]: performTraversals mFirst=false windowShouldResize=false viewVisibilityChanged=false mForceNextWindowRelayout=false params={(0,0)(fillxfill) gr=TOP CENTER_VERTICAL sim={adjust=resize} layoutInDisplayCutoutMode=always ty=NOTIFICATION_SHADE fmt=TRANSLUCENT
03-08 15:13:42.495  2578  2578 I ViewRootImpl@1c1cd0e[NotificationShade]:   fl=81840048
03-08 15:13:42.495  2578  2578 I ViewRootImpl@1c1cd0e[NotificationShade]:   pfl=1b000000
03-08 15:13:42.495  2578  2578 I ViewRootImpl@1c1cd0e[NotificationShade]:   vsysui=2000
03-08 15:13:42.495  2578  2578 I ViewRootImpl@1c1cd0e[NotificationShade]:   apr=LIGHT_STATUS_BARS
03-08 15:13:42.495  2578  2578 I ViewRootImpl@1c1cd0e[NotificationShade]:   bhv=SHOW_TRANSIENT_BARS_BY_SWIPE naviIconColor=0
03-08 15:13:42.495  2578  2578 I ViewRootImpl@1c1cd0e[NotificationShade]:   sfl=60000}
03-08 15:13:42.496  1472  2910 V WindowManager: Relayout Window{85bfa35 u0 NotificationShade}: viewVisibility=4 req=1080x2400 d0
03-08 15:13:42.496  1472  3480 D InputDispatcher: Focus request (0): deb078 com.example.cmput301w24t33.test/androidx.test.core.app.InstrumentationActivityInvoker$EmptyActivity but waiting because NO_WINDOW
03-08 15:13:42.496 26952 26952 I ViewRootImpl@d7f2b6a[InstrumentationActivityInvoker$EmptyActivity]: mThreadedRenderer.initialize() mSurface={isValid=true 0xb400007cef876800} hwInitialized=true
03-08 15:13:42.497  1250  9148 I SDM     : HWCDisplay::GetColorModeCount: Supported color mode count = 3
03-08 15:13:42.497  1250  9148 I SDM     : HWCDisplay::GetColorModes: Color mode = 0 is supported
03-08 15:13:42.497  1250  9148 I SDM     : HWCDisplay::GetColorModes: Color mode = 7 is supported
03-08 15:13:42.497  1250  9148 I SDM     : HWCDisplay::GetColorModes: Color mode = 9 is supported
03-08 15:13:42.497  2578  2712 I ViewRootImpl@f95ffb[cmput301w24t33]: Received frameDrawingCallback syncResult=0 frameNum=1.
03-08 15:13:42.497  2578  2712 I ViewRootImpl@f95ffb[cmput301w24t33]: Setting up sync and frameCommitCallback
03-08 15:13:42.499 26952 26996 D OpenGLRenderer: eglCreateWindowSurface
03-08 15:13:42.499  2578  2664 I BLASTBufferQueue: [ViewRootImpl@f95ffb[cmput301w24t33]#939](f:0,a:0) onFrameAvailable the first frame is available
03-08 15:13:42.499  2578  2664 I ViewRootImpl@f95ffb[cmput301w24t33]: Received frameCommittedCallback lastAttemptedDrawFrameNum=1 didProduceBuffer=true
03-08 15:13:42.500  1472  2910 V WindowManager: Relayout hash=85bfa35, pid=2578, syncId=-1: mAttrs={(0,0)(fillxfill) gr=TOP CENTER_VERTICAL sim={adjust=resize} layoutInDisplayCutoutMode=always ty=NOTIFICATION_SHADE fmt=TRANSLUCENT
03-08 15:13:42.500  1472  2910 V WindowManager:   fl=81840048
03-08 15:13:42.500  1472  2910 V WindowManager:   pfl=1b000000
03-08 15:13:42.500  1472  2910 V WindowManager:   vsysui=2000
03-08 15:13:42.500  1472  2910 V WindowManager:   apr=LIGHT_STATUS_BARS
03-08 15:13:42.500  1472  2910 V WindowManager:   bhv=SHOW_TRANSIENT_BARS_BY_SWIPE naviIconColor=0
03-08 15:13:42.500  1472  2910 V WindowManager:   sfl=60000}
03-08 15:13:42.500  2578  2664 D OpenGLRenderer: CFMS:: SetUp Pid : 2578    Tid : 2664
03-08 15:13:42.500  1244  3899 I vendor.qti.bluetooth@1.0-ibs_handler: ProcessIbsCmd: Received IBS_WAKE_IND: 0xFD
03-08 15:13:42.500  1244  3899 D vendor.qti.bluetooth@1.0-ibs_handler: SerialClockVote: vote for UART CLK ON
03-08 15:13:42.500  2578  2664 W Parcel  : Expecting binder but got null!
03-08 15:13:42.500  2578  2656 I ViewRootImpl@f95ffb[cmput301w24t33]: onSyncComplete
03-08 15:13:42.501  2578  2578 I ViewRootImpl@1c1cd0e[NotificationShade]: Relayout returned: old=(0,0,1080,2400) new=(0,0,1080,2400) req=(1080,2400)4 dur=5 res=0x0 s={false 0x0} ch=false seqId=0
03-08 15:13:42.501  1244  3899 D vendor.qti.bluetooth@1.0-wake_lock: Acquire wakelock is acquired
03-08 15:13:42.501  1244  3899 I vendor.qti.bluetooth@1.0-ibs_handler: ProcessIbsCmd: Writing IBS_WAKE_ACK
03-08 15:13:42.501  2578  2656 I ViewRootImpl@f95ffb[cmput301w24t33]: setupSync seqId=0 mSyncId=0 fn=1 caller=android.view.ViewRootImpl$$ExternalSyntheticLambda11.accept:6 android.window.SurfaceSyncer.lambda$setupSync$1$android-window-SurfaceSyncer:128 android.window.SurfaceSyncer$$ExternalSyntheticLambda1.accept:8 android.window.SurfaceSyncer$SyncSet.checkIfSyncIsComplete:382 android.window.SurfaceSyncer$SyncSet.markSyncReady:359 android.window.SurfaceSyncer.markSyncReady:151 android.view.ViewRootImpl.performTraversals:4503
03-08 15:13:42.501  2578  2656 I ViewRootImpl@f95ffb[cmput301w24t33]: reportDrawFinished seqId=0 mSyncId=-1 fn=1 mSurfaceChangedTransaction=0xb400007c81ff6f00
03-08 15:13:42.502 26952 26952 I ViewRootImpl@d7f2b6a[InstrumentationActivityInvoker$EmptyActivity]: reportNextDraw android.view.ViewRootImpl.performTraversals:4438 android.view.ViewRootImpl.doTraversal:3116 android.view.ViewRootImpl$TraversalRunnable.run:10885 android.view.Choreographer$CallbackRecord.run:1301 android.view.Choreographer$CallbackRecord.run:1309
03-08 15:13:42.502 26952 26952 I ViewRootImpl@d7f2b6a[InstrumentationActivityInvoker$EmptyActivity]: Setup new sync id=0
03-08 15:13:42.502 26952 26952 I ViewRootImpl@d7f2b6a[InstrumentationActivityInvoker$EmptyActivity]: Setting syncFrameCallback
03-08 15:13:42.502 26952 26952 I ViewRootImpl@d7f2b6a[InstrumentationActivityInvoker$EmptyActivity]: registerCallbacksForSync syncBuffer=false
03-08 15:13:42.505 27004 27004 I FILP/FilterProvider: query: E
03-08 15:13:42.506 27004 27004 I FILP/d  : installFilters
03-08 15:13:42.506 27004 27004 I FILP/FilterProvider: query: X
03-08 15:13:42.507 27004 27004 I FILP/FilterProvider: query: E
03-08 15:13:42.507 27004 27004 I FILP/d  : loadExternalFilter count : 12
03-08 15:13:42.507  2578  2578 I FaceWidgetPositionAlgorithm: getClockContainerHeight() supplier = 227, bottom margin = 0, real height = 290
03-08 15:13:42.508  2578  2578 I ClockInfoManager: isClockFaceType: type = 9 clockFaceType = 0
03-08 15:13:42.508  2578  2578 D FaceWidgetPositionAlgorithm: getTopMargin scale = 0.8408237, clockContainerHeight = 227, scaleMarginY = 21
03-08 15:13:42.508 27004 27004 I FILP/FilterProvider: query: X
03-08 15:13:42.508  2578  2578 I FaceWidgetPositionAlgorithm: getClockContainerHeight() supplier = 227, bottom margin = 63, real height = 290
03-08 15:13:42.508  2578  2578 I FaceWidgetPositionAlgorithm: getMediaContainerHeight() height = 456 container Visibility = 8, isValid = true, mIsDozing = false, fraction = 1.0, source = 0, target = 0
03-08 15:13:42.508  2578  2578 I FaceWidgetPositionAlgorithm: getMediaContainerHeight() supplier = 456
03-08 15:13:42.508 26952 27034 I ViewRootImpl@d7f2b6a[InstrumentationActivityInvoker$EmptyActivity]: Received frameDrawingCallback syncResult=0 frameNum=1.
03-08 15:13:42.508 26952 27034 I ViewRootImpl@d7f2b6a[InstrumentationActivityInvoker$EmptyActivity]: Setting up sync and frameCommitCallback
03-08 15:13:42.508   604   614 I servicemanager: Could not find android.hardware.graphics.allocator.IAllocator/default in the VINTF manifest.
03-08 15:13:42.509 27004 27004 I FILP/FilterProvider: query: E
03-08 15:13:42.516 27004 27004 I FILP/c  : getFileCount : file count = 4
03-08 15:13:42.516 27004 27004 I FILP/c  : isDBExists : count = 4, return.
03-08 15:13:42.520 27004 27004 I FILP/PackageIntentReceiver: action : com.samsung.android.provider.filterprovider.INTENT_PACKAGE_ADDED
03-08 15:13:42.520 27004 27004 I FILP/PackageIntentReceiver: pkgName : com.example.cmput301w24t33
03-08 15:13:42.521 27004 27004 E FILP/PackageIntentReceiver: This package is not a effect filter
03-08 15:13:42.524 26952 26996 I BLASTBufferQueue: [ViewRootImpl@d7f2b6a[InstrumentationActivityInvoker$EmptyActivity]#0](f:0,a:0) onFrameAvailable the first frame is available
03-08 15:13:42.525 26952 26996 I ViewRootImpl@d7f2b6a[InstrumentationActivityInvoker$EmptyActivity]: Received frameCommittedCallback lastAttemptedDrawFrameNum=1 didProduceBuffer=true
03-08 15:13:42.525 26952 26996 D OpenGLRenderer: CFMS:: SetUp Pid : 26952    Tid : 26996
03-08 15:13:42.526 26770 26770 I Finsky  : [2] rmf.Q(85): Installer: found apps to install. apps=[]
03-08 15:13:42.531 26952 26996 W Parcel  : Expecting binder but got null!
03-08 15:13:42.532 26952 26952 I ViewRootImpl@d7f2b6a[InstrumentationActivityInvoker$EmptyActivity]: onSyncComplete
03-08 15:13:42.532 26952 26952 I ViewRootImpl@d7f2b6a[InstrumentationActivityInvoker$EmptyActivity]: setupSync seqId=0 mSyncId=0 fn=1 caller=android.view.ViewRootImpl$$ExternalSyntheticLambda11.accept:6 android.window.SurfaceSyncer.lambda$setupSync$1$android-window-SurfaceSyncer:128 android.window.SurfaceSyncer$$ExternalSyntheticLambda1.accept:8 android.window.SurfaceSyncer$SyncSet.checkIfSyncIsComplete:382 android.window.SurfaceSyncer$SyncSet.markSyncReady:359 android.window.SurfaceSyncer.markSyncReady:151 android.view.ViewRootImpl.performTraversals:4503
03-08 15:13:42.533 26952 26952 I ViewRootImpl@d7f2b6a[InstrumentationActivityInvoker$EmptyActivity]: reportDrawFinished seqId=0 mSyncId=-1 fn=1 mSurfaceChangedTransaction=0xb400007c80f76000
03-08 15:13:42.532  1180  1180 D Zygote  : Forked child process 27040
03-08 15:13:42.534 26770 27038 I Finsky  : [511] rlo.a(98): IV2: found recoverable installs: []
03-08 15:13:42.536  1472  1884 I SemDvfsHyPerManager: acquire hyper - AMS_RESUME_TAIL/1472@16, type = -999
03-08 15:13:42.536  1472  1884 I SemDvfsHyPerManager: acquire hyper - AMS_ACT_LAZY/1472@17, type = -999
03-08 15:13:42.536  1257  1326 I HYPER-HAL: [RequestManager.cpp]acquire(): Acquired ID : 1107832  [1472 / 16]    HINT : AMS_RESUME_TAIL    list :
03-08 15:13:42.536  1472  1876 W ziparchive: Unable to open '/data/app/~~5YYnvnDDujNmeUExSm1Obg==/com.example.cmput301w24t33.test-SwK-uf5IpLknilFLzbt1hg==/base.dm': No such file or directory
03-08 15:13:42.538  1257  1326 I HYPER-HAL: [ResourceManager.cpp]updateResource(): [CPUMinFreq] UpdateResource Request ID : 1107832    Value : 1324800
03-08 15:13:42.538  1257  1326 I HYPER-HAL: [RequestManager.cpp]acquire(): Acquired ID : 1109322  [1472 / 17]    HINT : AMS_ACT_LAZY    list :
03-08 15:13:42.538  1257  1326 I HYPER-HAL: [ResourceManager.cpp]removeResource(): [CPULittleMinFreq] RemoveResource Request ID : 1110813
03-08 15:13:42.540  1472  1876 I PkgPredictorService-SecIpmManagerServiceImpl: reportToNAP uid:10453 com.example.cmput301w24t33.test/androidx.test.core.app.InstrumentationActivityInvoker$EmptyActivity thisTime:616
03-08 15:13:42.540  1257  1326 I HYPER-HAL: [ResourceManager.cpp]removeResource(): [CPUMinFreq] RemoveResource Request ID : 1110813
03-08 15:13:42.541  1257  1326 I HYPER-HAL: [RequestManager.cpp]releaseLocked(): Released ID : 1110813
03-08 15:13:42.545  1472  6022 D InputDispatcher: Focus entered window (0): deb078 com.example.cmput301w24t33.test/androidx.test.core.app.InstrumentationActivityInvoker$EmptyActivity
03-08 15:13:42.548  1244  3899 I vendor.qti.bluetooth@1.0-ibs_handler: ProcessIbsCmd: Received IBS_SLEEP_IND: 0xFE
03-08 15:13:42.548  1244  3899 D vendor.qti.bluetooth@1.0-ibs_handler: SerialClockVote: vote for UART CLK OFF
03-08 15:13:42.549  1327  1327 D SurfaceFlinger: Display 4630947232161729153 HWC layers:
03-08 15:13:42.549  1327  1327 D SurfaceFlinger:      DEVICE | 0xb40000745d065c40 | 0102 | RGBA_8888    |    0.0    0.0 1080.0 2400.0 |    0    0 1080 2400 | com.example.cmput301w24t33.test/andr[...]tyInvoker$EmptyActivity$_26952#35385
03-08 15:13:42.549  1327  1327 D SurfaceFlinger:      DEVICE | 0xb400007446149860 | 0100 | RGBA_8888    |    0.0    0.0 1080.0 2400.0 |    0    0 1080 2400 | Splash Screen com.example.cmput301w24t33.test$_2578#35376
03-08 15:13:42.549  1327  1327 D SurfaceFlinger:      DEVICE | 0xb400007446147170 | 0100 | RGBA_8888    |    0.0    0.0 1080.0   91.0 |    0    0 1080   91 | StatusBar$_2578#95
03-08 15:13:42.549  1327  1327 D SurfaceFlinger:      DEVICE | 0xb400007446147bf0 | 0100 | RGBA_8888    |    0.0    0.0   67.0  515.0 |    0  301   67  816 | com.samsung.android.app.cocktailbars[...]rvice.CocktailBarService$_5242#35333
03-08 15:13:42.549  1327  1327 D SurfaceFlinger:      DEVICE | 0xb400007446149b70 | 0100 | RGBA_8888    |    0.0    0.0 1080.0  126.0 |    0 2274 1080 2400 | NavigationBar0$_2578#89
03-08 15:13:42.549  1327  1327 D SurfaceFlinger:
03-08 15:13:42.550  1472  1503 I SemDvfsHyPerManager: acquire hyper - AMS_ACT_RESUME/1472@13, type = -999
03-08 15:13:42.550  1257  1326 I HYPER-HAL: [RequestManager.cpp]acquire(): Acquired ID : 1103368  [1472 / 13]    HINT : AMS_ACT_RESUME    list :
03-08 15:13:42.553  1472  1876 I ActivityTaskManager: Displayed com.example.cmput301w24t33.test/androidx.test.core.app.InstrumentationActivityInvoker$EmptyActivity: +616ms
03-08 15:13:42.553  1257  1326 I HYPER-HAL: [ResourceManager.cpp]updateResource(): [CPUMinFreq] UpdateResource Request ID : 1103368    Value : 1939200
03-08 15:13:42.557  1472  1503 D InputDispatcher: Focused application(0): ActivityRecord{7d4638d u0 com.example.cmput301w24t33/.activities.Admin} t3068}
03-08 15:13:42.558 26770 27045 D ConnectivityManager: StackLog: [android.net.ConnectivityManager.sendRequestForNetwork(ConnectivityManager.java:4359)] [android.net.ConnectivityManager.registerDefaultNetworkCallbackForUid(ConnectivityManager.java:4923)] [android.net.ConnectivityManager.registerDefaultNetworkCallback(ConnectivityManager.java:4890)] [android.net.ConnectivityManager.registerDefaultNetworkCallback(ConnectivityManager.java:4864)] [rvn.call(PG:29)] [arxl.a(PG:3)] [arwp.run(PG:21)] [arxm.run(PG:5)] [java.util.concurrent.ThreadPoolExecutor.runWorker(ThreadPoolExecutor.java:1145)] [java.util.concurrent.ThreadPoolExecutor$Worker.run(ThreadPoolExecutor.java:644)] [opv.run(PG:202)] [java.lang.Thread.run(Thread.java:1012)]
03-08 15:13:42.559  1472  6022 D ConnectivityService: requestNetwork for uid/pid:10233/26770 activeRequest: null callbackRequest: 7865 [NetworkRequest [ REQUEST id=7866, [ Capabilities: INTERNET&NOT_RESTRICTED&TRUSTED&NOT_VCN_MANAGED Uid: 10233 RequestorUid: 10233 RequestorPkg: com.android.vending UnderlyingNetworks: Null] ]] callback flags: 0 order: 2147483647
03-08 15:13:42.561  1472  2376 D ConnectivityService:    accepting network in place of null
03-08 15:13:42.563  1327  1414 I SurfaceFlinger: id=35389 createSurf, flag=24000, Surface(name=Task=3067)/@0xc3d0e2d - animation-leash of app_transition#35389
03-08 15:13:42.565  1472  2366 D WifiNetworkFactory: got request NetworkRequest [ REQUEST id=7866, [ Capabilities: INTERNET&NOT_RESTRICTED&TRUSTED&NOT_VCN_MANAGED Uid: 10233 RequestorUid: 10233 RequestorPkg: com.android.vending UnderlyingNetworks: Null] ]
03-08 15:13:42.565  1472  2366 D UntrustedWifiNetworkFactory: got request NetworkRequest [ REQUEST id=7866, [ Capabilities: INTERNET&NOT_RESTRICTED&TRUSTED&NOT_VCN_MANAGED Uid: 10233 RequestorUid: 10233 RequestorPkg: com.android.vending UnderlyingNetworks: Null] ]
03-08 15:13:42.565  1327  1414 I SurfaceFlinger: id=35390 createSurf, flag=20004, DimAnimationLayer for Task=3068#35390
03-08 15:13:42.565  1472  2366 D OemPaidWifiNetworkFactory: got request NetworkRequest [ REQUEST id=7866, [ Capabilities: INTERNET&NOT_RESTRICTED&TRUSTED&NOT_VCN_MANAGED Uid: 10233 RequestorUid: 10233 RequestorPkg: com.android.vending UnderlyingNetworks: Null] ]
03-08 15:13:42.566  1472  2366 D MultiInternetWifiNetworkFactory: got request NetworkRequest [ REQUEST id=7866, [ Capabilities: INTERNET&NOT_RESTRICTED&TRUSTED&NOT_VCN_MANAGED Uid: 10233 RequestorUid: 10233 RequestorPkg: com.android.vending UnderlyingNetworks: Null] ]
03-08 15:13:42.566  1472  2376 D ConnectivityService: Rematched networks [computed 1ms] [applied 2ms] [issued 3]
03-08 15:13:42.566 26770 26860 I Finsky  : [472] rvl.a(6): IQ: start evaluating install requests.
03-08 15:13:42.566  1472  2376 D ConnectivityService: NetworkReassignment :
03-08 15:13:42.566  1472  2376 D ConnectivityService:   7866 : null → 162
03-08 15:13:42.566  1327  1413 I SurfaceFlinger: id=35391 createSurf, flag=24004, Surface(name=Task=3068)/@0xb896029 - animation-leash of app_transition#35391
03-08 15:13:42.566 26770 26860 I Finsky  : [472] rvl.a(39): IQ: no jobs active. Skipping
03-08 15:13:42.570 27040 27040 I ndroid.game.gos: Using CollectorTypeCC GC.
03-08 15:13:42.575  1327  1327 I Layer   : id=35392 Destroyed Screenshot Parent#35392
03-08 15:13:42.578 27040 27040 E ndroid.game.gos: Not starting debugger since process cannot load the jdwp agent.
03-08 15:13:42.581   603   603 I lmkd    : cached 3, sandbox(not0) 0
03-08 15:13:42.584   603   603 I lmkd    : Reclaim 'com.android.vending' (26770), uid 10233, oom_score_adj 915, state 19 to free 172496kB rss, 24248kb swap
03-08 15:13:42.585   603   603 I lmkd    : Reclaimed 196744kB at oom_score_adj 850
03-08 15:13:42.585   603   603 I lmkd    : Suppressed 12 failed kill reports
03-08 15:13:42.585  1327  2296 I SurfaceFlinger: id=35393 createSurf, flag=80000, 18a5c24 ActivityRecordInputSink com.example.cmput301w24t33/.activities.Admin#35393
03-08 15:13:42.585 27040 27040 D ActivityThread: setConscryptValidator
03-08 15:13:42.585 27040 27040 D ActivityThread: setConscryptValidator - put
03-08 15:13:42.589  1327  2296 I SurfaceFlinger: id=35394 createSurf, flag=24000, Surface(name=deb078 com.example.cmput301w24t33.test/androidx.test.core.app.InstrumentationActivityInvoker$EmptyActivity)/@0x2ed5e5 - animation-leash of starting_reveal#35394
03-08 15:13:42.590 26952 26952 I ViewRootImpl@d7f2b6a[InstrumentationActivityInvoker$EmptyActivity]: MSG_WINDOW_FOCUS_CHANGED 1 0
03-08 15:13:42.591  1472  2391 D AS.MultiSoundManager: mForegroundUid = 10451
03-08 15:13:42.594  1327  1327 I Layer   : Layer [Splash Screen com.example.cmput301w24t33$_2578#35388] hidden!! flag(0)
03-08 15:13:42.594  2578  2656 I ViewRootImpl@8a64a32[test]: performTraversals params={(0,0)(fillxfill) sim={adjust=pan} ty=APPLICATION_STARTING fmt=TRANSLUCENT
03-08 15:13:42.594  2578  2656 I ViewRootImpl@8a64a32[test]:   fl=81030118
03-08 15:13:42.594  2578  2656 I ViewRootImpl@8a64a32[test]:   pfl=16000010
03-08 15:13:42.594  2578  2656 I ViewRootImpl@8a64a32[test]:   bhv=DEFAULT
03-08 15:13:42.594  2578  2656 I ViewRootImpl@8a64a32[test]:   fitSides= naviIconColor=0}
03-08 15:13:42.594  2578  2656 I ViewRootImpl@8a64a32[test]: performTraversals mFirst=false windowShouldResize=false viewVisibilityChanged=false mForceNextWindowRelayout=false params={(0,0)(fillxfill) sim={adjust=pan} ty=APPLICATION_STARTING fmt=TRANSLUCENT
03-08 15:13:42.594  2578  2656 I ViewRootImpl@8a64a32[test]:   fl=81030118
03-08 15:13:42.594  2578  2656 I ViewRootImpl@8a64a32[test]:   pfl=16000010
03-08 15:13:42.594  2578  2656 I ViewRootImpl@8a64a32[test]:   bhv=DEFAULT
03-08 15:13:42.594  2578  2656 I ViewRootImpl@8a64a32[test]:   fitSides= naviIconColor=0}
03-08 15:13:42.595  1472  1503 V WindowManager: Relayout Window{42096c7 u0 Splash Screen com.example.cmput301w24t33.test EXITING}: viewVisibility=0 req=1080x2400 d0
03-08 15:13:42.597  1472  1503 V WindowManager: Relayout hash=42096c7, pid=2578, syncId=-1: mAttrs={(0,0)(fillxfill) sim={adjust=pan} ty=APPLICATION_STARTING fmt=TRANSLUCENT
03-08 15:13:42.597  1472  1503 V WindowManager:   fl=81030118
03-08 15:13:42.597  1472  1503 V WindowManager:   pfl=16000010
03-08 15:13:42.597  1472  1503 V WindowManager:   bhv=DEFAULT
03-08 15:13:42.597  1472  1503 V WindowManager:   fitSides= naviIconColor=0}
03-08 15:13:42.597 26952 26952 I ViewRootImpl@d7f2b6a[InstrumentationActivityInvoker$EmptyActivity]: mThreadedRenderer.initializeIfNeeded()#2 mSurface={isValid=true 0xb400007cef876800}
03-08 15:13:42.598 26952 26952 D InputMethodManager: startInputInner - Id : 0
03-08 15:13:42.598 26952 26952 I InputMethodManager: startInputInner - mService.startInputOrWindowGainedFocus
03-08 15:13:42.602  1472  2440 D TrafficStats: tagSocket(756) with statsTag=0xffffffff, statsUid=-1
03-08 15:13:42.603  2578  2656 I ViewRootImpl@8a64a32[test]: updateBlastSurfaceIfNeeded mBlastBufferQueue=0xb400007ce2105680 isSameSurfaceControl=true
03-08 15:13:42.603  2578  2656 I BLASTBufferQueue: update, w= 1080 h= 2400 mName = ViewRootImpl@8a64a32[test] mNativeObject= 0xb400007ce2105680 sc.mNativeObject= 0xb400007c52e5b0c0 format= -3 caller= android.view.ViewRootImpl.updateBlastSurfaceIfNeeded:2898 android.view.ViewRootImpl.relayoutWindow:9847 android.view.ViewRootImpl.performTraversals:3884 android.view.ViewRootImpl.doTraversal:3116 android.view.ViewRootImpl$TraversalRunnable.run:10885 android.view.Choreographer$CallbackRecord.run:1301
03-08 15:13:42.603  2578  2656 I ViewRootImpl@8a64a32[test]: Relayout returned: old=(0,0,1080,2400) new=(0,0,1080,2400) req=(1080,2400)0 dur=9 res=0x1 s={true 0xb400007c529ac000} ch=false seqId=0
03-08 15:13:42.603  2578  2656 I ViewRootImpl@8a64a32[test]: reportNextDraw android.view.ViewRootImpl.performTraversals:4438 android.view.ViewRootImpl.doTraversal:3116 android.view.ViewRootImpl$TraversalRunnable.run:10885 android.view.Choreographer$CallbackRecord.run:1301 android.view.Choreographer$CallbackRecord.run:1309
03-08 15:13:42.603  2578  2656 I ViewRootImpl@8a64a32[test]: Setup new sync id=1
03-08 15:13:42.604  2578  2656 I ViewRootImpl@8a64a32[test]: Setting syncFrameCallback
03-08 15:13:42.604  2578  2656 I ViewRootImpl@8a64a32[test]: registerCallbacksForSync syncBuffer=false
03-08 15:13:42.604  2578  2711 I ViewRootImpl@8a64a32[test]: mWNT: t=0xb400007c66333200 mBlastBufferQueue=0xb400007ce2105680 fn= 2 caller= android.view.SyncRtSurfaceTransactionApplier.applyTransaction:96 android.view.SyncRtSurfaceTransactionApplier.lambda$scheduleApply$0$android-view-SyncRtSurfaceTransactionApplier:69 android.view.SyncRtSurfaceTransactionApplier$$ExternalSyntheticLambda0.onFrameDraw:4
