03-08 15:13:49.925 26361 26459 I TestRunner: started: testOrganizerAttendeeSwitch(com.example.cmput301w24t33.OrganizerUITest)
03-08 15:13:49.925  1327  1413 I SurfaceFlinger: id=35563 createSurf, flag=40004, com.example.cmput301w24t33.test/androidx.test.core.app.InstrumentationActivityInvoker$EmptyActivity$_27916#35563
03-08 15:13:49.926  1327  1413 I SurfaceFlinger: id=35455 Removed Surface(name=a2c6971 InputMethod)/@0x3034fd7 - animation-leash of insets_animation#35455 (147)
03-08 15:13:49.927 12908 12908 I InputMethodService: removeImeSurface
03-08 15:13:49.927 12908 12908 I MSHandlerLifeCycle: check: return. pkg=com.samsung.android.honeyboard isActivity=false callers=com.android.internal.policy.DecorView.setVisibility:4412 android.app.Dialog.hide:767 android.inputmethodservice.InputMethodService.removeImeSurface:1290 android.inputmethodservice.InputMethodService.scheduleImeSurfaceRemoval:1279 android.inputmethodservice.InputMethodService.-$$Nest$mscheduleImeSurfaceRemoval:0
03-08 15:13:49.928 12908 12908 I MSHandlerLifeCycle: removeMultiSplitHandler: no exist. decor=DecorView@df736f9[InputMethod]
03-08 15:13:49.935  3258 28442 I RecentModel: onTaskStackChangedBackground
03-08 15:13:49.936  1327  1413 I SurfaceFlinger: id=35564 createSurf, flag=24000, Surface(name=c9f16ce StatusBar)/@0xc28a9d9 - animation-leash of insets_animation#35564
03-08 15:13:49.937  1327  1413 I SurfaceFlinger: id=35565 createSurf, flag=24000, Surface(name=296f76f NavigationBar0)/@0x8bb6395 - animation-leash of insets_animation#35565
03-08 15:13:49.938  1327  1327 I Layer   : id=35554 Destroyed Surface(name=a2c6971 InputMethod)/@0x3034fd7 - animation-leash of insets_animation#35554
03-08 15:13:49.938  1327  1327 I Layer   : id=35455 Destroyed Surface(name=a2c6971 InputMethod)/@0x3034fd7 - animation-leash of insets_animation#35455
03-08 15:13:49.938 26361 26459 W Settings: Setting always_finish_activities has moved from android.provider.Settings.System to android.provider.Settings.Global, returning read-only value.
03-08 15:13:49.939  2578  2578 D SamsungLightBarControlHelper: onStatusBarAppearanceChanged() -  sbModeChanged:false, statusBarMode:MODE_TRANSPARENT, barState:SHADE, isKeyguardShowing:false, navbarColorManagedByIme:false, stackAppearancesChanged:true, (AppearanceRegion{LIGHT_STATUS_BARS bounds=[0,0][1080,2400]}, ), packageName:com.example.cmput301w24t33.test
03-08 15:13:49.940  1327  1413 I SurfaceFlinger: id=35548 Removed 973702d ActivityRecordInputSink com.example.cmput301w24t33/.activities.Organizer#35548 (147)
03-08 15:13:49.941  1327  1413 I SurfaceFlinger: id=35566 createSurf, flag=24004, Task=3074#35566
03-08 15:13:49.941  1472  2964 V WindowManager: Relayout hash=40759f0, pid=27916, syncId=-1: mAttrs={(0,0)(fillxfill) sim={adjust=pan forwardNavigation} ty=BASE_APPLICATION
03-08 15:13:49.941  1472  2964 V WindowManager:   fl=81810100
03-08 15:13:49.941  1472  2964 V WindowManager:   pfl=12020040
03-08 15:13:49.941  1472  2964 V WindowManager:   apr=LIGHT_NAVIGATION_BARS
03-08 15:13:49.941  1472  2964 V WindowManager:   bhv=DEFAULT
03-08 15:13:49.941  1472  2964 V WindowManager:   fitSides= naviIconColor=0
03-08 15:13:49.941  1472  2964 V WindowManager:   sfl=100000}
03-08 15:13:49.942  2578  2578 D SamsungLightBarControlHelper: updateStatus(BLACK icon) NumStacks:1, StatusBarMode:MODE_TRANSPARENT, lightBarBounds:[Rect(0, 0 - 1080, 2400)], StatusBarState:SHADE, packageName:com.example.cmput301w24t33.test, isWhiteKeyguardStatusBarBySettings:true
03-08 15:13:49.948 27916 27916 D InsetsController: onStateChanged: InsetsState: {mDisplayFrame=Rect(0, 0 - 1080, 2400), mDisplayCutout=DisplayCutout{insets=Rect(0, 91 - 0, 0) waterfall=Insets{left=0, top=0, right=0, bottom=0} boundingRect={Bounds=[Rect(0, 0 - 0, 0), Rect(503, 0 - 577, 91), Rect(0, 0 - 0, 0), Rect(0, 0 - 0, 0)]} cutoutPathParserInfo={CutoutPathParserInfo{displayWidth=1080 displayHeight=2400 physicalDisplayWidth=1080 physicalDisplayHeight=2400 density={2.625} cutoutSpec={M 0,0 H -14.0952380952381 V 34.66666666666667 H 14.0952380952381 V 0 H 0 Z @dp} rotation={0} scale={1.0} physicalPixelDisplaySizeRatio={1.0}}}}, mRoundedCorners=RoundedCorners{[RoundedCorner{position=TopLeft, radius=84, center=Point(84, 84)}, RoundedCorner{position=TopRight, radius=84, center=Point(996, 84)}, RoundedCorner{position=BottomRight, radius=84, center=Point(996, 2316)}, RoundedCorner{position=BottomLeft, radius=84, center=Point(84, 2316)}]}  mRoundedCornerFrame=Rect(0, 0 - 1080, 2400), mPrivacyIndicatorBounds=PrivacyIndicatorBounds {static bounds=Rect(964, 0 - 1080, 91) rotation=0}, mSources= { InsetsSource: {mType=ITYPE_STATUS_BAR, mFrame=[0,0][1080,91], mVisible=true, mInsetsRoundedCornerFrame=false}, InsetsSource: {mType=ITYPE_NAVIGATION_BAR, mFrame=[0,2274][1080,2400], mVisible=true, mInsetsRoundedCornerFrame=false}, InsetsSource: {mType=ITYPE_LEFT_GESTURES, mFrame=[0,0][0,2400], mVisible=true, mInsetsRoundedCornerFrame=false}, InsetsSource: {mType=ITYPE_RIGHT_GESTURES, mFrame=[1080,0][1080,2400], mVisible=true, mInsetsRoundedCornerFrame=false}, InsetsSource: {mType=ITYPE_TOP_MANDATORY_GESTURES, mFrame=[0,0][1080,123], mVisible=true, mInsetsRoundedCornerFrame=false}, InsetsSource: {mType=ITYPE_BOTTOM_MANDATORY_GESTURES, mFrame=[0,2274][1080,2400], mVisible=true, mInsetsRoundedCornerFrame=false}, InsetsSource: {mType=ITYPE_LEFT_DISPLAY_CUTOUT, mFrame=[0,0][-100000,2400], mVisible=true, mInsetsRoundedCornerFrame=false}, InsetsSource: {mType=ITYPE_TOP_DISPLAY_CUTOUT, mFrame=[0,0][1080,91], mVisible=true, mInsetsRoundedCornerFrame=false}, InsetsSource: {mType=ITYPE_RIGHT_DISPLAY_CUTOUT, mFrame=[100000,0][1080,2400], mVisible=true, mInsetsRoundedCornerFrame=false}, InsetsSource: {mType=ITYPE_BOTTOM_DISPLAY_CUTOUT, mFrame=[0,100000][1080,2400], mVisible=true, mInsetsRoundedCornerFrame=false}, InsetsSource: {mType=ITYPE_TOP_TAPPABLE_ELEMENT, mFrame=[0,0][1080,91], mVisible=true, mInsetsRoundedCornerFrame=false}, InsetsSource: {mType=ITYPE_BOTTOM_TAPPABLE_ELEMENT, mFrame=[0,2274][1080,2400], mVisible=true, mInsetsRoundedCornerFrame=false}, InsetsSource: {mType=ITYPE_IME, mFrame=[0,0][0,0], mVisibleFrame=[0,1409][1080,2400], mVisible=false, mInsetsRoundedCornerFrame=false} } host=com.example.cmput301w24t33.test/androidx.test.core.app.InstrumentationActivityInvoker$EmptyActivity from=android.view.ViewRootImpl.relayoutWindow:9802
03-08 15:13:49.951 27916 27916 I ViewRootImpl@8f2ec40[InstrumentationActivityInvoker$EmptyActivity]: updateBlastSurfaceIfNeeded mBlastBufferQueue=null isSameSurfaceControl=false
03-08 15:13:49.952  1472  3404 I SemDvfsHyPerManager: acquire hyper - AMS_APP_SWITCH/1472@18, type = -999
03-08 15:13:49.952  1257  1326 I HYPER-HAL: [RequestManager.cpp]acquire(): Acquired ID : 1110813  [1472 / 18]    HINT : AMS_APP_SWITCH    list :
03-08 15:13:49.952  1257  1326 I HYPER-HAL: [ResourceManager.cpp]updateResource(): [CPULittleMinFreq] UpdateResource Request ID : 1110813    Value : 1804800
03-08 15:13:49.952  1257  1326 I HYPER-HAL: [ResourceManager.cpp]updateResource(): [CPUMinFreq] UpdateResource Request ID : 1110813    Value : 2208000
03-08 15:13:49.952  1327  1413 I SurfaceFlinger: id=35567 createSurf, flag=24004, Task=3076#35567
03-08 15:13:49.953  5044  5044 I SemDvfsHyPerManager: acquire hyper - APP_START_SHORT/5044@12, type = -999
03-08 15:13:49.953 27916 27916 I BLASTBufferQueue: new BLASTBufferQueue, mName= ViewRootImpl@8f2ec40[InstrumentationActivityInvoker$EmptyActivity] mNativeObject= 0xb400007ceb0ddc80 sc.mNativeObject= 0xb400007c81fddc00 caller= android.view.ViewRootImpl.updateBlastSurfaceIfNeeded:2909 android.view.ViewRootImpl.relayoutWindow:9847 android.view.ViewRootImpl.performTraversals:3884 android.view.ViewRootImpl.doTraversal:3116 android.view.ViewRootImpl$TraversalRunnable.run:10885 android.view.Choreographer$CallbackRecord.run:1301 android.view.Choreographer$CallbackRecord.run:1309 android.view.Choreographer.doCallbacks:923 android.view.Choreographer.doFrame:852 android.view.Choreographer$FrameDisplayEventReceiver.run:1283
03-08 15:13:49.953  1257  1326 I HYPER-HAL: [RequestManager.cpp]acquire(): Acquired ID : 12784108  [5044 / 12]    HINT : APP_START    list : [TIMEOUT / 1500]
03-08 15:13:49.953  1257  1326 I HYPER-HAL: [ResourceManager.cpp]updateResource(): [CPUMaxFreq] UpdateResource Request ID : 12784108    Value : 2208000
03-08 15:13:49.953 27916 27916 I BLASTBufferQueue: update, w= 1080 h= 2400 mName = ViewRootImpl@8f2ec40[InstrumentationActivityInvoker$EmptyActivity] mNativeObject= 0xb400007ceb0ddc80 sc.mNativeObject= 0xb400007c81fddc00 format= -1 caller= android.graphics.BLASTBufferQueue.<init>:84 android.view.ViewRootImpl.updateBlastSurfaceIfNeeded:2909 android.view.ViewRootImpl.relayoutWindow:9847 android.view.ViewRootImpl.performTraversals:3884 android.view.ViewRootImpl.doTraversal:3116 android.view.ViewRootImpl$TraversalRunnable.run:10885
03-08 15:13:49.954  1327  1327 I Layer   : id=35566 removedFromDrawingState Task=3074#35566 (149)
03-08 15:13:49.954  1327  1327 I Layer   : id=35552 removedFromDrawingState Surface(name=296f76f NavigationBar0)/@0x8bb6395 - animation-leash of insets_animation#35552 (149)
03-08 15:13:49.954  1327  1327 I Layer   : id=75 removedFromDrawingState 296f76f NavigationBar0#75 (149)
03-08 15:13:49.954  1327  1327 I Layer   : id=89 removedFromDrawingState NavigationBar0$_2578#89 (149)
03-08 15:13:49.954  1327  3508 I SurfaceFlinger: id=35568 createSurf, flag=80004, ActivityRecord{ebe9b52 u0 com.example.cmput301w24t33/.activities.Organizer} t3076}#35568
03-08 15:13:49.955  1327  1327 I Layer   : id=35551 removedFromDrawingState Surface(name=c9f16ce StatusBar)/@0xc28a9d9 - animation-leash of insets_animation#35551 (150)
03-08 15:13:49.955  1327  1327 I Layer   : id=83 removedFromDrawingState c9f16ce StatusBar#83 (150)
03-08 15:13:49.955  1327  1327 I Layer   : id=95 removedFromDrawingState StatusBar$_2578#95 (150)
03-08 15:13:49.955  1327  1327 I Layer   : id=83 addToCurrentState c9f16ce StatusBar#83 (150)
03-08 15:13:49.955  1327  1327 I Layer   : id=95 addToCurrentState StatusBar$_2578#95 (150)
03-08 15:13:49.955  1327  1327 I Layer   : id=75 addToCurrentState 296f76f NavigationBar0#75 (150)
03-08 15:13:49.955  1327  1327 I Layer   : id=89 addToCurrentState NavigationBar0$_2578#89 (150)
03-08 15:13:49.955  1327  1327 I Layer   : id=35543 removedFromDrawingState ActivityRecord{222a962 u0 com.example.cmput301w24t33/.activities.Organizer} t3074}#35543 (150)
03-08 15:13:49.955  1327  1327 I Layer   : id=35548 removedFromDrawingState 973702d ActivityRecordInputSink com.example.cmput301w24t33/.activities.Organizer#35548 (150)
03-08 15:13:49.955  1327  1327 I Layer   : id=35542 removedFromDrawingState Task=3074#35542 (150)
03-08 15:13:49.955  1327  1327 I SurfaceFlinger: id=35552 Removed Surface(name=296f76f NavigationBar0)/@0x8bb6395 - animation-leash of insets_animation#35552 (150)
03-08 15:13:49.955  1327  1327 I SurfaceFlinger: id=35551 Removed Surface(name=c9f16ce StatusBar)/@0xc28a9d9 - animation-leash of insets_animation#35551 (150)
03-08 15:13:49.955  1327  1327 I SurfaceFlinger: id=35543 Removed ActivityRecord{222a962 u0 com.example.cmput301w24t33/.activities.Organizer} t3074}#35543 (150)
03-08 15:13:49.955  1327  1327 I SurfaceFlinger: id=35566 Removed Task=3074#35566 (150)
03-08 15:13:49.955  1327  1327 I Layer   : id=35566 Destroyed Task=3074#35566
03-08 15:13:49.956  1327  1327 I Layer   : id=35551 Destroyed Surface(name=c9f16ce StatusBar)/@0xc28a9d9 - animation-leash of insets_animation#35551
03-08 15:13:49.956 27916 27916 I ViewRootImpl@8f2ec40[InstrumentationActivityInvoker$EmptyActivity]: Relayout returned: old=(0,0,1080,2400) new=(0,0,1080,2400) req=(1080,2400)0 dur=30 res=0x3 s={true 0xb400007c81f87000} ch=true seqId=0
03-08 15:13:49.956  1327  1327 I Layer   : id=35552 Destroyed Surface(name=296f76f NavigationBar0)/@0x8bb6395 - animation-leash of insets_animation#35552
03-08 15:13:49.956  1327  1327 I Layer   : id=35543 Destroyed ActivityRecord{222a962 u0 com.example.cmput301w24t33/.activities.Organizer} t3074}#35543
03-08 15:13:49.956  1327  1327 I Layer   : id=35548 Destroyed 973702d ActivityRecordInputSink com.example.cmput301w24t33/.activities.Organizer#35548
03-08 15:13:49.957  2578  2578 I ViewRootImpl@1c1cd0e[NotificationShade]: performTraversals mFirst=false windowShouldResize=false viewVisibilityChanged=false mForceNextWindowRelayout=false params={(0,0)(fillxfill) gr=TOP CENTER_VERTICAL sim={adjust=resize} layoutInDisplayCutoutMode=always ty=NOTIFICATION_SHADE fmt=TRANSLUCENT
03-08 15:13:49.957  2578  2578 I ViewRootImpl@1c1cd0e[NotificationShade]:   fl=81840048
03-08 15:13:49.957  2578  2578 I ViewRootImpl@1c1cd0e[NotificationShade]:   pfl=1b000000
03-08 15:13:49.957  2578  2578 I ViewRootImpl@1c1cd0e[NotificationShade]:   vsysui=2000
03-08 15:13:49.957  2578  2578 I ViewRootImpl@1c1cd0e[NotificationShade]:   apr=LIGHT_STATUS_BARS
03-08 15:13:49.957  2578  2578 I ViewRootImpl@1c1cd0e[NotificationShade]:   bhv=SHOW_TRANSIENT_BARS_BY_SWIPE naviIconColor=0
03-08 15:13:49.957  2578  2578 I ViewRootImpl@1c1cd0e[NotificationShade]:   sfl=60000}
03-08 15:13:49.959 27916 27939 D OpenGLRenderer: eglCreateWindowSurface
03-08 15:13:49.959 27916 27916 I ViewRootImpl@8f2ec40[InstrumentationActivityInvoker$EmptyActivity]: mThreadedRenderer.initialize() mSurface={isValid=true 0xb400007c81f87000} hwInitialized=true
03-08 15:13:49.960  1472  2964 D InputDispatcher: Focus request (0): 40759f0 com.example.cmput301w24t33.test/androidx.test.core.app.InstrumentationActivityInvoker$EmptyActivity but waiting because NOT_VISIBLE
03-08 15:13:49.964  2578  2664 D NativeCustomFrequencyManager: [NativeCFMS] BpCustomFrequencyManager::BpCustomFrequencyManager()
03-08 15:13:49.967  1472  1504 I SemDvfsHyPerManager: acquire hyper - AMS_APP_LAUNCH/1472@15, type = -999
03-08 15:13:49.968  1257  1326 I HYPER-HAL: [RequestManager.cpp]acquire(): Acquired ID : 1106343  [1472 / 15]    HINT : AMS_APP_LAUNCH    list :
03-08 15:13:49.968  1257  1326 I HYPER-HAL: [ResourceManager.cpp]updateResource(): [CPULittleMinFreq] UpdateResource Request ID : 1106343    Value : 1804800
03-08 15:13:49.968  1257  1326 I HYPER-HAL: [ResourceManager.cpp]updateResource(): [CPUMinFreq] UpdateResource Request ID : 1106343    Value : 2208000
03-08 15:13:49.968  5044  5044 I SemDvfsHyPerManager: acquire hyper - APP_START/5044@14, type = -999
03-08 15:13:49.968  1472  3543 V WindowManager: Relayout Window{85bfa35 u0 NotificationShade}: viewVisibility=4 req=1080x2400 d0
03-08 15:13:49.969  1244  3899 I vendor.qti.bluetooth@1.0-ibs_handler: ProcessIbsCmd: Received IBS_WAKE_IND: 0xFD
03-08 15:13:49.969  1244  3899 D vendor.qti.bluetooth@1.0-ibs_handler: SerialClockVote: vote for UART CLK ON
03-08 15:13:49.969  1244  3899 D vendor.qti.bluetooth@1.0-wake_lock: Acquire wakelock is acquired
03-08 15:13:49.969  1244  3899 I vendor.qti.bluetooth@1.0-ibs_handler: ProcessIbsCmd: Writing IBS_WAKE_ACK
03-08 15:13:49.970  1257  1326 I HYPER-HAL: [RequestManager.cpp]acquire(): Acquired ID : 12794225  [5044 / 14]    HINT : APP_START    list :
03-08 15:13:49.970  1257  1326 I HYPER-HAL: [ResourceManager.cpp]updateResource(): [CPUMaxFreq] UpdateResource Request ID : 12794225    Value : 2208000
03-08 15:13:49.971  1472  1882 I ChimeraSystemEventListener: appLaunchIntent package name is: com.example.cmput301w24t33
03-08 15:13:49.971  1472  3543 V WindowManager: Relayout hash=85bfa35, pid=2578, syncId=-1: mAttrs={(0,0)(fillxfill) gr=TOP CENTER_VERTICAL sim={adjust=resize} layoutInDisplayCutoutMode=always ty=NOTIFICATION_SHADE fmt=TRANSLUCENT
03-08 15:13:49.971  1472  3543 V WindowManager:   fl=81840048
03-08 15:13:49.971  1472  3543 V WindowManager:   pfl=1b000000
03-08 15:13:49.971  1472  3543 V WindowManager:   vsysui=2000
03-08 15:13:49.971  1472  3543 V WindowManager:   apr=LIGHT_STATUS_BARS
03-08 15:13:49.971  1472  3543 V WindowManager:   bhv=SHOW_TRANSIENT_BARS_BY_SWIPE naviIconColor=0
03-08 15:13:49.971  1472  3543 V WindowManager:   sfl=60000}
03-08 15:13:49.972  2578  2578 I ViewRootImpl@1c1cd0e[NotificationShade]: Relayout returned: old=(0,0,1080,2400) new=(0,0,1080,2400) req=(1080,2400)4 dur=15 res=0x0 s={false 0x0} ch=false seqId=0
03-08 15:13:49.972  1472  2964 D InputTransport: Input channel constructed: 'c642aa ', fd=741
03-08 15:13:49.972  1472  2964 D InputTransport: Input channel constructed: 'c642aa ', fd=966
03-08 15:13:49.972  1472  2964 D InputTransport: Input channel constructed: 'c642aa ', fd=978
03-08 15:13:49.973  1327  1414 I SurfaceFlinger: id=35569 createSurf, flag=80004, c642aa Splash Screen com.example.cmput301w24t33#35569
03-08 15:13:49.975  1472  2964 D InputTransport: Input channel destroyed: 'c642aa ', fd=978
03-08 15:13:49.975  2578  2578 I FaceWidgetPositionAlgorithm: getClockContainerHeight() supplier = 227, bottom margin = 0, real height = 290
03-08 15:13:49.975  2578  2578 I ClockInfoManager: isClockFaceType: type = 9 clockFaceType = 0
03-08 15:13:49.975  2578  2578 D FaceWidgetPositionAlgorithm: getTopMargin scale = 0.8408237, clockContainerHeight = 227, scaleMarginY = 21
03-08 15:13:49.975  2578  2578 I FaceWidgetPositionAlgorithm: getClockContainerHeight() supplier = 227, bottom margin = 63, real height = 290
03-08 15:13:49.975  2578  2578 I FaceWidgetPositionAlgorithm: getMediaContainerHeight() height = 456 container Visibility = 8, isValid = true, mIsDozing = false, fraction = 1.0, source = 0, target = 0
03-08 15:13:49.975  2578  2578 I FaceWidgetPositionAlgorithm: getMediaContainerHeight() supplier = 456
03-08 15:13:49.975  2578  2656 D InsetsController: onStateChanged: InsetsState: {mDisplayFrame=Rect(0, 0 - 1080, 2400), mDisplayCutout=DisplayCutout{insets=Rect(0, 91 - 0, 0) waterfall=Insets{left=0, top=0, right=0, bottom=0} boundingRect={Bounds=[Rect(0, 0 - 0, 0), Rect(503, 0 - 577, 91), Rect(0, 0 - 0, 0), Rect(0, 0 - 0, 0)]} cutoutPathParserInfo={CutoutPathParserInfo{displayWidth=1080 displayHeight=2400 physicalDisplayWidth=1080 physicalDisplayHeight=2400 density={2.625} cutoutSpec={M 0,0 H -14.0952380952381 V 34.66666666666667 H 14.0952380952381 V 0 H 0 Z @dp} rotation={0} scale={1.0} physicalPixelDisplaySizeRatio={1.0}}}}, mRoundedCorners=RoundedCorners{[RoundedCorner{position=TopLeft, radius=84, center=Point(84, 84)}, RoundedCorner{position=TopRight, radius=84, center=Point(996, 84)}, RoundedCorner{position=BottomRight, radius=84, center=Point(996, 2316)}, RoundedCorner{position=BottomLeft, radius=84, center=Point(84, 2316)}]}  mRoundedCornerFrame=Rect(0, 0 - 1080, 2400), mPrivacyIndicatorBounds=PrivacyIndicatorBounds {static bounds=Rect(964, 0 - 1080, 91) rotation=0}, mSources= { InsetsSource: {mType=ITYPE_STATUS_BAR, mFrame=[0,0][1080,91], mVisible=true, mInsetsRoundedCornerFrame=false}, InsetsSource: {mType=ITYPE_NAVIGATION_BAR, mFrame=[0,2274][1080,2400], mVisible=true, mInsetsRoundedCornerFrame=false}, InsetsSource: {mType=ITYPE_LEFT_GESTURES, mFrame=[0,0][0,2400], mVisible=true, mInsetsRoundedCornerFrame=false}, InsetsSource: {mType=ITYPE_RIGHT_GESTURES, mFrame=[1080,0][1080,2400], mVisible=true, mInsetsRoundedCornerFrame=false}, InsetsSource: {mType=ITYPE_TOP_MANDATORY_GESTURES, mFrame=[0,0][1080,123], mVisible=true, mInsetsRoundedCornerFrame=false}, InsetsSource: {mType=ITYPE_BOTTOM_MANDATORY_GESTURES, mFrame=[0,2274][1080,2400], mVisible=true, mInsetsRoundedCornerFrame=false}, InsetsSource: {mType=ITYPE_LEFT_DISPLAY_CUTOUT, mFrame=[0,0][-100000,2400], mVisible=true, mInsetsRoundedCornerFrame=false}, InsetsSource: {mType=ITYPE_TOP_DISPLAY_CUTOUT, mFrame=[0,0][1080,91], mVisible=true, mInsetsRoundedCornerFrame=false}, InsetsSource: {mType=ITYPE_RIGHT_DISPLAY_CUTOUT, mFrame=[100000,0][1080,2400], mVisible=true, mInsetsRoundedCornerFrame=false}, InsetsSource: {mType=ITYPE_BOTTOM_DISPLAY_CUTOUT, mFrame=[0,100000][1080,2400], mVisible=true, mInsetsRoundedCornerFrame=false}, InsetsSource: {mType=ITYPE_TOP_TAPPABLE_ELEMENT, mFrame=[0,0][1080,91], mVisible=true, mInsetsRoundedCornerFrame=false}, InsetsSource: {mType=ITYPE_BOTTOM_TAPPABLE_ELEMENT, mFrame=[0,2274][1080,2400], mVisible=true, mInsetsRoundedCornerFrame=false} } host=Splash Screen com.example.cmput301w24t33 from=android.view.ViewRootImpl.setView:1732
03-08 15:13:49.976  2578  2656 I ViewRootImpl@abd5658[cmput301w24t33]: setView = android.widget.FrameLayout@268e9ed TM=true
03-08 15:13:49.977  3258  3258 I RecentsView: onTaskRemoved() taskId : 3074
03-08 15:13:49.978  3258  3258 I TopTaskTracker: onTaskRemoved : taskId = 3074
03-08 15:13:49.978  3258  3258 I RecentsView: onTaskRemoved() taskId : 3074
03-08 15:13:49.978  3258  3258 I TopTaskTracker: onTaskRemoved : taskId = 3074
03-08 15:13:49.979  2578  2656 I ViewRootImpl@abd5658[cmput301w24t33]: performTraversals params={(0,0)(fillxfill) sim={adjust=pan} ty=APPLICATION_STARTING fmt=TRANSLUCENT wanim=0x1030309
03-08 15:13:49.979  2578  2656 I ViewRootImpl@abd5658[cmput301w24t33]:   fl=81030118
03-08 15:13:49.979  2578  2656 I ViewRootImpl@abd5658[cmput301w24t33]:   pfl=16000010
03-08 15:13:49.979  2578  2656 I ViewRootImpl@abd5658[cmput301w24t33]:   apr=LIGHT_STATUS_BARS LIGHT_NAVIGATION_BARS
03-08 15:13:49.979  2578  2656 I ViewRootImpl@abd5658[cmput301w24t33]:   bhv=DEFAULT
03-08 15:13:49.979  2578  2656 I ViewRootImpl@abd5658[cmput301w24t33]:   fitSides= naviIconColor=0}
03-08 15:13:49.980  2578  2656 I ViewRootImpl@abd5658[cmput301w24t33]: performTraversals mFirst=true windowShouldResize=true viewVisibilityChanged=false mForceNextWindowRelayout=false params={(0,0)(fillxfill) sim={adjust=pan} ty=APPLICATION_STARTING fmt=TRANSLUCENT wanim=0x1030309
03-08 15:13:49.980  2578  2656 I ViewRootImpl@abd5658[cmput301w24t33]:   fl=81030118
03-08 15:13:49.980  2578  2656 I ViewRootImpl@abd5658[cmput301w24t33]:   pfl=16000010
03-08 15:13:49.980  2578  2656 I ViewRootImpl@abd5658[cmput301w24t33]:   apr=LIGHT_STATUS_BARS LIGHT_NAVIGATION_BARS
03-08 15:13:49.980  2578  2656 I ViewRootImpl@abd5658[cmput301w24t33]:   bhv=DEFAULT
03-08 15:13:49.980  2578  2656 I ViewRootImpl@abd5658[cmput301w24t33]:   fitSides= naviIconColor=0}
03-08 15:13:49.981 27916 27916 I ViewRootImpl@8f2ec40[InstrumentationActivityInvoker$EmptyActivity]: reportNextDraw android.view.ViewRootImpl.performTraversals:4438 android.view.ViewRootImpl.doTraversal:3116 android.view.ViewRootImpl$TraversalRunnable.run:10885 android.view.Choreographer$CallbackRecord.run:1301 android.view.Choreographer$CallbackRecord.run:1309
03-08 15:13:49.982 27916 27916 I ViewRootImpl@8f2ec40[InstrumentationActivityInvoker$EmptyActivity]: Setup new sync id=0
03-08 15:13:49.982 27916 27916 I ViewRootImpl@8f2ec40[InstrumentationActivityInvoker$EmptyActivity]: Setting syncFrameCallback
03-08 15:13:49.982 27916 27916 I ViewRootImpl@8f2ec40[InstrumentationActivityInvoker$EmptyActivity]: registerCallbacksForSync syncBuffer=false
03-08 15:13:49.985  1472  1504 V WindowManager: Relayout Window{c642aa u0 Splash Screen com.example.cmput301w24t33}: viewVisibility=0 req=1080x2400 d0
03-08 15:13:49.986  1327  1414 I SurfaceFlinger: id=35570 createSurf, flag=40004, Splash Screen com.example.cmput301w24t33$_2578#35570
03-08 15:13:49.986 27916 27944 I ViewRootImpl@8f2ec40[InstrumentationActivityInvoker$EmptyActivity]: Received frameDrawingCallback syncResult=0 frameNum=1.
03-08 15:13:49.986 27916 27944 I ViewRootImpl@8f2ec40[InstrumentationActivityInvoker$EmptyActivity]: Setting up sync and frameCommitCallback
03-08 15:13:49.987  3258  3258 I TopTaskTracker: onTaskMovedToFront : taskId = 3076
03-08 15:13:49.988 27916 27939 I BLASTBufferQueue: [ViewRootImpl@8f2ec40[InstrumentationActivityInvoker$EmptyActivity]#1](f:0,a:0) onFrameAvailable the first frame is available
03-08 15:13:49.989 27916 27939 I ViewRootImpl@8f2ec40[InstrumentationActivityInvoker$EmptyActivity]: Received frameCommittedCallback lastAttemptedDrawFrameNum=1 didProduceBuffer=true
03-08 15:13:49.990 27916 27939 D OpenGLRenderer: CFMS:: SetUp Pid : 27916    Tid : 27939
03-08 15:13:49.990 27916 27939 W Parcel  : Expecting binder but got null!
03-08 15:13:49.992 27916 27916 I ViewRootImpl@8f2ec40[InstrumentationActivityInvoker$EmptyActivity]: onSyncComplete
03-08 15:13:49.993 27916 27916 I ViewRootImpl@8f2ec40[InstrumentationActivityInvoker$EmptyActivity]: setupSync seqId=0 mSyncId=0 fn=1 caller=android.view.ViewRootImpl$$ExternalSyntheticLambda11.accept:6 android.window.SurfaceSyncer.lambda$setupSync$1$android-window-SurfaceSyncer:128 android.window.SurfaceSyncer$$ExternalSyntheticLambda1.accept:8 android.window.SurfaceSyncer$SyncSet.checkIfSyncIsComplete:382 android.window.SurfaceSyncer$SyncSet.markSyncReady:359 android.window.SurfaceSyncer.markSyncReady:151 android.view.ViewRootImpl.performTraversals:4503
03-08 15:13:49.993 27916 27916 I ViewRootImpl@8f2ec40[InstrumentationActivityInvoker$EmptyActivity]: reportDrawFinished seqId=0 mSyncId=-1 fn=1 mSurfaceChangedTransaction=0xb400007ceb14c500
03-08 15:13:50.006  3258  3272 I id.app.launcher: NativeAlloc concurrent copying GC freed 33333(1721KB) AllocSpace objects, 2(816KB) LOS objects, 49% free, 13MB/26MB, paused 132us,223us total 109.437ms
03-08 15:13:50.015  1244  3899 I vendor.qti.bluetooth@1.0-ibs_handler: ProcessIbsCmd: Received IBS_SLEEP_IND: 0xFE
03-08 15:13:50.015  1244  3899 D vendor.qti.bluetooth@1.0-ibs_handler: SerialClockVote: vote for UART CLK OFF
03-08 15:13:50.019  3258  3274 W System  : A resource failed to call release.
03-08 15:13:50.019  1327  1413 I SurfaceFlinger: id=35538 Removed Surface(name=WallpaperWindowToken{2dabb7f token=android.os.Binder@7a8349e})/@0xf6e835c - animation-leash of window_animation#35538 (147)
03-08 15:13:50.019  3258  3274 W System  : A resource failed to call release.
03-08 15:13:50.019  1327  1413 I SurfaceFlinger: id=35536 Removed Surface(name=Task=3072)/@0xd4b395 - animation-leash of app_transition#35536 (147)
03-08 15:13:50.019  3258  3274 W System  : A resource failed to call release.
03-08 15:13:50.019  1327  1414 I SurfaceFlinger: id=35537 Removed Surface(name=Task=1)/@0x464f238 - animation-leash of app_transition#35537 (147)
03-08 15:13:50.021  1327  1327 I Layer   : id=35536 Destroyed Surface(name=Task=3072)/@0xd4b395 - animation-leash of app_transition#35536
03-08 15:13:50.021  1327  1327 I Layer   : id=35537 Destroyed Surface(name=Task=1)/@0x464f238 - animation-leash of app_transition#35537
03-08 15:13:50.021  1327  1327 I Layer   : id=35538 Destroyed Surface(name=WallpaperWindowToken{2dabb7f token=android.os.Binder@7a8349e})/@0xf6e835c - animation-leash of window_animation#35538
03-08 15:13:50.023  1472  1504 V WindowManager: Relayout hash=c642aa, pid=2578, syncId=-1: mAttrs={(0,0)(fillxfill) sim={adjust=pan} ty=APPLICATION_STARTING fmt=TRANSLUCENT wanim=0x1030309
03-08 15:13:50.023  1472  1504 V WindowManager:   fl=81030118
03-08 15:13:50.023  1472  1504 V WindowManager:   pfl=16000010
03-08 15:13:50.023  1472  1504 V WindowManager:   apr=LIGHT_STATUS_BARS LIGHT_NAVIGATION_BARS
03-08 15:13:50.023  1472  1504 V WindowManager:   bhv=DEFAULT
03-08 15:13:50.023  1472  1504 V WindowManager:   fitSides= naviIconColor=0}
03-08 15:13:50.026  2578  2656 I ViewRootImpl@abd5658[cmput301w24t33]: updateBlastSurfaceIfNeeded mBlastBufferQueue=null isSameSurfaceControl=false
03-08 15:13:50.026  2578  2656 I BLASTBufferQueue: new BLASTBufferQueue, mName= ViewRootImpl@abd5658[cmput301w24t33] mNativeObject= 0xb400007c5206eb80 sc.mNativeObject= 0xb400007ce2285c80 caller= android.view.ViewRootImpl.updateBlastSurfaceIfNeeded:2909 android.view.ViewRootImpl.relayoutWindow:9847 android.view.ViewRootImpl.performTraversals:3884 android.view.ViewRootImpl.doTraversal:3116 android.view.ViewRootImpl$TraversalRunnable.run:10885 android.view.Choreographer$CallbackRecord.run:1301 android.view.Choreographer$CallbackRecord.run:1309 android.view.Choreographer.doCallbacks:923 android.view.Choreographer.doFrame:852 android.view.Choreographer$FrameDisplayEventReceiver.run:1283
03-08 15:13:50.026  2578  2656 I BLASTBufferQueue: update, w= 1080 h= 2400 mName = ViewRootImpl@abd5658[cmput301w24t33] mNativeObject= 0xb400007c5206eb80 sc.mNativeObject= 0xb400007ce2285c80 format= -3 caller= android.graphics.BLASTBufferQueue.<init>:84 android.view.ViewRootImpl.updateBlastSurfaceIfNeeded:2909 android.view.ViewRootImpl.relayoutWindow:9847 android.view.ViewRootImpl.performTraversals:3884 android.view.ViewRootImpl.doTraversal:3116 android.view.ViewRootImpl$TraversalRunnable.run:10885
03-08 15:13:50.026  2578  2656 I ViewRootImpl@abd5658[cmput301w24t33]: Relayout returned: old=(0,0,1080,2400) new=(0,0,1080,2400) req=(1080,2400)0 dur=46 res=0x3 s={true 0xb400007c4a124800} ch=true seqId=0
03-08 15:13:50.027  2578  2656 I ViewRootImpl@abd5658[cmput301w24t33]: mThreadedRenderer.initialize() mSurface={isValid=true 0xb400007c4a124800} hwInitialized=true
03-08 15:13:50.027  2578  2664 D OpenGLRenderer: eglCreateWindowSurface
03-08 15:13:50.028  1472  1884 I SemDvfsHyPerManager: acquire hyper - AMS_RESUME_TAIL/1472@16, type = -999
03-08 15:13:50.028  1472  1884 I SemDvfsHyPerManager: acquire hyper - AMS_ACT_LAZY/1472@17, type = -999
03-08 15:13:50.028  1257  1326 I HYPER-HAL: [RequestManager.cpp]acquire(): Acquired ID : 1107832  [1472 / 16]    HINT : AMS_RESUME_TAIL    list :
03-08 15:13:50.029  1472  1876 W ziparchive: Unable to open '/data/app/~~5YYnvnDDujNmeUExSm1Obg==/com.example.cmput301w24t33.test-SwK-uf5IpLknilFLzbt1hg==/base.dm': No such file or directory
03-08 15:13:50.030  1472  1876 I PkgPredictorService-SecIpmManagerServiceImpl: reportToNAP uid:10453 com.example.cmput301w24t33.test/androidx.test.core.app.InstrumentationActivityInvoker$EmptyActivity thisTime:227
03-08 15:13:50.030  1327  2296 I SurfaceFlinger: id=35571 createSurf, flag=24000, Surface(name=40759f0 com.example.cmput301w24t33.test/androidx.test.core.app.InstrumentationActivityInvoker$EmptyActivity)/@0xa9ddf76 - animation-leash of starting_reveal#35571
03-08 15:13:50.031  2578  2656 I ViewRootImpl@abd5658[cmput301w24t33]: reportNextDraw android.view.ViewRootImpl.performTraversals:4438 android.view.ViewRootImpl.doTraversal:3116 android.view.ViewRootImpl$TraversalRunnable.run:10885 android.view.Choreographer$CallbackRecord.run:1301 android.view.Choreographer$CallbackRecord.run:1309
03-08 15:13:50.031  2578  2656 I ViewRootImpl@abd5658[cmput301w24t33]: Setup new sync id=0
03-08 15:13:50.031  2578  2656 I ViewRootImpl@abd5658[cmput301w24t33]: Setting syncFrameCallback
03-08 15:13:50.031  2578  2656 I ViewRootImpl@abd5658[cmput301w24t33]: registerCallbacksForSync syncBuffer=false
03-08 15:13:50.032  1257  1326 I HYPER-HAL: [ResourceManager.cpp]updateResource(): [CPUMinFreq] UpdateResource Request ID : 1107832    Value : 1324800
03-08 15:13:50.032  2578  2711 I ViewRootImpl@abd5658[cmput301w24t33]: Received frameDrawingCallback syncResult=0 frameNum=1.
03-08 15:13:50.032  2578  2711 I ViewRootImpl@abd5658[cmput301w24t33]: Setting up sync and frameCommitCallback
03-08 15:13:50.032  1257  1326 I HYPER-HAL: [RequestManager.cpp]acquire(): Acquired ID : 1109322  [1472 / 17]    HINT : AMS_ACT_LAZY    list :
03-08 15:13:50.032  1257  1326 I HYPER-HAL: [ResourceManager.cpp]removeResource(): [CPULittleMinFreq] RemoveResource Request ID : 1110813
03-08 15:13:50.035  1257  1326 I HYPER-HAL: [ResourceManager.cpp]removeResource(): [CPUMinFreq] RemoveResource Request ID : 1110813
03-08 15:13:50.035  1257  1326 I HYPER-HAL: [RequestManager.cpp]releaseLocked(): Released ID : 1110813
03-08 15:13:50.038  1327  1327 I Layer   : Layer [com.example.cmput301w24t33.test/androidx.test.core.app.InstrumentationActivityInvoker$EmptyActivity$_27916#35563] hidden!! flag(0)
03-08 15:13:50.040  1472  1496 I system_server: NativeAlloc concurrent copying GC freed 466076(18MB) AllocSpace objects, 111(2756KB) LOS objects, 18% free, 103MB/127MB, paused 519us,1.680ms total 889.782ms
03-08 15:13:50.040  1472  3335 D InputDispatcher: Focus entered window (0): 40759f0 com.example.cmput301w24t33.test/androidx.test.core.app.InstrumentationActivityInvoker$EmptyActivity
03-08 15:13:50.040  1472  1876 I ActivityTaskManager: Displayed com.example.cmput301w24t33.test/androidx.test.core.app.InstrumentationActivityInvoker$EmptyActivity: +227ms
03-08 15:13:50.041  2578  2664 I BLASTBufferQueue: [ViewRootImpl@abd5658[cmput301w24t33]#947](f:0,a:0) onFrameAvailable the first frame is available
03-08 15:13:50.042  2578  2664 I ViewRootImpl@abd5658[cmput301w24t33]: Received frameCommittedCallback lastAttemptedDrawFrameNum=1 didProduceBuffer=true
03-08 15:13:50.042  2578  2664 D OpenGLRenderer: CFMS:: SetUp Pid : 2578    Tid : 2664
03-08 15:13:50.043  2578  2664 W Parcel  : Expecting binder but got null!
03-08 15:13:50.043  2578  2656 I ViewRootImpl@abd5658[cmput301w24t33]: onSyncComplete
03-08 15:13:50.043  2578  2656 I ViewRootImpl@abd5658[cmput301w24t33]: setupSync seqId=0 mSyncId=0 fn=1 caller=android.view.ViewRootImpl$$ExternalSyntheticLambda11.accept:6 android.window.SurfaceSyncer.lambda$setupSync$1$android-window-SurfaceSyncer:128 android.window.SurfaceSyncer$$ExternalSyntheticLambda1.accept:8 android.window.SurfaceSyncer$SyncSet.checkIfSyncIsComplete:382 android.window.SurfaceSyncer$SyncSet.markSyncReady:359 android.window.SurfaceSyncer.markSyncReady:151 android.view.ViewRootImpl.performTraversals:4503
03-08 15:13:50.043  2578  2656 I ViewRootImpl@abd5658[cmput301w24t33]: reportDrawFinished seqId=0 mSyncId=-1 fn=1 mSurfaceChangedTransaction=0xb400007c663ffa00
03-08 15:13:50.044  1327  1327 D SurfaceFlinger: Display 4630947232161729153 HWC layers:
03-08 15:13:50.044  1327  1327 D SurfaceFlinger:      DEVICE | 0xb40000745d066260 | 0102 | RGBA_8888    |    0.0    0.0 1080.0 2400.0 |    0    0 1080 2400 | com.example.cmput301w24t33.test/andr[...]tyInvoker$EmptyActivity$_27916#35563
03-08 15:13:50.044  1327  1327 D SurfaceFlinger:      DEVICE | 0xb40000745d065e00 | 0100 | RGBA_8888    |    0.0    0.0 1080.0 2400.0 |    0    0 1080 2400 | Splash Screen com.example.cmput301w24t33.test$_2578#35558
03-08 15:13:50.044  1327  1327 D SurfaceFlinger:      DEVICE | 0xb400007446147b80 | 0100 | RGBA_8888    |    0.0    0.0 1080.0   91.0 |    0    0 1080   91 | StatusBar$_2578#95
03-08 15:13:50.044  1327  1327 D SurfaceFlinger:      DEVICE | 0xb400007446147bf0 | 0100 | RGBA_8888    |    0.0    0.0   67.0  515.0 |    0  301   67  816 | com.samsung.android.app.cocktailbars[...]rvice.CocktailBarService$_5242#35333
03-08 15:13:50.044  1327  1327 D SurfaceFlinger:      DEVICE | 0xb400007446148210 | 0100 | RGBA_8888    |    0.0    0.0 1080.0  126.0 |    0 2274 1080 2400 | NavigationBar0$_2578#89
03-08 15:13:50.044  1327  1327 D SurfaceFlinger:
03-08 15:13:50.045  1472  5029 I SemDvfsHyPerManager: acquire hyper - AMS_ACT_RESUME/1472@13, type = -999
03-08 15:13:50.047  1472  1498 W System  : A resource failed to call HardwareBuffer.close.
03-08 15:13:50.047  1472  1498 W System  : A resource failed to call HardwareBuffer.close.
03-08 15:13:50.048  1472  1498 W System  : A resource failed to call release.
03-08 15:13:50.048  1472  1498 W System  : A resource failed to call HardwareBuffer.close.
03-08 15:13:50.048  1472  1498 W System  : A resource failed to call HardwareBuffer.close.
03-08 15:13:50.048  1472  1498 W System  : A resource failed to call HardwareBuffer.close.
03-08 15:13:50.049  1472  1498 W System  : A resource failed to call HardwareBuffer.close.
03-08 15:13:50.049  1472  1498 W System  : A resource failed to call release.
03-08 15:13:50.049  1472  1498 W System  : A resource failed to call HardwareBuffer.close.
03-08 15:13:50.049  1472  1498 W System  : A resource failed to call HardwareBuffer.close.
03-08 15:13:50.050  1472  1498 W System  : A resource failed to call HardwareBuffer.close.
03-08 15:13:50.050  1472  1498 W System  : A resource failed to call HardwareBuffer.close.
03-08 15:13:50.051  1472  1498 W System  : A resource failed to call release.
03-08 15:13:50.051  1257  1326 I HYPER-HAL: [RequestManager.cpp]acquire(): Acquired ID : 1103368  [1472 / 13]    HINT : AMS_ACT_RESUME    list :
03-08 15:13:50.051  1472  1498 W System  : A resource failed to call end.
03-08 15:13:50.052  1472  1498 W System  : A resource failed to call HardwareBuffer.close.
03-08 15:13:50.052  1472  1498 W System  : A resource failed to call HardwareBuffer.close.
03-08 15:13:50.052  1472  1498 W System  : A resource failed to call release.
03-08 15:13:50.052  1472  5029 D InputDispatcher: Focused application(0): ActivityRecord{ebe9b52 u0 com.example.cmput301w24t33/.activities.Organizer} t3076}
03-08 15:13:50.055  2578  2656 I ViewRootImpl@5d91672[test]: performTraversals params={(0,0)(fillxfill) sim={adjust=pan} ty=APPLICATION_STARTING fmt=TRANSLUCENT
03-08 15:13:50.055  2578  2656 I ViewRootImpl@5d91672[test]:   fl=81030118
03-08 15:13:50.055  2578  2656 I ViewRootImpl@5d91672[test]:   pfl=16000010
03-08 15:13:50.055  2578  2656 I ViewRootImpl@5d91672[test]:   bhv=DEFAULT
03-08 15:13:50.055  2578  2656 I ViewRootImpl@5d91672[test]:   fitSides= naviIconColor=0}
03-08 15:13:50.056  2578  2656 I ViewRootImpl@5d91672[test]: performTraversals mFirst=false windowShouldResize=false viewVisibilityChanged=false mForceNextWindowRelayout=false params={(0,0)(fillxfill) sim={adjust=pan} ty=APPLICATION_STARTING fmt=TRANSLUCENT
03-08 15:13:50.056  2578  2656 I ViewRootImpl@5d91672[test]:   fl=81030118
03-08 15:13:50.056  2578  2656 I ViewRootImpl@5d91672[test]:   pfl=16000010
03-08 15:13:50.056  2578  2656 I ViewRootImpl@5d91672[test]:   bhv=DEFAULT
03-08 15:13:50.056  2578  2656 I ViewRootImpl@5d91672[test]:   fitSides= naviIconColor=0}
03-08 15:13:50.059 27916 27916 I ViewRootImpl@8f2ec40[InstrumentationActivityInvoker$EmptyActivity]: MSG_WINDOW_FOCUS_CHANGED 1 0
03-08 15:13:50.059 27916 27916 I ViewRootImpl@8f2ec40[InstrumentationActivityInvoker$EmptyActivity]: mThreadedRenderer.initializeIfNeeded()#2 mSurface={isValid=true 0xb400007c81f87000}
03-08 15:13:50.060 27916 27916 D InputMethodManager: startInputInner - Id : 0
03-08 15:13:50.060 27916 27916 I InputMethodManager: startInputInner - mService.startInputOrWindowGainedFocus
03-08 15:13:50.060  1257  1326 I HYPER-HAL: [ResourceManager.cpp]updateResource(): [CPUMinFreq] UpdateResource Request ID : 1103368    Value : 1939200
03-08 15:13:50.063  1472  2391 D AS.MultiSoundManager: mForegroundUid = 10451
03-08 15:13:50.063  1472  3543 V WindowManager: Relayout Window{84cd39a u0 Splash Screen com.example.cmput301w24t33.test}: viewVisibility=0 req=1080x2400 d0
03-08 15:13:50.068  1327  3508 I SurfaceFlinger: id=35572 createSurf, flag=24000, Surface(name=Task=3075)/@0xc8e4ddc - animation-leash of app_transition#35572
03-08 15:13:50.070  1327  1413 I SurfaceFlinger: id=35573 createSurf, flag=20004, DimAnimationLayer for Task=3076#35573
03-08 15:13:50.071  1327  1413 I SurfaceFlinger: id=35574 createSurf, flag=24004, Surface(name=Task=3076)/@0xfa06bc8 - animation-leash of app_transition#35574
03-08 15:13:50.072  1472  3335 D InputDispatcher: Focus left window (0): 40759f0 com.example.cmput301w24t33.test/androidx.test.core.app.InstrumentationActivityInvoker$EmptyActivity
03-08 15:13:50.075  1327  1327 I Layer   : id=35575 Destroyed Screenshot Parent#35575
03-08 15:13:50.082  1327  1413 I SurfaceFlinger: id=35576 createSurf, flag=80000, 8133dd ActivityRecordInputSink com.example.cmput301w24t33/.activities.Organizer#35576
03-08 15:13:50.084  1472  3543 V WindowManager: Relayout hash=84cd39a, pid=2578, syncId=-1: mAttrs={(0,0)(fillxfill) sim={adjust=pan} ty=APPLICATION_STARTING fmt=TRANSLUCENT
03-08 15:13:50.084  1472  3543 V WindowManager:   fl=81030118
03-08 15:13:50.084  1472  3543 V WindowManager:   pfl=16000010
03-08 15:13:50.084  1472  3543 V WindowManager:   bhv=DEFAULT
03-08 15:13:50.084  1472  3543 V WindowManager:   fitSides= naviIconColor=0}
03-08 15:13:50.087  1327  1327 I Layer   : Layer [Splash Screen com.example.cmput301w24t33$_2578#35570] hidden!! flag(0)
03-08 15:13:50.088 27916 27916 I ViewRootImpl@8f2ec40[InstrumentationActivityInvoker$EmptyActivity]: MSG_WINDOW_FOCUS_CHANGED 0 0
03-08 15:13:50.089  2578  2656 I ViewRootImpl@5d91672[test]: updateBlastSurfaceIfNeeded mBlastBufferQueue=0xb400007c52070b00 isSameSurfaceControl=true
03-08 15:13:50.089  2578  2656 I BLASTBufferQueue: update, w= 1080 h= 2400 mName = ViewRootImpl@5d91672[test] mNativeObject= 0xb400007c52070b00 sc.mNativeObject= 0xb400007c52028120 format= -3 caller= android.view.ViewRootImpl.updateBlastSurfaceIfNeeded:2898 android.view.ViewRootImpl.relayoutWindow:9847 android.view.ViewRootImpl.performTraversals:3884 android.view.ViewRootImpl.doTraversal:3116 android.view.ViewRootImpl$TraversalRunnable.run:10885 android.view.Choreographer$CallbackRecord.run:1301
03-08 15:13:50.089  2578  2656 I ViewRootImpl@5d91672[test]: Relayout returned: old=(0,0,1080,2400) new=(0,0,1080,2400) req=(1080,2400)0 dur=33 res=0x1 s={true 0xb400007c49a66800} ch=false seqId=0
03-08 15:13:50.090  2578  2656 I ViewRootImpl@5d91672[test]: reportNextDraw android.view.ViewRootImpl.performTraversals:4438 android.view.ViewRootImpl.doTraversal:3116 android.view.ViewRootImpl$TraversalRunnable.run:10885 android.view.Choreographer$CallbackRecord.run:1301 android.view.Choreographer$CallbackRecord.run:1309
03-08 15:13:50.090  2578  2656 I ViewRootImpl@5d91672[test]: Setup new sync id=1
03-08 15:13:50.090  2578  2656 I ViewRootImpl@5d91672[test]: Setting syncFrameCallback
03-08 15:13:50.090  2578  2656 I ViewRootImpl@5d91672[test]: registerCallbacksForSync syncBuffer=false
03-08 15:13:50.092  2578  2712 I ViewRootImpl@5d91672[test]: mWNT: t=0xb400007c6bbb4000 mBlastBufferQueue=0xb400007c52070b00 fn= 2 caller= android.view.SyncRtSurfaceTransactionApplier.applyTransaction:96 android.view.SyncRtSurfaceTransactionApplier.lambda$scheduleApply$0$android-view-SyncRtSurfaceTransactionApplier:69 android.view.SyncRtSurfaceTransactionApplier$$ExternalSyntheticLambda0.onFrameDraw:4
03-08 15:13:50.093  2578  2712 I ViewRootImpl@5d91672[test]: mWNT: t=0xb400007c6bbb4200 mBlastBufferQueue=0xb400007c52070b00 fn= 2 caller= android.view.SyncRtSurfaceTransactionApplier.applyTransaction:96 android.view.SyncRtSurfaceTransactionApplier.lambda$scheduleApply$0$android-view-SyncRtSurfaceTransactionApplier:69 android.view.SyncRtSurfaceTransactionApplier$$ExternalSyntheticLambda0.onFrameDraw:4
03-08 15:13:50.093  2578  2712 I ViewRootImpl@5d91672[test]: Received frameDrawingCallback syncResult=0 frameNum=2.
03-08 15:13:50.093  2578  2712 I ViewRootImpl@5d91672[test]: Setting up sync and frameCommitCallback
03-08 15:13:50.093  2578  2664 I ViewRootImpl@5d91672[test]: Received frameCommittedCallback lastAttemptedDrawFrameNum=2 didProduceBuffer=true
03-08 15:13:50.094  2578  2656 I ViewRootImpl@5d91672[test]: onSyncComplete
03-08 15:13:50.094  2578  2656 I ViewRootImpl@5d91672[test]: setupSync seqId=0 mSyncId=1 fn=2 caller=android.view.ViewRootImpl$$ExternalSyntheticLambda11.accept:6 android.window.SurfaceSyncer.lambda$setupSync$1$android-window-SurfaceSyncer:128 android.window.SurfaceSyncer$$ExternalSyntheticLambda1.accept:8 android.window.SurfaceSyncer$SyncSet.checkIfSyncIsComplete:382 android.window.SurfaceSyncer$SyncSet.markSyncReady:359 android.window.SurfaceSyncer.markSyncReady:151 android.view.ViewRootImpl.performTraversals:4503
03-08 15:13:50.094  2578  2656 I ViewRootImpl@5d91672[test]: reportDrawFinished seqId=0 mSyncId=-1 fn=2 mSurfaceChangedTransaction=0xb400007c662e3a00
03-08 15:13:50.095  2578  2711 I ViewRootImpl@5d91672[test]: mWNT: t=0xb400007c6bc25f00 mBlastBufferQueue=0xb400007c52070b00 fn= 3 caller= android.view.SyncRtSurfaceTransactionApplier.applyTransaction:96 android.view.SyncRtSurfaceTransactionApplier.lambda$scheduleApply$0$android-view-SyncRtSurfaceTransactionApplier:69 android.view.SyncRtSurfaceTransactionApplier$$ExternalSyntheticLambda0.onFrameDraw:4
03-08 15:13:50.095  1327  1327 I Layer   : id=35577 Destroyed Screenshot Parent#35577
03-08 15:13:50.098  1327  1413 I SurfaceFlinger: id=35578 createSurf, flag=40404, Top Edge Extension#35578
03-08 15:13:50.099  1327  1413 I SurfaceFlinger: id=35579 createSurf, flag=400, bbq-wrapper#35579
03-08 15:13:50.099  1472 26945 I BLASTBufferQueue: [bbq-adapter#1683](f:0,a:0) onFrameAvailable the first frame is available
03-08 15:13:50.103  1327  1327 I Layer   : id=35580 Destroyed Screenshot Parent#35580
03-08 15:13:50.104  2578  2712 I ViewRootImpl@5d91672[test]: mWNT: t=0xb400007c6bc25e00 mBlastBufferQueue=0xb400007c52070b00 fn= 3 caller= android.view.SyncRtSurfaceTransactionApplier.applyTransaction:96 android.view.SyncRtSurfaceTransactionApplier.lambda$scheduleApply$0$android-view-SyncRtSurfaceTransactionApplier:69 android.view.SyncRtSurfaceTransactionApplier$$ExternalSyntheticLambda0.onFrameDraw:4
03-08 15:13:50.105  1327  3508 I SurfaceFlinger: id=35581 createSurf, flag=40404, Bottom Edge Extension#35581
03-08 15:13:50.106  1327  3508 I SurfaceFlinger: id=35582 createSurf, flag=400, bbq-wrapper#35582
03-08 15:13:50.106  1472 26944 I BLASTBufferQueue: [bbq-adapter#1684](f:0,a:0) onFrameAvailable the first frame is available
03-08 15:13:50.114 26361 26361 D LifecycleMonitor: Lifecycle status change: com.example.cmput301w24t33.activities.Organizer@326f60e in: PRE_ON_CREATE
03-08 15:13:50.114 26361 26361 V ActivityScenario: Activity lifecycle changed event received but ignored because the reported transition was not ON_CREATE while the last known transition was PRE_ON_CREATE
03-08 15:13:50.115  1472  3678 I MediaSessionMonitor: Media session stopped : diffrent pkg
03-08 15:13:50.121  2578  2664 D OpenGLRenderer: setSurface called with nullptr
03-08 15:13:50.121  2578  2664 D OpenGLRenderer: setSurface() destroyed EGLSurface
03-08 15:13:50.121  2578  2664 D OpenGLRenderer: destroyEglSurface
03-08 15:13:50.123  2578  2656 I ViewRootImpl@5d91672[test]: performTraversals params={(0,0)(fillxfill) sim={adjust=pan} ty=APPLICATION_STARTING fmt=TRANSLUCENT alpha=0.0
03-08 15:13:50.123  2578  2656 I ViewRootImpl@5d91672[test]:   fl=81030118
03-08 15:13:50.123  2578  2656 I ViewRootImpl@5d91672[test]:   pfl=16000010
03-08 15:13:50.123  2578  2656 I ViewRootImpl@5d91672[test]:   bhv=DEFAULT
03-08 15:13:50.123  2578  2656 I ViewRootImpl@5d91672[test]:   fitSides= naviIconColor=0}
03-08 15:13:50.123  2578  2656 I ViewRootImpl@5d91672[test]: performTraversals mFirst=false windowShouldResize=false viewVisibilityChanged=true mForceNextWindowRelayout=false params={(0,0)(fillxfill) sim={adjust=pan} ty=APPLICATION_STARTING fmt=TRANSLUCENT alpha=0.0
03-08 15:13:50.123  2578  2656 I ViewRootImpl@5d91672[test]:   fl=81030118
03-08 15:13:50.123  2578  2656 I ViewRootImpl@5d91672[test]:   pfl=16000010
03-08 15:13:50.123  2578  2656 I ViewRootImpl@5d91672[test]:   bhv=DEFAULT
03-08 15:13:50.123  2578  2656 I ViewRootImpl@5d91672[test]:   fitSides= naviIconColor=0}
03-08 15:13:50.124  1472  2964 V WindowManager: Relayout Window{84cd39a u0 Splash Screen com.example.cmput301w24t33.test}: viewVisibility=8 req=1080x2400 d0
03-08 15:13:50.124 26361 26361 I DecorView: [INFO] isPopOver=false config=true
03-08 15:13:50.125  1472  2964 V WindowManager: Relayout hash=84cd39a, pid=2578, syncId=-1: mAttrs={(0,0)(fillxfill) sim={adjust=pan} ty=APPLICATION_STARTING fmt=TRANSLUCENT alpha=0.0
03-08 15:13:50.125  1472  2964 V WindowManager:   fl=81030118
03-08 15:13:50.125  1472  2964 V WindowManager:   pfl=16000010
03-08 15:13:50.125  1472  2964 V WindowManager:   bhv=DEFAULT
03-08 15:13:50.125  1472  2964 V WindowManager:   fitSides= naviIconColor=0}
03-08 15:13:50.126  2578  2656 I ViewRootImpl@5d91672[test]: Relayout returned: old=(0,0,1080,2400) new=(0,0,1080,2400) req=(1080,2400)8 dur=3 res=0x2 s={false 0x0} ch=true seqId=0
03-08 15:13:50.126  2578  2656 I ViewRootImpl@5d91672[test]: dispatchDetachedFromWindow
03-08 15:13:50.127  1472  2964 D InputTransport: Input channel destroyed: '84cd39a', fd=605
03-08 15:13:50.127  1472  2964 W InputManager-JNI: Input channel object '84cd39a Splash Screen com.example.cmput301w24t33.test (client)' was disposed without first being removed with the input manager!
03-08 15:13:50.127  1472  2964 D InputTransport: Input channel destroyed: '84cd39a', fd=691
03-08 15:13:50.129  2578  2656 D InputTransport: Input channel destroyed: '84cd39a', fd=187
03-08 15:13:50.130  1180  1180 D Zygote  : Forked child process 28167
03-08 15:13:50.131 26361 26361 I DecorView: updateCaptionType: isFloating=false isApplication=true hasWindowDecorCaption=false this=DecorView@33bcc35[]
03-08 15:13:50.131 26361 26361 D DecorView: setCaptionType = 0, this = DecorView@33bcc35[]
03-08 15:13:50.132  1537  2499 I CameraService: onUidStateChanged: uid=10052, procState is changed. (1 -> 0)
03-08 15:13:50.133 26361 26361 I DecorView: getCurrentDensityDpi: from real metrics. densityDpi=420 msg=resources_loaded
03-08 15:13:50.133 26361 26361 I DecorView: setWindowBackground: isPopOver=false color=ffffffff d=android.graphics.drawable.ColorDrawable@3c4ba3b
03-08 15:13:50.135  5242  5242 I ActivityUtils: HomePackage : com.sec.android.app.launcher, resumePackageName : com.example.cmput301w24t33
03-08 15:13:50.137  1327  1327 I Layer   : id=35571 removedFromDrawingState Surface(name=40759f0 com.example.cmput301w24t33.test/androidx.test.core.app.InstrumentationActivityInvoker$EmptyActivity)/@0xa9ddf76 - animation-leash of starting_reveal#35571 (153)
03-08 15:13:50.142  1327  1327 D SurfaceFlinger: Display 4630947232161729153 HWC layers:
03-08 15:13:50.142  1327  1327 D SurfaceFlinger:      DEVICE | 0xb40000745d066260 | 0102 | RGBA_8888    |    0.0    0.0 1080.0 2400.0 |    0    0 1080 2400 | com.example.cmput301w24t33.test/andr[...]tyInvoker$EmptyActivity$_27916#35563
03-08 15:13:50.142  1327  1327 D SurfaceFlinger:      DEVICE | 0xb400007446147170 | 0100 | RGBA_8888    |    0.0    0.0 1080.0   91.0 |    0    0 1080   91 | StatusBar$_2578#95
03-08 15:13:50.142  1327  1327 D SurfaceFlinger:      DEVICE | 0xb400007446147bf0 | 0100 | RGBA_8888    |    0.0    0.0   67.0  515.0 |    0  301   67  816 | com.samsung.android.app.cocktailbars[...]rvice.CocktailBarService$_5242#35333
