03-08 15:13:50.428 28167 28195 I Finsky  : [458] agsk.bB(289): Finished reading experiment flags from file [zyior8vm0xYjTnbjBqbmVQgHO51tT_LlAmkwu91Lf94] numFlags=1914.
03-08 15:13:50.428  1327  1413 I SurfaceFlinger: id=35440 Removed Surface(name=58caa92 com.example.cmput301w24t33/com.example.cmput301w24t33.activities.Attendee)/@0xdf5d1c1 - animation-leash of starting_reveal#35440 (157)
03-08 15:13:50.428  1327  1413 I SurfaceFlinger: id=35424 Removed Surface(name=5f02127 com.example.cmput301w24t33.test/androidx.test.core.app.InstrumentationActivityInvoker$EmptyActivity)/@0xbe649cc - animation-leash of starting_reveal#35424 (157)
03-08 15:13:50.429 28167 28191 I Finsky  : [455] xev.<init>(69): xex - Registering in memory receiver for android.intent.action.PACKAGE_ADDED and android.intent.action.PACKAGE_REMOVED
03-08 15:13:50.429  2578  2664 D OpenGLRenderer: setSurface called with nullptr
03-08 15:13:50.430 28167 28167 I Finsky  : [2] krm.i(1012): Profiling: Starting up (1)
03-08 15:13:50.431  2578  2597 W System  : A resource failed to call release.
03-08 15:13:50.431  1327  1414 I SurfaceFlinger: id=35542 Removed Task=3074#35542 (157)
03-08 15:13:50.432  2578  2597 W System  : A resource failed to call release.
03-08 15:13:50.432  1327  1414 I SurfaceFlinger: id=35514 Removed Task=3073#35514 (157)
03-08 15:13:50.433  2578  2597 W System  : A resource failed to call release.
03-08 15:13:50.433  1327  3508 I SurfaceFlinger: id=35463 Removed Task=3072#35463 (157)
03-08 15:13:50.434  2578  2597 W System  : A resource failed to call release.
03-08 15:13:50.434  1327  3508 I SurfaceFlinger: id=35443 Removed Task=3071#35443 (157)
03-08 15:13:50.434  2578  2597 W System  : A resource failed to call release.
03-08 15:13:50.434  1327  1413 I SurfaceFlinger: id=35420 Removed Task=3070#35420 (157)
03-08 15:13:50.434  2578  2597 W System  : A resource failed to call release.
03-08 15:13:50.434  1327  1413 I SurfaceFlinger: id=35408 Removed Task=3069#35408 (157)
03-08 15:13:50.435  2578  2597 W System  : A resource failed to call release.
03-08 15:13:50.435  1327  1413 I SurfaceFlinger: id=35382 Removed Task=3068#35382 (157)
03-08 15:13:50.435 28167 28195 I Finsky  : [458] agsk.bB(289): Finished reading experiment flags from file [pgOEtUAtpWQ-OHmjyOD8NsXSCAcV8C3b5Y3WTF8QUWI] numFlags=1913.
03-08 15:13:50.436 28167 28192 E debug   : provideWarmableValueStore
03-08 15:13:50.437  1327  1327 I Layer   : id=35440 Destroyed Surface(name=58caa92 com.example.cmput301w24t33/com.example.cmput301w24t33.activities.Attendee)/@0xdf5d1c1 - animation-leash of starting_reveal#35440
03-08 15:13:50.437  1327  1327 I Layer   : id=35542 Destroyed Task=3074#35542
03-08 15:13:50.437  1327  1327 I Layer   : id=35571 Destroyed Surface(name=40759f0 com.example.cmput301w24t33.test/androidx.test.core.app.InstrumentationActivityInvoker$EmptyActivity)/@0xa9ddf76 - animation-leash of starting_reveal#35571
03-08 15:13:50.437  1327  1327 I Layer   : id=35408 Destroyed Task=3069#35408
03-08 15:13:50.437 28167 28193 E Finsky  : [457] kpg.ar(65): Failed to get the task info for cold start.
03-08 15:13:50.437  1327  1327 I Layer   : id=35420 Destroyed Task=3070#35420
03-08 15:13:50.437  1327  1327 I Layer   : id=35514 Destroyed Task=3073#35514
03-08 15:13:50.437  1327  1327 I Layer   : id=35553 Destroyed Surface(name=d965637 com.example.cmput301w24t33/com.example.cmput301w24t33.activities.Organizer)/@0xfaa681f - animation-leash of starting_reveal#35553
03-08 15:13:50.437  1327  1327 I Layer   : id=35525 Destroyed Surface(name=1c5fdb com.example.cmput301w24t33.test/androidx.test.core.app.InstrumentationActivityInvoker$EmptyActivity)/@0x1ba2bfd - animation-leash of starting_reveal#35525
03-08 15:13:50.437  1327  1327 I Layer   : id=35475 Destroyed Surface(name=438526f com.example.cmput301w24t33/com.example.cmput301w24t33.activities.Attendee)/@0x841280a - animation-leash of starting_reveal#35475
03-08 15:13:50.437  1327  1327 I Layer   : id=35424 Destroyed Surface(name=5f02127 com.example.cmput301w24t33.test/androidx.test.core.app.InstrumentationActivityInvoker$EmptyActivity)/@0xbe649cc - animation-leash of starting_reveal#35424
03-08 15:13:50.437  1327  1327 I Layer   : id=35454 Destroyed Surface(name=fa77b0d com.example.cmput301w24t33.test/androidx.test.core.app.InstrumentationActivityInvoker$EmptyActivity)/@0xed2addf - animation-leash of starting_reveal#35454
03-08 15:13:50.437  1327  1327 I Layer   : id=35382 Destroyed Task=3068#35382
03-08 15:13:50.437  1327  1327 I Layer   : id=35463 Destroyed Task=3072#35463
03-08 15:13:50.437  1327  1327 I Layer   : id=35443 Destroyed Task=3071#35443
03-08 15:13:50.443  5242  5242 I Utils   : isCurrentUser current = 0, ownerId = 0
03-08 15:13:50.443  5242  5242 I TrayVisibilityController: getComputedTrayVisible : keyguardState = 1
03-08 15:13:50.443  5242  5242 I TrayVisibilityController: updateTrayVisible: State=1 visible=1 mCurrentVisible=1 specificMode=0
03-08 15:13:50.443  5242  5242 I TrayStateController: onNotifyUpdateTray: state=0
03-08 15:13:50.455 28167 28167 I Finsky  : [2] krm.i(1040): AsyncInit: Mandatory tasks are executed!
03-08 15:13:50.460  1472  4475 D SemWifiUsabilityStatsMonitor: onWifiUsabilityStats - seqNum 23817, isSameBssidAndFreq true
03-08 15:13:50.462 28167 28167 W Settings: Setting download_manager_max_bytes_over_mobile has moved from android.provider.Settings.Secure to android.provider.Settings.Global.
03-08 15:13:50.462  1472  2428 I SemWifiLinkQualityMonitor: Link Qos Query: 0.046 ms / 173.630 Mbps (200 / 0.006 / 1.000)
03-08 15:13:50.463 28167 28167 I Finsky  : [2] wlk.k(28): SettingNotFoundException, fall through to G.downloadBytesOverMobileMaximum
03-08 15:13:50.463 28167 28167 W Settings: Setting download_manager_recommended_max_bytes_over_mobile has moved from android.provider.Settings.Secure to android.provider.Settings.Global.
03-08 15:13:50.463 28167 28167 I Finsky  : [2] wlk.j(31): SettingNotFoundException, fall through to G.downloadBytesOverMobileRecommended
03-08 15:13:50.464 28167 28167 I Finsky  : [2] jzz.j(307): This process start was not selected for Play memory metrics collection.
03-08 15:13:50.467 28167 28167 I Finsky  : [2] uuk.onTrimMemory(13): Memory trim requested to level 5
03-08 15:13:50.468 28167 28195 I Finsky  : [458] aixr.<init>(4): VerifyApps: Setup app restrictions monitor
03-08 15:13:50.471 28167 28192 I Finsky  : [456] muc.f(38): Subscription detail: DataSubscriptionInfo{groupIdLevel1=4B4F, serviceProviderName=[TRao4LDilAkygMcEI1xreCKSyApJoo9Zq5fr_7Q_48c], simCarrierId=2020}
03-08 15:13:50.474 28167 28191 I Finsky  : [455] kpg.R(306): com.google.android.finsky.rubiks.cubes.activity.CubesActivityLauncher is COMPONENT_ENABLED_STATE_DEFAULT.
03-08 15:13:50.474 28167 28167 I Finsky  : [2] abik.onStartJob(128): SCH: job service start with id 9587.
03-08 15:13:50.475 28167 28191 I Finsky  : [455] kpg.R(306): com.google.android.finsky.rubiks.cubes.widget.CubesAppWidgetProvider is COMPONENT_ENABLED_STATE_DEFAULT.
03-08 15:13:50.475 28167 28191 I Finsky  : [455] kpg.R(306): com.google.android.finsky.rubiks.cubes.widget.ContentForwardWidgetProvider is COMPONENT_ENABLED_STATE_DEFAULT.
03-08 15:13:50.475 28167 28191 I Finsky  : [455] kpg.R(306): com.google.android.finsky.rubiks.cubes.activity.CubesActivity is COMPONENT_ENABLED_STATE_DEFAULT.
03-08 15:13:50.475 28167 28234 D cr_HttpFlagsLoader: [Handler.java:942] Not loading HTTP flags because they are disabled in the manifest
03-08 15:13:50.478  1472  1504 D PackageManager: setEnabledSetting : userId = 0 packageName = com.android.vending cmp = com.android.vending.AssetBrowserActivity newState = 1 callingPackage = 10233/com.android.vending
03-08 15:13:50.479  1472  1504 D ApplicationPolicy: getApplicationStateEnabled : pkg = com.android.vending userId : 0
03-08 15:13:50.479  1472  1504 D ApplicationPolicy: getApplicationComponentState : pkg = com.android.vending userId : 0
03-08 15:13:50.480 28167 28195 I Finsky  : [458] ajes.a(32): VerifyApps: Device wide unknown source restriction updated
03-08 15:13:50.483  1472  2964 D PackageManager: setEnabledSetting : userId = 0 packageName = com.android.vending cmp = com.google.android.finsky.activities.DebugActivity newState = 2 callingPackage = 10233/com.android.vending
03-08 15:13:50.484 28167 28167 I Finsky  : [2] mub.onSubscriptionsChanged(6): onSubscriptionsChanged
03-08 15:13:50.492  1472  2465 D NetdEventListenerService: DNS Requested by : 162, 10233
03-08 15:13:50.492 28167 28195 I Finsky  : [458] sze.<init>(46): Item store provider started.
03-08 15:13:50.494  1472  2964 D PackageManager: setEnabledSetting : userId = 0 packageName = com.android.vending cmp = com.google.android.finsky.systemupdateactivity.SystemUpdateActivity newState = 1 callingPackage = 10233/com.android.vending
03-08 15:13:50.494  1472  1504 D PackageManager: setEnabledSetting : userId = 0 packageName = com.android.vending cmp = com.google.android.finsky.systemcomponentupdateui.common.SystemComponentUpdateActivity newState = 0 callingPackage = 10233/com.android.vending
03-08 15:13:50.495  1472  2964 D ApplicationPolicy: getApplicationStateEnabled : pkg = com.android.vending userId : 0
03-08 15:13:50.495  1472  2964 D ApplicationPolicy: getApplicationComponentState : pkg = com.android.vending userId : 0
03-08 15:13:50.496 28167 28228 I Finsky  : [472] xds.run(331): SysUA: Set SystemUpdateActivity enabled state to 1
03-08 15:13:50.497  1472  1504 D ApplicationPolicy: getApplicationStateEnabled : pkg = com.android.vending userId : 0
03-08 15:13:50.497  1472  1504 D ApplicationPolicy: getApplicationComponentState : pkg = com.android.vending userId : 0
03-08 15:13:50.498  1472  2964 D PackageManager: setEnabledSetting : userId = 0 packageName = com.android.vending cmp = com.google.android.finsky.remotesetup.PlayRemoteSetupActivity newState = 0 callingPackage = 10233/com.android.vending
03-08 15:13:50.499  1472  2964 D ApplicationPolicy: getApplicationStateEnabled : pkg = com.android.vending userId : 0
03-08 15:13:50.499  1472  2964 D ApplicationPolicy: getApplicationComponentState : pkg = com.android.vending userId : 0
03-08 15:13:50.500  1472  2465 D NetdEventListenerService: DNS Requested by : 162, 10233
03-08 15:13:50.503  1472  2465 D NetdEventListenerService: DNS Requested by : 162, 10233
03-08 15:13:50.504  1472  5162 D PackageManager: setEnabledSetting : userId = 0 packageName = com.android.vending cmp = com.google.android.finsky.hibernation.impl.UnhibernateActivity newState = 1 callingPackage = 10233/com.android.vending
03-08 15:13:50.505  1180  1180 D Zygote  : Forked child process 28257
03-08 15:13:50.506  1472  5162 D ApplicationPolicy: getApplicationStateEnabled : pkg = com.android.vending userId : 0
03-08 15:13:50.506 28167 28224 I Finsky  : [468] xds.run(372): SysCUA: Set {com.android.vending/com.google.android.finsky.systemcomponentupdateui.common.SystemComponentUpdateActivity} enabled state to 0
03-08 15:13:50.506 28167 28228 I Finsky  : [472] xds.run(627): RemoteSetup: Set {com.android.vending/com.google.android.finsky.remotesetup.PlayRemoteSetupActivity} enabled state to 0
03-08 15:13:50.507 28167 28234 D ConnectivityManager: StackLog: [android.net.ConnectivityManager.sendRequestForNetwork(ConnectivityManager.java:4359)] [android.net.ConnectivityManager.registerDefaultNetworkCallbackForUid(ConnectivityManager.java:4923)] [android.net.ConnectivityManager.registerDefaultNetworkCallback(ConnectivityManager.java:4890)] [bchg.b(PG:33)] [bcha.<init>(PG:85)] [org.chromium.net.NetworkChangeNotifier.g(PG:14)] [org.chromium.net.impl.CronetLibraryLoader.b(PG:709)] [arqj.run(PG:7)]
03-08 15:13:50.507  1472  2465 D NetdEventListenerService: DNS Requested by : 162, 10233
03-08 15:13:50.508  1472  2964 D ConnectivityService: requestNetwork for uid/pid:10233/28167 activeRequest: null callbackRequest: 7879 [NetworkRequest [ REQUEST id=7880, [ Capabilities: INTERNET&NOT_RESTRICTED&TRUSTED&NOT_VCN_MANAGED Uid: 10233 RequestorUid: 10233 RequestorPkg: com.android.vending UnderlyingNetworks: Null] ]] callback flags: 0 order: 2147483647
03-08 15:13:50.509  1472  2376 D ConnectivityService:    accepting network in place of null
03-08 15:13:50.509  1472  5162 D ApplicationPolicy: getApplicationComponentState : pkg = com.android.vending userId : 0
03-08 15:13:50.509 28167 28192 I Finsky  : [456] apcf.e(7): registerListener
03-08 15:13:50.509 28167 28236 I Finsky  : [480] np.run(126): Set UnhibernateActivity enabled state to 1
03-08 15:13:50.511  1472  2376 D ConnectivityService: Rematched networks [computed 1ms] [applied 1ms] [issued 1]
03-08 15:13:50.511  1472  2376 D ConnectivityService: NetworkReassignment :
03-08 15:13:50.511  1472  2376 D ConnectivityService:   7880 : null  162
03-08 15:13:50.511  1472  2366 D WifiNetworkFactory: got request NetworkRequest [ REQUEST id=7880, [ Capabilities: INTERNET&NOT_RESTRICTED&TRUSTED&NOT_VCN_MANAGED Uid: 10233 RequestorUid: 10233 RequestorPkg: com.android.vending UnderlyingNetworks: Null] ]
03-08 15:13:50.511  1472  2366 D UntrustedWifiNetworkFactory: got request NetworkRequest [ REQUEST id=7880, [ Capabilities: INTERNET&NOT_RESTRICTED&TRUSTED&NOT_VCN_MANAGED Uid: 10233 RequestorUid: 10233 RequestorPkg: com.android.vending UnderlyingNetworks: Null] ]
03-08 15:13:50.511  1472  2366 D OemPaidWifiNetworkFactory: got request NetworkRequest [ REQUEST id=7880, [ Capabilities: INTERNET&NOT_RESTRICTED&TRUSTED&NOT_VCN_MANAGED Uid: 10233 RequestorUid: 10233 RequestorPkg: com.android.vending UnderlyingNetworks: Null] ]
03-08 15:13:50.511 28167 28191 I Finsky  : [455] tzt.s(77): Enqueuing libraries load for -99133906
03-08 15:13:50.511  1472  2366 D MultiInternetWifiNetworkFactory: got request NetworkRequest [ REQUEST id=7880, [ Capabilities: INTERNET&NOT_RESTRICTED&TRUSTED&NOT_VCN_MANAGED Uid: 10233 RequestorUid: 10233 RequestorPkg: com.android.vending UnderlyingNetworks: Null] ]
03-08 15:13:50.512 28167 28228 I Finsky  : [472] tzt.t(14): Starting libraries load for -99133906
03-08 15:13:50.512 28167 28234 D ConnectivityManager: StackLog: [android.net.ConnectivityManager.sendRequestForNetwork(ConnectivityManager.java:4359)] [android.net.ConnectivityManager.sendRequestForNetwork(ConnectivityManager.java:4401)] [android.net.ConnectivityManager.registerNetworkCallback(ConnectivityManager.java:4783)] [bchg.b(PG:118)] [bcha.<init>(PG:85)] [org.chromium.net.NetworkChangeNotifier.g(PG:14)] [org.chromium.net.impl.CronetLibraryLoader.b(PG:709)] [arqj.run(PG:7)]
03-08 15:13:50.524  1327  1327 D SurfaceFlinger: Display 4630947232161729153 HWC layers:
03-08 15:13:50.524  1327  1327 D SurfaceFlinger:      DEVICE | 0xb40000745d065700 | 0102 | RGBA_8888    |    0.0    0.0 1080.0 2400.0 |    0    0 1080 2400 | com.example.cmput301w24t33/com.examp[...]33.activities.Organizer$_26361#35584
03-08 15:13:50.524  1327  1327 D SurfaceFlinger:      DEVICE | 0xb400007446147170 | 0100 | RGBA_8888    |    0.0    0.0 1080.0   91.0 |    0    0 1080   91 | StatusBar$_2578#95
03-08 15:13:50.524  1327  1327 D SurfaceFlinger:      DEVICE | 0xb400007446147bf0 | 0100 | RGBA_8888    |    0.0    0.0   67.0  515.0 |    0  301   67  816 | com.samsung.android.app.cocktailbars[...]rvice.CocktailBarService$_5242#35333
03-08 15:13:50.524  1327  1327 D SurfaceFlinger:      DEVICE | 0xb400007446148210 | 0100 | RGBA_8888    |    0.0    0.0 1080.0  126.0 |    0 2274 1080 2400 | NavigationBar0$_2578#89
03-08 15:13:50.524  1327  1327 D SurfaceFlinger:
03-08 15:13:50.525 28167 28192 I Finsky  : [456] apcf.e(7): registerListener
03-08 15:13:50.526  1472  2376 D ConnectivityService: Rematched networks [computed 0ms] [applied 10ms] [issued 2]
03-08 15:13:50.526  1472  2376 D ConnectivityService: NetworkReassignment : no changes
03-08 15:13:50.527 27916 27916 I ViewRootImpl@8f2ec40[InstrumentationActivityInvoker$EmptyActivity]: handleAppVisibility mAppVisible = true visible = false
03-08 15:13:50.534  1257 28158 I HYPER-HAL: [ResourceManager.cpp]removeResource(): [CPUMinFreq] RemoveResource Request ID : 1107832
03-08 15:13:50.534  1257 28158 I HYPER-HAL: [RequestManager.cpp]releaseLocked(): Released ID : 1107832
03-08 15:13:50.536  1327  1327 I Layer   : id=35570 removedFromDrawingState Splash Screen com.example.cmput301w24t33$_2578#35570 (143)
03-08 15:13:50.536  1327  1327 I Layer   : id=35574 removedFromDrawingState Surface(name=Task=3076)/@0xfa06bc8 - animation-leash of app_transition#35574 (143)
03-08 15:13:50.536  1327  1327 I Layer   : id=35578 removedFromDrawingState Top Edge Extension#35578 (143)
03-08 15:13:50.536  1327  1327 I Layer   : id=35579 removedFromDrawingState bbq-wrapper#35579 (143)
03-08 15:13:50.536  1327  1327 I Layer   : id=35578 removedFromDrawingState Top Edge Extension#35578 (143)
03-08 15:13:50.537  1327  1327 I Layer   : id=35579 removedFromDrawingState bbq-wrapper#35579 (143)
03-08 15:13:50.537  1327  1327 I Layer   : id=35569 removedFromDrawingState c642aa Splash Screen com.example.cmput301w24t33#35569 (143)
03-08 15:13:50.537  1327  1327 I Layer   : Layer [Splash Screen com.example.cmput301w24t33$_2578#35570] hidden!! flag(1)
03-08 15:13:50.537  1327  1327 I Layer   : id=35573 removedFromDrawingState DimAnimationLayer for Task=3076#35573 (143)
03-08 15:13:50.537  1327  1327 I Layer   : id=35558 removedFromDrawingState Splash Screen com.example.cmput301w24t33.test$_2578#35558 (143)
03-08 15:13:50.537  1327  1327 I Layer   : id=35572 removedFromDrawingState Surface(name=Task=3075)/@0xc8e4ddc - animation-leash of app_transition#35572 (143)
03-08 15:13:50.537  1327  1327 I Layer   : id=35581 removedFromDrawingState Bottom Edge Extension#35581 (143)
03-08 15:13:50.537  1327  1327 I Layer   : id=35582 removedFromDrawingState bbq-wrapper#35582 (143)
03-08 15:13:50.537  1327  1327 I Layer   : id=35581 removedFromDrawingState Bottom Edge Extension#35581 (143)
03-08 15:13:50.537  1327  1327 I Layer   : id=35582 removedFromDrawingState bbq-wrapper#35582 (143)
03-08 15:13:50.537  1327  1327 I Layer   : id=35557 removedFromDrawingState 84cd39a Splash Screen com.example.cmput301w24t33.test#35557 (143)
03-08 15:13:50.537  1327  1327 I Layer   : Layer [Splash Screen com.example.cmput301w24t33.test$_2578#35558] hidden!! flag(1)
03-08 15:13:50.537  1327  1327 I Layer   : Layer [com.example.cmput301w24t33.test/androidx.test.core.app.InstrumentationActivityInvoker$EmptyActivity$_27916#35563] hidden!! flag(1)
03-08 15:13:50.537  1327  1327 I SurfaceFlinger: id=35582 Removed bbq-wrapper#35582 (143)
03-08 15:13:50.537  1327  1327 I SurfaceFlinger: id=35581 Removed Bottom Edge Extension#35581 (143)
03-08 15:13:50.537  1327  1327 I SurfaceFlinger: id=35558 Removed Splash Screen com.example.cmput301w24t33.test$_2578#35558 (143)
03-08 15:13:50.537  1327  1327 I SurfaceFlinger: id=35579 Removed bbq-wrapper#35579 (143)
03-08 15:13:50.537  1327  1327 I SurfaceFlinger: id=35578 Removed Top Edge Extension#35578 (143)
03-08 15:13:50.537  1327  1327 I SurfaceFlinger: id=35557 Removed 84cd39a Splash Screen com.example.cmput301w24t33.test#35557 (143)
03-08 15:13:50.537  1327  1327 I SurfaceFlinger: id=35569 Removed c642aa Splash Screen com.example.cmput301w24t33#35569 (143)
03-08 15:13:50.537  1327  1327 I SurfaceFlinger: id=35573 Removed DimAnimationLayer for Task=3076#35573 (143)
03-08 15:13:50.537  1327  1327 I SurfaceFlinger: id=35570 Removed Splash Screen com.example.cmput301w24t33$_2578#35570 (143)
03-08 15:13:50.537  1327  1327 I SurfaceFlinger: id=35572 Removed Surface(name=Task=3075)/@0xc8e4ddc - animation-leash of app_transition#35572 (143)
03-08 15:13:50.537  1327  1327 I SurfaceFlinger: id=35574 Removed Surface(name=Task=3076)/@0xfa06bc8 - animation-leash of app_transition#35574 (143)
03-08 15:13:50.538 28257 28257 I e.process.gapps: Using CollectorTypeCC GC.
03-08 15:13:50.538  1327  1327 I Layer   : id=35557 Destroyed 84cd39a Splash Screen com.example.cmput301w24t33.test#35557
03-08 15:13:50.538  1327  1327 I Layer   : id=35558 Destroyed Splash Screen com.example.cmput301w24t33.test$_2578#35558
03-08 15:13:50.539  1327  1327 I Layer   : id=35569 Destroyed c642aa Splash Screen com.example.cmput301w24t33#35569
03-08 15:13:50.539  1327  1327 I Layer   : id=35570 Destroyed Splash Screen com.example.cmput301w24t33$_2578#35570
03-08 15:13:50.539  1327  1327 I Layer   : id=35572 Destroyed Surface(name=Task=3075)/@0xc8e4ddc - animation-leash of app_transition#35572
03-08 15:13:50.539  1327  1327 I Layer   : id=35581 Destroyed Bottom Edge Extension#35581
03-08 15:13:50.540  1327  1327 I Layer   : id=35582 Destroyed bbq-wrapper#35582
03-08 15:13:50.540  1327  1327 I Layer   : id=35574 Destroyed Surface(name=Task=3076)/@0xfa06bc8 - animation-leash of app_transition#35574
03-08 15:13:50.540  1327  1327 I Layer   : id=35578 Destroyed Top Edge Extension#35578
03-08 15:13:50.540  1327  1327 I Layer   : id=35579 Destroyed bbq-wrapper#35579
03-08 15:13:50.540  1327  1327 I Layer   : id=35573 Destroyed DimAnimationLayer for Task=3076#35573
03-08 15:13:50.543 28257 28257 E e.process.gapps: Not starting debugger since process cannot load the jdwp agent.
03-08 15:13:50.548 27916 27939 D OpenGLRenderer: setSurface called with nullptr
03-08 15:13:50.549 27916 27939 D OpenGLRenderer: setSurface() destroyed EGLSurface
03-08 15:13:50.549 27916 27939 D OpenGLRenderer: destroyEglSurface
03-08 15:13:50.550 27916 27916 I ViewRootImpl@8f2ec40[InstrumentationActivityInvoker$EmptyActivity]: performTraversals mFirst=false windowShouldResize=false viewVisibilityChanged=true mForceNextWindowRelayout=false params=null
03-08 15:13:50.550 26361 26361 I ViewInteraction: Performing 'single click' action on view view.getId() is <2131230849/com.example.cmput301w24t33:id/button_user_mode>
03-08 15:13:50.551 28167 28190 I cr_CronetLibraryLoader: Cronet version: 122.0.6238.3, arch: aarch64
03-08 15:13:50.555  1472  1504 D InputDispatcher: Inject motion (26361/10451): action=0x0, time=154422801000000, f=0x0, d=0 dsdx=1.000000 dtdx=0.000000
03-08 15:13:50.555  1472  5162 V WindowManager: Relayout Window{40759f0 u0 com.example.cmput301w24t33.test/androidx.test.core.app.InstrumentationActivityInvoker$EmptyActivity}: viewVisibility=8 req=1080x2400 d0
03-08 15:13:50.555  1472  2259 I InputDispatcher: Delivering touch to (2578): action: 0x4, f=0x0, d=0, '296f76f', t=0
03-08 15:13:50.555  1472  2259 I InputDispatcher: Delivering touch to (26361): action: 0x0, f=0x0, d=0, '629eaa4', t=0
03-08 15:13:50.557  1472  5162 V WindowManager: Relayout hash=40759f0, pid=27916, syncId=-1: mAttrs={(0,0)(fillxfill) sim={adjust=pan forwardNavigation} ty=BASE_APPLICATION
03-08 15:13:50.557  1472  5162 V WindowManager:   fl=81810100
03-08 15:13:50.557  1472  5162 V WindowManager:   pfl=12020040
03-08 15:13:50.557  1472  5162 V WindowManager:   apr=LIGHT_NAVIGATION_BARS
03-08 15:13:50.557  1472  5162 V WindowManager:   bhv=DEFAULT
03-08 15:13:50.557  1472  5162 V WindowManager:   fitSides= naviIconColor=0
03-08 15:13:50.557  1472  5162 V WindowManager:   sfl=100000}
03-08 15:13:50.557  1472  1877 I GestureDetector: obtain mCurrentDownEvent. id: -907272277 caller: com.android.server.wm.SystemGesturesPointerEventListener.onPointerEvent:203 com.android.server.wm.PointerEventDispatcher.onInputEvent:53 android.view.InputEventReceiver.dispatchInputEvent:285
03-08 15:13:50.558  1472  1877 I GestureDetector: obtain mCurrentDownEvent. id: -907272277 caller: com.android.server.wm.SystemPerformancePointerEventListener.onPointerEvent:89 com.android.server.wm.PointerEventDispatcher.onInputEvent:53 android.view.InputEventReceiver.dispatchInputEvent:285
03-08 15:13:50.558 26361 26361 I ViewRootImpl@ab7878d[Organizer]: ViewPostIme pointer 0
03-08 15:13:50.564 28167 28190 D bcjy    : Failed to get store_server_configs_in_properties options: No value for store_server_configs_in_properties
03-08 15:13:50.564 28167 28190 D bcjy    : Failed to get max_server_configs_stored_in_properties options: No value for max_server_configs_stored_in_properties
03-08 15:13:50.564 28167 28190 D bcjy    : Failed to get goaway_sessions_on_ip_change options: No value for goaway_sessions_on_ip_change
03-08 15:13:50.564 28167 28190 D bcjy    : Failed to get close_sessions_on_ip_change options: No value for close_sessions_on_ip_change
03-08 15:13:50.564 28167 28190 D bcjy    : Failed to get migrate_sessions_on_network_change_v2 options: No value for migrate_sessions_on_network_change_v2
03-08 15:13:50.564 28167 28190 D bcjy    : Failed to get migrate_sessions_early_v2 options: No value for migrate_sessions_early_v2
03-08 15:13:50.564 28167 28190 D bcjy    : Failed to get disable_bidirectional_streams options: No value for disable_bidirectional_streams
03-08 15:13:50.564 28167 28190 D bcjy    : Failed to get max_time_before_crypto_handshake_seconds options: No value for max_time_before_crypto_handshake_seconds
03-08 15:13:50.564 28167 28190 D bcjy    : Failed to get max_idle_time_before_crypto_handshake_seconds options: No value for max_idle_time_before_crypto_handshake_seconds
03-08 15:13:50.564 28167 28190 D bcjy    : Failed to get enable_socket_recv_optimization options: No value for enable_socket_recv_optimization
03-08 15:13:50.564 28167 28190 D bcjy    : Failed to get AsyncDNS options: No value for AsyncDNS
03-08 15:13:50.564 28167 28190 D bcjy    : Failed to get max_stale_uses options: No value for max_stale_uses
03-08 15:13:50.564 28167 28190 D bcjy    : Failed to get persist_to_disk options: No value for persist_to_disk
03-08 15:13:50.564 28167 28190 D bcjy    : Failed to get persist_delay_ms options: No value for persist_delay_ms
03-08 15:13:50.564 28167 28190 D bcjy    : Failed to get use_stale_on_name_not_resolved options: No value for use_stale_on_name_not_resolved
03-08 15:13:50.564 28167 28190 D bcjy    : Failed to get disable_ipv6_on_wifi options: No value for disable_ipv6_on_wifi
03-08 15:13:50.568 28257 28257 D ActivityThread: setConscryptValidator
03-08 15:13:50.569 28257 28257 D ActivityThread: setConscryptValidator - put
03-08 15:13:50.570 27916 27916 I ViewRootImpl@8f2ec40[InstrumentationActivityInvoker$EmptyActivity]: Relayout returned: old=(0,0,1080,2400) new=(0,0,1080,2400) req=(1080,2400)8 dur=10 res=0x2 s={false 0x0} ch=true seqId=0
03-08 15:13:50.572 27916 27916 I ViewRootImpl@8f2ec40[InstrumentationActivityInvoker$EmptyActivity]: stopped(true) old = false
03-08 15:13:50.572 27916 27916 I ViewRootImpl@8f2ec40[InstrumentationActivityInvoker$EmptyActivity]: WindowStopped on com.example.cmput301w24t33.test/androidx.test.core.app.InstrumentationActivityInvoker$EmptyActivity set to true
03-08 15:13:50.576 27916 27916 I MSHandlerLifeCycle: removeMultiSplitHandler: no exist. decor=DecorView@ce0e427[InstrumentationActivityInvoker$EmptyActivity]
03-08 15:13:50.583 28257 28257 D CompatibilityChangeReporter: Compat change id reported: 171979766; UID 10231; state: ENABLED
03-08 15:13:50.585 27916 27916 I MSHandlerLifeCycle: removeMultiSplitHandler: no exist. decor=DecorView@ce0e427[InstrumentationActivityInvoker$EmptyActivity]
03-08 15:13:50.585 27916 27939 D OpenGLRenderer: setSurface called with nullptr
03-08 15:13:50.586 27916 27916 I ViewRootImpl@8f2ec40[InstrumentationActivityInvoker$EmptyActivity]: dispatchDetachedFromWindow
03-08 15:13:50.587  1472  1504 D InputTransport: Input channel destroyed: '40759f0', fd=756
03-08 15:13:50.588  1472  1504 W InputManager-JNI: Input channel object '40759f0 com.example.cmput301w24t33.test/androidx.test.core.app.InstrumentationActivityInvoker$EmptyActivity (client)' was disposed without first being removed with the input manager!
03-08 15:13:50.588  1472  1504 D InputTransport: Input channel destroyed: '40759f0', fd=952
03-08 15:13:50.592 28167 28167 I Finsky  : [2] rmf.x(24): Installer: Attempting to start installer
03-08 15:13:50.593 28167 28167 I Finsky  : [2] apcf.e(7): registerListener
03-08 15:13:50.595 28257 28257 D nativeloader: Configuring clns-shared-4 for other apk /system/framework/org.apache.http.legacy.jar. target_sdk_version=33, uses_libraries=ALL, library_path=/system/system_ext/priv-app/GoogleServicesFramework/lib/arm64:/system/system_ext/priv-app/GoogleServicesFramework/GoogleServicesFramework.apk!/lib/arm64-v8a:/system/lib64:/system/system_ext/lib64, permitted_path=/data:/mnt/expand:/data/user/0/com.google.android.gsf:/system/system_ext/priv-app/GoogleServicesFramework:/system/lib64:/system/system_ext/lib64
03-08 15:13:50.595 28257 28257 D nativeloader: Extending system_exposed_libraries: libhumantracking.arcsoft.so:libPortraitDistortionCorrection.arcsoft.so:libPortraitDistortionCorrectionCali.arcsoft.so:libface_landmark.arcsoft.so:libFacialStickerEngine.arcsoft.so:libveengine.arcsoft.so:liblow_light_hdr.arcsoft.so:libhigh_dynamic_range.arcsoft.so:libFacialAttributeDetection.arcsoft.so:libBeauty_v4.camera.samsung.so:libexifa.camera.samsung.so:libjpega.camera.samsung.so:libOpenCv.camera.samsung.so:libImageScreener.camera.samsung.so:libMyFilter.camera.samsung.so:libtensorflowLite.myfilter.camera.samsung.so:libtensorflowlite_inference_api.myfilter.camera.samsung.so:libEventFinder.camera.samsung.so:libSmartScan.camera.samsung.so:libRectify.camera.samsung.so:libDocRectifyWrapper.camera.samsung.so:libUltraWideDistortionCorrection.camera.samsung.so:libWideDistortionCorrection.camera.samsung.so:libHpr_RecGAE_cvFeature_v1.0.camera.samsung.so:libHprFace_GAE_api.camera.samsung.so:libFace_Landmark_API.camera.samsung.so:libHprFace_GAE_jni.camera.samsung.so:libFacialBase
03-08 15:13:50.598 28167 28167 I Finsky  : [2] acju.<init>(239): Initializing pausers from value store.
03-08 15:13:50.598  1472  3335 D InputDispatcher: Inject motion (26361/10451): action=0x1, time=154422844000000, f=0x0, d=0 dsdx=1.000000 dtdx=0.000000
03-08 15:13:50.598 28167 28167 I Finsky  : [2] acju.<init>(280): setup::RES: Callers (Pausers) in PauseUpdatesCallersValueStore: []
03-08 15:13:50.598  1472  2259 I InputDispatcher: Delivering touch to (26361): action: 0x1, f=0x0, d=0, '629eaa4', t=0
03-08 15:13:50.599 26361 26361 I ViewRootImpl@ab7878d[Organizer]: ViewPostIme pointer 1
03-08 15:13:50.600 28257 28257 D nativeloader: Configuring clns-shared-5 for other apk /system/system_ext/priv-app/GoogleServicesFramework/GoogleServicesFramework.apk. target_sdk_version=33, uses_libraries=, library_path=/system/system_ext/priv-app/GoogleServicesFramework/lib/arm64:/system/system_ext/priv-app/GoogleServicesFramework/GoogleServicesFramework.apk!/lib/arm64-v8a:/system/lib64:/system/system_ext/lib64, permitted_path=/data:/mnt/expand:/data/user/0/com.google.android.gsf:/system/system_ext/priv-app/GoogleServicesFramework:/system/lib64:/system/system_ext/lib64
03-08 15:13:50.601 27916 27916 D InputTransport: Input channel destroyed: '40759f0', fd=101
03-08 15:13:50.602  1472  2686 I SemDvfsHyPerManager: acquire hyper - AMS_ACT_START/1472@14, type = -999
03-08 15:13:50.603  1257  1326 I HYPER-HAL: [RequestManager.cpp]acquire(): Acquired ID : 1104855  [1472 / 14]    HINT : AMS_ACT_START    list :
03-08 15:13:50.603  1257  1326 I HYPER-HAL: [ResourceManager.cpp]updateResource(): [CPULittleMinFreq] UpdateResource Request ID : 1104855    Value : 1804800
03-08 15:13:50.603  1327  1413 I SurfaceFlinger: id=35589 createSurf, flag=80004, ActivityRecord{cb4ebc9 u0 com.example.cmput301w24t33/.activities.Attendee} t3076}#35589
03-08 15:13:50.604  1327  1327 I Layer   : id=35563 removedFromDrawingState com.example.cmput301w24t33.test/androidx.test.core.app.InstrumentationActivityInvoker$EmptyActivity$_27916#35563 (133)
03-08 15:13:50.604  1327  1327 I Layer   : id=35561 removedFromDrawingState 40759f0 com.example.cmput301w24t33.test/androidx.test.core.app.InstrumentationActivityInvoker$EmptyActivity#35561 (133)
03-08 15:13:50.604  1327  1327 I SurfaceFlinger: id=35563 Removed com.example.cmput301w24t33.test/androidx.test.core.app.InstrumentationActivityInvoker$EmptyActivity$_27916#35563 (133)
03-08 15:13:50.604  1327  1327 I SurfaceFlinger: id=35561 Removed 40759f0 com.example.cmput301w24t33.test/androidx.test.core.app.InstrumentationActivityInvoker$EmptyActivity#35561 (133)
03-08 15:13:50.604  1472  1882 I ChimeraSystemEventListener: appLaunchIntent package name is: com.example.cmput301w24t33
03-08 15:13:50.604  1327  1327 I Layer   : id=35561 Destroyed 40759f0 com.example.cmput301w24t33.test/androidx.test.core.app.InstrumentationActivityInvoker$EmptyActivity#35561
03-08 15:13:50.605  1327  1327 I Layer   : id=35563 Destroyed com.example.cmput301w24t33.test/androidx.test.core.app.InstrumentationActivityInvoker$EmptyActivity$_27916#35563
03-08 15:13:50.607  1472  1877 I GestureDetector: obtain mCurrentMotionEventRaw. action: 1 id: -45263553
03-08 15:13:50.607  1472  1877 I GestureDetector: obtain mCurrentMotionEventRaw. action: 1 id: -45263553
03-08 15:13:50.610  1327  2296 I SurfaceFlinger: id=35590 createSurf, flag=24004, Task=3075#35590
03-08 15:13:50.610  1327  2100 I SurfaceFlinger: id=35560 Removed 141be42 ActivityRecordInputSink com.example.cmput301w24t33.test/androidx.test.core.app.InstrumentationActivityInvoker$EmptyActivity#35560 (132)
03-08 15:13:50.611  1257  1326 I HYPER-HAL: [ResourceManager.cpp]updateResource(): [CPUMinFreq] UpdateResource Request ID : 1104855    Value : 1939200
03-08 15:13:50.617  3258  3258 I RecentsView: onTaskRemoved() taskId : 3075
03-08 15:13:50.617  3258  3258 I TopTaskTracker: onTaskRemoved : taskId = 3075
03-08 15:13:50.617  3258  3258 I RecentsView: onTaskRemoved() taskId : 3075
03-08 15:13:50.617  3258  3258 I TopTaskTracker: onTaskRemoved : taskId = 3075
03-08 15:13:50.619 26361 26361 D LifecycleMonitor: Lifecycle status change: com.example.cmput301w24t33.activities.Organizer@326f60e in: PAUSED
03-08 15:13:50.619 26361 26361 V ActivityScenario: Update currentActivityStage to PAUSED, currentActivity=com.example.cmput301w24t33.activities.Organizer@326f60e
03-08 15:13:50.620  1327  1327 I Layer   : id=35556 removedFromDrawingState ActivityRecord{a024e53 u0 com.example.cmput301w24t33.test/androidx.test.core.app.InstrumentationActivityInvoker$EmptyActivity} t3075}#35556 (132)
03-08 15:13:50.620  1327  1327 I Layer   : id=35560 removedFromDrawingState 141be42 ActivityRecordInputSink com.example.cmput301w24t33.test/androidx.test.core.app.InstrumentationActivityInvoker$EmptyActivity#35560 (132)
03-08 15:13:50.621  1327  1327 I Layer   : id=35555 removedFromDrawingState Task=3075#35555 (132)
03-08 15:13:50.621  1327  1327 I Layer   : id=35590 removedFromDrawingState Task=3075#35590 (132)
03-08 15:13:50.621  1327  1327 I SurfaceFlinger: id=35556 Removed ActivityRecord{a024e53 u0 com.example.cmput301w24t33.test/androidx.test.core.app.InstrumentationActivityInvoker$EmptyActivity} t3075}#35556 (132)
03-08 15:13:50.621  1327  1327 I SurfaceFlinger: id=35590 Removed Task=3075#35590 (132)
03-08 15:13:50.621  1327  1327 I Layer   : id=35590 Destroyed Task=3075#35590
03-08 15:13:50.622  1327  1327 I Layer   : id=35556 Destroyed ActivityRecord{a024e53 u0 com.example.cmput301w24t33.test/androidx.test.core.app.InstrumentationActivityInvoker$EmptyActivity} t3075}#35556
03-08 15:13:50.622  1327  1327 I Layer   : id=35560 Destroyed 141be42 ActivityRecordInputSink com.example.cmput301w24t33.test/androidx.test.core.app.InstrumentationActivityInvoker$EmptyActivity#35560
03-08 15:13:50.627  1472  5037 D InputDispatcher: Focused application(0): ActivityRecord{cb4ebc9 u0 com.example.cmput301w24t33/.activities.Attendee} t3076}
03-08 15:13:50.627 28257 28257 V GraphicsEnvironment: ANGLE Developer option for 'com.google.android.gsf' set to: 'default'
03-08 15:13:50.628 28257 28257 V GraphicsEnvironment: ANGLE GameManagerService for com.google.android.gsf: false
03-08 15:13:50.632 28257 28257 D NetworkSecurityConfig: No Network Security Config specified, using platform default
03-08 15:13:50.633 28257 28257 D NetworkSecurityConfig: No Network Security Config specified, using platform default
03-08 15:13:50.636 28167 28244 I Finsky  : [484] abgz.a(995): SCH: Satisfied jobs for 9587 are: 12-1
03-08 15:13:50.640  5242  5242 I ActivityUtils: HomePackage : com.sec.android.app.launcher, resumePackageName : com.example.cmput301w24t33
03-08 15:13:50.641 28167 28167 I Finsky  : [2] rmf.Q(15): Installer: Installer kick - no action, not running yet
03-08 15:13:50.642 26361 26361 D LifecycleMonitor: Lifecycle status change: com.example.cmput301w24t33.activities.Attendee@24e4231 in: PRE_ON_CREATE
03-08 15:13:50.642 26361 26361 V ActivityScenario: Activity lifecycle changed event received but ignored because the intent does not match. startActivityIntent=Intent { act=android.intent.action.MAIN cat=[android.intent.category.LAUNCHER] flg=0x10008000 cmp=com.example.cmput301w24t33/.activities.Organizer }, activity.getIntent()=Intent { cmp=com.example.cmput301w24t33/.activities.Attendee }, activity=com.example.cmput301w24t33.activities.Attendee@24e4231
03-08 15:13:50.649 28257 28257 I GoogleHttpClient: GMS http client unavailable, use old client
03-08 15:13:50.651 26361 26361 I DecorView: [INFO] isPopOver=false config=true
03-08 15:13:50.651 26361 26361 I DecorView: updateCaptionType: isFloating=false isApplication=true hasWindowDecorCaption=false this=DecorView@82a0669[]
03-08 15:13:50.651 26361 26361 D DecorView: setCaptionType = 0, this = DecorView@82a0669[]
03-08 15:13:50.653  1472  3678 I MediaSessionMonitor: Media session stopped : diffrent pkg
03-08 15:13:50.654  1472  2964 D InputDispatcher: Focus left window (0): 629eaa4 com.example.cmput301w24t33/com.example.cmput301w24t33.activities.Organizer
03-08 15:13:50.655 26361 26361 I DecorView: getCurrentDensityDpi: from real metrics. densityDpi=420 msg=resources_loaded
03-08 15:13:50.655 26361 26361 I DecorView: setWindowBackground: isPopOver=false color=ffffffff d=android.graphics.drawable.ColorDrawable@565e18f
03-08 15:13:50.663 28167 28228 I Finsky  : [472] tzt.t(284): Loaded library for account: [41ELlJhGcG_olllDdByoN7XCLDWWfZwsDhxGYyWumKQ]
03-08 15:13:50.663 28167 28228 I Finsky  : [472] tzt.t(284): Loaded library for account: [FDZ5mQ3WUZJk8cxsR8iewwxd8Udmv0OCy1529JXaSIw]
03-08 15:13:50.663 28167 28228 I Finsky  : [472] tzt.t(353): Finished loading 2 libraries.
03-08 15:13:50.668 28167 28301 I Finsky  : [504] abhg.<init>(55): Resetting scheduler db
03-08 15:13:50.675 28167 28301 I Finsky  : [504] aadu.accept(562): SCH: Job 12-1 starting
03-08 15:13:50.677 28167 28167 I Finsky  : [2] ContentSyncJob.h(14): [ContentSync] job started
03-08 15:13:50.685 28167 28236 I Finsky  : [480] abgs.accept(555): SCH: Scheduling phonesky job Id: 1-1337, CT: 1709920462844, Constraints: [{ L: 36428359, D: 79628359, C: 1, I: 1, N: 1 }]
03-08 15:13:50.685 28167 28236 I Finsky  : [480] abgs.accept(555): SCH: Scheduling phonesky job Id: 3-34409, CT: 1709935699871, Constraints: [{ L: 0, D: 86400000, C: 2, I: 2, N: 2 }]
03-08 15:13:50.687 26361 26361 D ContentValues: Attendee Android ID: 6d2d326bbbe75ba1
03-08 15:13:50.688 28167 28236 I Finsky  : [480] abgs.accept(555): SCH: Scheduling phonesky job Id: 3-34410, CT: 1709935699871, Constraints: [{ L: 35500140, D: 46300140, C: 1, I: 2, N: 2 }]
03-08 15:13:50.688 26361 26361 D FadeMove:  GET USER LiveData single user: null
03-08 15:13:50.688 28167 28236 I Finsky  : [480] abgs.accept(555): SCH: Scheduling phonesky job Id: 3-34411, CT: 1709935699871, Constraints: [{ L: 0, D: 86400000, C: 2, I: 2, N: 2 }]
03-08 15:13:50.689 28167 28236 I Finsky  : [480] abgs.accept(555): SCH: Scheduling phonesky job Id: 3-34412, CT: 1709935699871, Constraints: [{ L: 35500137, D: 46300137, C: 1, I: 2, N: 2 }]
03-08 15:13:50.690 28167 28236 I Finsky  : [480] abgs.accept(555): SCH: Scheduling phonesky job Id: 3-34413, CT: 1709935699871, Constraints: [{ L: 0, D: 86400000, C: 2, I: 2, N: 2 }]
03-08 15:13:50.690 28167 28236 I Finsky  : [480] abgs.accept(555): SCH: Scheduling phonesky job Id: 12-1, CT: 1709936014879, Constraints: [{ L: 15000, D: 86400000, C: 1, I: 1, N: 1 }]
03-08 15:13:50.690 26361 26361 D LifecycleMonitor: Lifecycle status change: com.example.cmput301w24t33.activities.Attendee@24e4231 in: CREATED
03-08 15:13:50.690 28167 28236 I Finsky  : [480] abgs.accept(555): SCH: Scheduling phonesky job Id: 26-1414141414, CT: 1709904600154, Constraints: [{ L: 43200000, D: 44100000, C: 1, I: 1, N: 0 }]
03-08 15:13:50.691 26361 26361 V ActivityScenario: Activity lifecycle changed event received but ignored because the intent does not match. startActivityIntent=Intent { act=android.intent.action.MAIN cat=[android.intent.category.LAUNCHER] flg=0x10008000 cmp=com.example.cmput301w24t33/.activities.Organizer }, activity.getIntent()=Intent { cmp=com.example.cmput301w24t33/.activities.Attendee }, activity=com.example.cmput301w24t33.activities.Attendee@24e4231
03-08 15:13:50.695 26361 26361 D LifecycleMonitor: Lifecycle status change: com.example.cmput301w24t33.activities.Attendee@24e4231 in: STARTED
03-08 15:13:50.695 28167 28236 I Finsky  : [480] abgs.accept(555): SCH: Scheduling phonesky job Id: 34-3495, CT: 1709920466265, Constraints: [{ L: 604800000, D: 2516630459, C: 2, I: 2, N: 2 }, { L: 604800000, D: 2516630459, C: 1, I: 2, N: 2 }]
03-08 15:13:50.695 26361 26361 V ActivityScenario: Activity lifecycle changed event received but ignored because the intent does not match. startActivityIntent=Intent { act=android.intent.action.MAIN cat=[android.intent.category.LAUNCHER] flg=0x10008000 cmp=com.example.cmput301w24t33/.activities.Organizer }, activity.getIntent()=Intent { cmp=com.example.cmput301w24t33/.activities.Attendee }, activity=com.example.cmput301w24t33.activities.Attendee@24e4231
03-08 15:13:50.697 26361 26361 D ContentValues: RESUME
03-08 15:13:50.697 26361 26361 D LifecycleMonitor: Lifecycle status change: com.example.cmput301w24t33.activities.Attendee@24e4231 in: RESUMED
03-08 15:13:50.697 26361 26361 V ActivityScenario: Activity lifecycle changed event received but ignored because the intent does not match. startActivityIntent=Intent { act=android.intent.action.MAIN cat=[android.intent.category.LAUNCHER] flg=0x10008000 cmp=com.example.cmput301w24t33/.activities.Organizer }, activity.getIntent()=Intent { cmp=com.example.cmput301w24t33/.activities.Attendee }, activity=com.example.cmput301w24t33.activities.Attendee@24e4231
03-08 15:13:50.698 28167 28236 I Finsky  : [480] abgs.accept(555): SCH: Scheduling phonesky job Id: 34-3496, CT: 1709920466265, Constraints: [{ L: 604800000, D: 2574947230, C: 2, I: 2, N: 2 }, { L: 604800000, D: 2574947230, C: 1, I: 2, N: 2 }]
03-08 15:13:50.699 26361 26361 I MSHandlerLifeCycle: check: return. pkg=com.example.cmput301w24t33 parent=null callers=com.android.internal.policy.DecorView.setVisibility:4412 android.app.ActivityThread.handleResumeActivity:5476 android.app.servertransaction.ResumeActivityItem.execute:54 android.app.servertransaction.ActivityTransactionItem.execute:45 android.app.servertransaction.TransactionExecutor.executeLifecycleState:176
03-08 15:13:50.699 26361 26361 I MSHandlerLifeCycle: removeMultiSplitHandler: no exist. decor=DecorView@82a0669[]
03-08 15:13:50.700 28167 28236 I Finsky  : [480] abgs.accept(555): SCH: Scheduling phonesky job Id: 34-3497, CT: 1709920466265, Constraints: [{ L: 604800000, D: 2574947452, C: 2, I: 2, N: 2 }, { L: 604800000, D: 2574947452, C: 1, I: 2, N: 2 }]
03-08 15:13:50.701 28167 28236 I Finsky  : [480] abgs.accept(555): SCH: Scheduling phonesky job Id: 34-3498, CT: 1709920466265, Constraints: [{ L: 604800000, D: 2574947248, C: 2, I: 2, N: 2 }, { L: 604800000, D: 2574947248, C: 1, I: 2, N: 2 }]
03-08 15:13:50.704 26361 26463 D NativeCustomFrequencyManager: [NativeCFMS] BpCustomFrequencyManager::BpCustomFrequencyManager()
03-08 15:13:50.706  1472  2964 D InputTransport: Input channel constructed: '1f424d7', fd=715
03-08 15:13:50.707  1472  2964 D InputTransport: Input channel constructed: '1f424d7', fd=741
03-08 15:13:50.707  1472  2964 D InputTransport: Input channel constructed: '1f424d7', fd=756
03-08 15:13:50.707  1327  1413 I SurfaceFlinger: id=35591 createSurf, flag=80004, 1f424d7 com.example.cmput301w24t33/com.example.cmput301w24t33.activities.Attendee#35591
03-08 15:13:50.708  1472  2964 D InputTransport: Input channel destroyed: '1f424d7', fd=756
03-08 15:13:50.709 28167 28236 I Finsky  : [480] abgs.accept(555): SCH: Scheduling phonesky job Id: 34-3499, CT: 1709920466265, Constraints: [{ L: 604800000, D: 2574947236, C: 2, I: 2, N: 2 }, { L: 604800000, D: 2574947236, C: 1, I: 2, N: 2 }]
03-08 15:13:50.710 28167 28236 I Finsky  : [480] abgs.accept(555): SCH: Scheduling phonesky job Id: 34-3500, CT: 1709920466265, Constraints: [{ L: 604800000, D: 2574948353, C: 2, I: 2, N: 2 }, { L: 604800000, D: 2574948353, C: 1, I: 2, N: 2 }]
03-08 15:13:50.710 26361 26361 D InsetsController: onStateChanged: InsetsState: {mDisplayFrame=Rect(0, 0 - 1080, 2400), mDisplayCutout=DisplayCutout{insets=Rect(0, 91 - 0, 0) waterfall=Insets{left=0, top=0, right=0, bottom=0} boundingRect={Bounds=[Rect(0, 0 - 0, 0), Rect(503, 0 - 577, 91), Rect(0, 0 - 0, 0), Rect(0, 0 - 0, 0)]} cutoutPathParserInfo={CutoutPathParserInfo{displayWidth=1080 displayHeight=2400 physicalDisplayWidth=1080 physicalDisplayHeight=2400 density={2.625} cutoutSpec={M 0,0 H -14.0952380952381 V 34.66666666666667 H 14.0952380952381 V 0 H 0 Z @dp} rotation={0} scale={1.0} physicalPixelDisplaySizeRatio={1.0}}}}, mRoundedCorners=RoundedCorners{[RoundedCorner{position=TopLeft, radius=84, center=Point(84, 84)}, RoundedCorner{position=TopRight, radius=84, center=Point(996, 84)}, RoundedCorner{position=BottomRight, radius=84, center=Point(996, 2316)}, RoundedCorner{position=BottomLeft, radius=84, center=Point(84, 2316)}]}  mRoundedCornerFrame=Rect(0, 0 - 1080, 2400), mPrivacyIndicatorBounds=PrivacyIndicatorBounds {static bounds=Rect(964, 0 - 1080, 91) rotation=0}, mSources= { InsetsSource: {mType=ITYPE_STATUS_BAR, mFrame=[0,0][1080,91], mVisible=true, mInsetsRoundedCornerFrame=false}, InsetsSource: {mType=ITYPE_NAVIGATION_BAR, mFrame=[0,2274][1080,2400], mVisible=true, mInsetsRoundedCornerFrame=false}, InsetsSource: {mType=ITYPE_LEFT_GESTURES, mFrame=[0,0][0,2400], mVisible=true, mInsetsRoundedCornerFrame=false}, InsetsSource: {mType=ITYPE_RIGHT_GESTURES, mFrame=[1080,0][1080,2400], mVisible=true, mInsetsRoundedCornerFrame=false}, InsetsSource: {mType=ITYPE_TOP_MANDATORY_GESTURES, mFrame=[0,0][1080,123], mVisible=true, mInsetsRoundedCornerFrame=false}, InsetsSource: {mType=ITYPE_BOTTOM_MANDATORY_GESTURES, mFrame=[0,2274][1080,2400], mVisible=true, mInsetsRoundedCornerFrame=false}, InsetsSource: {mType=ITYPE_LEFT_DISPLAY_CUTOUT, mFrame=[0,0][-100000,2400], mVisible=true, mInsetsRoundedCornerFrame=false}, InsetsSource: {mType=ITYPE_TOP_DISPLAY_CUTOUT, mFrame=[0,0][1080,91], mVisible=true, mInsetsRoundedCornerFrame=false}, InsetsSource: {mType=ITYPE_RIGHT_DISPLAY_CUTOUT, mFrame=[100000,0][1080,2400], mVisible=true, mInsetsRoundedCornerFrame=false}, InsetsSource: {mType=ITYPE_BOTTOM_DISPLAY_CUTOUT, mFrame=[0,100000][1080,2400], mVisible=true, mInsetsRoundedCornerFrame=false}, InsetsSource: {mType=ITYPE_TOP_TAPPABLE_ELEMENT, mFrame=[0,0][1080,91], mVisible=true, mInsetsRoundedCornerFrame=false}, InsetsSource: {mType=ITYPE_BOTTOM_TAPPABLE_ELEMENT, mFrame=[0,2274][1080,2400], mVisible=true, mInsetsRoundedCornerFrame=false} } host=com.example.cmput301w24t33/com.example.cmput301w24t33.activities.Attendee from=android.view.ViewRootImpl.setView:1732
03-08 15:13:50.710 28167 28236 I Finsky  : [480] abgs.accept(555): SCH: Scheduling phonesky job Id: 34-3501, CT: 1709920466265, Constraints: [{ L: 604800000, D: 2574948446, C: 2, I: 2, N: 2 }, { L: 604800000, D: 2574948446, C: 1, I: 2, N: 2 }]
03-08 15:13:50.713 26361 26361 I ViewRootImpl@28800e4[Attendee]: setView = com.android.internal.policy.DecorView@82a0669 TM=true
03-08 15:13:50.713 26361 26361 I MSHandlerLifeCycle: removeMultiSplitHandler: no exist. decor=DecorView@82a0669[Attendee]
03-08 15:13:50.718 28167 28236 I Finsky  : [480] abgs.accept(555): SCH: Scheduling phonesky job Id: 34-3502, CT: 1709920466265, Constraints: [{ L: 604800000, D: 2574948508, C: 2, I: 2, N: 2 }, { L: 604800000, D: 2574948508, C: 1, I: 2, N: 2 }]
03-08 15:13:50.719 28167 28236 I Finsky  : [480] abgs.accept(555): SCH: Scheduling phonesky job Id: 34-3503, CT: 1709920466265, Constraints: [{ L: 0, D: 1296000000, C: 2, I: 2, N: 2 }, { L: 0, D: 1296000000, C: 1, I: 2, N: 2 }]
03-08 15:13:50.720 28167 28236 I Finsky  : [480] abgs.accept(555): SCH: Scheduling phonesky job Id: 34-3504, CT: 1709920466265, Constraints: [{ L: 561145840, D: 1857145840, C: 2, I: 2, N: 2 }, { L: 561145840, D: 1857145840, C: 1, I: 2, N: 2 }]
03-08 15:13:50.720 28167 28236 I Finsky  : [480] abgs.accept(555): SCH: Scheduling phonesky job Id: 34-3505, CT: 1709920466265, Constraints: [{ L: 65938758, D: 1361938758, C: 1, I: 1, N: 1 }]
03-08 15:13:50.721 28167 28236 I Finsky  : [480] abgs.accept(555): SCH: Scheduling phonesky job Id: 34-3506, CT: 1709920466265, Constraints: [{ L: 75367069, D: 1371367069, C: 1, I: 1, N: 2 }]
03-08 15:13:50.729  3258 28442 I RecentModel: onTaskStackChangedBackground
03-08 15:13:50.729 26361 26361 I ViewRootImpl@28800e4[Attendee]: performTraversals params={(0,0)(fillxfill) sim={adjust=resize forwardNavigation} ty=BASE_APPLICATION wanim=0x1030309
03-08 15:13:50.729 26361 26361 I ViewRootImpl@28800e4[Attendee]:   fl=81810100
03-08 15:13:50.729 26361 26361 I ViewRootImpl@28800e4[Attendee]:   pfl=12020040
03-08 15:13:50.729 26361 26361 I ViewRootImpl@28800e4[Attendee]:   bhv=DEFAULT
03-08 15:13:50.729 26361 26361 I ViewRootImpl@28800e4[Attendee]:   fitSides= naviIconColor=0
03-08 15:13:50.729 26361 26361 I ViewRootImpl@28800e4[Attendee]:   sfl=100000}
03-08 15:13:50.732 26361 26361 I ViewRootImpl@28800e4[Attendee]: performTraversals mFirst=true windowShouldResize=true viewVisibilityChanged=false mForceNextWindowRelayout=false params={(0,0)(fillxfill) sim={adjust=resize forwardNavigation} ty=BASE_APPLICATION wanim=0x1030309
03-08 15:13:50.732 26361 26361 I ViewRootImpl@28800e4[Attendee]:   fl=81810100
03-08 15:13:50.732 26361 26361 I ViewRootImpl@28800e4[Attendee]:   pfl=12020040
03-08 15:13:50.732 26361 26361 I ViewRootImpl@28800e4[Attendee]:   bhv=DEFAULT
