03-08 15:13:45.257 27663 27663 D NetworkSecurityConfig: No Network Security Config specified, using platform default
03-08 15:13:45.258 27663 27663 D NetworkSecurityConfig: No Network Security Config specified, using platform default
03-08 15:13:45.262 27663 27663 I GservicesProvider: Gservices pushing to system: true; secure/global: true
03-08 15:13:45.263   679   679 W keymaster_tee: [WRN]begin req PARAMS: A32 B2 P64
03-08 15:13:45.266   679   679 D keymaster_swd: keymaster_swd [WRN] (km_usage_expire_datetime_valid:223) for purpose 0 we shuldn't check KM_TAG_USAGE_EXPIRE_DATETIME
03-08 15:13:45.267   679   679 D keymaster_swd: keymaster_swd [WRN] (swd_run_cb:257) swd_begin() returns 0
03-08 15:13:45.269   679   679 D keymaster_swd: keymaster_swd [WRN] (swd_run_cb:257) swd_update() returns 0
03-08 15:13:45.272   679   679 D keymaster_swd: keymaster_swd [WRN] (swd_run_cb:257) swd_finish() returns 0
03-08 15:13:45.273 27663 27683 E GmsClient: unable to connect to service: com.google.android.gms.gservices.START on com.google.android.gms
03-08 15:13:45.278   679   679 W keymaster_tee: [WRN]begin req PARAMS: A32 B2 P64
03-08 15:13:45.281   679   679 D keymaster_swd: keymaster_swd [WRN] (km_usage_expire_datetime_valid:223) for purpose 0 we shuldn't check KM_TAG_USAGE_EXPIRE_DATETIME
03-08 15:13:45.281   679   679 D keymaster_swd: keymaster_swd [WRN] (swd_run_cb:257) swd_begin() returns 0
03-08 15:13:45.288   679   679 D keymaster_swd: keymaster_swd [WRN] (swd_run_cb:257) swd_update() returns 0
03-08 15:13:45.290   679   679 D keymaster_swd: keymaster_swd [WRN] (swd_run_cb:257) swd_finish() returns 0
03-08 15:13:45.294   679   679 W keymaster_tee: [WRN]begin req PARAMS: A32 B2 P64
03-08 15:13:45.297   679   679 D keymaster_swd: keymaster_swd [WRN] (km_usage_expire_datetime_valid:223) for purpose 0 we shuldn't check KM_TAG_USAGE_EXPIRE_DATETIME
03-08 15:13:45.297   679   679 D keymaster_swd: keymaster_swd [WRN] (swd_run_cb:257) swd_begin() returns 0
03-08 15:13:45.299   679   679 D keymaster_swd: keymaster_swd [WRN] (swd_run_cb:257) swd_update() returns 0
03-08 15:13:45.301   679   679 D keymaster_swd: keymaster_swd [WRN] (swd_run_cb:257) swd_finish() returns 0
03-08 15:13:45.305   679   679 W keymaster_tee: [WRN]begin req PARAMS: A32 B2 P64
03-08 15:13:45.308   679   679 D keymaster_swd: keymaster_swd [WRN] (km_usage_expire_datetime_valid:223) for purpose 0 we shuldn't check KM_TAG_USAGE_EXPIRE_DATETIME
03-08 15:13:45.308   679   679 D keymaster_swd: keymaster_swd [WRN] (swd_run_cb:257) swd_begin() returns 0
03-08 15:13:45.310   679   679 D keymaster_swd: keymaster_swd [WRN] (swd_run_cb:257) swd_update() returns 0
03-08 15:13:45.312   679   679 D keymaster_swd: keymaster_swd [WRN] (swd_run_cb:257) swd_finish() returns 0
03-08 15:13:45.315 27620 27659 D CompatibilityChangeReporter: Compat change id reported: 183155436; UID 10233; state: ENABLED
03-08 15:13:45.316  1472  1877 I GestureDetector: handleMessage TAP
03-08 15:13:45.316  1472  1472 I GestureDetector: handleMessage TAP
03-08 15:13:45.320   679   679 W keymaster_tee: [WRN]begin req PARAMS: A32 B2 P64
03-08 15:13:45.320 27620 27659 I Finsky  : [457] agsk.bB(289): Finished reading experiment flags from file [zyior8vm0xYjTnbjBqbmVQgHO51tT_LlAmkwu91Lf94] numFlags=1914.
03-08 15:13:45.324   679   679 D keymaster_swd: keymaster_swd [WRN] (km_usage_expire_datetime_valid:223) for purpose 0 we shuldn't check KM_TAG_USAGE_EXPIRE_DATETIME
03-08 15:13:45.324   679   679 D keymaster_swd: keymaster_swd [WRN] (swd_run_cb:257) swd_begin() returns 0
03-08 15:13:45.326   679   679 D keymaster_swd: keymaster_swd [WRN] (swd_run_cb:257) swd_update() returns 0
03-08 15:13:45.327 27620 27659 I Finsky  : [457] agsk.bB(289): Finished reading experiment flags from file [pgOEtUAtpWQ-OHmjyOD8NsXSCAcV8C3b5Y3WTF8QUWI] numFlags=1913.
03-08 15:13:45.328   679   679 D keymaster_swd: keymaster_swd [WRN] (swd_run_cb:257) swd_finish() returns 0
03-08 15:13:45.328 27620 27657 E Finsky  : [456] kpg.ar(65): Failed to get the task info for cold start.
03-08 15:13:45.328 27620 27654 E debug   : provideWarmableValueStore
03-08 15:13:45.330 27620 27620 I Finsky  : [2] krm.i(1012): Profiling: Starting up (0)
03-08 15:13:45.339   679   679 W keymaster_tee: [WRN]begin req PARAMS: A32 B2 P64
03-08 15:13:45.339 27620 27655 I Finsky  : [454] xev.<init>(69): xex - Registering in memory receiver for android.intent.action.PACKAGE_ADDED and android.intent.action.PACKAGE_REMOVED
03-08 15:13:45.343   679   679 D keymaster_swd: keymaster_swd [WRN] (km_usage_expire_datetime_valid:223) for purpose 0 we shuldn't check KM_TAG_USAGE_EXPIRE_DATETIME
03-08 15:13:45.343   679   679 D keymaster_swd: keymaster_swd [WRN] (swd_run_cb:257) swd_begin() returns 0
03-08 15:13:45.345   679   679 D keymaster_swd: keymaster_swd [WRN] (swd_run_cb:257) swd_update() returns 0
03-08 15:13:45.347   679   679 D keymaster_swd: keymaster_swd [WRN] (swd_run_cb:257) swd_finish() returns 0
03-08 15:13:45.348 27490 27527 I Rubin   : [447] ed.a$a$a.a(SourceFile:36) : contains REPRESENTATIVE
03-08 15:13:45.348 27490 27527 I Rubin   : [447] ed.a$a$a.a(SourceFile:38) : representative: false
03-08 15:13:45.349 27620 27620 I Finsky  : [2] krm.i(1040): AsyncInit: Mandatory tasks are executed!
03-08 15:13:45.356   679   679 W keymaster_tee: [WRN]begin req PARAMS: A32 B2 P64
03-08 15:13:45.359   679   679 D keymaster_swd: keymaster_swd [WRN] (km_usage_expire_datetime_valid:223) for purpose 0 we shuldn't check KM_TAG_USAGE_EXPIRE_DATETIME
03-08 15:13:45.359   679   679 D keymaster_swd: keymaster_swd [WRN] (swd_run_cb:257) swd_begin() returns 0
03-08 15:13:45.362   679   679 D keymaster_swd: keymaster_swd [WRN] (swd_run_cb:257) swd_update() returns 0
03-08 15:13:45.366   679   679 D keymaster_swd: keymaster_swd [WRN] (swd_run_cb:257) swd_finish() returns 0
03-08 15:13:45.367 27620 27620 I Finsky  : [2] uuk.onTrimMemory(13): Memory trim requested to level 10
03-08 15:13:45.368 27620 27620 W Settings: Setting download_manager_max_bytes_over_mobile has moved from android.provider.Settings.Secure to android.provider.Settings.Global.
03-08 15:13:45.369 27490 27527 I Rubin   : [447] ed.a$a.e(SourceFile:2) : Notifying to 1 listeners
03-08 15:13:45.369 27490 27527 I Rubin   : [447] ed.a$a.e(SourceFile:5) : listener : z7.k@89969f7
03-08 15:13:45.370 27490 27527 I Rubin   : [447] ed.a$a$a.a(SourceFile:70) : ====================================================================
03-08 15:13:45.370 27490 27527 I Rubin   : [447] ed.c.f(SourceFile:2) : finish
03-08 15:13:45.370 30756 27658 I SamsungAccount: [AccessTokenRunnable] [InAIDL-AccessTokenRunnable]handleProcessSuccessResult finish. Package = rubin.app.
03-08 15:13:45.370 30756 27658 I SamsungAccount: [StateCheckUtil] isChildAccount : false
03-08 15:13:45.370 27620 27620 I Finsky  : [2] wlk.k(28): SettingNotFoundException, fall through to G.downloadBytesOverMobileMaximum
03-08 15:13:45.370 27620 27620 W Settings: Setting download_manager_recommended_max_bytes_over_mobile has moved from android.provider.Settings.Secure to android.provider.Settings.Global.
03-08 15:13:45.371 27620 27620 I Finsky  : [2] wlk.j(31): SettingNotFoundException, fall through to G.downloadBytesOverMobileRecommended
03-08 15:13:45.371 27490 27490 I Rubin   : [2] z7.f.b(SourceFile:6) : checkForUI = false isGdprAffected = false isCMSFeatureSupported = true
03-08 15:13:45.372 27490 27490 E Rubin   : [2] z7.r.z(SourceFile:6) : Enabling :: FAILED - USER_NOT_CONSENT_TO_COLLECT_DATA
03-08 15:13:45.372 27620 27620 I Finsky  : [2] jzz.j(307): This process start was not selected for Play memory metrics collection.
03-08 15:13:45.372  1472  2964 D PackageManager: setEnabledSetting : userId = 0 packageName = com.samsung.android.rubin.app cmp = com.samsung.android.rubin.inferenceengine.contextanalytics.engine.loggers.CarLogger$BluetoothEventReceiver newState = 2 callingPackage = 5010/com.samsung.android.rubin.app
03-08 15:13:45.374 27620 27656 I Finsky  : [455] muc.f(38): Subscription detail: DataSubscriptionInfo{groupIdLevel1=4B4F, serviceProviderName=[TRao4LDilAkygMcEI1xreCKSyApJoo9Zq5fr_7Q_48c], simCarrierId=2020}
03-08 15:13:45.375  1472  3253 D PackageManager: setEnabledSetting : userId = 0 packageName = com.samsung.android.rubin.app cmp = com.samsung.android.rubin.inferenceengine.contextanalytics.engine.loggers.BluetoothLogger$BluetoothEventReceiver newState = 2 callingPackage = 5010/com.samsung.android.rubin.app
03-08 15:13:45.376 27620 27657 I Finsky  : [456] kpg.R(306): com.google.android.finsky.rubiks.cubes.activity.CubesActivityLauncher is COMPONENT_ENABLED_STATE_DEFAULT.
03-08 15:13:45.376  1472  3253 D PackageManager: setEnabledSetting : userId = 0 packageName = com.samsung.android.rubin.app cmp = com.samsung.android.rubin.inferenceengine.utils.GeofenceManager$GeofenceEventBroadcastReceiver newState = 2 callingPackage = 5010/com.samsung.android.rubin.app
03-08 15:13:45.377 27620 27695 I Finsky  : [472] aixr.<init>(4): VerifyApps: Setup app restrictions monitor
03-08 15:13:45.378 27620 27620 I Finsky  : [2] uuk.onTrimMemory(13): Memory trim requested to level 10
03-08 15:13:45.379  1472  3253 D PackageManager: setEnabledSetting : userId = 0 packageName = com.samsung.android.rubin.app cmp = com.samsung.android.rubin.inferenceengine.contextanalytics.engine.loggers.AppInstallationLogger$AppInstallationBroadcastReceiver newState = 2 callingPackage = 5010/com.samsung.android.rubin.app
03-08 15:13:45.379 27620 27657 I Finsky  : [456] kpg.R(306): com.google.android.finsky.rubiks.cubes.widget.CubesAppWidgetProvider is COMPONENT_ENABLED_STATE_DEFAULT.
03-08 15:13:45.380 27620 27657 I Finsky  : [456] kpg.R(306): com.google.android.finsky.rubiks.cubes.widget.ContentForwardWidgetProvider is COMPONENT_ENABLED_STATE_DEFAULT.
03-08 15:13:45.380 27620 27657 I Finsky  : [456] kpg.R(306): com.google.android.finsky.rubiks.cubes.activity.CubesActivity is COMPONENT_ENABLED_STATE_DEFAULT.
03-08 15:13:45.383 27538 27538 I SB_Receiver: action : com.samsung.android.sm.security.service.ACTION_SERVICE_STATUS_CHANGED
03-08 15:13:45.383 27620 27695 I Finsky  : [472] ajes.a(32): VerifyApps: Device wide unknown source restriction updated
03-08 15:13:45.384 27620 27699 D cr_HttpFlagsLoader: [Handler.java:942] Not loading HTTP flags because they are disabled in the manifest
03-08 15:13:45.384 27620 27620 I Finsky  : [2] uuk.onTrimMemory(13): Memory trim requested to level 60
03-08 15:13:45.385 27620 27620 I Finsky  : [2] uuj.accept(93): Flushing in-memory image cache
03-08 15:13:45.387  1472  2964 D PackageManager: setEnabledSetting : userId = 0 packageName = com.android.vending cmp = com.android.vending.AssetBrowserActivity newState = 1 callingPackage = 10233/com.android.vending
03-08 15:13:45.390  1472  2964 D ApplicationPolicy: getApplicationStateEnabled : pkg = com.android.vending userId : 0
03-08 15:13:45.391  1472  2964 D ApplicationPolicy: getApplicationComponentState : pkg = com.android.vending userId : 0
03-08 15:13:45.392  1472  4570 D PackageManager: setEnabledSetting : userId = 0 packageName = com.android.vending cmp = com.google.android.finsky.activities.DebugActivity newState = 2 callingPackage = 10233/com.android.vending
03-08 15:13:45.396 27538 27538 I SB_Receiver: action : com.samsung.android.sm.security.service.ACTION_SERVICE_STATUS_CHANGED
03-08 15:13:45.398  1472  2682 D PackageManager: setEnabledSetting : userId = 0 packageName = com.android.vending cmp = com.google.android.finsky.systemupdateactivity.SystemUpdateActivity newState = 1 callingPackage = 10233/com.android.vending
03-08 15:13:45.399  1472  2964 D PackageManager: setEnabledSetting : userId = 0 packageName = com.android.vending cmp = com.google.android.finsky.remotesetup.PlayRemoteSetupActivity newState = 0 callingPackage = 10233/com.android.vending
03-08 15:13:45.399 27620 27699 D ConnectivityManager: StackLog: [android.net.ConnectivityManager.sendRequestForNetwork(ConnectivityManager.java:4359)] [android.net.ConnectivityManager.registerDefaultNetworkCallbackForUid(ConnectivityManager.java:4923)] [android.net.ConnectivityManager.registerDefaultNetworkCallback(ConnectivityManager.java:4890)] [bchg.b(PG:33)] [bcha.<init>(PG:85)] [org.chromium.net.NetworkChangeNotifier.g(PG:14)] [org.chromium.net.impl.CronetLibraryLoader.b(PG:709)] [arqj.run(PG:7)]
03-08 15:13:45.399  1472  2682 D ApplicationPolicy: getApplicationStateEnabled : pkg = com.android.vending userId : 0
03-08 15:13:45.400  1472  2682 D ApplicationPolicy: getApplicationComponentState : pkg = com.android.vending userId : 0
03-08 15:13:45.400  1472  2685 D ConnectivityService: requestNetwork for uid/pid:10233/27620 activeRequest: null callbackRequest: 7874 [NetworkRequest [ REQUEST id=7875, [ Capabilities: INTERNET&NOT_RESTRICTED&TRUSTED&NOT_VCN_MANAGED Uid: 10233 RequestorUid: 10233 RequestorPkg: com.android.vending UnderlyingNetworks: Null] ]] callback flags: 0 order: 2147483647
03-08 15:13:45.400 27620 27695 I Finsky  : [472] sze.<init>(46): Item store provider started.
03-08 15:13:45.401  1472  2376 D ConnectivityService:    accepting network in place of null
03-08 15:13:45.401 27620 27694 I Finsky  : [471] xds.run(331): SysUA: Set SystemUpdateActivity enabled state to 1
03-08 15:13:45.401  1472  2964 D ApplicationPolicy: getApplicationStateEnabled : pkg = com.android.vending userId : 0
03-08 15:13:45.402 27620 27699 D ConnectivityManager: StackLog: [android.net.ConnectivityManager.sendRequestForNetwork(ConnectivityManager.java:4359)] [android.net.ConnectivityManager.sendRequestForNetwork(ConnectivityManager.java:4401)] [android.net.ConnectivityManager.registerNetworkCallback(ConnectivityManager.java:4783)] [bchg.b(PG:118)] [bcha.<init>(PG:85)] [org.chromium.net.NetworkChangeNotifier.g(PG:14)] [org.chromium.net.impl.CronetLibraryLoader.b(PG:709)] [arqj.run(PG:7)]
03-08 15:13:45.402  1472  2964 D ApplicationPolicy: getApplicationComponentState : pkg = com.android.vending userId : 0
03-08 15:13:45.403  1472  2376 D ConnectivityService: Rematched networks [computed 0ms] [applied 1ms] [issued 1]
03-08 15:13:45.403  1472  2376 D ConnectivityService: NetworkReassignment :
03-08 15:13:45.403  1472  2376 D ConnectivityService:   7875 : null  162
03-08 15:13:45.403 27620 27700 I Finsky  : [477] xds.run(627): RemoteSetup: Set {com.android.vending/com.google.android.finsky.remotesetup.PlayRemoteSetupActivity} enabled state to 0
03-08 15:13:45.404  1472  3253 D PackageManager: setEnabledSetting : userId = 0 packageName = com.android.vending cmp = com.google.android.finsky.systemcomponentupdateui.common.SystemComponentUpdateActivity newState = 0 callingPackage = 10233/com.android.vending
03-08 15:13:45.404 27620 27695 I Finsky  : [472] tzt.s(77): Enqueuing libraries load for -99133906
03-08 15:13:45.404 27620 27655 I cr_CronetLibraryLoader: Cronet version: 122.0.6238.3, arch: aarch64
03-08 15:13:45.406  1472  2366 D WifiNetworkFactory: got request NetworkRequest [ REQUEST id=7875, [ Capabilities: INTERNET&NOT_RESTRICTED&TRUSTED&NOT_VCN_MANAGED Uid: 10233 RequestorUid: 10233 RequestorPkg: com.android.vending UnderlyingNetworks: Null] ]
03-08 15:13:45.406  1472  2366 D UntrustedWifiNetworkFactory: got request NetworkRequest [ REQUEST id=7875, [ Capabilities: INTERNET&NOT_RESTRICTED&TRUSTED&NOT_VCN_MANAGED Uid: 10233 RequestorUid: 10233 RequestorPkg: com.android.vending UnderlyingNetworks: Null] ]
03-08 15:13:45.407  1472  2465 D NetdEventListenerService: DNS Requested by : 162, 10233
03-08 15:13:45.407  1472  2366 D OemPaidWifiNetworkFactory: got request NetworkRequest [ REQUEST id=7875, [ Capabilities: INTERNET&NOT_RESTRICTED&TRUSTED&NOT_VCN_MANAGED Uid: 10233 RequestorUid: 10233 RequestorPkg: com.android.vending UnderlyingNetworks: Null] ]
03-08 15:13:45.407  1472  2366 D MultiInternetWifiNetworkFactory: got request NetworkRequest [ REQUEST id=7875, [ Capabilities: INTERNET&NOT_RESTRICTED&TRUSTED&NOT_VCN_MANAGED Uid: 10233 RequestorUid: 10233 RequestorPkg: com.android.vending UnderlyingNetworks: Null] ]
03-08 15:13:45.407  1472  3253 D ApplicationPolicy: getApplicationStateEnabled : pkg = com.android.vending userId : 0
03-08 15:13:45.407  1472  3253 D ApplicationPolicy: getApplicationComponentState : pkg = com.android.vending userId : 0
03-08 15:13:45.407 27620 27655 D bcjy    : Failed to get store_server_configs_in_properties options: No value for store_server_configs_in_properties
03-08 15:13:45.408 27620 27690 I Finsky  : [467] tzt.t(14): Starting libraries load for -99133906
03-08 15:13:45.408  1472  2376 D ConnectivityService: Rematched networks [computed 1ms] [applied 3ms] [issued 0]
03-08 15:13:45.408  1472  2376 D ConnectivityService: NetworkReassignment : no changes
03-08 15:13:45.409  1472  2682 D PackageManager: setEnabledSetting : userId = 0 packageName = com.android.vending cmp = com.google.android.finsky.hibernation.impl.UnhibernateActivity newState = 1 callingPackage = 10233/com.android.vending
03-08 15:13:45.409 27620 27702 I Finsky  : [480] xds.run(372): SysCUA: Set {com.android.vending/com.google.android.finsky.systemcomponentupdateui.common.SystemComponentUpdateActivity} enabled state to 0
03-08 15:13:45.409  1472  2682 D ApplicationPolicy: getApplicationStateEnabled : pkg = com.android.vending userId : 0
03-08 15:13:45.409 27538 27707 I SB_Processor: action : com.samsung.android.sm.security.service.ACTION_SERVICE_STATUS_CHANGED
03-08 15:13:45.409 27538 27707 I SB_BgScanServiceCompleted : name : initialization_service, status  : started
03-08 15:13:45.410  1472  2682 D ApplicationPolicy: getApplicationComponentState : pkg = com.android.vending userId : 0
03-08 15:13:45.410 27620 27657 I Finsky  : [456] apcf.e(7): registerListener
03-08 15:13:45.411 27620 27694 I Finsky  : [471] np.run(126): Set UnhibernateActivity enabled state to 1
03-08 15:13:45.411 27620 27655 D bcjy    : Failed to get max_server_configs_stored_in_properties options: No value for max_server_configs_stored_in_properties
03-08 15:13:45.411 27620 27655 D bcjy    : Failed to get goaway_sessions_on_ip_change options: No value for goaway_sessions_on_ip_change
03-08 15:13:45.412 27620 27655 D bcjy    : Failed to get close_sessions_on_ip_change options: No value for close_sessions_on_ip_change
03-08 15:13:45.412 27620 27655 D bcjy    : Failed to get migrate_sessions_on_network_change_v2 options: No value for migrate_sessions_on_network_change_v2
03-08 15:13:45.412 27620 27655 D bcjy    : Failed to get migrate_sessions_early_v2 options: No value for migrate_sessions_early_v2
03-08 15:13:45.412 27620 27655 D bcjy    : Failed to get disable_bidirectional_streams options: No value for disable_bidirectional_streams
03-08 15:13:45.412 27620 27655 D bcjy    : Failed to get max_time_before_crypto_handshake_seconds options: No value for max_time_before_crypto_handshake_seconds
03-08 15:13:45.412 27620 27655 D bcjy    : Failed to get max_idle_time_before_crypto_handshake_seconds options: No value for max_idle_time_before_crypto_handshake_seconds
03-08 15:13:45.412 27620 27655 D bcjy    : Failed to get enable_socket_recv_optimization options: No value for enable_socket_recv_optimization
03-08 15:13:45.412 27620 27655 D bcjy    : Failed to get AsyncDNS options: No value for AsyncDNS
03-08 15:13:45.412 27620 27655 D bcjy    : Failed to get max_stale_uses options: No value for max_stale_uses
03-08 15:13:45.412 27620 27655 D bcjy    : Failed to get persist_to_disk options: No value for persist_to_disk
03-08 15:13:45.412 27620 27655 D bcjy    : Failed to get persist_delay_ms options: No value for persist_delay_ms
03-08 15:13:45.412 27620 27655 D bcjy    : Failed to get use_stale_on_name_not_resolved options: No value for use_stale_on_name_not_resolved
03-08 15:13:45.412 27620 27655 D bcjy    : Failed to get disable_ipv6_on_wifi options: No value for disable_ipv6_on_wifi
03-08 15:13:45.414 27538 27707 I SB_Processor: action : com.samsung.android.sm.security.service.ACTION_SERVICE_STATUS_CHANGED
03-08 15:13:45.414 27538 27707 I SB_BgScanServiceCompleted : name : initialization_service, status  : completed
03-08 15:13:45.418 27620 27657 I Finsky  : [456] apcf.e(7): registerListener
03-08 15:13:45.418 27538 27538 W SmApplication: onTrimMemory : 60
03-08 15:13:45.418 27538 27538 I DC.AppIconCache: clear icon cache
03-08 15:13:45.429  1472  2465 D NetdEventListenerService: DNS Requested by : 162, 10233
03-08 15:13:45.430  1180  1180 D Zygote  : Forked child process 27732
03-08 15:13:45.432   603   603 I lmkd    : cached 3, sandbox(not0) 0
03-08 15:13:45.435   603   603 I lmkd    : Reclaim 'com.sec.android.daemonapp' (27300), uid 10188, oom_score_adj 905, state 19 to free 159796kB rss, 24060kb swap
03-08 15:13:45.435   603   603 I lmkd    : Reclaimed 183856kB at oom_score_adj 850
03-08 15:13:45.443 27620 27620 I Finsky  : [2] mub.onSubscriptionsChanged(6): onSubscriptionsChanged
03-08 15:13:45.444 26361 26361 I ViewInteraction: Checking 'MatchesViewAssertion{viewMatcher=(view has effective visibility <VISIBLE> and view.getGlobalVisibleRect() to return non-empty rectangle)}' assertion on view view.getId() is <2131231184/com.example.cmput301w24t33:id/profile_fragment>
03-08 15:13:45.446 27620 27620 I Finsky  : [2] rmf.x(24): Installer: Attempting to start installer
03-08 15:13:45.452 27620 27620 I Finsky  : [2] apcf.e(7): registerListener
03-08 15:13:45.454 26361 26361 I ViewInteraction: Performing 'single click' action on view view.getId() is <2131230827/com.example.cmput301w24t33:id/back_arrow_img>
03-08 15:13:45.458  1472  2964 D InputDispatcher: Inject motion (26361/10451): action=0x0, time=154417705000000, f=0x0, d=0 dsdx=1.000000 dtdx=0.000000
03-08 15:13:45.458  1472  2259 I InputDispatcher: Delivering touch to (2578): action: 0x4, f=0x0, d=0, '296f76f', t=0
03-08 15:13:45.458  1472  2259 I InputDispatcher: Delivering touch to (26361): action: 0x0, f=0x0, d=0, '58caa92', t=0
03-08 15:13:45.459  1472  1877 I GestureDetector: obtain mCurrentDownEvent. id: -622638115 caller: com.android.server.wm.SystemGesturesPointerEventListener.onPointerEvent:203 com.android.server.wm.PointerEventDispatcher.onInputEvent:53 android.view.InputEventReceiver.dispatchInputEvent:285
03-08 15:13:45.459  1472  1877 I GestureDetector: obtain mCurrentDownEvent. id: -622638115 caller: com.android.server.wm.SystemPerformancePointerEventListener.onPointerEvent:89 com.android.server.wm.PointerEventDispatcher.onInputEvent:53 android.view.InputEventReceiver.dispatchInputEvent:285
03-08 15:13:45.460 26361 26361 I ViewRootImpl@5e7a32a[Attendee]: ViewPostIme pointer 0
03-08 15:13:45.464  1180  1180 D Zygote  : Forked child process 27743
03-08 15:13:45.471 27732 27732 I e.process.gapps: Using CollectorTypeCC GC.
03-08 15:13:45.475  1472  2465 D NetdEventListenerService: DNS Requested by : 162, 10233
03-08 15:13:45.477 27732 27732 E e.process.gapps: Not starting debugger since process cannot load the jdwp agent.
03-08 15:13:45.477 27620 27620 I Finsky  : [2] acju.<init>(239): Initializing pausers from value store.
03-08 15:13:45.478 27620 27620 I Finsky  : [2] acju.<init>(280): setup::RES: Callers (Pausers) in PauseUpdatesCallersValueStore: []
03-08 15:13:45.480 27620 27690 I Finsky  : [467] tzt.t(284): Loaded library for account: [41ELlJhGcG_olllDdByoN7XCLDWWfZwsDhxGYyWumKQ]
03-08 15:13:45.482 27732 27732 D ActivityThread: setConscryptValidator
03-08 15:13:45.482 27732 27732 D ActivityThread: setConscryptValidator - put
03-08 15:13:45.483 27620 27620 I Finsky  : [2] uuk.onTrimMemory(13): Memory trim requested to level 60
03-08 15:13:45.484  1180  1180 I Zygote  : Process 27300 exited due to signal 9 (Killed)
03-08 15:13:45.484 27620 27690 I Finsky  : [467] tzt.t(284): Loaded library for account: [FDZ5mQ3WUZJk8cxsR8iewwxd8Udmv0OCy1529JXaSIw]
03-08 15:13:45.484 27620 27620 I Finsky  : [2] uuj.accept(93): Flushing in-memory image cache
03-08 15:13:45.484  1472  2020 I libprocessgroup: Successfully killed process cgroup uid 10188 pid 27300 in 1ms
03-08 15:13:45.484 27620 27690 I Finsky  : [467] tzt.t(353): Finished loading 2 libraries.
03-08 15:13:45.485 27620 27620 I Finsky  : [2] rmf.Q(15): Installer: Installer kick - no action, not running yet
03-08 15:13:45.488  1472  2465 D NetdEventListenerService: DNS Requested by : 162, 10233
03-08 15:13:45.488 27538 27538 W SmApplication: onTrimMemory : 60
03-08 15:13:45.488 27538 27538 I DC.AppIconCache: clear icon cache
03-08 15:13:45.499  1472  2682 D InputDispatcher: Inject motion (26361/10451): action=0x1, time=154417747000000, f=0x0, d=0 dsdx=1.000000 dtdx=0.000000
03-08 15:13:45.500  1472  2259 I InputDispatcher: Delivering touch to (26361): action: 0x1, f=0x0, d=0, '58caa92', t=0
03-08 15:13:45.501 26361 26361 I ViewRootImpl@5e7a32a[Attendee]: ViewPostIme pointer 1
03-08 15:13:45.515 27743 27743 I oid.samsungpass: Using CollectorTypeCC GC.
03-08 15:13:45.515  1472  1877 I GestureDetector: obtain mCurrentMotionEventRaw. action: 1 id: -864082404
03-08 15:13:45.516  1472  1877 I GestureDetector: obtain mCurrentMotionEventRaw. action: 1 id: -864082404
03-08 15:13:45.517 27732 27732 D CompatibilityChangeReporter: Compat change id reported: 171979766; UID 10231; state: ENABLED
03-08 15:13:45.519 27743 27743 E oid.samsungpass: Not starting debugger since process cannot load the jdwp agent.
03-08 15:13:45.525 27743 27743 D ActivityThread: setConscryptValidator
03-08 15:13:45.525 27743 27743 D ActivityThread: setConscryptValidator - put
03-08 15:13:45.532 27732 27732 D nativeloader: Configuring clns-shared-4 for other apk /system/framework/org.apache.http.legacy.jar. target_sdk_version=33, uses_libraries=ALL, library_path=/system/system_ext/priv-app/GoogleServicesFramework/lib/arm64:/system/system_ext/priv-app/GoogleServicesFramework/GoogleServicesFramework.apk!/lib/arm64-v8a:/system/lib64:/system/system_ext/lib64, permitted_path=/data:/mnt/expand:/data/user/0/com.google.android.gsf:/system/system_ext/priv-app/GoogleServicesFramework:/system/lib64:/system/system_ext/lib64
03-08 15:13:45.532 27732 27732 D nativeloader: Extending system_exposed_libraries: libhumantracking.arcsoft.so:libPortraitDistortionCorrection.arcsoft.so:libPortraitDistortionCorrectionCali.arcsoft.so:libface_landmark.arcsoft.so:libFacialStickerEngine.arcsoft.so:libveengine.arcsoft.so:liblow_light_hdr.arcsoft.so:libhigh_dynamic_range.arcsoft.so:libFacialAttributeDetection.arcsoft.so:libBeauty_v4.camera.samsung.so:libexifa.camera.samsung.so:libjpega.camera.samsung.so:libOpenCv.camera.samsung.so:libImageScreener.camera.samsung.so:libMyFilter.camera.samsung.so:libtensorflowLite.myfilter.camera.samsung.so:libtensorflowlite_inference_api.myfilter.camera.samsung.so:libEventFinder.camera.samsung.so:libSmartScan.camera.samsung.so:libRectify.camera.samsung.so:libDocRectifyWrapper.camera.samsung.so:libUltraWideDistortionCorrection.camera.samsung.so:libWideDistortionCorrection.camera.samsung.so:libHpr_RecGAE_cvFeature_v1.0.camera.samsung.so:libHprFace_GAE_api.camera.samsung.so:libFace_Landmark_API.camera.samsung.so:libHprFace_GAE_jni.camera.samsung.so:libFacialBase
03-08 15:13:45.537 27743 27743 D CompatibilityChangeReporter: Compat change id reported: 171979766; UID 10112; state: ENABLED
03-08 15:13:45.539 27732 27732 D nativeloader: Configuring clns-shared-5 for other apk /system/system_ext/priv-app/GoogleServicesFramework/GoogleServicesFramework.apk. target_sdk_version=33, uses_libraries=, library_path=/system/system_ext/priv-app/GoogleServicesFramework/lib/arm64:/system/system_ext/priv-app/GoogleServicesFramework/GoogleServicesFramework.apk!/lib/arm64-v8a:/system/lib64:/system/system_ext/lib64, permitted_path=/data:/mnt/expand:/data/user/0/com.google.android.gsf:/system/system_ext/priv-app/GoogleServicesFramework:/system/lib64:/system/system_ext/lib64
03-08 15:13:45.553 27732 27732 V GraphicsEnvironment: ANGLE Developer option for 'com.google.android.gsf' set to: 'default'
03-08 15:13:45.554 27732 27732 V GraphicsEnvironment: ANGLE GameManagerService for com.google.android.gsf: false
03-08 15:13:45.559 27732 27732 D NetworkSecurityConfig: No Network Security Config specified, using platform default
03-08 15:13:45.560  2578  2578 D SecPowerUI.Notification: showChargingNotice oldChargingType : 11 / currentChargingType : 11, oldChargingTime : 1315000 / mChargingTime : 1315000
03-08 15:13:45.560 27732 27732 D NetworkSecurityConfig: No Network Security Config specified, using platform default
03-08 15:13:45.560  2578  2578 D SecPowerUI.Notification: There is no change about charging status, so return!
03-08 15:13:45.561  1244  3899 I vendor.qti.bluetooth@1.0-ibs_handler: ProcessIbsCmd: Received IBS_WAKE_IND: 0xFD
03-08 15:13:45.561  1244  3899 D vendor.qti.bluetooth@1.0-ibs_handler: SerialClockVote: vote for UART CLK ON
03-08 15:13:45.562  1244  3899 D vendor.qti.bluetooth@1.0-wake_lock: Acquire wakelock is acquired
03-08 15:13:45.562  1244  3899 I vendor.qti.bluetooth@1.0-ibs_handler: ProcessIbsCmd: Writing IBS_WAKE_ACK
03-08 15:13:45.570  3098  3293 D BtGatt.GattService: onScanResult to scannerId: 4- eventType=0x1b, addressType=1, address=C9EAFA_3, primaryPhy=1, secondaryPhy=0, advertisingSid=0xff, txPower=127, rssi=-90, periodicAdvInt=0x0
03-08 15:13:45.572  1472  2417 I ChimeraAggressivePolicyHandler: executePolicy() - triggerSource: TRIGGER_SOURCE_LMKD
03-08 15:13:45.573  1472  2417 I ChimeraAggressivePolicyHandler: available memory: 2457924, free memory target: 1468416, quit chimera
03-08 15:13:45.576 27732 27732 I GoogleHttpClient: GMS http client unavailable, use old client
03-08 15:13:45.581 27743 27743 I FirebaseApp: Device unlocked: initializing all Firebase APIs for app [DEFAULT]
03-08 15:13:45.587 27743 27743 I FirebaseInitProvider: FirebaseApp initialization successful
03-08 15:13:45.594 27620 27661 W android.vending: Long monitor contention with owner BlockingExecutor #0 (27659) at android.content.IContentProvider android.app.ActivityThread.acquireProvider(android.content.Context, java.lang.String, int, boolean)(ActivityThread.java:7890) waiters=0 in android.content.IContentProvider android.app.ActivityThread.acquireProvider(android.content.Context, java.lang.String, int, boolean) for 120ms
03-08 15:13:45.608  1244  3899 I vendor.qti.bluetooth@1.0-ibs_handler: ProcessIbsCmd: Received IBS_SLEEP_IND: 0xFE
03-08 15:13:45.608  1244  3899 D vendor.qti.bluetooth@1.0-ibs_handler: SerialClockVote: vote for UART CLK OFF
03-08 15:13:45.612 27743 27743 I CrashlyticsInitProvider: CrashlyticsInitProvider skipping initialization
03-08 15:13:45.618 27743 27743 I [PASS][SPASS]SamsungPassSettingsProvider: onCreateData
03-08 15:13:45.619 27743 27743 I [PASS][SPASS]SamsungPassSettingsProvider: checkCondition - Build.Version:33, UserId:0, UserIsGuest:false
03-08 15:13:45.620 27743 27743 I [PASS][SPASS]EasySigninProvider: onCreate
03-08 15:13:45.630 27743 27743 I [PASS][SPASS]PasskeyProvider: onCreate
03-08 15:13:45.631 27743 27743 I [PASS][CMN]WalletDeeplinkTokenProvider: onCreate
03-08 15:13:45.632 27743 27743 I [PASS][SPASS]SettingDBProvider: onCreate
03-08 15:13:45.632 27743 27743 I [PASS][SPASS]WalletSettingsProvider: onCreate
03-08 15:13:45.640 27743 27743 I [PASS][SPASS]SPassApplication: onCreate
03-08 15:13:45.641  1254 19831 I sensors-hal: handle_sns_client_event:125, auto_rotation_event_2: mode:255, type:1:0/-0.024,0.031,9.706, ar:0
03-08 15:13:45.642 27743 27743 I [PASS][SPASS]FrameworkUtils: isInitialized : true
03-08 15:13:45.642 27743 27743 I [PASS][SPASS]FrameworkHelper: initialize - already initialized
03-08 15:13:45.647 27620 27763 I Finsky  : [503] qno.a(65): Installer: Checking for orphaned groups
03-08 15:13:45.648   679   679 W keymaster_tee: [WRN]begin req PARAMS: A32 B2 P64
03-08 15:13:45.652   679   679 D keymaster_swd: keymaster_swd [WRN] (swd_run_cb:257) swd_begin() returns 0
03-08 15:13:45.654   679   679 D keymaster_swd: keymaster_swd [WRN] (swd_run_cb:257) swd_update() returns 0
03-08 15:13:45.656 27620 27701 I Finsky  : [478] tkq.y(6): getDownloads()
03-08 15:13:45.656   679   679 D keymaster_swd: keymaster_swd [WRN] (swd_run_cb:257) swd_finish() returns 0
03-08 15:13:45.656 27743 27743 I [PASS][SPASS]SPassApplication: checkDeviceId false
03-08 15:13:45.656 27743 27743 I [PASS][SPASS]FrameworkUtils: isInitialized : true
03-08 15:13:45.656 27743 27743 I [PASS][SPASS]PassFramework: ISU
03-08 15:13:45.659   679   679 W keymaster_tee: [WRN]begin req PARAMS: A32 B2 P64
03-08 15:13:45.662   679   679 D keymaster_swd: keymaster_swd [WRN] (swd_run_cb:257) swd_begin() returns 0
03-08 15:13:45.664   679   679 D keymaster_swd: keymaster_swd [WRN] (swd_run_cb:257) swd_update() returns 0
03-08 15:13:45.666   679   679 D keymaster_swd: keymaster_swd [WRN] (swd_run_cb:257) swd_finish() returns 0
03-08 15:13:45.669   679   679 W keymaster_tee: [WRN]begin req PARAMS: A32 B2 P64
03-08 15:13:45.671  1180  1180 D Zygote  : Forked child process 27808
03-08 15:13:45.673   679   679 D keymaster_swd: keymaster_swd [WRN] (swd_run_cb:257) swd_begin() returns 0
03-08 15:13:45.675   679   679 D keymaster_swd: keymaster_swd [WRN] (swd_run_cb:257) swd_update() returns 0
03-08 15:13:45.677   679   679 D keymaster_swd: keymaster_swd [WRN] (swd_run_cb:257) swd_finish() returns 0
03-08 15:13:45.679   603   603 I lmkd    : cached 3, sandbox(not0) 0
03-08 15:13:45.680   679   679 W keymaster_tee: [WRN]begin req PARAMS: A32 B2 P64
03-08 15:13:45.681   603   603 I lmkd    : Reclaim 'com.samsung.android.rubin.app' (27490), uid 5010, oom_score_adj 915, state 19 to free 124300kB rss, 24288kb swap
03-08 15:13:45.682   603   603 I lmkd    : Reclaimed 148588kB at oom_score_adj 850
03-08 15:13:45.684   679   679 D keymaster_swd: keymaster_swd [WRN] (swd_run_cb:257) swd_begin() returns 0
03-08 15:13:45.686   679   679 D keymaster_swd: keymaster_swd [WRN] (swd_run_cb:257) swd_update() returns 0
03-08 15:13:45.688   679   679 D keymaster_swd: keymaster_swd [WRN] (swd_run_cb:257) swd_finish() returns 0
03-08 15:13:45.690 27743 27743 I [PASS][SPASS]FrameworkUtils: isSignedUp - true
03-08 15:13:45.696 27743 27743 I [PASS][CMN]WalletUtil: getWalletMigrated : false
03-08 15:13:45.697 27743 27743 I [PASS][SPASS]IconUtils:  checkVersionAddIcon : criticalUpdateVersion : true firstCheck : false appIconExist : true  walletMigrated : false
03-08 15:13:45.697 27743 27743 I [PASS][SPASS]FrameworkUtils: isInitialized : true
03-08 15:13:45.697 27743 27743 I [PASS][SPASS]PassFramework: ISU
03-08 15:13:45.697 27743 27743 I [PASS][SPASS]FrameworkUtils: isSignedUp - true
03-08 15:13:45.697 27743 27743 I [PASS][SPASS]IconUtils: checkVersionAddIcon showIconForcibly
03-08 15:13:45.697 27743 27743 I [PASS][SPASS]IconUtils: addAppIcon
03-08 15:13:45.697 27743 27743 I [PASS][SPASS]IconUtils: addAppIcon : App icon is already added
03-08 15:13:45.697 27743 27743 I [PASS][CMN]WalletUtil: getWalletMigrated : false
03-08 15:13:45.697 27743 27743 I [PASS][SPASS]IconUtils: setComponentEnabledSetting : true, walletMigrated : false
03-08 15:13:45.699  1472  2685 D PackageManager: setEnabledSetting : userId = 0 packageName = com.samsung.android.samsungpass cmp = com.samsung.android.samsungpass.launcher.EntryLauncher newState = 1 callingPackage = 10112/com.samsung.android.samsungpass
03-08 15:13:45.701  1472  2685 D ApplicationPolicy: getApplicationStateEnabled : pkg = com.samsung.android.samsungpass userId : 0
03-08 15:13:45.702  1472  2685 D ApplicationPolicy: getApplicationComponentState : pkg = com.samsung.android.samsungpass userId : 0
03-08 15:13:45.702 27808 27808 I ding:background: Using CollectorTypeCC GC.
03-08 15:13:45.703  1472  2682 D PackageManager: setEnabledSetting : userId = 0 packageName = com.samsung.android.samsungpass cmp = com.samsung.android.samsungpass.launcher.EntryLauncherJPN newState = 2 callingPackage = 10112/com.samsung.android.samsungpass
03-08 15:13:45.704  1472  2682 D PackageManager: setEnabledSetting : userId = 0 packageName = com.samsung.android.samsungpass cmp = com.samsung.android.samsungpass.launcher.SearchableActivity newState = 2 callingPackage = 10112/com.samsung.android.samsungpass
03-08 15:13:45.705 27808 27808 E ding:background: Not starting debugger since process cannot load the jdwp agent.
03-08 15:13:45.706 27743 27743 I [PASS][CMN]WalletUtil: getWalletMigrated : false
03-08 15:13:45.706 27743 27743 I [PASS][SPASS]IconUtils: setComponentEnabledSetting : true, walletMigrated : false
03-08 15:13:45.706  1472  5215 D PackageManager: setEnabledSetting : userId = 0 packageName = com.samsung.android.samsungpass cmp = com.samsung.android.samsungpass.launcher.EntryLauncher newState = 1 callingPackage = 10112/com.samsung.android.samsungpass
03-08 15:13:45.707  1472  2020 I libprocessgroup: Successfully killed process cgroup uid 5010 pid 27490 in 0ms
03-08 15:13:45.707  1472  5215 D ApplicationPolicy: getApplicationStateEnabled : pkg = com.samsung.android.samsungpass userId : 0
03-08 15:13:45.708  1180  1180 I Zygote  : Process 27490 exited due to signal 9 (Killed)
03-08 15:13:45.708  1472  5215 D ApplicationPolicy: getApplicationComponentState : pkg = com.samsung.android.samsungpass userId : 0
03-08 15:13:45.710  1472  5215 D PackageManager: setEnabledSetting : userId = 0 packageName = com.samsung.android.samsungpass cmp = com.samsung.android.samsungpass.launcher.EntryLauncherJPN newState = 2 callingPackage = 10112/com.samsung.android.samsungpass
03-08 15:13:45.712  1472  5215 D PackageManager: setEnabledSetting : userId = 0 packageName = com.samsung.android.samsungpass cmp = com.samsung.android.samsungpass.launcher.SearchableActivity newState = 2 callingPackage = 10112/com.samsung.android.samsungpass
03-08 15:13:45.713 27487 27487 I [AUTHFW][PASS]AuthFwApp: otlv80
03-08 15:13:45.714 27743 27743 I MockDeskModeManager:  isDeskMode : false
03-08 15:13:45.714 27743 27743 I MockDeskModeManager: Adding Desktop State change Listeners
03-08 15:13:45.739 27808 27808 D ActivityThread: setConscryptValidator
03-08 15:13:45.739 27808 27808 D ActivityThread: setConscryptValidator - put
03-08 15:13:45.745 27743 27743 I SmpLog  : [SMP] init. D:false P:FCM_PRIMARY_MODE A:a
03-08 15:13:45.749 26361 26361 I ViewInteraction: Checking 'MatchesViewAssertion{viewMatcher=(view has effective visibility <VISIBLE> and view.getGlobalVisibleRect() to return non-empty rectangle)}' assertion on view view.getId() is <2131230813/com.example.cmput301w24t33:id/attendee_activity>
03-08 15:13:45.753 27743 27837 I SmpLog  : [SMP] Test mode: false, v:3.3.7.0, com.samsung.android.samsungpass
03-08 15:13:45.754 27743 27743 I [AUTHFW][PSDK]PassOperation: initialize
03-08 15:13:45.755 27743 27743 I [AUTHFW][PSDK]PassServiceConnection: bindService
03-08 15:13:45.755 27743 27837 I SmpLog  : [SMP] ptype:fcm, token:...iMQ6- (152), D:false, U:null, S:true, M:null, P:FCM_PRIMARY_MODE
03-08 15:13:45.756 27743 27842 I [PASS][CMN]WalletUtil: getWalletMigrated : false
03-08 15:13:45.756 27743 27842 I [PASS][CMN]SamsungAnalyticsLog: initializeSamsungAnalytics
03-08 15:13:45.756 27743 27842 I [PASS][CMN]WalletUtil: getWalletMigrated : false
03-08 15:13:45.758  1244  3730 D vendor.qti.bluetooth@1.0-wake_lock: Release wakelock is released
03-08 15:13:45.759  1472  1882 I ChimeraSystemEventListener: appLaunchIntent package name is: com.example.cmput301w24t33.test
03-08 15:13:45.759  1472  1472 I GestureDetector: handleMessage TAP
03-08 15:13:45.759  1472  1877 I GestureDetector: handleMessage TAP
03-08 15:13:45.761  1472  3404 I SemDvfsHyPerManager: acquire hyper - AMS_APP_SWITCH/1472@18, type = -999
03-08 15:13:45.762  1327  2100 I SurfaceFlinger: id=35443 createSurf, flag=24004, Task=3071#35443
03-08 15:13:45.762  1257  1326 I HYPER-HAL: [RequestManager.cpp]acquire(): Acquired ID : 1110813  [1472 / 18]    HINT : AMS_APP_SWITCH    list :
03-08 15:13:45.763  1257  1326 I HYPER-HAL: [ResourceManager.cpp]updateResource(): [CPULittleMinFreq] UpdateResource Request ID : 1110813    Value : 1804800
03-08 15:13:45.764  1327  3508 I SurfaceFlinger: id=35444 createSurf, flag=80004, ActivityRecord{401e4dc u0 com.example.cmput301w24t33.test/androidx.test.core.app.InstrumentationActivityInvoker$EmptyActivity} t3071}#35444
03-08 15:13:45.765 27743 27842 I DIAGMON_SDK[605065]: DiagMonAgent type: 2
03-08 15:13:45.765 27743 27842 I DIAGMON_SDK[605065][p595fm8rxk] : generated SR object
03-08 15:13:45.766  1257  1326 I HYPER-HAL: [ResourceManager.cpp]updateResource(): [CPUMinFreq] UpdateResource Request ID : 1110813    Value : 2208000
03-08 15:13:45.766 27743 27842 I [PASS][SPASS]SPassApplication: AndroidThreeTen initialized
03-08 15:13:45.768  5044  5044 I SemDvfsHyPerManager: acquire hyper - APP_START_SHORT/5044@12, type = -999
03-08 15:13:45.770  1257  1326 I HYPER-HAL: [RequestManager.cpp]acquire(): Acquired ID : 12784108  [5044 / 12]    HINT : APP_START    list : [TIMEOUT / 1500]
03-08 15:13:45.770  1257  1326 I HYPER-HAL: [ResourceManager.cpp]updateResource(): [CPUMaxFreq] UpdateResource Request ID : 12784108    Value : 2208000
03-08 15:13:45.771 27808 27808 D CompatibilityChangeReporter: Compat change id reported: 171979766; UID 10233; state: ENABLED
03-08 15:13:45.772  1472  6022 I SemDvfsHyPerManager: acquire hyper - AMS_APP_LAUNCH/1472@15, type = -999
03-08 15:13:45.773  1257  1326 I HYPER-HAL: [RequestManager.cpp]acquire(): Acquired ID : 1106343  [1472 / 15]    HINT : AMS_APP_LAUNCH    list :
03-08 15:13:45.773  1257  1326 I HYPER-HAL: [ResourceManager.cpp]updateResource(): [CPULittleMinFreq] UpdateResource Request ID : 1106343    Value : 1804800
03-08 15:13:45.773  1257  1326 I HYPER-HAL: [ResourceManager.cpp]updateResource(): [CPUMinFreq] UpdateResource Request ID : 1106343    Value : 2208000
03-08 15:13:45.774  5044  5044 I SemDvfsHyPerManager: acquire hyper - APP_START/5044@14, type = -999
03-08 15:13:45.776 27743 27837 I SmpLog  : [SMP] SEND BR : smp init success
03-08 15:13:45.779 27808 27808 D nativeloader: Configuring clns-4 for other apk /system/framework/org.apache.http.legacy.jar. target_sdk_version=34, uses_libraries=ALL, library_path=/data/app/~~qZfaCzdmQBABvXnJ95C3mA==/com.android.vending-p7X2hj1wUbHKwH1yuQ8RDA==/lib/arm64:/data/app/~~qZfaCzdmQBABvXnJ95C3mA==/com.android.vending-p7X2hj1wUbHKwH1yuQ8RDA==/base.apk!/lib/arm64-v8a:/data/app/~~qZfaCzdmQBABvXnJ95C3mA==/com.android.vending-p7X2hj1wUbHKwH1yuQ8RDA==/split_config.arm64_v8a.apk!/lib/arm64-v8a:/data/app/~~qZfaCzdmQBABvXnJ95C3mA==/com.android.vending-p7X2hj1wUbHKwH1yuQ8RDA==/split_config.en.apk!/lib/arm64-v8a:/data/app/~~qZfaCzdmQBABvXnJ95C3mA==/com.android.vending-p7X2hj1wUbHKwH1yuQ8RDA==/split_phonesky_data_loader.apk!/lib/arm64-v8a:/data/app/~~qZfaCzdmQBABvXnJ95C3mA==/com.android.vending-p7X2hj1wUbHKwH1yuQ8RDA==/split_phonesky_data_loader.config.arm64_v8a.apk!/lib/arm64-v8a, permitted_path=/data:/mnt/expand:/data/user/0/com.android.vending
03-08 15:13:45.779 27808 27808 D nativeloader: Extending system_exposed_libraries: libhumantracking.arcsoft.so:libPortraitDistortionCorrection.arcsoft.so:libPortraitDistortionCorrectionCali.arcsoft.so:libface_landmark.arcsoft.so:libFacialStickerEngine.arcsoft.so:libveengine.arcsoft.so:liblow_light_hdr.arcsoft.so:libhigh_dynamic_range.arcsoft.so:libFacialAttributeDetection.arcsoft.so:libBeauty_v4.camera.samsung.so:libexifa.camera.samsung.so:libjpega.camera.samsung.so:libOpenCv.camera.samsung.so:libImageScreener.camera.samsung.so:libMyFilter.camera.samsung.so:libtensorflowLite.myfilter.camera.samsung.so:libtensorflowlite_inference_api.myfilter.camera.samsung.so:libEventFinder.camera.samsung.so:libSmartScan.camera.samsung.so:libRectify.camera.samsung.so:libDocRectifyWrapper.camera.samsung.so:libUltraWideDistortionCorrection.camera.samsung.so:libWideDistortionCorrection.camera.samsung.so:libHpr_RecGAE_cvFeature_v1.0.camera.samsung.so:libHprFace_GAE_api.camera.samsung.so:libFace_Landmark_API.camera.samsung.so:libHprFace_GAE_jni.camera.samsung.so:libFacialBase
03-08 15:13:45.782  3258  3258 I TopTaskTracker: onTaskMovedToFront : taskId = 3071
03-08 15:13:45.783  1257  1326 I HYPER-HAL: [RequestManager.cpp]acquire(): Acquired ID : 12794225  [5044 / 14]    HINT : APP_START    list :
03-08 15:13:45.783  1257  1326 I HYPER-HAL: [ResourceManager.cpp]updateResource(): [CPUMaxFreq] UpdateResource Request ID : 12794225    Value : 2208000
03-08 15:13:45.783 27487 27487 I [AUTHFW][PASS]PassService: personaId : 0
03-08 15:13:45.784 27743 27743 I [PASS][SPASS]FrameworkUtils: isInitialized : true
03-08 15:13:45.784 27743 27743 I [PASS][SPASS]PassFramework: ISU
03-08 15:13:45.784 27743 27743 I [PASS][SPASS]FrameworkUtils: isSignedUp - true
03-08 15:13:45.784   604   614 I servicemanager: Adding 'u:r:platform_app:s0:c512,c768' service (com.samsung.android.pass.IPassService:27487)
03-08 15:13:45.784 27743 27743 I [PASS][SPASS]ServicePolicyManager: isDigitalKeyBlocked : false 33 / SM-A715W
03-08 15:13:45.784   604   614 I BpBinder: onLastStrongRef automatically unlinking death recipients: <uncached descriptor>
03-08 15:13:45.784 27743 27743 I [PASS][SPASS]SamsungAccountHelper: SamsungAccountHelper creator !!
03-08 15:13:45.785 27487 27487 I [AUTHFW][PASS]PassService: onBind:PassOperation
03-08 15:13:45.785 26361 26361 D LifecycleMonitor: Lifecycle status change: com.example.cmput301w24t33.activities.Attendee@75c3fd4 in: PAUSED
03-08 15:13:45.787 26361 26361 V ActivityScenario: Update currentActivityStage to PAUSED, currentActivity=com.example.cmput301w24t33.activities.Attendee@75c3fd4
03-08 15:13:45.792   603   603 I lmkd    : cached 3, sandbox(not0) 0
03-08 15:13:45.795   603   603 I lmkd    : Reclaim 'com.samsung.android.lool' (27538), uid 1000, oom_score_adj 915, state 19 to free 81784kB rss, 24840kb swap
03-08 15:13:45.796   603   603 I lmkd    : Reclaimed 106624kB at oom_score_adj 850
03-08 15:13:45.798  1472  5032 D InputDispatcher: Focused application(0): ActivityRecord{401e4dc u0 com.example.cmput301w24t33.test/androidx.test.core.app.InstrumentationActivityInvoker$EmptyActivity} t3071}
03-08 15:13:45.799   679   679 W keymaster_tee: [WRN]begin req PARAMS: A32 B2 P64
03-08 15:13:45.803  1472  3440 I AS.AudioService: uid:10333is using audio
03-08 15:13:45.810   679   679 D keymaster_swd: keymaster_swd [WRN] (swd_run_cb:257) swd_begin() returns 0
03-08 15:13:45.811 27808 27808 W ziparchive: Unable to open '/data/app/~~qZfaCzdmQBABvXnJ95C3mA==/com.android.vending-p7X2hj1wUbHKwH1yuQ8RDA==/split_config.arm64_v8a.dm': No such file or directory
03-08 15:13:45.811 27808 27808 W ziparchive: Unable to open '/data/app/~~qZfaCzdmQBABvXnJ95C3mA==/com.android.vending-p7X2hj1wUbHKwH1yuQ8RDA==/split_config.arm64_v8a.dm': No such file or directory
03-08 15:13:45.812 27808 27808 W ding:background: Entry not found
03-08 15:13:45.813 27808 27808 W ziparchive: Unable to open '/data/app/~~qZfaCzdmQBABvXnJ95C3mA==/com.android.vending-p7X2hj1wUbHKwH1yuQ8RDA==/split_config.en.dm': No such file or directory
03-08 15:13:45.813 27808 27808 W ziparchive: Unable to open '/data/app/~~qZfaCzdmQBABvXnJ95C3mA==/com.android.vending-p7X2hj1wUbHKwH1yuQ8RDA==/split_config.en.dm': No such file or directory
03-08 15:13:45.815  1472  2391 D AS.MultiSoundManager: mForegroundUid = 10453
03-08 15:13:45.815   679   679 D keymaster_swd: keymaster_swd [WRN] (swd_run_cb:257) swd_update() returns 0
03-08 15:13:45.817 27808 27808 W ding:background: Entry not found
03-08 15:13:45.818 27808 27808 W ziparchive: Unable to open '/data/app/~~qZfaCzdmQBABvXnJ95C3mA==/com.android.vending-p7X2hj1wUbHKwH1yuQ8RDA==/split_phonesky_data_loader.dm': No such file or directory
03-08 15:13:45.818 27808 27808 W ziparchive: Unable to open '/data/app/~~qZfaCzdmQBABvXnJ95C3mA==/com.android.vending-p7X2hj1wUbHKwH1yuQ8RDA==/split_phonesky_data_loader.dm': No such file or directory
03-08 15:13:45.818 27808 27808 W ding:background: Entry not found
03-08 15:13:45.818 27808 27808 W ziparchive: Unable to open '/data/app/~~qZfaCzdmQBABvXnJ95C3mA==/com.android.vending-p7X2hj1wUbHKwH1yuQ8RDA==/split_phonesky_data_loader.config.arm64_v8a.dm': No such file or directory
03-08 15:13:45.818 27808 27808 W ziparchive: Unable to open '/data/app/~~qZfaCzdmQBABvXnJ95C3mA==/com.android.vending-p7X2hj1wUbHKwH1yuQ8RDA==/split_phonesky_data_loader.config.arm64_v8a.dm': No such file or directory
03-08 15:13:45.818 27808 27808 W ding:background: Entry not found
03-08 15:13:45.820 27808 27808 D nativeloader: Configuring clns-5 for other apk /data/app/~~qZfaCzdmQBABvXnJ95C3mA==/com.android.vending-p7X2hj1wUbHKwH1yuQ8RDA==/base.apk:/data/app/~~qZfaCzdmQBABvXnJ95C3mA==/com.android.vending-p7X2hj1wUbHKwH1yuQ8RDA==/split_config.arm64_v8a.apk:/data/app/~~qZfaCzdmQBABvXnJ95C3mA==/com.android.vending-p7X2hj1wUbHKwH1yuQ8RDA==/split_config.en.apk:/data/app/~~qZfaCzdmQBABvXnJ95C3mA==/com.android.vending-p7X2hj1wUbHKwH1yuQ8RDA==/split_phonesky_data_loader.apk:/data/app/~~qZfaCzdmQBABvXnJ95C3mA==/com.android.vending-p7X2hj1wUbHKwH1yuQ8RDA==/split_phonesky_data_loader.config.arm64_v8a.apk. target_sdk_version=34, uses_libraries=, library_path=/data/app/~~qZfaCzdmQBABvXnJ95C3mA==/com.android.vending-p7X2hj1wUbHKwH1yuQ8RDA==/lib/arm64:/data/app/~~qZfaCzdmQBABvXnJ95C3mA==/com.android.vending-p7X2hj1wUbHKwH1yuQ8RDA==/base.apk!/lib/arm64-v8a:/data/app/~~qZfaCzdmQBABvXnJ95C3mA==/com.android.vending-p7X2hj1wUbHKwH1yuQ8RDA==/split_config.arm64_v8a.apk!/lib/arm64-v8a:/data/app/~~qZfaCzdmQBABvXnJ95C3mA==/com.android.vending-p7X2hj1wUbHK
03-08 15:13:45.820  1472  2440 D TrafficStats: tagSocket(759) with statsTag=0xffffffff, statsUid=-1
03-08 15:13:45.824  1472  5032 D InputDispatcher: Focus request (0): <null> but waiting because NOT_FOCUSABLE
03-08 15:13:45.824  1472  5032 D InputDispatcher: Focus left window (0): 58caa92 com.example.cmput301w24t33/com.example.cmput301w24t33.activities.Attendee
03-08 15:13:45.825   679   679 D keymaster_swd: keymaster_swd [WRN] (swd_run_cb:257) swd_finish() returns 0
03-08 15:13:45.827 26361 26361 I ViewRootImpl@5e7a32a[Attendee]: MSG_WINDOW_FOCUS_CHANGED 0 0
03-08 15:13:45.828 27743 27743 I [PASS][SPASS]SamsungAccountHelper: Getting SA CC runtime: CA
03-08 15:13:45.832  1273  1344 E ANDR-PERF-UTIL: Failed to update node /proc/3258/sched_low_latency with value 1
