03-08 15:13:47.378 26361 26361 I ViewRootImpl@35311c6[Organizer]: MSG_WINDOW_FOCUS_CHANGED 0 0
03-08 15:13:47.390  1472  5031 D InputDispatcher: Focus entered window (0): 8b4d62b com.example.cmput301w24t33/com.example.cmput301w24t33.activities.Attendee
03-08 15:13:47.397  1244  3899 I vendor.qti.bluetooth@1.0-ibs_handler: ProcessIbsCmd: Received IBS_SLEEP_IND: 0xFE
03-08 15:13:47.397  1244  3899 D vendor.qti.bluetooth@1.0-ibs_handler: SerialClockVote: vote for UART CLK OFF
03-08 15:13:47.397  1327  1327 D SurfaceFlinger: Display 4630947232161729153 HWC layers:
03-08 15:13:47.397  1327  1327 D SurfaceFlinger:      CLIENT | 0xb40000745ec18a60 | 0102 | RGBA_8888    |    0.0    0.0    0.0    0.0 |    0 2392 1080 2400 | bbq-wrapper#35509
03-08 15:13:47.397  1327  1327 D SurfaceFlinger:      CLIENT | 0xb40000745d065e70 | 0102 | RGBA_8888    |    0.0    8.0 1080.0 2400.0 |    0    0 1080 2392 | com.example.cmput301w24t33/com.examp[...]33.activities.Organizer$_26361#35480
03-08 15:13:47.397  1327  1327 D SurfaceFlinger:      CLIENT | 0xb4000074461490f0 | 0102 | RGBA_8888    |    0.0    0.0 1080.0    1.0 |    0    0 1080  403 | bbq-wrapper#35512
03-08 15:13:47.397  1327  1327 D SurfaceFlinger:      CLIENT | 0xb40000745d065460 | 0102 | RGBA_8888    |    0.0    0.0 1080.0 1997.0 |    0  403 1080 2400 | com.example.cmput301w24t33/com.examp[...]t33.activities.Attendee$_26361#35498
03-08 15:13:47.397  1327  1327 D SurfaceFlinger:      CLIENT | 0xb400007446147170 | 0100 | RGBA_8888    |    0.0    0.0 1080.0   91.0 |    0    0 1080   91 | StatusBar$_2578#95
03-08 15:13:47.397  1327  1327 D SurfaceFlinger:      CLIENT | 0xb400007446147bf0 | 0100 | RGBA_8888    |    0.0    0.0   67.0  515.0 |    0  301   67  816 | com.samsung.android.app.cocktailbars[...]rvice.CocktailBarService$_5242#35333
03-08 15:13:47.397  1327  1327 D SurfaceFlinger:      CLIENT | 0xb400007446148210 | 0100
03-08 15:13:47.397  1327  1327 D SurfaceFlinger: | RGBA_8888    |    0.0    0.0 1080.0  126.0 |    0 2274 1080 2400 | NavigationBar0$_2578#89
03-08 15:13:47.397  1327  1327 D SurfaceFlinger:
03-08 15:13:47.413  1327  1327 D SurfaceFlinger: Display 4630947232161729153 HWC layers:
03-08 15:13:47.413  1327  1327 D SurfaceFlinger:      CLIENT | 0xb40000745ec18a60 | 0102 | RGBA_8888    |    0.0    0.0    0.0    0.0 |    0 2381 1080 2400 | bbq-wrapper#35509
03-08 15:13:47.413  1327  1327 D SurfaceFlinger:      CLIENT | 0xb40000745d0660a0 | 0102 | RGBA_8888    |    0.0   19.0 1080.0 2400.0 |    0    0 1080 2381 | com.example.cmput301w24t33/com.examp[...]33.activities.Organizer$_26361#35480
03-08 15:13:47.413  1327  1327 D SurfaceFlinger:      CLIENT | 0xb4000074461490f0 | 0102 | RGBA_8888    |    0.0    0.0 1080.0    1.0 |    0    0 1080  333 | bbq-wrapper#35512
03-08 15:13:47.413  1327  1327 D SurfaceFlinger:      CLIENT |              | 0000 |  Unknown  |    0.0    0.0    0.0    0.0 |    0    0 1080 2400 | DimAnimationLayer for ActivityRecord[...]3/.activities.Attendee} t3072}#35503
03-08 15:13:47.413  1327  1327 D SurfaceFlinger:      CLIENT | 0xb40000745d065460 | 0102 | RGBA_8888    |    0.0    0.0 1080.0 2067.0 |    0  333 1080 2400 | com.example.cmput301w24t33/com.examp[...]t33.activities.Attendee$_26361#35498
03-08 15:13:47.413  1327  1327 D SurfaceFlinger:      CLIENT | 0xb400007446147170 | 0100 | RGBA_8888    |    0.0    0.0 1080.0   91.0 |    0    0 1080   91 | StatusBar$_2578#95
03-08 15:13:47.413  1327  1327 D SurfaceFlinger:      CLIENT | 0xb400007446147bf0 | 0100 | RGBA_88
03-08 15:13:47.413  1327  1327 D SurfaceFlinger: 88    |    0.0    0.0   67.0  515.0 |    0  301   67  816 | com.samsung.android.app.cocktailbars[...]rvice.CocktailBarService$_5242#35333
03-08 15:13:47.413  1327  1327 D SurfaceFlinger:      CLIENT | 0xb400007446148210 | 0100 | RGBA_8888    |    0.0    0.0 1080.0  126.0 |    0 2274 1080 2400 | NavigationBar0$_2578#89
03-08 15:13:47.413  1327  1327 D SurfaceFlinger:
03-08 15:13:47.419  1327  1413 I SurfaceFlinger: id=35482 Removed Surface(name=296f76f NavigationBar0)/@0x8bb6395 - animation-leash of insets_animation#35482 (160)
03-08 15:13:47.420  1327  2100 I SurfaceFlinger: id=35481 Removed Surface(name=c9f16ce StatusBar)/@0xc28a9d9 - animation-leash of insets_animation#35481 (160)
03-08 15:13:47.422 26361 26361 W Firestore: (24.10.2) [CustomClassMapper]: No setter/field for fullName found on class com.example.cmput301w24t33.users.User (fields/setters are case sensitive!)
03-08 15:13:47.422 26361 26361 D ContentValues: HEY ITS HERE: 6d2d326bbbe75ba1
03-08 15:13:47.422 26361 26361 D ContentValues: User Authenticated: 6d2d326bbbe75ba1
03-08 15:13:47.422  1327  1327 I Layer   : id=35482 Destroyed Surface(name=296f76f NavigationBar0)/@0x8bb6395 - animation-leash of insets_animation#35482
03-08 15:13:47.422  1327  1327 I Layer   : id=35481 Destroyed Surface(name=c9f16ce StatusBar)/@0xc28a9d9 - animation-leash of insets_animation#35481
03-08 15:13:47.423 26361 26361 I ViewRootImpl@8fa8ae3[Attendee]: MSG_WINDOW_FOCUS_CHANGED 1 0
03-08 15:13:47.423 26361 26361 I ViewRootImpl@8fa8ae3[Attendee]: mThreadedRenderer.initializeIfNeeded()#2 mSurface={isValid=true 0xb400007ce21b6000}
03-08 15:13:47.424 26361 26361 D InputMethodManager: startInputInner - Id : 0
03-08 15:13:47.424 26361 26361 I InputMethodManager: startInputInner - mService.startInputOrWindowGainedFocus
03-08 15:13:47.425  1472  5031 D InputMethodManagerService: mDesktopModeManager null!
03-08 15:13:47.425  1472  5031 V InputMethodManagerService: getDisplayIdOfInputMethodWindowToBeAdded: displayId=0
03-08 15:13:47.426  1257 27896 I HYPER-HAL: [ResourceManager.cpp]removeResource(): [CPUMinFreq] RemoveResource Request ID : 1107832
03-08 15:13:47.426  1472  5031 D InputMethodManagerService: isImeSwitcherDisabledPackage : false
03-08 15:13:47.426  1257 27896 I HYPER-HAL: [RequestManager.cpp]releaseLocked(): Released ID : 1107832
03-08 15:13:47.426  1472  5031 D InputMethodManagerService: checkDisplayOfStartInputAndUpdateKeyboard: displayId=0, mFocusedDisplayId=0
03-08 15:13:47.426  1472  5031 D InputTransport: Input channel constructed: 'ClientS', fd=759
03-08 15:13:47.426  1472  5031 D InputTransport: Input channel destroyed: 'ClientS', fd=759
03-08 15:13:47.427 12908 12908 I HBD     : HoneyBoardService onFinishInput
03-08 15:13:47.427 12908 12908 I HBD     : a IC have been unbinding,  RemoteInputConnection{idHash=#56f285e}
03-08 15:13:47.427 12908 12908 I HBD     : HoneyBoardService [PF_CL][onFinishInput]  0 ms
03-08 15:13:47.427 12908 12908 I HBD     : HoneyBoardService [IMI] onStartInput - caller pid : 26361 , caller uid : 10451
03-08 15:13:47.427 12908 12908 I HBD     : j updateConfigs
03-08 15:13:47.427 12908 12908 I HBD     : j isEnabledNightMode : false
03-08 15:13:47.428 12908 12908 I HBD     : a IC have been binding, RemoteInputConnection{idHash=#56f285e}
03-08 15:13:47.428 12908 12908 I HBD     : h [EditorInputType]setPrivateImeOptionsToTable privateImeOptions ( null )
03-08 15:13:47.428  1327  1413 I SurfaceFlinger: id=35513 createSurf, flag=24004, Surface(name=a2c6971 InputMethod)/@0x3034fd7 - animation-leash of insets_animation#35513
03-08 15:13:47.428 12908 12908 I HBD     : b incognitoMode : false
03-08 15:13:47.428 12908 12908 I HBD     : b needOff = true , isForceOff = false, isNullInputClass : true
03-08 15:13:47.428 12908 12908 I HBD     : h getDefaultInputRange : UNKNOWN
03-08 15:13:47.428 12908 12908 I HBD     : h getDefaultInputRange : UNKNOWN
03-08 15:13:47.428 12908 12908 I HBD     : h getDefaultInputRange : UNKNOWN
03-08 15:13:47.429 12908 12908 I HBD     : b needOff = true , isForceOff = false, isNullInputClass : true
03-08 15:13:47.429 12908 12908 I HBD     : b update cached prediction status : false
03-08 15:13:47.429 12908 12908 I HBD     : h getDefaultInputRange : UNKNOWN
03-08 15:13:47.429 12908 12908 I HBD     : a currentState : 0
03-08 15:13:47.429 12908 12908 I HBD     : a [UpdatePolicy] [post] a: 0 cl: 65537 kit: [0/0] vt: 0 ir: 1
03-08 15:13:47.430 12908 12908 I HBD     : a [NRIC] resetNoResponseState
03-08 15:13:47.430 12908 12908 I HBD     : b needOff = true , isForceOff = false, isNullInputClass : true
03-08 15:13:47.430 12908 12908 I HBD     : b update cached prediction status : false
03-08 15:13:47.430 12908 12908 I HBD     : HoneyBoardService [PF_OP][onStartInput]  3 ms
03-08 15:13:47.431  1472  4475 D SemWifiUsabilityStatsMonitor: onWifiUsabilityStats - seqNum 23816, isSameBssidAndFreq true
03-08 15:13:47.431  1472  2428 I SemWifiLinkQualityMonitor: Link Qos Query: 0.047 ms / 170.342 Mbps (200 / 0.007 / 1.000)
03-08 15:13:47.435  1472  5031 D InputMethodManagerService: isImeSwitcherDisabledPackage : false
03-08 15:13:47.436 12908 12908 I InputMethodService: removeImeSurface
03-08 15:13:47.436 12908 12908 I MSHandlerLifeCycle: check: return. pkg=com.samsung.android.honeyboard isActivity=false callers=com.android.internal.policy.DecorView.setVisibility:4412 android.app.Dialog.hide:767 android.inputmethodservice.InputMethodService.removeImeSurface:1290 android.inputmethodservice.InputMethodService.scheduleImeSurfaceRemoval:1279 android.inputmethodservice.InputMethodService.-$$Nest$mscheduleImeSurfaceRemoval:0
03-08 15:13:47.436 12908 12908 I MSHandlerLifeCycle: removeMultiSplitHandler: no exist. decor=DecorView@df736f9[InputMethod]
03-08 15:13:47.437  1472  5031 I SemDvfsHyPerManager: acquire hyper - AMS_RESUME_TAIL/1472@16, type = -999
03-08 15:13:47.437  1472  5031 I SemDvfsHyPerManager: acquire hyper - AMS_ACT_LAZY/1472@17, type = -999
03-08 15:13:47.437  1257  1326 I HYPER-HAL: [RequestManager.cpp]acquire(): Acquired ID : 1107832  [1472 / 16]    HINT : AMS_RESUME_TAIL    list :
03-08 15:13:47.439  1327  1327 I Layer   : id=35495 removedFromDrawingState Surface(name=a2c6971 InputMethod)/@0x3034fd7 - animation-leash of insets_animation#35495 (159)
03-08 15:13:47.439  1327  1327 I SurfaceFlinger: id=35495 Removed Surface(name=a2c6971 InputMethod)/@0x3034fd7 - animation-leash of insets_animation#35495 (159)
03-08 15:13:47.439  1257  1326 I HYPER-HAL: [ResourceManager.cpp]updateResource(): [CPUMinFreq] UpdateResource Request ID : 1107832    Value : 1324800
03-08 15:13:47.439  1327  1327 I Layer   : id=35495 Destroyed Surface(name=a2c6971 InputMethod)/@0x3034fd7 - animation-leash of insets_animation#35495
03-08 15:13:47.440  1257  1326 I HYPER-HAL: [RequestManager.cpp]acquire(): Acquired ID : 1109322  [1472 / 17]    HINT : AMS_ACT_LAZY    list :
03-08 15:13:47.440  1257  1326 I HYPER-HAL: [ResourceManager.cpp]removeResource(): [CPULittleMinFreq] RemoveResource Request ID : 1104855
03-08 15:13:47.441  1257  1326 I HYPER-HAL: [ResourceManager.cpp]removeResource(): [CPUMinFreq] RemoveResource Request ID : 1104855
03-08 15:13:47.441  1257  1326 I HYPER-HAL: [RequestManager.cpp]releaseLocked(): Released ID : 1104855
03-08 15:13:47.450  1472  1877 I GestureDetector: handleMessage TAP
03-08 15:13:47.451  1472  1472 I GestureDetector: handleMessage TAP
03-08 15:13:47.463  1244  3899 I vendor.qti.bluetooth@1.0-ibs_handler: ProcessIbsCmd: Received IBS_WAKE_IND: 0xFD
03-08 15:13:47.463  1244  3899 D vendor.qti.bluetooth@1.0-ibs_handler: SerialClockVote: vote for UART CLK ON
03-08 15:13:47.463  1244  3899 I vendor.qti.bluetooth@1.0-ibs_handler: ProcessIbsCmd: Writing IBS_WAKE_ACK
03-08 15:13:47.498  1327  1327 D SurfaceFlinger: Display 4630947232161729153 HWC layers:
03-08 15:13:47.498  1327  1327 D SurfaceFlinger:      CLIENT | 0xb4000074461490f0 | 0102 | RGBA_8888    |    0.0    0.0    0.0    0.0 |    0    0 1080   89 | bbq-wrapper#35512
03-08 15:13:47.498  1327  1327 D SurfaceFlinger:      CLIENT |              | 0000 |  Unknown  |    0.0    0.0    0.0    0.0 |    0    0 1080 2400 | DimAnimationLayer for ActivityRecord[...]3/.activities.Attendee} t3072}#35503
03-08 15:13:47.498  1327  1327 D SurfaceFlinger:      CLIENT | 0xb400007445800110 | 0102 | RGBA_8888    |    0.0    0.0 1080.0 2311.0 |    0   89 1080 2400 | com.example.cmput301w24t33/com.examp[...]t33.activities.Attendee$_26361#35498
03-08 15:13:47.498  1327  1327 D SurfaceFlinger:      CLIENT | 0xb400007446147170 | 0100 | RGBA_8888    |    0.0    0.0 1080.0   91.0 |    0    0 1080   91 | StatusBar$_2578#95
03-08 15:13:47.498  1327  1327 D SurfaceFlinger:      CLIENT | 0xb400007446147bf0 | 0100 | RGBA_8888    |    0.0    0.0   67.0  515.0 |    0  301   67  816 | com.samsung.android.app.cocktailbars[...]rvice.CocktailBarService$_5242#35333
03-08 15:13:47.498  1327  1327 D SurfaceFlinger:      CLIENT | 0xb400007446148210 | 0100 | RGBA_8888    |    0.0    0.0 1080.0  126.0 |    0 2274 1080 2400 | NavigationBar0$_2578#89
03-08 15:13:47.498  1327  1327 D SurfaceFlinger:
03-08 15:13:47.522  5242  5242 I Utils   : isCurrentUser current = 0, ownerId = 0
03-08 15:13:47.522  5242  5242 I TrayVisibilityController: getComputedTrayVisible : keyguardState = 1
03-08 15:13:47.522  5242  5242 I TrayVisibilityController: updateTrayVisible: State=1 visible=1 mCurrentVisible=1 specificMode=0
03-08 15:13:47.522  5242  5242 I TrayStateController: onNotifyUpdateTray: state=0
03-08 15:13:47.546  1244  3899 I vendor.qti.bluetooth@1.0-ibs_handler: ProcessIbsCmd: Received IBS_SLEEP_IND: 0xFE
03-08 15:13:47.546  1244  3899 D vendor.qti.bluetooth@1.0-ibs_handler: SerialClockVote: vote for UART CLK OFF
03-08 15:13:47.549  1257 27872 I HYPER-HAL: [ResourceManager.cpp]removeResource(): [CPUMaxFreq] RemoveResource Request ID : 12789166
03-08 15:13:47.549  1257 27872 I HYPER-HAL: [RequestManager.cpp]releaseLocked(): Released ID : 12789166
03-08 15:13:47.659 26361 26361 I ViewInteraction: Checking 'MatchesViewAssertion{viewMatcher=(view has effective visibility <VISIBLE> and view.getGlobalVisibleRect() to return non-empty rectangle)}' assertion on view view.getId() is <2131230813/com.example.cmput301w24t33:id/attendee_activity>
03-08 15:13:47.664  1472  1882 I ChimeraSystemEventListener: appLaunchIntent package name is: com.example.cmput301w24t33.test
03-08 15:13:47.665  1472  3404 I SemDvfsHyPerManager: acquire hyper - AMS_APP_SWITCH/1472@18, type = -999
03-08 15:13:47.666  1257  1326 I HYPER-HAL: [RequestManager.cpp]acquire(): Acquired ID : 1110813  [1472 / 18]    HINT : AMS_APP_SWITCH    list :
03-08 15:13:47.666  1327  1414 I SurfaceFlinger: id=35514 createSurf, flag=24004, Task=3073#35514
03-08 15:13:47.666  1257  1326 I HYPER-HAL: [ResourceManager.cpp]updateResource(): [CPULittleMinFreq] UpdateResource Request ID : 1110813    Value : 1804800
03-08 15:13:47.667  5044  5044 I SemDvfsHyPerManager: acquire hyper - APP_START_SHORT/5044@12, type = -999
03-08 15:13:47.669  1257  1326 I HYPER-HAL: [ResourceManager.cpp]updateResource(): [CPUMinFreq] UpdateResource Request ID : 1110813    Value : 2208000
03-08 15:13:47.669  1257  1326 I HYPER-HAL: [RequestManager.cpp]acquire(): Acquired ID : 12784108  [5044 / 12]    HINT : APP_START    list : [TIMEOUT / 1500]
03-08 15:13:47.670  1257  1326 I HYPER-HAL: [ResourceManager.cpp]updateResource(): [CPUMaxFreq] UpdateResource Request ID : 12784108    Value : 2208000
03-08 15:13:47.670  1327  1414 I SurfaceFlinger: id=35515 createSurf, flag=80004, ActivityRecord{cc0c60b u0 com.example.cmput301w24t33.test/androidx.test.core.app.InstrumentationActivityInvoker$EmptyActivity} t3073}#35515
03-08 15:13:47.676  1537  4631 I CameraService: onUidStateChanged: uid=10052, procState is changed. (0 -> 1)
03-08 15:13:47.676  2578  2664 D NativeCustomFrequencyManager: [NativeCFMS] BpCustomFrequencyManager::BpCustomFrequencyManager()
03-08 15:13:47.677  1472  3543 I SemDvfsHyPerManager: acquire hyper - AMS_APP_LAUNCH/1472@15, type = -999
03-08 15:13:47.677  1257  1326 I HYPER-HAL: [RequestManager.cpp]acquire(): Acquired ID : 1106343  [1472 / 15]    HINT : AMS_APP_LAUNCH    list :
03-08 15:13:47.677  1257  1326 I HYPER-HAL: [ResourceManager.cpp]updateResource(): [CPULittleMinFreq] UpdateResource Request ID : 1106343    Value : 1804800
03-08 15:13:47.677  1257  1326 I HYPER-HAL: [ResourceManager.cpp]updateResource(): [CPUMinFreq] UpdateResource Request ID : 1106343    Value : 2208000
03-08 15:13:47.680  5044  5044 I SemDvfsHyPerManager: acquire hyper - APP_START/5044@14, type = -999
03-08 15:13:47.680 26361 26361 D LifecycleMonitor: Lifecycle status change: com.example.cmput301w24t33.activities.Attendee@e714f03 in: PAUSED
03-08 15:13:47.681  1472  2686 D InputTransport: Input channel constructed: '7edd232', fd=759
03-08 15:13:47.681  1472  2686 D InputTransport: Input channel constructed: '7edd232', fd=904
03-08 15:13:47.681  1472  2686 D InputTransport: Input channel constructed: '7edd232', fd=907
03-08 15:13:47.681 26361 26361 V ActivityScenario: Activity lifecycle changed event received but ignored because the intent does not match. startActivityIntent=Intent { act=android.intent.action.MAIN cat=[android.intent.category.LAUNCHER] flg=0x10008000 cmp=com.example.cmput301w24t33/.activities.Attendee }, activity.getIntent()=Intent { cmp=com.example.cmput301w24t33/.activities.Attendee }, activity=com.example.cmput301w24t33.activities.Attendee@e714f03
03-08 15:13:47.681  1257  1326 I HYPER-HAL: [RequestManager.cpp]acquire(): Acquired ID : 12794225  [5044 / 14]    HINT : APP_START    list :
03-08 15:13:47.681  1257  1326 I HYPER-HAL: [ResourceManager.cpp]updateResource(): [CPUMaxFreq] UpdateResource Request ID : 12794225    Value : 2208000
03-08 15:13:47.681  1327  1414 I SurfaceFlinger: id=35516 createSurf, flag=80004, 7edd232 Splash Screen com.example.cmput301w24t33.test#35516
03-08 15:13:47.682  1472  2686 D InputTransport: Input channel destroyed: '7edd232', fd=907
03-08 15:13:47.682  3258  3258 I TopTaskTracker: onTaskMovedToFront : taskId = 3073
03-08 15:13:47.682  2578  2656 D InsetsController: onStateChanged: InsetsState: {mDisplayFrame=Rect(0, 0 - 1080, 2400), mDisplayCutout=DisplayCutout{insets=Rect(0, 91 - 0, 0) waterfall=Insets{left=0, top=0, right=0, bottom=0} boundingRect={Bounds=[Rect(0, 0 - 0, 0), Rect(503, 0 - 577, 91), Rect(0, 0 - 0, 0), Rect(0, 0 - 0, 0)]} cutoutPathParserInfo={CutoutPathParserInfo{displayWidth=1080 displayHeight=2400 physicalDisplayWidth=1080 physicalDisplayHeight=2400 density={2.625} cutoutSpec={M 0,0 H -14.0952380952381 V 34.66666666666667 H 14.0952380952381 V 0 H 0 Z @dp} rotation={0} scale={1.0} physicalPixelDisplaySizeRatio={1.0}}}}, mRoundedCorners=RoundedCorners{[RoundedCorner{position=TopLeft, radius=84, center=Point(84, 84)}, RoundedCorner{position=TopRight, radius=84, center=Point(996, 84)}, RoundedCorner{position=BottomRight, radius=84, center=Point(996, 2316)}, RoundedCorner{position=BottomLeft, radius=84, center=Point(84, 2316)}]}  mRoundedCornerFrame=Rect(0, 0 - 1080, 2400), mPrivacyIndicatorBounds=PrivacyIndicatorBounds {static bounds=Rect(964, 0 - 1080, 91) rotation=0}, mSources= { InsetsSource: {mType=ITYPE_STATUS_BAR, mFrame=[0,0][1080,91], mVisible=true, mInsetsRoundedCornerFrame=false}, InsetsSource: {mType=ITYPE_NAVIGATION_BAR, mFrame=[0,2274][1080,2400], mVisible=true, mInsetsRoundedCornerFrame=false}, InsetsSource: {mType=ITYPE_LEFT_GESTURES, mFrame=[0,0][0,2400], mVisible=true, mInsetsRoundedCornerFrame=false}, InsetsSource: {mType=ITYPE_RIGHT_GESTURES, mFrame=[1080,0][1080,2400], mVisible=true, mInsetsRoundedCornerFrame=false}, InsetsSource: {mType=ITYPE_TOP_MANDATORY_GESTURES, mFrame=[0,0][1080,123], mVisible=true, mInsetsRoundedCornerFrame=false}, InsetsSource: {mType=ITYPE_BOTTOM_MANDATORY_GESTURES, mFrame=[0,2274][1080,2400], mVisible=true, mInsetsRoundedCornerFrame=false}, InsetsSource: {mType=ITYPE_LEFT_DISPLAY_CUTOUT, mFrame=[0,0][-100000,2400], mVisible=true, mInsetsRoundedCornerFrame=false}, InsetsSource: {mType=ITYPE_TOP_DISPLAY_CUTOUT, mFrame=[0,0][1080,91], mVisible=true, mInsetsRoundedCornerFrame=false}, InsetsSource: {mType=ITYPE_RIGHT_DISPLAY_CUTOUT, mFrame=[100000,0][1080,2400], mVisible=true, mInsetsRoundedCornerFrame=false}, InsetsSource: {mType=ITYPE_BOTTOM_DISPLAY_CUTOUT, mFrame=[0,100000][1080,2400], mVisible=true, mInsetsRoundedCornerFrame=false}, InsetsSource: {mType=ITYPE_TOP_TAPPABLE_ELEMENT, mFrame=[0,0][1080,91], mVisible=true, mInsetsRoundedCornerFrame=false}, InsetsSource: {mType=ITYPE_BOTTOM_TAPPABLE_ELEMENT, mFrame=[0,2274][1080,2400], mVisible=true, mInsetsRoundedCornerFrame=false} } host=Splash Screen com.example.cmput301w24t33.test from=android.view.ViewRootImpl.setView:1732
03-08 15:13:47.683  2578  2656 I ViewRootImpl@110a712[test]: setView = android.widget.FrameLayout@1ce225e TM=true
03-08 15:13:47.684  1472  3440 I AS.AudioService: uid:10333is using audio
03-08 15:13:47.689  2578  2656 I ViewRootImpl@110a712[test]: performTraversals params={(0,0)(fillxfill) sim={adjust=pan} ty=APPLICATION_STARTING fmt=TRANSLUCENT
03-08 15:13:47.689  2578  2656 I ViewRootImpl@110a712[test]:   fl=81030118
03-08 15:13:47.689  2578  2656 I ViewRootImpl@110a712[test]:   pfl=16000010
03-08 15:13:47.689  2578  2656 I ViewRootImpl@110a712[test]:   apr=LIGHT_STATUS_BARS LIGHT_NAVIGATION_BARS
03-08 15:13:47.689  2578  2656 I ViewRootImpl@110a712[test]:   bhv=DEFAULT
03-08 15:13:47.689  2578  2656 I ViewRootImpl@110a712[test]:   fitSides= naviIconColor=0}
03-08 15:13:47.689  2578  2656 I ViewRootImpl@110a712[test]: performTraversals mFirst=true windowShouldResize=true viewVisibilityChanged=false mForceNextWindowRelayout=false params={(0,0)(fillxfill) sim={adjust=pan} ty=APPLICATION_STARTING fmt=TRANSLUCENT
03-08 15:13:47.689  2578  2656 I ViewRootImpl@110a712[test]:   fl=81030118
03-08 15:13:47.689  2578  2656 I ViewRootImpl@110a712[test]:   pfl=16000010
03-08 15:13:47.689  2578  2656 I ViewRootImpl@110a712[test]:   apr=LIGHT_STATUS_BARS LIGHT_NAVIGATION_BARS
03-08 15:13:47.689  2578  2656 I ViewRootImpl@110a712[test]:   bhv=DEFAULT
03-08 15:13:47.689  2578  2656 I ViewRootImpl@110a712[test]:   fitSides= naviIconColor=0}
03-08 15:13:47.694  1180  1180 D Zygote  : Forked child process 27916
03-08 15:13:47.696  1472  2686 V WindowManager: Relayout Window{7edd232 u0 Splash Screen com.example.cmput301w24t33.test}: viewVisibility=0 req=1080x2400 d0
03-08 15:13:47.696  1327  1413 I SurfaceFlinger: id=35517 createSurf, flag=40004, Splash Screen com.example.cmput301w24t33.test$_2578#35517
03-08 15:13:47.697  1244  3730 D vendor.qti.bluetooth@1.0-wake_lock: Release wakelock is released
03-08 15:13:47.701  1472  2686 V WindowManager: Relayout hash=7edd232, pid=2578, syncId=-1: mAttrs={(0,0)(fillxfill) sim={adjust=pan} ty=APPLICATION_STARTING fmt=TRANSLUCENT
03-08 15:13:47.701  1472  2686 V WindowManager:   fl=81030118
03-08 15:13:47.701  1472  2686 V WindowManager:   pfl=16000010
03-08 15:13:47.701  1472  2686 V WindowManager:   apr=LIGHT_STATUS_BARS LIGHT_NAVIGATION_BARS
03-08 15:13:47.701  1472  2686 V WindowManager:   bhv=DEFAULT
03-08 15:13:47.701  1472  2686 V WindowManager:   fitSides= naviIconColor=0}
03-08 15:13:47.702  2578  2656 D InsetsController: onStateChanged: InsetsState: {mDisplayFrame=Rect(0, 0 - 1080, 2400), mDisplayCutout=DisplayCutout{insets=Rect(0, 91 - 0, 0) waterfall=Insets{left=0, top=0, right=0, bottom=0} boundingRect={Bounds=[Rect(0, 0 - 0, 0), Rect(503, 0 - 577, 91), Rect(0, 0 - 0, 0), Rect(0, 0 - 0, 0)]} cutoutPathParserInfo={CutoutPathParserInfo{displayWidth=1080 displayHeight=2400 physicalDisplayWidth=1080 physicalDisplayHeight=2400 density={2.625} cutoutSpec={M 0,0 H -14.0952380952381 V 34.66666666666667 H 14.0952380952381 V 0 H 0 Z @dp} rotation={0} scale={1.0} physicalPixelDisplaySizeRatio={1.0}}}}, mRoundedCorners=RoundedCorners{[RoundedCorner{position=TopLeft, radius=84, center=Point(84, 84)}, RoundedCorner{position=TopRight, radius=84, center=Point(996, 84)}, RoundedCorner{position=BottomRight, radius=84, center=Point(996, 2316)}, RoundedCorner{position=BottomLeft, radius=84, center=Point(84, 2316)}]}  mRoundedCornerFrame=Rect(0, 0 - 1080, 2400), mPrivacyIndicatorBounds=PrivacyIndicatorBounds {static bounds=Rect(964, 0 - 1080, 91) rotation=0}, mSources= { InsetsSource: {mType=ITYPE_STATUS_BAR, mFrame=[0,0][1080,91], mVisible=true, mInsetsRoundedCornerFrame=false}, InsetsSource: {mType=ITYPE_NAVIGATION_BAR, mFrame=[0,2274][1080,2400], mVisible=true, mInsetsRoundedCornerFrame=false}, InsetsSource: {mType=ITYPE_LEFT_GESTURES, mFrame=[0,0][0,2400], mVisible=true, mInsetsRoundedCornerFrame=false}, InsetsSource: {mType=ITYPE_RIGHT_GESTURES, mFrame=[1080,0][1080,2400], mVisible=true, mInsetsRoundedCornerFrame=false}, InsetsSource: {mType=ITYPE_TOP_MANDATORY_GESTURES, mFrame=[0,0][1080,123], mVisible=true, mInsetsRoundedCornerFrame=false}, InsetsSource: {mType=ITYPE_BOTTOM_MANDATORY_GESTURES, mFrame=[0,2274][1080,2400], mVisible=true, mInsetsRoundedCornerFrame=false}, InsetsSource: {mType=ITYPE_LEFT_DISPLAY_CUTOUT, mFrame=[0,0][-100000,2400], mVisible=true, mInsetsRoundedCornerFrame=false}, InsetsSource: {mType=ITYPE_TOP_DISPLAY_CUTOUT, mFrame=[0,0][1080,91], mVisible=true, mInsetsRoundedCornerFrame=false}, InsetsSource: {mType=ITYPE_RIGHT_DISPLAY_CUTOUT, mFrame=[100000,0][1080,2400], mVisible=true, mInsetsRoundedCornerFrame=false}, InsetsSource: {mType=ITYPE_BOTTOM_DISPLAY_CUTOUT, mFrame=[0,100000][1080,2400], mVisible=true, mInsetsRoundedCornerFrame=false}, InsetsSource: {mType=ITYPE_TOP_TAPPABLE_ELEMENT, mFrame=[0,0][1080,91], mVisible=true, mInsetsRoundedCornerFrame=false}, InsetsSource: {mType=ITYPE_BOTTOM_TAPPABLE_ELEMENT, mFrame=[0,2274][1080,2400], mVisible=true, mInsetsRoundedCornerFrame=false}, InsetsSource: {mType=ITYPE_IME, mFrame=[0,0][0,0], mVisibleFrame=[0,1409][1080,2400], mVisible=false, mInsetsRoundedCornerFrame=false} } host=Splash Screen com.example.cmput301w24t33.test from=android.view.ViewRootImpl.relayoutWindow:9802
03-08 15:13:47.702  2578  2656 I ViewRootImpl@110a712[test]: updateBlastSurfaceIfNeeded mBlastBufferQueue=null isSameSurfaceControl=false
03-08 15:13:47.703  2578  2656 I BLASTBufferQueue: new BLASTBufferQueue, mName= ViewRootImpl@110a712[test] mNativeObject= 0xb400007c52070b00 sc.mNativeObject= 0xb400007c4d129f80 caller= android.view.ViewRootImpl.updateBlastSurfaceIfNeeded:2909 android.view.ViewRootImpl.relayoutWindow:9847 android.view.ViewRootImpl.performTraversals:3884 android.view.ViewRootImpl.doTraversal:3116 android.view.ViewRootImpl$TraversalRunnable.run:10885 android.view.Choreographer$CallbackRecord.run:1301 android.view.Choreographer$CallbackRecord.run:1309 android.view.Choreographer.doCallbacks:923 android.view.Choreographer.doFrame:852 android.view.Choreographer$FrameDisplayEventReceiver.run:1283
03-08 15:13:47.703  2578  2656 I BLASTBufferQueue: update, w= 1080 h= 2400 mName = ViewRootImpl@110a712[test] mNativeObject= 0xb400007c52070b00 sc.mNativeObject= 0xb400007c4d129f80 format= -3 caller= android.graphics.BLASTBufferQueue.<init>:84 android.view.ViewRootImpl.updateBlastSurfaceIfNeeded:2909 android.view.ViewRootImpl.relayoutWindow:9847 android.view.ViewRootImpl.performTraversals:3884 android.view.ViewRootImpl.doTraversal:3116 android.view.ViewRootImpl$TraversalRunnable.run:10885
03-08 15:13:47.703  2578  2656 I ViewRootImpl@110a712[test]: Relayout returned: old=(0,0,1080,2400) new=(0,0,1080,2400) req=(1080,2400)0 dur=13 res=0x3 s={true 0xb400007c4d236800} ch=true seqId=0
03-08 15:13:47.704  2578  2656 I ViewRootImpl@110a712[test]: mThreadedRenderer.initialize() mSurface={isValid=true 0xb400007c4d236800} hwInitialized=true
03-08 15:13:47.704  2578  2664 D OpenGLRenderer: eglCreateWindowSurface
03-08 15:13:47.704  2578  2656 I ViewRootImpl@110a712[test]: reportNextDraw android.view.ViewRootImpl.performTraversals:4438 android.view.ViewRootImpl.doTraversal:3116 android.view.ViewRootImpl$TraversalRunnable.run:10885 android.view.Choreographer$CallbackRecord.run:1301 android.view.Choreographer$CallbackRecord.run:1309
03-08 15:13:47.704  2578  2656 I ViewRootImpl@110a712[test]: Setup new sync id=0
03-08 15:13:47.704  2578  2656 I ViewRootImpl@110a712[test]: Setting syncFrameCallback
03-08 15:13:47.704  2578  2656 I ViewRootImpl@110a712[test]: registerCallbacksForSync syncBuffer=false
03-08 15:13:47.705  2578  2712 I ViewRootImpl@110a712[test]: Received frameDrawingCallback syncResult=0 frameNum=1.
03-08 15:13:47.705  2578  2712 I ViewRootImpl@110a712[test]: Setting up sync and frameCommitCallback
03-08 15:13:47.708  1472  2686 D InputDispatcher: Focus left window (0): 8b4d62b com.example.cmput301w24t33/com.example.cmput301w24t33.activities.Attendee
03-08 15:13:47.709 26361 26361 I ViewRootImpl@8fa8ae3[Attendee]: MSG_WINDOW_FOCUS_CHANGED 0 0
03-08 15:13:47.710  2578  2664 I BLASTBufferQueue: [ViewRootImpl@110a712[test]#944](f:0,a:0) onFrameAvailable the first frame is available
03-08 15:13:47.711  2578  2664 I ViewRootImpl@110a712[test]: Received frameCommittedCallback lastAttemptedDrawFrameNum=1 didProduceBuffer=true
03-08 15:13:47.712  2578  2664 D OpenGLRenderer: CFMS:: SetUp Pid : 2578    Tid : 2664
03-08 15:13:47.712  2578  2664 W Parcel  : Expecting binder but got null!
03-08 15:13:47.712  2578  2656 I ViewRootImpl@110a712[test]: onSyncComplete
03-08 15:13:47.712  2578  2656 I ViewRootImpl@110a712[test]: setupSync seqId=0 mSyncId=0 fn=1 caller=android.view.ViewRootImpl$$ExternalSyntheticLambda11.accept:6 android.window.SurfaceSyncer.lambda$setupSync$1$android-window-SurfaceSyncer:128 android.window.SurfaceSyncer$$ExternalSyntheticLambda1.accept:8 android.window.SurfaceSyncer$SyncSet.checkIfSyncIsComplete:382 android.window.SurfaceSyncer$SyncSet.markSyncReady:359 android.window.SurfaceSyncer.markSyncReady:151 android.view.ViewRootImpl.performTraversals:4503
03-08 15:13:47.712  2578  2656 I ViewRootImpl@110a712[test]: reportDrawFinished seqId=0 mSyncId=-1 fn=1 mSurfaceChangedTransaction=0xb400007c82084000
03-08 15:13:47.724 27916 27916 I t301w24t33.test: Late-enabling -Xcheck:jni
03-08 15:13:47.741 27916 27916 I t301w24t33.test: Using CollectorTypeCC GC.
03-08 15:13:47.744 30985 30990 I adbd    : jdwp connection from 27916
03-08 15:13:47.751 27916 27916 D ActivityThread: setConscryptValidator
03-08 15:13:47.751 27916 27916 D ActivityThread: setConscryptValidator - put
03-08 15:13:47.759  1327  1327 D SurfaceFlinger: Display 4630947232161729153 HWC layers:
03-08 15:13:47.759  1327  1327 D SurfaceFlinger:      DEVICE | 0xb40000745d065460 | 0102 | RGBA_8888    |    0.0    0.0 1080.0 2400.0 |    0    0 1080 2400 | com.example.cmput301w24t33/com.examp[...]t33.activities.Attendee$_26361#35498
03-08 15:13:47.759  1327  1327 D SurfaceFlinger:      DEVICE | 0xb400007446147170 | 0100 | RGBA_8888    |    0.0    0.0 1080.0   91.0 |    0    0 1080   91 | StatusBar$_2578#95
03-08 15:13:47.759  1327  1327 D SurfaceFlinger:      DEVICE | 0xb400007446147bf0 | 0100 | RGBA_8888    |    0.0    0.0   67.0  515.0 |    0  301   67  816 | com.samsung.android.app.cocktailbars[...]rvice.CocktailBarService$_5242#35333
03-08 15:13:47.759  1327  1327 D SurfaceFlinger:      DEVICE | 0xb400007446148210 | 0100 | RGBA_8888    |    0.0    0.0 1080.0  126.0 |    0 2274 1080 2400 | NavigationBar0$_2578#89
03-08 15:13:47.759  1327  1327 D SurfaceFlinger:
03-08 15:13:47.763  1472  5031 D InputDispatcher: Focused application(0): ActivityRecord{cc0c60b u0 com.example.cmput301w24t33.test/androidx.test.core.app.InstrumentationActivityInvoker$EmptyActivity} t3073}
03-08 15:13:47.765  1472  2391 D AS.MultiSoundManager: mForegroundUid = 10453
03-08 15:13:47.769  1327  2100 I SurfaceFlinger: id=35518 createSurf, flag=80000, 244e1da ActivityRecordInputSink com.example.cmput301w24t33.test/androidx.test.core.app.InstrumentationActivityInvoker$EmptyActivity#35518
03-08 15:13:47.771  1327  1327 I Layer   : id=35503 removedFromDrawingState DimAnimationLayer for ActivityRecord{1d0e8e9 u0 com.example.cmput301w24t33/.activities.Attendee} t3072}#35503 (163)
03-08 15:13:47.772  1327  1327 I Layer   : Layer [Splash Screen com.example.cmput301w24t33.test$_2578#35517] hidden!! flag(0)
03-08 15:13:47.772  1327  1327 I SurfaceFlinger: id=35503 Removed DimAnimationLayer for ActivityRecord{1d0e8e9 u0 com.example.cmput301w24t33/.activities.Attendee} t3072}#35503 (163)
03-08 15:13:47.772  1327  1327 I Layer   : id=35503 Destroyed DimAnimationLayer for ActivityRecord{1d0e8e9 u0 com.example.cmput301w24t33/.activities.Attendee} t3072}#35503
03-08 15:13:47.772 27916 27916 D CompatibilityChangeReporter: Compat change id reported: 171979766; UID 10453; state: ENABLED
03-08 15:13:47.773  5242  5242 I ActivityUtils: HomePackage : com.sec.android.app.launcher, resumePackageName : com.example.cmput301w24t33.test
03-08 15:13:47.775 26361 26361 I ViewRootImpl@b3bb840[Attendee]: handleAppVisibility mAppVisible = true visible = false
03-08 15:13:47.776 26361 26361 I ViewRootImpl@35311c6[Organizer]: handleAppVisibility mAppVisible = true visible = false
03-08 15:13:47.778  1327  1327 D SurfaceFlinger: Display 4630947232161729153 HWC layers:
03-08 15:13:47.778  1327  1327 D SurfaceFlinger:      DEVICE | 0xb40000745d065460 | 0102 | RGBA_8888    |    0.0    0.0 1080.0 2400.0 |    0    0 1080 2400 | com.example.cmput301w24t33/com.examp[...]t33.activities.Attendee$_26361#35498
03-08 15:13:47.778  1327  1327 D SurfaceFlinger:      DEVICE | 0xb40000745d0652a0 | 0100 | RGBA_8888    |    0.0    0.0 1080.0 2400.0 |    0    0 1080 2400 | Splash Screen com.example.cmput301w24t33.test$_2578#35517
03-08 15:13:47.778  1327  1327 D SurfaceFlinger:      DEVICE | 0xb400007446147170 | 0100 | RGBA_8888    |    0.0    0.0 1080.0   91.0 |    0    0 1080   91 | StatusBar$_2578#95
03-08 15:13:47.778  1327  1327 D SurfaceFlinger:      DEVICE | 0xb400007446147bf0 | 0100 | RGBA_8888    |    0.0    0.0   67.0  515.0 |    0  301   67  816 | com.samsung.android.app.cocktailbars[...]rvice.CocktailBarService$_5242#35333
03-08 15:13:47.778  1327  1327 D SurfaceFlinger:      DEVICE | 0xb400007446148210 | 0100 | RGBA_8888    |    0.0    0.0 1080.0  126.0 |    0 2274 1080 2400 | NavigationBar0$_2578#89
03-08 15:13:47.778  1327  1327 D SurfaceFlinger:
03-08 15:13:47.780  1472  3678 I MediaSessionMonitor: Media session stopped : diffrent pkg
03-08 15:13:47.782 27916 27916 D ApplicationLoaders: Returning zygote-cached class loader: /system/framework/android.test.base.jar
03-08 15:13:47.784  3258 28442 I RecentModel: onTaskStackChangedBackground
03-08 15:13:47.786 27916 27916 D nativeloader: Configuring clns-4 for other apk /system/framework/android.test.mock.jar. target_sdk_version=34, uses_libraries=ALL, library_path=/data/app/~~5YYnvnDDujNmeUExSm1Obg==/com.example.cmput301w24t33.test-SwK-uf5IpLknilFLzbt1hg==/lib/arm64, permitted_path=/data:/mnt/expand:/data/user/0/com.example.cmput301w24t33.test
03-08 15:13:47.786 27916 27916 D nativeloader: Extending system_exposed_libraries: libhumantracking.arcsoft.so:libPortraitDistortionCorrection.arcsoft.so:libPortraitDistortionCorrectionCali.arcsoft.so:libface_landmark.arcsoft.so:libFacialStickerEngine.arcsoft.so:libveengine.arcsoft.so:liblow_light_hdr.arcsoft.so:libhigh_dynamic_range.arcsoft.so:libFacialAttributeDetection.arcsoft.so:libBeauty_v4.camera.samsung.so:libexifa.camera.samsung.so:libjpega.camera.samsung.so:libOpenCv.camera.samsung.so:libImageScreener.camera.samsung.so:libMyFilter.camera.samsung.so:libtensorflowLite.myfilter.camera.samsung.so:libtensorflowlite_inference_api.myfilter.camera.samsung.so:libEventFinder.camera.samsung.so:libSmartScan.camera.samsung.so:libRectify.camera.samsung.so:libDocRectifyWrapper.camera.samsung.so:libUltraWideDistortionCorrection.camera.samsung.so:libWideDistortionCorrection.camera.samsung.so:libHpr_RecGAE_cvFeature_v1.0.camera.samsung.so:libHprFace_GAE_api.camera.samsung.so:libFace_Landmark_API.camera.samsung.so:libHprFace_GAE_jni.camera.samsung.so:libFacialBase
03-08 15:13:47.788 27916 27916 D ApplicationLoaders: Returning zygote-cached class loader: /system/framework/android.test.base.jar
03-08 15:13:47.788  1327  1327 I Layer   : id=35483 removedFromDrawingState Surface(name=ActivityRecord{4a9e2ec u0 com.example.cmput301w24t33/.activities.Attendee} t3072})/@0xfad487b - animation-leash of app_transition#35483 (162)
03-08 15:13:47.788  1327  1327 I Layer   : id=35490 removedFromDrawingState Bottom Edge Extension#35490 (162)
03-08 15:13:47.788  1327  1327 I Layer   : id=35491 removedFromDrawingState bbq-wrapper#35491 (162)
03-08 15:13:47.788  1327  1327 I Layer   : Layer [com.example.cmput301w24t33/com.example.cmput301w24t33.activities.Attendee$_26361#35498] hidden!! flag(1)
03-08 15:13:47.788  1327  1327 I Layer   : id=35490 removedFromDrawingState Bottom Edge Extension#35490 (162)
03-08 15:13:47.788  1327  1327 I Layer   : id=35491 removedFromDrawingState bbq-wrapper#35491 (162)
03-08 15:13:47.788  1327  1327 I Layer   : id=35484 removedFromDrawingState Surface(name=ActivityRecord{4a9e2ec u0 com.example.cmput301w24t33/.activities.Attendee} t3072})/@0xfad487b - animation-bounds#35484 (162)
03-08 15:13:47.789  1327  1327 I Layer   : id=35502 removedFromDrawingState Surface(name=ActivityRecord{7b0bfd3 u0 com.example.cmput301w24t33/.activities.Organizer} t3072})/@0x222591f - animation-bounds#35502 (162)
03-08 15:13:47.789  1327  1327 I Layer   : id=35501 removedFromDrawingState Surface(name=ActivityRecord{7b0bfd3 u0 com.example.cmput301w24t33/.activities.Organizer} t3072})/@0x222591f - animation-leash of app_transition#35501 (162)
03-08 15:13:47.789  1327  1327 I Layer   : id=35508 removedFromDrawingState Bottom Edge Extension#35508 (162)
03-08 15:13:47.789  1327  1327 I Layer   : id=35509 removedFromDrawingState bbq-wrapper#35509 (162)
03-08 15:13:47.789  1327  1327 I Layer   : id=35478 removedFromDrawingState ActivityRecord{7b0bfd3 u0 com.example.cmput301w24t33/.activities.Organizer} t3072}#35478 (162)
03-08 15:13:47.789  1327  1327 I Layer   : id=35488 removedFromDrawingState ec505c2 ActivityRecordInputSink com.example.cmput301w24t33/.activities.Organizer#35488 (162)
03-08 15:13:47.789  1327  1327 I Layer   : id=35479 removedFromDrawingState b018b1a com.example.cmput301w24t33/com.example.cmput301w24t33.activities.Organizer#35479 (162)
03-08 15:13:47.789  1327  1327 I Layer   : id=35480 removedFromDrawingState com.example.cmput301w24t33/com.example.cmput301w24t33.activities.Organizer$_26361#35480 (162)
03-08 15:13:47.789  1327  1327 I Layer   : Layer [com.example.cmput301w24t33/com.example.cmput301w24t33.activities.Organizer$_26361#35480] hidden!! flag(1)
03-08 15:13:47.789  1327  1327 I Layer   : id=35478 addToCurrentState ActivityRecord{7b0bfd3 u0 com.example.cmput301w24t33/.activities.Organizer} t3072}#35478 (162)
03-08 15:13:47.789  1327  1327 I Layer   : id=35488 addToCurrentState ec505c2 ActivityRecordInputSink com.example.cmput301w24t33/.activities.Organizer#35488 (162)
03-08 15:13:47.789  1327  1327 I Layer   : id=35479 addToCurrentState b018b1a com.example.cmput301w24t33/com.example.cmput301w24t33.activities.Organizer#35479 (162)
03-08 15:13:47.789  1327  1327 I Layer   : id=35480 addToCurrentState com.example.cmput301w24t33/com.example.cmput301w24t33.activities.Organizer$_26361#35480 (162)
03-08 15:13:47.789  1327  1327 I Layer   : id=35501 removedFromDrawingState Surface(name=ActivityRecord{7b0bfd3 u0 com.example.cmput301w24t33/.activities.Organizer} t3072})/@0x222591f - animation-leash of app_transition#35501 (162)
03-08 15:13:47.789  1327  1327 I Layer   : id=35508 removedFromDrawingState Bottom Edge Extension#35508 (162)
03-08 15:13:47.789  1327  1327 I Layer   : id=35509 removedFromDrawingState bbq-wrapper#35509 (162)
03-08 15:13:47.789  1327  1327 I Layer   : id=35508 removedFromDrawingState Bottom Edge Extension#35508 (162)
03-08 15:13:47.789  1327  1327 I Layer   : id=35509 removedFromDrawingState bbq-wrapper#35509 (162)
03-08 15:13:47.789  1327  1327 I Layer   : id=35504 removedFromDrawingState Surface(name=ActivityRecord{1d0e8e9 u0 com.example.cmput301w24t33/.activities.Attendee} t3072})/@0x2500715 - animation-leash of app_transition#35504 (162)
03-08 15:13:47.789  1327  1327 I Layer   : id=35511 removedFromDrawingState Top Edge Extension#35511 (162)
03-08 15:13:47.789  1327  1327 I Layer   : id=35512 removedFromDrawingState bbq-wrapper#35512 (162)
03-08 15:13:47.789  1327  1327 I Layer   : id=35511 removedFromDrawingState Top Edge Extension#35511 (162)
03-08 15:13:47.789  1327  1327 I Layer   : id=35512 removedFromDrawingState bbq-wrapper#35512 (162)
03-08 15:13:47.789  1327  1327 I Layer   : id=35505 removedFromDrawingState Surface(name=ActivityRecord{1d0e8e9 u0 com.example.cmput301w24t33/.activities.Attendee} t3072})/@0x2500715 - animation-bounds#35505 (162)
03-08 15:13:47.789  1327  1327 I Layer   : Layer [com.example.cmput301w24t33/com.example.cmput301w24t33.activities.Attendee$_26361#35472] hidden!! flag(1)
03-08 15:13:47.790  1327  1327 I SurfaceFlinger: id=35512 Removed bbq-wrapper#35512 (162)
03-08 15:13:47.790  1327  1327 I SurfaceFlinger: id=35491 Removed bbq-wrapper#35491 (162)
03-08 15:13:47.790  1327  1327 I SurfaceFlinger: id=35509 Removed bbq-wrapper#35509 (162)
03-08 15:13:47.790  1327  1327 I SurfaceFlinger: id=35483 Removed Surface(name=ActivityRecord{4a9e2ec u0 com.example.cmput301w24t33/.activities.Attendee} t3072})/@0xfad487b - animation-leash of app_transition#35483 (162)
03-08 15:13:47.790  1327  1327 I SurfaceFlinger: id=35490 Removed Bottom Edge Extension#35490 (162)
03-08 15:13:47.790  1327  1327 I SurfaceFlinger: id=35484 Removed Surface(name=ActivityRecord{4a9e2ec u0 com.example.cmput301w24t33/.activities.Attendee} t3072})/@0xfad487b - animation-bounds#35484 (162)
03-08 15:13:47.790  1327  1327 I SurfaceFlinger: id=35502 Removed Surface(name=ActivityRecord{7b0bfd3 u0 com.example.cmput301w24t33/.activities.Organizer} t3072})/@0x222591f - animation-bounds#35502 (162)
03-08 15:13:47.790  1327  1327 I SurfaceFlinger: id=35508 Removed Bottom Edge Extension#35508 (162)
03-08 15:13:47.790  1327  1327 I SurfaceFlinger: id=35511 Removed Top Edge Extension#35511 (162)
03-08 15:13:47.790  1327  1327 I SurfaceFlinger: id=35505 Removed Surface(name=ActivityRecord{1d0e8e9 u0 com.example.cmput301w24t33/.activities.Attendee} t3072})/@0x2500715 - animation-bounds#35505 (162)
03-08 15:13:47.790  1327  1327 I SurfaceFlinger: id=35504 Removed Surface(name=ActivityRecord{1d0e8e9 u0 com.example.cmput301w24t33/.activities.Attendee} t3072})/@0x2500715 - animation-leash of app_transition#35504 (162)
03-08 15:13:47.790  1327  1327 I SurfaceFlinger: id=35501 Removed Surface(name=ActivityRecord{7b0bfd3 u0 com.example.cmput301w24t33/.activities.Organizer} t3072})/@0x222591f - animation-leash of app_transition#35501 (162)
03-08 15:13:47.791 26361 26463 D OpenGLRenderer: setSurface called with nullptr
03-08 15:13:47.791  1327  1327 I Layer   : id=35484 Destroyed Surface(name=ActivityRecord{4a9e2ec u0 com.example.cmput301w24t33/.activities.Attendee} t3072})/@0xfad487b - animation-bounds#35484
03-08 15:13:47.791 26361 26463 D OpenGLRenderer: setSurface() destroyed EGLSurface
03-08 15:13:47.791 26361 26463 D OpenGLRenderer: destroyEglSurface
03-08 15:13:47.791  1327  1327 I Layer   : id=35483 Destroyed Surface(name=ActivityRecord{4a9e2ec u0 com.example.cmput301w24t33/.activities.Attendee} t3072})/@0xfad487b - animation-leash of app_transition#35483
03-08 15:13:47.791  1327  1327 I Layer   : id=35490 Destroyed Bottom Edge Extension#35490
03-08 15:13:47.791  1327  1327 I Layer   : id=35491 Destroyed bbq-wrapper#35491
03-08 15:13:47.791  1327  1327 I Layer   : id=35502 Destroyed Surface(name=ActivityRecord{7b0bfd3 u0 com.example.cmput301w24t33/.activities.Organizer} t3072})/@0x222591f - animation-bounds#35502
03-08 15:13:47.791  1327  1327 I Layer   : id=35501 Destroyed Surface(name=ActivityRecord{7b0bfd3 u0 com.example.cmput301w24t33/.activities.Organizer} t3072})/@0x222591f - animation-leash of app_transition#35501
03-08 15:13:47.791  1327  1327 I Layer   : id=35508 Destroyed Bottom Edge Extension#35508
03-08 15:13:47.791 27916 27916 D nativeloader: Configuring clns-5 for other apk /system/framework/android.test.runner.jar. target_sdk_version=34, uses_libraries=ALL, library_path=/data/app/~~5YYnvnDDujNmeUExSm1Obg==/com.example.cmput301w24t33.test-SwK-uf5IpLknilFLzbt1hg==/lib/arm64, permitted_path=/data:/mnt/expand:/data/user/0/com.example.cmput301w24t33.test
03-08 15:13:47.791 27916 27916 D nativeloader: Extending system_exposed_libraries: libhumantracking.arcsoft.so:libPortraitDistortionCorrection.arcsoft.so:libPortraitDistortionCorrectionCali.arcsoft.so:libface_landmark.arcsoft.so:libFacialStickerEngine.arcsoft.so:libveengine.arcsoft.so:liblow_light_hdr.arcsoft.so:libhigh_dynamic_range.arcsoft.so:libFacialAttributeDetection.arcsoft.so:libBeauty_v4.camera.samsung.so:libexifa.camera.samsung.so:libjpega.camera.samsung.so:libOpenCv.camera.samsung.so:libImageScreener.camera.samsung.so:libMyFilter.camera.samsung.so:libtensorflowLite.myfilter.camera.samsung.so:libtensorflowlite_inference_api.myfilter.camera.samsung.so:libEventFinder.camera.samsung.so:libSmartScan.camera.samsung.so:libRectify.camera.samsung.so:libDocRectifyWrapper.camera.samsung.so:libUltraWideDistortionCorrection.camera.samsung.so:libWideDistortionCorrection.camera.samsung.so:libHpr_RecGAE_cvFeature_v1.0.camera.samsung.so:libHprFace_GAE_api.camera.samsung.so:libFace_Landmark_API.camera.samsung.so:libHprFace_GAE_jni.camera.samsung.so:libFacialBase
03-08 15:13:47.791  1327  1327 I Layer   : id=35509 Destroyed bbq-wrapper#35509
03-08 15:13:47.791  1327  1327 I Layer   : id=35505 Destroyed Surface(name=ActivityRecord{1d0e8e9 u0 com.example.cmput301w24t33/.activities.Attendee} t3072})/@0x2500715 - animation-bounds#35505
03-08 15:13:47.792  1327  1327 I Layer   : id=35504 Destroyed Surface(name=ActivityRecord{1d0e8e9 u0 com.example.cmput301w24t33/.activities.Attendee} t3072})/@0x2500715 - animation-leash of app_transition#35504
03-08 15:13:47.792  1327  1327 I Layer   : id=35511 Destroyed Top Edge Extension#35511
03-08 15:13:47.792  1327  1327 I Layer   : id=35512 Destroyed bbq-wrapper#35512
03-08 15:13:47.793 27916 27916 W ziparchive: Unable to open '/data/app/~~5YYnvnDDujNmeUExSm1Obg==/com.example.cmput301w24t33.test-SwK-uf5IpLknilFLzbt1hg==/base.dm': No such file or directory
03-08 15:13:47.793 26361 26361 I ViewRootImpl@b3bb840[Attendee]: performTraversals mFirst=false windowShouldResize=false viewVisibilityChanged=true mForceNextWindowRelayout=false params=null
03-08 15:13:47.793 27916 27916 W ziparchive: Unable to open '/data/app/~~5YYnvnDDujNmeUExSm1Obg==/com.example.cmput301w24t33.test-SwK-uf5IpLknilFLzbt1hg==/base.dm': No such file or directory
03-08 15:13:47.795  1472  3543 V WindowManager: Relayout Window{438526f u0 com.example.cmput301w24t33/com.example.cmput301w24t33.activities.Attendee}: viewVisibility=8 req=1080x2400 d0
03-08 15:13:47.795  1273  1344 E ANDR-PERF-UTIL: Failed to update node /proc/27373/sched_boost with value 0
03-08 15:13:47.795  1273  1344 E ANDR-PERF-OPTSHANDLER: can't reset task 27373
03-08 15:13:47.795  1273  1344 E ANDR-PERF-RESOURCEQS: Failed to reset optimization [3, 32]
03-08 15:13:47.796  1472  3543 V WindowManager: Relayout hash=438526f, pid=26361, syncId=-1: mAttrs={(0,0)(fillxfill) sim={adjust=resize forwardNavigation} ty=BASE_APPLICATION wanim=0x1030309
03-08 15:13:47.796  1472  3543 V WindowManager:   fl=81810100
03-08 15:13:47.796  1472  3543 V WindowManager:   pfl=12020040
03-08 15:13:47.796  1472  3543 V WindowManager:   apr=LIGHT_NAVIGATION_BARS
03-08 15:13:47.796  1472  3543 V WindowManager:   bhv=DEFAULT
03-08 15:13:47.796  1472  3543 V WindowManager:   fitSides= naviIconColor=0
03-08 15:13:47.796  1472  3543 V WindowManager:   sfl=100000}
03-08 15:13:47.797  1327  1327 D SurfaceFlinger: Display 4630947232161729153 HWC layers:
03-08 15:13:47.797  1327  1327 D SurfaceFlinger:      DEVICE | 0xb40000745d0652a0 | 0100 | RGBA_8888    |    0.0    0.0 1080.0 2400.0 |    0    0 1080 2400 | Splash Screen com.example.cmput301w24t33.test$_2578#35517
03-08 15:13:47.797  1327  1327 D SurfaceFlinger:      DEVICE | 0xb400007446147170 | 0100 | RGBA_8888    |    0.0    0.0 1080.0   91.0 |    0    0 1080   91 | StatusBar$_2578#95
03-08 15:13:47.797  1327  1327 D SurfaceFlinger:      DEVICE | 0xb400007446147bf0 | 0100 | RGBA_8888    |    0.0    0.0   67.0  515.0 |    0  301   67  816 | com.samsung.android.app.cocktailbars[...]rvice.CocktailBarService$_5242#35333
03-08 15:13:47.797  1327  1327 D SurfaceFlinger:      DEVICE | 0xb400007446148210 | 0100 | RGBA_8888    |    0.0    0.0 1080.0  126.0 |    0 2274 1080 2400 | NavigationBar0$_2578#89
03-08 15:13:47.797  1327  1327 D SurfaceFlinger:
03-08 15:13:47.799  1273  1344 E ANDR-PERF-UTIL: Failed to update node /proc/3258/sched_low_latency with value 1
03-08 15:13:47.799  1273  1344 E ANDR-PERF-OPTSHANDLER: can't set low latency for tid 3258
03-08 15:13:47.799  1273  1344 E ANDR-PERF-RESOURCEQS: Failed to apply optimization [3, 52]
03-08 15:13:47.799  1273  1344 E ANDR-PERF-UTIL: Failed to update node /proc/5771/sched_low_latency with value 1
03-08 15:13:47.799  1273  1344 E ANDR-PERF-OPTSHANDLER: can't set low latency for tid 5771
03-08 15:13:47.799  1273  1344 E ANDR-PERF-RESOURCEQS: Failed to apply optimization [3, 52]
03-08 15:13:47.799  1273  1344 E ANDR-PERF-UTIL: Failed to update node /proc/5770/sched_low_latency with value 1
03-08 15:13:47.799  1273  1344 E ANDR-PERF-OPTSHANDLER: can't set low latency for tid 5770
03-08 15:13:47.799  1273  1344 E ANDR-PERF-RESOURCEQS: Failed to apply optimization [3, 52]
03-08 15:13:47.799  1273  1344 E ANDR-PERF-UTIL: Failed to update node /proc/5393/sched_low_latency with value 1
03-08 15:13:47.799  1273  1344 E ANDR-PERF-OPTSHANDLER: can't set low latency for tid 5393
03-08 15:13:47.799  1273  1344 E ANDR-PERF-RESOURCEQS: Failed to apply optimization [3, 52]
03-08 15:13:47.799  1273  1344 E ANDR-PERF-UTIL: Failed to read /proc/sys/kernel/walt_low_latency_task_threshold
03-08 15:13:47.800  1273  1344 E ANDR-PERF-OPTSHANDLER: Failed to read /proc/sys/kernel/walt_low_latency_task_threshold
03-08 15:13:47.800  1273  1344 E ANDR-PERF-RESOURCEQS: Failed to apply optimization [3, 54]
03-08 15:13:47.800 26361 26361 I ViewRootImpl@b3bb840[Attendee]: Relayout returned: old=(0,0,1080,2400) new=(0,0,1080,2400) req=(1080,2400)8 dur=6 res=0x2 s={false 0x0} ch=true seqId=0
03-08 15:13:47.801 26361 26463 D OpenGLRenderer: setSurface called with nullptr
