03-08 15:13:42.604  2578  2711 I ViewRootImpl@8a64a32[test]: mWNT: t=0xb400007c66339300 mBlastBufferQueue=0xb400007ce2105680 fn= 2 caller= android.view.SyncRtSurfaceTransactionApplier.applyTransaction:96 android.view.SyncRtSurfaceTransactionApplier.lambda$scheduleApply$0$android-view-SyncRtSurfaceTransactionApplier:69 android.view.SyncRtSurfaceTransactionApplier$$ExternalSyntheticLambda0.onFrameDraw:4
03-08 15:13:42.604  2578  2711 I ViewRootImpl@8a64a32[test]: Received frameDrawingCallback syncResult=0 frameNum=2.
03-08 15:13:42.604  2578  2711 I ViewRootImpl@8a64a32[test]: Setting up sync and frameCommitCallback
03-08 15:13:42.606  2578  2664 I ViewRootImpl@8a64a32[test]: Received frameCommittedCallback lastAttemptedDrawFrameNum=2 didProduceBuffer=true
03-08 15:13:42.606  2578  2656 I ViewRootImpl@8a64a32[test]: onSyncComplete
03-08 15:13:42.606  2578  2656 I ViewRootImpl@8a64a32[test]: setupSync seqId=0 mSyncId=1 fn=2 caller=android.view.ViewRootImpl$$ExternalSyntheticLambda11.accept:6 android.window.SurfaceSyncer.lambda$setupSync$1$android-window-SurfaceSyncer:128 android.window.SurfaceSyncer$$ExternalSyntheticLambda1.accept:8 android.window.SurfaceSyncer$SyncSet.checkIfSyncIsComplete:382 android.window.SurfaceSyncer$SyncSet.markSyncReady:359 android.window.SurfaceSyncer.markSyncReady:151 android.view.ViewRootImpl.performTraversals:4503
03-08 15:13:42.606  2578  2656 I ViewRootImpl@8a64a32[test]: reportDrawFinished seqId=0 mSyncId=-1 fn=2 mSurfaceChangedTransaction=0xb400007c821cd200
03-08 15:13:42.606  1327  1327 I Layer   : id=35395 Destroyed Screenshot Parent#35395
03-08 15:13:42.610  2578  2712 I ViewRootImpl@8a64a32[test]: mWNT: t=0xb400007c66339c00 mBlastBufferQueue=0xb400007ce2105680 fn= 3 caller= android.view.SyncRtSurfaceTransactionApplier.applyTransaction:96 android.view.SyncRtSurfaceTransactionApplier.lambda$scheduleApply$0$android-view-SyncRtSurfaceTransactionApplier:69 android.view.SyncRtSurfaceTransactionApplier$$ExternalSyntheticLambda0.onFrameDraw:4
03-08 15:13:42.611  1327  1413 I SurfaceFlinger: id=35396 createSurf, flag=40404, Top Edge Extension#35396
03-08 15:13:42.612  1327  1413 I SurfaceFlinger: id=35397 createSurf, flag=400, bbq-wrapper#35397
03-08 15:13:42.613  1472 26944 I BLASTBufferQueue: [bbq-adapter#1673](f:0,a:0) onFrameAvailable the first frame is available
03-08 15:13:42.613  1472  6022 D InputDispatcher: Focus left window (0): deb078 com.example.cmput301w24t33.test/androidx.test.core.app.InstrumentationActivityInvoker$EmptyActivity
03-08 15:13:42.615 26952 26952 I ViewRootImpl@d7f2b6a[InstrumentationActivityInvoker$EmptyActivity]: MSG_WINDOW_FOCUS_CHANGED 0 0
03-08 15:13:42.617  1327  1327 I Layer   : id=35398 Destroyed Screenshot Parent#35398
03-08 15:13:42.619  1327  2296 I SurfaceFlinger: id=35399 createSurf, flag=40404, Bottom Edge Extension#35399
03-08 15:13:42.620  1327  2296 I SurfaceFlinger: id=35400 createSurf, flag=400, bbq-wrapper#35400
03-08 15:13:42.621  1472 26945 I BLASTBufferQueue: [bbq-adapter#1674](f:0,a:0) onFrameAvailable the first frame is available
03-08 15:13:42.622 26361 26361 D LifecycleMonitor: Lifecycle status change: com.example.cmput301w24t33.activities.AdminActivity@e03c4f0 in: PRE_ON_CREATE
03-08 15:13:42.622 26361 26361 V ActivityScenario: Activity lifecycle changed event received but ignored because the reported transition was not ON_CREATE while the last known transition was PRE_ON_CREATE
03-08 15:13:42.626  2578  2711 I ViewRootImpl@8a64a32[test]: mWNT: t=0xb400007c66339b00 mBlastBufferQueue=0xb400007ce2105680 fn= 4 caller= android.view.SyncRtSurfaceTransactionApplier.applyTransaction:96 android.view.SyncRtSurfaceTransactionApplier.lambda$scheduleApply$0$android-view-SyncRtSurfaceTransactionApplier:69 android.view.SyncRtSurfaceTransactionApplier$$ExternalSyntheticLambda0.onFrameDraw:4
03-08 15:13:42.633 26361 26361 I DecorView: [INFO] isPopOver=false config=true
03-08 15:13:42.633 26361 26361 I DecorView: updateCaptionType: isFloating=false isApplication=true hasWindowDecorCaption=false this=DecorView@7574208[]
03-08 15:13:42.633 26361 26361 D DecorView: setCaptionType = 0, this = DecorView@7574208[]
03-08 15:13:42.636 26361 26361 I DecorView: getCurrentDensityDpi: from real metrics. densityDpi=420 msg=resources_loaded
03-08 15:13:42.636 26361 26361 I DecorView: setWindowBackground: isPopOver=false color=ffffffff d=android.graphics.drawable.ColorDrawable@d6efbc6
03-08 15:13:42.636 27040 27040 D CompatibilityChangeReporter: Compat change id reported: 171979766; UID 10076; state: ENABLED
03-08 15:13:42.643  2578  2712 I ViewRootImpl@8a64a32[test]: mWNT: t=0xb400007ceb0f6b00 mBlastBufferQueue=0xb400007ce2105680 fn= 5 caller= android.view.SyncRtSurfaceTransactionApplier.applyTransaction:96 android.view.SyncRtSurfaceTransactionApplier.lambda$scheduleApply$0$android-view-SyncRtSurfaceTransactionApplier:69 android.view.SyncRtSurfaceTransactionApplier$$ExternalSyntheticLambda0.onFrameDraw:4
03-08 15:13:42.655  5242  5242 I ActivityUtils: HomePackage : com.sec.android.app.launcher, resumePackageName : com.example.cmput301w24t33
03-08 15:13:42.657  1472  3678 I MediaSessionMonitor: Media session stopped : diffrent pkg
03-08 15:13:42.660  2578  2664 D OpenGLRenderer: setSurface called with nullptr
03-08 15:13:42.660  2578  2664 D OpenGLRenderer: setSurface() destroyed EGLSurface
03-08 15:13:42.660  2578  2664 D OpenGLRenderer: destroyEglSurface
03-08 15:13:42.661  2578  2656 I ViewRootImpl@8a64a32[test]: performTraversals params={(0,0)(fillxfill) sim={adjust=pan} ty=APPLICATION_STARTING fmt=TRANSLUCENT alpha=0.0
03-08 15:13:42.661  2578  2656 I ViewRootImpl@8a64a32[test]:   fl=81030118
03-08 15:13:42.661  2578  2656 I ViewRootImpl@8a64a32[test]:   pfl=16000010
03-08 15:13:42.661  2578  2656 I ViewRootImpl@8a64a32[test]:   bhv=DEFAULT
03-08 15:13:42.661  2578  2656 I ViewRootImpl@8a64a32[test]:   fitSides= naviIconColor=0}
03-08 15:13:42.662  2578  2656 I ViewRootImpl@8a64a32[test]: performTraversals mFirst=false windowShouldResize=false viewVisibilityChanged=true mForceNextWindowRelayout=false params={(0,0)(fillxfill) sim={adjust=pan} ty=APPLICATION_STARTING fmt=TRANSLUCENT alpha=0.0
03-08 15:13:42.662  2578  2656 I ViewRootImpl@8a64a32[test]:   fl=81030118
03-08 15:13:42.662  2578  2656 I ViewRootImpl@8a64a32[test]:   pfl=16000010
03-08 15:13:42.662  2578  2656 I ViewRootImpl@8a64a32[test]:   bhv=DEFAULT
03-08 15:13:42.662  2578  2656 I ViewRootImpl@8a64a32[test]:   fitSides= naviIconColor=0}
03-08 15:13:42.662  1537  1537 I CameraService: onUidStateChanged: uid=10052, procState is changed. (1 -> 0)
03-08 15:13:42.663  1472  4570 V WindowManager: Relayout Window{42096c7 u0 Splash Screen com.example.cmput301w24t33.test}: viewVisibility=8 req=1080x2400 d0
03-08 15:13:42.666  1472  4570 V WindowManager: Relayout hash=42096c7, pid=2578, syncId=-1: mAttrs={(0,0)(fillxfill) sim={adjust=pan} ty=APPLICATION_STARTING fmt=TRANSLUCENT alpha=0.0
03-08 15:13:42.666  1472  4570 V WindowManager:   fl=81030118
03-08 15:13:42.666  1472  4570 V WindowManager:   pfl=16000010
03-08 15:13:42.666  1472  4570 V WindowManager:   bhv=DEFAULT
03-08 15:13:42.666  1472  4570 V WindowManager:   fitSides= naviIconColor=0}
03-08 15:13:42.668  2578  2656 I ViewRootImpl@8a64a32[test]: Relayout returned: old=(0,0,1080,2400) new=(0,0,1080,2400) req=(1080,2400)8 dur=6 res=0x2 s={false 0x0} ch=true seqId=0
03-08 15:13:42.668  2578  2656 I ViewRootImpl@8a64a32[test]: dispatchDetachedFromWindow
03-08 15:13:42.670  1472  2910 D InputTransport: Input channel destroyed: '42096c7', fd=902
03-08 15:13:42.670  1472  2910 W InputManager-JNI: Input channel object '42096c7 Splash Screen com.example.cmput301w24t33.test (client)' was disposed without first being removed with the input manager!
03-08 15:13:42.670  1472  2910 D InputTransport: Input channel destroyed: '42096c7', fd=921
03-08 15:13:42.671  1327  1327 D SurfaceFlinger: Display 4630947232161729153 HWC layers:
03-08 15:13:42.671  1327  1327 D SurfaceFlinger:      CLIENT | 0xb40000745d066030 | 0102 | RGBA_8888    |    0.0    0.0    0.0    0.0 |    0 2393 1080 2400 | bbq-wrapper#35400
03-08 15:13:42.671  1327  1327 D SurfaceFlinger:      CLIENT | 0xb40000745d065c40 | 0102 | RGBA_8888    |    0.0    7.0 1080.0 2400.0 |    0    0 1080 2393 | com.example.cmput301w24t33.test/andr[...]tyInvoker$EmptyActivity$_26952#35385
03-08 15:13:42.671  1327  1327 D SurfaceFlinger:      CLIENT | 0xb40000745d0653f0 | 0100 | RGBA_8888    |    0.0    7.0 1080.0 2400.0 |    0    0 1080 2393 | Splash Screen com.example.cmput301w24t33.test$_2578#35376
03-08 15:13:42.671  1327  1327 D SurfaceFlinger:      CLIENT | 0xb4000074461483d0 | 0102 | RGBA_8888    |    0.0    0.0 1080.0    1.0 |    0    0 1080  403 | bbq-wrapper#35397
03-08 15:13:42.671  1327  1327 D SurfaceFlinger:      CLIENT |              | 0000 |  Unknown  |    0.0    0.0    0.0    0.0 |    0    0 1080 2400 | DimAnimationLayer for Task=3068#35390
03-08 15:13:42.671  1327  1327 D SurfaceFlinger:      CLIENT | 0xb40000745d065770 | 0100 | RGBA_8888    |    0.0    0.0 1080.0 1997.0 |    0  403 1080 2400 | Splash Screen com.example.cmput301w24t33$_2578#35388
03-08 15:13:42.671  1327  1327 D SurfaceFlinger:      CLIENT | 0xb400007446147170 | 0100 | RGBA_8888    |    0.0    0.0 1080
03-08 15:13:42.671  1327  1327 D SurfaceFlinger: .0   91.0 |    0    0 1080   91 | StatusBar$_2578#95
03-08 15:13:42.671  1327  1327 D SurfaceFlinger:      CLIENT | 0xb400007446147bf0 | 0100 | RGBA_8888    |    0.0    0.0   67.0  515.0 |    0  301   67  816 | com.samsung.android.app.cocktailbars[...]rvice.CocktailBarService$_5242#35333
03-08 15:13:42.671  1327  1327 D SurfaceFlinger:      CLIENT | 0xb400007446149b70 | 0100 | RGBA_8888    |    0.0    0.0 1080.0  126.0 |    0 2274 1080 2400 | NavigationBar0$_2578#89
03-08 15:13:42.671  1327  1327 D SurfaceFlinger:
03-08 15:13:42.672 26361 26361 D LifecycleMonitor: Lifecycle status change: com.example.cmput301w24t33.activities.AdminActivity@e03c4f0 in: CREATED
03-08 15:13:42.672 26361 26361 V ActivityScenario: Update currentActivityStage to CREATED, currentActivity=com.example.cmput301w24t33.activities.AdminActivity@e03c4f0
03-08 15:13:42.673  1472  2376 D ConnectivityService: releasing NetworkRequest [ REQUEST id=7866, [ Capabilities: INTERNET&NOT_RESTRICTED&TRUSTED&NOT_VCN_MANAGED Uid: 10233 RequestorUid: 10233 RequestorPkg: com.android.vending UnderlyingNetworks: Null] ] (release request)
03-08 15:13:42.673  2578  2656 D InputTransport: Input channel destroyed: '42096c7', fd=336
03-08 15:13:42.673  1472  2376 D ConnectivityService:  Removing from current network [162 WIFI], leaving 148 requests.
03-08 15:13:42.673  1472  2376 D ConnectivityService: releasing NetworkRequest [ REQUEST id=7861, [ Capabilities: INTERNET&NOT_RESTRICTED&TRUSTED&NOT_VCN_MANAGED Uid: 10233 RequestorUid: 10233 RequestorPkg: com.android.vending UnderlyingNetworks: Null] ] (release request)
03-08 15:13:42.674  1472  2376 D ConnectivityService:  Removing from current network [162 WIFI], leaving 147 requests.
03-08 15:13:42.675 26361 26361 D LifecycleMonitor: Lifecycle status change: com.example.cmput301w24t33.activities.AdminActivity@e03c4f0 in: STARTED
03-08 15:13:42.675 26361 26361 V ActivityScenario: Update currentActivityStage to STARTED, currentActivity=com.example.cmput301w24t33.activities.AdminActivity@e03c4f0
03-08 15:13:42.676  1327  1327 I Layer   : id=35394 removedFromDrawingState Surface(name=deb078 com.example.cmput301w24t33.test/androidx.test.core.app.InstrumentationActivityInvoker$EmptyActivity)/@0x2ed5e5 - animation-leash of starting_reveal#35394 (145)
03-08 15:13:42.677 26361 26361 D ContentValues: ADMIN RESUME
03-08 15:13:42.677 26361 26361 D LifecycleMonitor: Lifecycle status change: com.example.cmput301w24t33.activities.AdminActivity@e03c4f0 in: RESUMED
03-08 15:13:42.677 26361 26361 V ActivityScenario: Update currentActivityStage to RESUMED, currentActivity=com.example.cmput301w24t33.activities.AdminActivity@e03c4f0
03-08 15:13:42.678 26361 26361 I MSHandlerLifeCycle: check: return. pkg=com.example.cmput301w24t33 parent=null callers=com.android.internal.policy.DecorView.setVisibility:4412 android.app.ActivityThread.handleResumeActivity:5476 android.app.servertransaction.ResumeActivityItem.execute:54 android.app.servertransaction.ActivityTransactionItem.execute:45 android.app.servertransaction.TransactionExecutor.executeLifecycleState:176
03-08 15:13:42.678 26361 26361 I MSHandlerLifeCycle: removeMultiSplitHandler: no exist. decor=DecorView@7574208[]
03-08 15:13:42.679  1180  1180 I Zygote  : Process 26770 exited due to signal 9 (Killed)
03-08 15:13:42.685  1327  1327 D SurfaceFlinger: Display 4630947232161729153 HWC layers:
03-08 15:13:42.685  1327  1327 D SurfaceFlinger:      CLIENT | 0xb40000745d066030 | 0102 | RGBA_8888    |    0.0    0.0    0.0    0.0 |    0 2382 1080 2400 | bbq-wrapper#35400
03-08 15:13:42.685  1327  1327 D SurfaceFlinger:      CLIENT | 0xb40000745d065c40 | 0102 | RGBA_8888    |    0.0   18.0 1080.0 2400.0 |    0    0 1080 2382 | com.example.cmput301w24t33.test/andr[...]tyInvoker$EmptyActivity$_26952#35385
03-08 15:13:42.685  1327  1327 D SurfaceFlinger:      CLIENT | 0xb4000074461483d0 | 0102 | RGBA_8888    |    0.0    0.0 1080.0    1.0 |    0    0 1080  333 | bbq-wrapper#35397
03-08 15:13:42.685  1327  1327 D SurfaceFlinger:      CLIENT |              | 0000 |  Unknown  |    0.0    0.0    0.0    0.0 |    0    0 1080 2400 | DimAnimationLayer for Task=3068#35390
03-08 15:13:42.685  1327  1327 D SurfaceFlinger:      CLIENT | 0xb40000745d065770 | 0100 | RGBA_8888    |    0.0    0.0 1080.0 2067.0 |    0  333 1080 2400 | Splash Screen com.example.cmput301w24t33$_2578#35388
03-08 15:13:42.685  1327  1327 D SurfaceFlinger:      CLIENT | 0xb400007446147170 | 0100 | RGBA_8888    |    0.0    0.0 1080.0   91.0 |    0    0 1080   91 | StatusBar$_2578#95
03-08 15:13:42.685  1327  1327 D SurfaceFlinger:      CLIENT | 0xb400007446147bf0 | 0100 | RGBA_8888    |    0.0    0.0   67.0  515.0 |    0  301   67  816 | com.s
03-08 15:13:42.685  1327  1327 D SurfaceFlinger: amsung.android.app.cocktailbars[...]rvice.CocktailBarService$_5242#35333
03-08 15:13:42.685  1327  1327 D SurfaceFlinger:      CLIENT | 0xb400007446149b70 | 0100 | RGBA_8888    |    0.0    0.0 1080.0  126.0 |    0 2274 1080 2400 | NavigationBar0$_2578#89
03-08 15:13:42.685  1327  1327 D SurfaceFlinger:
03-08 15:13:42.687 26361 26463 D NativeCustomFrequencyManager: [NativeCFMS] BpCustomFrequencyManager::BpCustomFrequencyManager()
03-08 15:13:42.688  3407  3407 W DeviceManager_FLP: onTrimMemory : 10
03-08 15:13:42.688  1472  2284 D OpenGLRenderer: trimMemory(TRIM_MEMORY_COMPLETE)::destroyRenderingContext
03-08 15:13:42.688  1472  2284 D OpenGLRenderer: RenderThread::destroyRenderingContext()
03-08 15:13:42.688  1472  2284 D OpenGLRenderer: RenderThread::setGrContext()
03-08 15:13:42.688  4995  4995 W DMASA[U]: [AppLogData]onTrimMemory(10):1709936022688
03-08 15:13:42.689  1472  2685 D InputTransport: Input channel constructed: '1f82d5b', fd=885
03-08 15:13:42.689  1472  2685 D InputTransport: Input channel constructed: '1f82d5b', fd=902
03-08 15:13:42.689  1472  2685 D InputTransport: Input channel constructed: '1f82d5b', fd=921
03-08 15:13:42.689  1327  1414 I SurfaceFlinger: id=35401 createSurf, flag=80004, 1f82d5b com.example.cmput301w24t33/com.example.cmput301w24t33.activities.AdminActivity#35401
03-08 15:13:42.690  1472  2020 I libprocessgroup: Successfully killed process cgroup uid 10233 pid 26770 in 0ms
03-08 15:13:42.690  1472  2685 D InputTransport: Input channel destroyed: '1f82d5b', fd=921
03-08 15:13:42.692  2578  2578 D SystemUIService: SYSUI_RAM_OPTIMIZATION onTrimMemory=10
03-08 15:13:42.693  3258  9846 I RecentModel: onTaskStackChangedBackground
03-08 15:13:42.693  3407  3453 I GpsSessionManager_FLP: arrangeInvalidSessions
03-08 15:13:42.693 10975 10975 I MCFQS   : (DeviceConnectionService) onTrimMemory()-[td:main] level: 10
03-08 15:13:42.696  4938  4938 I AiAi    : onTrimMemory() with level 10
03-08 15:13:42.698  1244  3730 D vendor.qti.bluetooth@1.0-wake_lock: Release wakelock is released
03-08 15:13:42.702 26361 26361 D InsetsController: onStateChanged: InsetsState: {mDisplayFrame=Rect(0, 0 - 1080, 2400), mDisplayCutout=DisplayCutout{insets=Rect(0, 91 - 0, 0) waterfall=Insets{left=0, top=0, right=0, bottom=0} boundingRect={Bounds=[Rect(0, 0 - 0, 0), Rect(503, 0 - 577, 91), Rect(0, 0 - 0, 0), Rect(0, 0 - 0, 0)]} cutoutPathParserInfo={CutoutPathParserInfo{displayWidth=1080 displayHeight=2400 physicalDisplayWidth=1080 physicalDisplayHeight=2400 density={2.625} cutoutSpec={M 0,0 H -14.0952380952381 V 34.66666666666667 H 14.0952380952381 V 0 H 0 Z @dp} rotation={0} scale={1.0} physicalPixelDisplaySizeRatio={1.0}}}}, mRoundedCorners=RoundedCorners{[RoundedCorner{position=TopLeft, radius=84, center=Point(84, 84)}, RoundedCorner{position=TopRight, radius=84, center=Point(996, 84)}, RoundedCorner{position=BottomRight, radius=84, center=Point(996, 2316)}, RoundedCorner{position=BottomLeft, radius=84, center=Point(84, 2316)}]}  mRoundedCornerFrame=Rect(0, 0 - 1080, 2400), mPrivacyIndicatorBounds=PrivacyIndicatorBounds {static bounds=Rect(964, 0 - 1080, 91) rotation=0}, mSources= { InsetsSource: {mType=ITYPE_STATUS_BAR, mFrame=[0,0][1080,91], mVisible=true, mInsetsRoundedCornerFrame=false}, InsetsSource: {mType=ITYPE_NAVIGATION_BAR, mFrame=[0,2274][1080,2400], mVisible=true, mInsetsRoundedCornerFrame=false}, InsetsSource: {mType=ITYPE_LEFT_GESTURES, mFrame=[0,0][0,2400], mVisible=true, mInsetsRoundedCornerFrame=false}, InsetsSource: {mType=ITYPE_RIGHT_GESTURES, mFrame=[1080,0][1080,2400], mVisible=true, mInsetsRoundedCornerFrame=false}, InsetsSource: {mType=ITYPE_TOP_MANDATORY_GESTURES, mFrame=[0,0][1080,123], mVisible=true, mInsetsRoundedCornerFrame=false}, InsetsSource: {mType=ITYPE_BOTTOM_MANDATORY_GESTURES, mFrame=[0,2274][1080,2400], mVisible=true, mInsetsRoundedCornerFrame=false}, InsetsSource: {mType=ITYPE_LEFT_DISPLAY_CUTOUT, mFrame=[0,0][-100000,2400], mVisible=true, mInsetsRoundedCornerFrame=false}, InsetsSource: {mType=ITYPE_TOP_DISPLAY_CUTOUT, mFrame=[0,0][1080,91], mVisible=true, mInsetsRoundedCornerFrame=false}, InsetsSource: {mType=ITYPE_RIGHT_DISPLAY_CUTOUT, mFrame=[100000,0][1080,2400], mVisible=true, mInsetsRoundedCornerFrame=false}, InsetsSource: {mType=ITYPE_BOTTOM_DISPLAY_CUTOUT, mFrame=[0,100000][1080,2400], mVisible=true, mInsetsRoundedCornerFrame=false}, InsetsSource: {mType=ITYPE_TOP_TAPPABLE_ELEMENT, mFrame=[0,0][1080,91], mVisible=true, mInsetsRoundedCornerFrame=false}, InsetsSource: {mType=ITYPE_BOTTOM_TAPPABLE_ELEMENT, mFrame=[0,2274][1080,2400], mVisible=true, mInsetsRoundedCornerFrame=false}, InsetsSource: {mType=ITYPE_IME, mFrame=[0,0][0,0], mVisibleFrame=[0,1409][1080,2400], mVisible=false, mInsetsRoundedCornerFrame=false} } host=com.example.cmput301w24t33/com.example.cmput301w24t33.activities.AdminActivity from=android.view.ViewRootImpl.setView:1732
03-08 15:13:42.703 26934 26934 I Finsky:background: [2] uuk.onTrimMemory(13): Memory trim requested to level 10
03-08 15:13:42.706 26361 26361 I ViewRootImpl@349359b[Admin]: setView = com.android.internal.policy.DecorView@7574208 TM=true
03-08 15:13:42.706 26934 26934 I Finsky:background: [2] uuk.onTrimMemory(13): Memory trim requested to level 60
03-08 15:13:42.707 26361 26361 I MSHandlerLifeCycle: removeMultiSplitHandler: no exist. decor=DecorView@7574208[Admin]
03-08 15:13:42.710 12908 12908 I HBD     : HoneyBoardService onTrimMemory 10
03-08 15:13:42.711 23629 23629 W fbservices:InitStatus: Not blocking Service (133783087)
03-08 15:13:42.722  1244  3899 I vendor.qti.bluetooth@1.0-ibs_handler: ProcessIbsCmd: Received IBS_WAKE_IND: 0xFD
03-08 15:13:42.722  1244  3899 D vendor.qti.bluetooth@1.0-ibs_handler: SerialClockVote: vote for UART CLK ON
03-08 15:13:42.723  1244  3899 D vendor.qti.bluetooth@1.0-wake_lock: Acquire wakelock is acquired
03-08 15:13:42.723  1244  3899 I vendor.qti.bluetooth@1.0-ibs_handler: ProcessIbsCmd: Writing IBS_WAKE_ACK
03-08 15:13:42.731  3098  3293 D BtGatt.GattService: onScanResult to scannerId: 4- eventType=0x1b, addressType=1, address=4A08B0_D, primaryPhy=1, secondaryPhy=0, advertisingSid=0xff, txPower=127, rssi=-80, periodicAdvInt=0x0
03-08 15:13:42.732  4995  4995 I id.diagmonagent: Explicit concurrent copying GC freed 17227(790KB) AllocSpace objects, 40(2080KB) LOS objects, 69% free, 2656KB/8800KB, paused 122us,16us total 43.156ms
03-08 15:13:42.735  7315 25676 I NearbyDiscovery: (REDACTED) loadFastPairModule: checkFeaturesAreAvailable:%d
03-08 15:13:42.736  7315 25676 I NearbyDiscovery: loadFastPairModule: FastPair module is downloaded. [CONTEXT service_id=265 ]
03-08 15:13:42.736 26361 26361 I ViewRootImpl@349359b[Admin]: performTraversals params={(0,0)(fillxfill) sim={adjust=pan forwardNavigation} ty=BASE_APPLICATION wanim=0x1030309
03-08 15:13:42.736 26361 26361 I ViewRootImpl@349359b[Admin]:   fl=81810100
03-08 15:13:42.736 26361 26361 I ViewRootImpl@349359b[Admin]:   pfl=12020040
03-08 15:13:42.736 26361 26361 I ViewRootImpl@349359b[Admin]:   bhv=DEFAULT
03-08 15:13:42.736 26361 26361 I ViewRootImpl@349359b[Admin]:   fitSides= naviIconColor=0
03-08 15:13:42.736 26361 26361 I ViewRootImpl@349359b[Admin]:   sfl=100000}
03-08 15:13:42.738 26361 26361 I ViewRootImpl@349359b[Admin]: performTraversals mFirst=true windowShouldResize=true viewVisibilityChanged=false mForceNextWindowRelayout=false params={(0,0)(fillxfill) sim={adjust=pan forwardNavigation} ty=BASE_APPLICATION wanim=0x1030309
03-08 15:13:42.738 26361 26361 I ViewRootImpl@349359b[Admin]:   fl=81810100
03-08 15:13:42.738 26361 26361 I ViewRootImpl@349359b[Admin]:   pfl=12020040
03-08 15:13:42.738 26361 26361 I ViewRootImpl@349359b[Admin]:   bhv=DEFAULT
03-08 15:13:42.738 26361 26361 I ViewRootImpl@349359b[Admin]:   fitSides= naviIconColor=0
03-08 15:13:42.738 26361 26361 I ViewRootImpl@349359b[Admin]:   sfl=100000}
03-08 15:13:42.739  1472  2685 V WindowManager: Relayout Window{1f82d5b u0 com.example.cmput301w24t33/com.example.cmput301w24t33.activities.AdminActivity}: viewVisibility=0 req=1080x2400 d0
03-08 15:13:42.739  1327  2100 I SurfaceFlinger: id=35402 createSurf, flag=40004, com.example.cmput301w24t33/com.example.cmput301w24t33.activities.AdminActivity$_26361#35402
03-08 15:13:42.740  4995  4995 W DMASA[C]: [DiagMonAgentApplication]onTrimMemory (10)
03-08 15:13:42.743  1327  1413 I SurfaceFlinger: id=35403 createSurf, flag=24000, Surface(name=c9f16ce StatusBar)/@0xc28a9d9 - animation-leash of insets_animation#35403
03-08 15:13:42.743  1327  1414 I SurfaceFlinger: id=35404 createSurf, flag=24000, Surface(name=296f76f NavigationBar0)/@0x8bb6395 - animation-leash of insets_animation#35404
03-08 15:13:42.745  1472  2685 V WindowManager: Relayout hash=1f82d5b, pid=26361, syncId=-1: mAttrs={(0,0)(fillxfill) sim={adjust=pan forwardNavigation} ty=BASE_APPLICATION wanim=0x1030309
03-08 15:13:42.745  1472  2685 V WindowManager:   fl=81810100
03-08 15:13:42.745  1472  2685 V WindowManager:   pfl=12020040
03-08 15:13:42.745  1472  2685 V WindowManager:   apr=LIGHT_NAVIGATION_BARS
03-08 15:13:42.745  1472  2685 V WindowManager:   bhv=DEFAULT
03-08 15:13:42.745  1472  2685 V WindowManager:   fitSides= naviIconColor=0
03-08 15:13:42.745  1472  2685 V WindowManager:   sfl=100000}
03-08 15:13:42.748 26361 26361 I ViewRootImpl@349359b[Admin]: updateBlastSurfaceIfNeeded mBlastBufferQueue=null isSameSurfaceControl=false
03-08 15:13:42.749 27040 27071 I GOS:DssFeature: dpi: 420, width: 1080, height: 2400
03-08 15:13:42.749 26361 26361 I BLASTBufferQueue: new BLASTBufferQueue, mName= ViewRootImpl@349359b[Admin] mNativeObject= 0xb400007c50a71700 sc.mNativeObject= 0xb400007c7e1faba0 caller= android.view.ViewRootImpl.updateBlastSurfaceIfNeeded:2909 android.view.ViewRootImpl.relayoutWindow:9847 android.view.ViewRootImpl.performTraversals:3884 android.view.ViewRootImpl.doTraversal:3116 android.view.ViewRootImpl$TraversalRunnable.run:10885 android.view.Choreographer$CallbackRecord.run:1301 android.view.Choreographer$CallbackRecord.run:1309 android.view.Choreographer.doCallbacks:923 android.view.Choreographer.doFrame:852 android.view.Choreographer$FrameDisplayEventReceiver.run:1283
03-08 15:13:42.749 26361 26361 I BLASTBufferQueue: update, w= 1080 h= 2400 mName = ViewRootImpl@349359b[Admin] mNativeObject= 0xb400007c50a71700 sc.mNativeObject= 0xb400007c7e1faba0 format= -1 caller= android.graphics.BLASTBufferQueue.<init>:84 android.view.ViewRootImpl.updateBlastSurfaceIfNeeded:2909 android.view.ViewRootImpl.relayoutWindow:9847 android.view.ViewRootImpl.performTraversals:3884 android.view.ViewRootImpl.doTraversal:3116 android.view.ViewRootImpl$TraversalRunnable.run:10885
03-08 15:13:42.750 26361 26361 I ViewRootImpl@349359b[Admin]: Relayout returned: old=(0,0,1080,2400) new=(0,0,1080,2400) req=(1080,2400)0 dur=10 res=0x3 s={true 0xb400007c7e105800} ch=true seqId=0
03-08 15:13:42.751 26361 26361 I ViewRootImpl@349359b[Admin]: mThreadedRenderer.initialize() mSurface={isValid=true 0xb400007c7e105800} hwInitialized=true
03-08 15:13:42.751 26361 26463 D OpenGLRenderer: eglCreateWindowSurface
03-08 15:13:42.752 27040 27071 I GOS:VrrFeature: updateDisplayModes(): displayModes: [{id=1, width=1080, height=2400, fps=60.000004, alternativeRefreshRates=[]}]
03-08 15:13:42.752 27040 27071 I GOS:VrrFeature: updateDisplayModes()-{96=null, 48=null, 120=null, 90=null, 60=1}
03-08 15:13:42.755 26361 26361 I ViewRootImpl@349359b[Admin]: reportNextDraw android.view.ViewRootImpl.performTraversals:4438 android.view.ViewRootImpl.doTraversal:3116 android.view.ViewRootImpl$TraversalRunnable.run:10885 android.view.Choreographer$CallbackRecord.run:1301 android.view.Choreographer$CallbackRecord.run:1309
03-08 15:13:42.755 26361 26361 I ViewRootImpl@349359b[Admin]: Setup new sync id=0
03-08 15:13:42.755 26361 26361 I ViewRootImpl@349359b[Admin]: Setting syncFrameCallback
03-08 15:13:42.755 26361 26361 I ViewRootImpl@349359b[Admin]: registerCallbacksForSync syncBuffer=false
03-08 15:13:42.756 27040 27071 I GOS:PlatformUtil: getSemPlatformVersion(). SEM_PLATFORM_INT: 140100
03-08 15:13:42.760 26361 26527 I ViewRootImpl@349359b[Admin]: Received frameDrawingCallback syncResult=0 frameNum=1.
03-08 15:13:42.760 26361 26527 I ViewRootImpl@349359b[Admin]: Setting up sync and frameCommitCallback
03-08 15:13:42.762 27040 27071 I GOS:Initializer: DB is already initialized
03-08 15:13:42.766 26361 26463 I BLASTBufferQueue: [ViewRootImpl@349359b[Admin]#1](f:0,a:0) onFrameAvailable the first frame is available
03-08 15:13:42.766 27040 27071 I GOS:Initializer: finished initGos()
03-08 15:13:42.767 26361 26463 I ViewRootImpl@349359b[Admin]: Received frameCommittedCallback lastAttemptedDrawFrameNum=1 didProduceBuffer=true
03-08 15:13:42.767 27040 27040 I GOS:App : onTrimMemory 5
03-08 15:13:42.767 26361 26463 D OpenGLRenderer: CFMS:: SetUp Pid : 26361    Tid : 26463
03-08 15:13:42.768 26361 26463 W Parcel  : Expecting binder but got null!
03-08 15:13:42.768 26361 26361 I ViewRootImpl@349359b[Admin]: onSyncComplete
03-08 15:13:42.768 27040 27071 I GOS:GameServiceReceiver: Task.doInBackground(), action : com.samsung.android.intent.action.PACKAGE_INSTALL_STARTED
03-08 15:13:42.768 26361 26361 I ViewRootImpl@349359b[Admin]: setupSync seqId=0 mSyncId=0 fn=1 caller=android.view.ViewRootImpl$$ExternalSyntheticLambda11.accept:6 android.window.SurfaceSyncer.lambda$setupSync$1$android-window-SurfaceSyncer:128 android.window.SurfaceSyncer$$ExternalSyntheticLambda1.accept:8 android.window.SurfaceSyncer$SyncSet.checkIfSyncIsComplete:382 android.window.SurfaceSyncer$SyncSet.markSyncReady:359 android.window.SurfaceSyncer.markSyncReady:151 android.view.ViewRootImpl.performTraversals:4503
03-08 15:13:42.769 27040 27040 I GOS:App : onTrimMemory 10
03-08 15:13:42.769 27040 27071 I GOS:GameServiceReceiver:  PkgInstallStarted for com.example.cmput301w24t33.test UserID : 0
03-08 15:13:42.769  1244  3899 I vendor.qti.bluetooth@1.0-ibs_handler: ProcessIbsCmd: Received IBS_SLEEP_IND: 0xFE
03-08 15:13:42.769  1244  3899 D vendor.qti.bluetooth@1.0-ibs_handler: SerialClockVote: vote for UART CLK OFF
03-08 15:13:42.769 26361 26361 I ViewRootImpl@349359b[Admin]: reportDrawFinished seqId=0 mSyncId=-1 fn=1 mSurfaceChangedTransaction=0xb400007c50a55300
03-08 15:13:42.771 27040 27075 I GOS:MainIntentService: onHandleIntent(). type(INIT_GOS) from 201
03-08 15:13:42.773 27040 27075 I GOS:AutoControlFeature: updateControlLevels maxBrightness=255, maxFps=60
03-08 15:13:42.773 27040 27075 I GOS:AutoControlFeature: update(): brightness=false, volume=false, fps=false
03-08 15:13:42.774 27040 27075 I GOS:WifiQosFeature: updatePolicy(). mTid: 0
03-08 15:13:42.774  1472  1876 W ziparchive: Unable to open '/data/app/~~W-ddUiX8JS3WzrZIN8mU0w==/com.example.cmput301w24t33-E7e2aXhTzEvn2QLsQTpRuw==/base.dm': No such file or directory
03-08 15:13:42.775 27040 27075 I GOS:ClearBGProcessFeature: mLruNum=1
03-08 15:13:42.775 27040 27075 I GOS:ClearBGProcessFeature: loadSurviveMap apps=com.android.vending
03-08 15:13:42.775  1327  2100 I SurfaceFlinger: id=35405 createSurf, flag=24000, Surface(name=1f82d5b com.example.cmput301w24t33/com.example.cmput301w24t33.activities.AdminActivity)/@0x75ab0c3 - animation-leash of starting_reveal#35405
03-08 15:13:42.775  1327  1327 I Layer   : id=35387 removedFromDrawingState Surface(name=296f76f NavigationBar0)/@0x8bb6395 - animation-leash of insets_animation#35387 (150)
03-08 15:13:42.775  1327  1327 I Layer   : id=75 removedFromDrawingState 296f76f NavigationBar0#75 (150)
03-08 15:13:42.775  1327  1327 I Layer   : id=89 removedFromDrawingState NavigationBar0$_2578#89 (150)
03-08 15:13:42.775  1327  1327 I Layer   : id=35386 removedFromDrawingState Surface(name=c9f16ce StatusBar)/@0xc28a9d9 - animation-leash of insets_animation#35386 (150)
03-08 15:13:42.776  1327  1327 I Layer   : id=75 addToCurrentState 296f76f NavigationBar0#75 (150)
03-08 15:13:42.776  1327  1327 I Layer   : id=89 addToCurrentState NavigationBar0$_2578#89 (150)
03-08 15:13:42.776  1327  1327 I SurfaceFlinger: id=35387 Removed Surface(name=296f76f NavigationBar0)/@0x8bb6395 - animation-leash of insets_animation#35387 (150)
03-08 15:13:42.776  1327  1327 I SurfaceFlinger: id=35386 Removed Surface(name=c9f16ce StatusBar)/@0xc28a9d9 - animation-leash of insets_animation#35386 (150)
03-08 15:13:42.777  1327  1327 I Layer   : id=35386 Destroyed Surface(name=c9f16ce StatusBar)/@0xc28a9d9 - animation-leash of insets_animation#35386
03-08 15:13:42.777  1327  1327 I Layer   : id=35387 Destroyed Surface(name=296f76f NavigationBar0)/@0x8bb6395 - animation-leash of insets_animation#35387
03-08 15:13:42.778  1472  1876 I PkgPredictorService-SecIpmManagerServiceImpl: reportToNAP uid:10451 com.example.cmput301w24t33/com.example.cmput301w24t33.activities.AdminActivity thisTime:321
03-08 15:13:42.779  1472  2910 D InputDispatcher: Focus entered window (0): 1f82d5b com.example.cmput301w24t33/com.example.cmput301w24t33.activities.AdminActivity
03-08 15:13:42.782 26361 26361 I ViewRootImpl@349359b[Admin]: MSG_WINDOW_FOCUS_CHANGED 1 0
03-08 15:13:42.783 27040 27075 I GOS:ClearBGProcessFeature: updateSurviveList mSurviveAppList=[com.sec.android.app.clockpackage, 10166, com.samsung.android.app.reminder, 10189, com.android.vending, 10233, com.samsung.android.voc, 10356, com.samsung.android.calendar, 10178]
03-08 15:13:42.783 26361 26361 I ViewRootImpl@349359b[Admin]: mThreadedRenderer.initializeIfNeeded()#2 mSurface={isValid=true 0xb400007c7e105800}
03-08 15:13:42.784 27040 27075 I GOS:SeInputManager: checkInputFeature(), ret: 773
03-08 15:13:42.784 27040 27075 I GOS:TspFeature: isAvailableForSystemHelper(), tspVrrInputAvailable: false
03-08 15:13:42.784 27040 27075 I GOS:TspFeature: isAvailableForSystemHelper(), vrrAvailable: false
03-08 15:13:42.785 27040 27076 I GOS:GameIntentService: onHandleIntent. GameIntentService. type: 15, pkgName: null
03-08 15:13:42.786 26361 26361 D InputMethodManager: startInputInner - Id : 0
03-08 15:13:42.786  3258  3258 I SessionCommitReceiver: onReceive() intent.getAction : android.content.pm.action.SESSION_COMMITTED
03-08 15:13:42.786 26361 26361 I InputMethodManager: startInputInner - mService.startInputOrWindowGainedFocus
03-08 15:13:42.786  1257  1326 I HYPER-HAL: [ResourceManager.cpp]removeResource(): [CPUMinFreq] RemoveResource Request ID : 1103368
03-08 15:13:42.787  1257  1326 I HYPER-HAL: [RequestManager.cpp]releaseLocked(): Released ID : 1103368
03-08 15:13:42.787  3258  3633 I SessionCommitReceiver: onReceive() !isEnabled()
03-08 15:13:42.788  1327  1327 D SurfaceFlinger: Display 4630947232161729153 HWC layers:
03-08 15:13:42.788  1327  1327 D SurfaceFlinger:      CLIENT | 0xb4000074461483d0 | 0102 | RGBA_8888    |    0.0    0.0    0.0    0.0 |    0    0 1080   71 | bbq-wrapper#35397
03-08 15:13:42.788  1327  1327 D SurfaceFlinger:      CLIENT |              | 0000 |  Unknown  |    0.0    0.0    0.0    0.0 |    0    0 1080 2400 | DimAnimationLayer for Task=3068#35390
03-08 15:13:42.788  1327  1327 D SurfaceFlinger:      CLIENT | 0xb4000074461490f0 | 0102 | RGBA_8888    |    0.0    0.0 1080.0 2329.0 |    0   71 1080 2400 | com.example.cmput301w24t33/com.examp[...]w24t33.activities.Admin$_26361#35402
03-08 15:13:42.788  1327  1327 D SurfaceFlinger:      CLIENT | 0xb40000745d065770 | 0100 | RGBA_8888    |    0.0    0.0 1080.0 2329.0 |    0   71 1080 2400 | Splash Screen com.example.cmput301w24t33$_2578#35388
03-08 15:13:42.788  1327  1327 D SurfaceFlinger:      CLIENT | 0xb400007446147170 | 0100 | RGBA_8888    |    0.0    0.0 1080.0   91.0 |    0    0 1080   91 | StatusBar$_2578#95
03-08 15:13:42.788  1327  1327 D SurfaceFlinger:      CLIENT | 0xb400007446147bf0 | 0100 | RGBA_8888    |    0.0    0.0   67.0  515.0 |    0  301   67  816 | com.samsung.android.app.cocktailbars[...]rvice.CocktailBarService$_5242#35333
03-08 15:13:42.788  1327  1327 D SurfaceFlinger:      CLIENT | 0xb400007446149b70 | 0100 | RGBA_8888
03-08 15:13:42.788  1327  1327 D SurfaceFlinger:  |    0.0    0.0 1080.0  126.0 |    0 2274 1080 2400 | NavigationBar0$_2578#89
03-08 15:13:42.788  1327  1327 D SurfaceFlinger:
03-08 15:13:42.788  1472  5032 D InputMethodManagerService: mDesktopModeManager null!
03-08 15:13:42.788  1472  5032 V InputMethodManagerService: getDisplayIdOfInputMethodWindowToBeAdded: displayId=0
03-08 15:13:42.788  1472  5032 D InputMethodManagerService: isImeSwitcherDisabledPackage : false
03-08 15:13:42.789  1472  5032 D InputMethodManagerService: checkDisplayOfStartInputAndUpdateKeyboard: displayId=0, mFocusedDisplayId=0
03-08 15:13:42.789  1472  5032 D InputTransport: Input channel constructed: 'ClientS', fd=921
03-08 15:13:42.789  1472  5032 D InputTransport: Input channel destroyed: 'ClientS', fd=921
03-08 15:13:42.790 12908 12908 I HBD     : HoneyBoardService onFinishInput
03-08 15:13:42.790 12908 12908 I HBD     : a IC have been unbinding,  RemoteInputConnection{idHash=#99186e0}
03-08 15:13:42.790 12908 12908 I HBD     : HoneyBoardService [PF_CL][onFinishInput]  0 ms
03-08 15:13:42.790 12908 12908 I HBD     : HoneyBoardService [IMI] onStartInput - caller pid : 26361 , caller uid : 10451
03-08 15:13:42.790  1327  1414 I SurfaceFlinger: id=35406 createSurf, flag=24004, Surface(name=a2c6971 InputMethod)/@0x3034fd7 - animation-leash of insets_animation#35406
03-08 15:13:42.790 12908 12908 I HBD     : j updateConfigs
03-08 15:13:42.791 12908 12908 I HBD     : j isEnabledNightMode : false
03-08 15:13:42.791 12908 12908 I HBD     : a IC have been binding, RemoteInputConnection{idHash=#99186e0}
03-08 15:13:42.791 12908 12908 I HBD     : h [EditorInputType]setPrivateImeOptionsToTable privateImeOptions ( null )
03-08 15:13:42.791 12908 12908 I HBD     : b incognitoMode : false
03-08 15:13:42.792 12908 12908 I HBD     : b needOff = true , isForceOff = false, isNullInputClass : true
03-08 15:13:42.792 12908 12908 I HBD     : h getDefaultInputRange : UNKNOWN
03-08 15:13:42.792 12908 12908 I HBD     : h getDefaultInputRange : UNKNOWN
03-08 15:13:42.792 12908 12908 I HBD     : h getDefaultInputRange : UNKNOWN
03-08 15:13:42.793 12908 12908 I HBD     : b needOff = true , isForceOff = false, isNullInputClass : true
03-08 15:13:42.793 12908 12908 I HBD     : b update cached prediction status : false
03-08 15:13:42.793  2578  2656 I ViewRootImpl@f95ffb[cmput301w24t33]: performTraversals params={(0,0)(fillxfill) sim={adjust=pan} ty=APPLICATION_STARTING fmt=TRANSLUCENT wanim=0x1030309
03-08 15:13:42.793  2578  2656 I ViewRootImpl@f95ffb[cmput301w24t33]:   fl=81030118
03-08 15:13:42.793  2578  2656 I ViewRootImpl@f95ffb[cmput301w24t33]:   pfl=16000010
03-08 15:13:42.793  2578  2656 I ViewRootImpl@f95ffb[cmput301w24t33]:   bhv=DEFAULT
03-08 15:13:42.793  2578  2656 I ViewRootImpl@f95ffb[cmput301w24t33]:   fitSides= naviIconColor=0}
03-08 15:13:42.794 12908 12908 I HBD     : h getDefaultInputRange : UNKNOWN
03-08 15:13:42.794 12908 12908 I HBD     : a currentState : 0
03-08 15:13:42.794  2578  2656 I ViewRootImpl@f95ffb[cmput301w24t33]: performTraversals mFirst=false windowShouldResize=false viewVisibilityChanged=false mForceNextWindowRelayout=false params={(0,0)(fillxfill) sim={adjust=pan} ty=APPLICATION_STARTING fmt=TRANSLUCENT wanim=0x1030309
03-08 15:13:42.794  2578  2656 I ViewRootImpl@f95ffb[cmput301w24t33]:   fl=81030118
03-08 15:13:42.794  2578  2656 I ViewRootImpl@f95ffb[cmput301w24t33]:   pfl=16000010
03-08 15:13:42.794  2578  2656 I ViewRootImpl@f95ffb[cmput301w24t33]:   bhv=DEFAULT
03-08 15:13:42.794  2578  2656 I ViewRootImpl@f95ffb[cmput301w24t33]:   fitSides= naviIconColor=0}
03-08 15:13:42.794 12908 12908 I HBD     : a [UpdatePolicy] [post] a: 0 cl: 65537 kit: [0/0] vt: 0 ir: 1
03-08 15:13:42.794 12908 12908 I HBD     : a [NRIC] resetNoResponseState
03-08 15:13:42.794 12908 12908 I HBD     : b needOff = true , isForceOff = false, isNullInputClass : true
03-08 15:13:42.794 12908 12908 I HBD     : b update cached prediction status : false
03-08 15:13:42.795 12908 12908 I HBD     : HoneyBoardService [PF_OP][onStartInput]  5 ms
03-08 15:13:42.798  1472  5212 V WindowManager: Relayout Window{d4b0bbc u0 Splash Screen com.example.cmput301w24t33}: viewVisibility=0 req=1080x2400 d0
03-08 15:13:42.800  1180  1180 D Zygote  : Forked child process 27078
03-08 15:13:42.800  1472  1876 I ActivityTaskManager: Displayed com.example.cmput301w24t33/.activities.Admin: +321ms
03-08 15:13:42.801  2578  2578 D SamsungLightBarControlHelper: onStatusBarAppearanceChanged() -  sbModeChanged:false, statusBarMode:MODE_TRANSPARENT, barState:SHADE, isKeyguardShowing:false, navbarColorManagedByIme:false, stackAppearancesChanged:true, (AppearanceRegion{ bounds=[0,0][1080,2400]}, ), packageName:com.example.cmput301w24t33
03-08 15:13:42.801  2578  2578 D NavigationBar: onSystemBarAttributesChanged() -  displayId:0, appearance:0, packageName: com.example.cmput301w24t33, navbarColorManagedByIme:false
03-08 15:13:42.802  2578  2578 D SamsungLightBarControlHelper: updateNavigation(White button) isLightBar:false, hasLightBarNavigationBarFlag:false, packageName:com.example.cmput301w24t33, DirectReplying:false, NavBarColorManagerdByIme:false, ForceDarkForScrim:false, QsCustomizing:false, PanelHasWhiteBg:true
03-08 15:13:42.803  1472  5212 V WindowManager: Relayout hash=d4b0bbc, pid=2578, syncId=-1: mAttrs={(0,0)(fillxfill) sim={adjust=pan} ty=APPLICATION_STARTING fmt=TRANSLUCENT wanim=0x1030309
03-08 15:13:42.803  1472  5212 V WindowManager:   fl=81030118
03-08 15:13:42.803  1472  5212 V WindowManager:   pfl=16000010
03-08 15:13:42.803  1472  5212 V WindowManager:   bhv=DEFAULT
03-08 15:13:42.803  1472  5212 V WindowManager:   fitSides= naviIconColor=0}
03-08 15:13:42.803  2578  2578 D SamsungLightBarControlHelper: updateStatus(WHITE icon) NumStacks:1, StatusBarMode:MODE_TRANSPARENT, lightBarBounds:[], StatusBarState:SHADE, packageName:com.example.cmput301w24t33, isWhiteKeyguardStatusBarBySettings:true
03-08 15:13:42.804  2578  2656 D InsetsController: onStateChanged: InsetsState: {mDisplayFrame=Rect(0, 0 - 1080, 2400), mDisplayCutout=DisplayCutout{insets=Rect(0, 91 - 0, 0) waterfall=Insets{left=0, top=0, right=0, bottom=0} boundingRect={Bounds=[Rect(0, 0 - 0, 0), Rect(503, 0 - 577, 91), Rect(0, 0 - 0, 0), Rect(0, 0 - 0, 0)]} cutoutPathParserInfo={CutoutPathParserInfo{displayWidth=1080 displayHeight=2400 physicalDisplayWidth=1080 physicalDisplayHeight=2400 density={2.625} cutoutSpec={M 0,0 H -14.0952380952381 V 34.66666666666667 H 14.0952380952381 V 0 H 0 Z @dp} rotation={0} scale={1.0} physicalPixelDisplaySizeRatio={1.0}}}}, mRoundedCorners=RoundedCorners{[RoundedCorner{position=TopLeft, radius=84, center=Point(84, 84)}, RoundedCorner{position=TopRight, radius=84, center=Point(996, 84)}, RoundedCorner{position=BottomRight, radius=84, center=Point(996, 2316)}, RoundedCorner{position=BottomLeft, radius=84, center=Point(84, 2316)}]}  mRoundedCornerFrame=Rect(0, 0 - 1080, 2400), mPrivacyIndicatorBounds=PrivacyIndicatorBounds {static bounds=Rect(964, 0 - 1080, 91) rotation=0}, mSources= { InsetsSource: {mType=ITYPE_STATUS_BAR, mFrame=[0,0][1080,91], mVisible=true, mInsetsRoundedCornerFrame=false}, InsetsSource: {mType=ITYPE_NAVIGATION_BAR, mFrame=[0,2274][1080,2400], mVisible=true, mInsetsRoundedCornerFrame=false}, InsetsSource: {mType=ITYPE_LEFT_GESTURES, mFrame=[0,0][0,2400], mVisible=true, mInsetsRoundedCornerFrame=false}, InsetsSource: {mType=ITYPE_RIGHT_GESTURES, mFrame=[1080,0][1080,2400], mVisible=true, mInsetsRoundedCornerFrame=false}, InsetsSource: {mType=ITYPE_TOP_MANDATORY_GESTURES, mFrame=[0,0][1080,123], mVisible=true, mInsetsRoundedCornerFrame=false}, InsetsSource: {mType=ITYPE_BOTTOM_MANDATORY_GESTURES, mFrame=[0,2274][1080,2400], mVisible=true, mInsetsRoundedCornerFrame=false}, InsetsSource: {mType=ITYPE_LEFT_DISPLAY_CUTOUT, mFrame=[0,0][-100000,2400], mVisible=true, mInsetsRoundedCornerFrame=false}, InsetsSource: {mType=ITYPE_TOP_DISPLAY_CUTOUT, mFrame=[0,0][1080,91], mVisible=true, mInsetsRoundedCornerFrame=false}, InsetsSource: {mType=ITYPE_RIGHT_DISPLAY_CUTOUT, mFrame=[100000,0][1080,2400], mVisible=true, mInsetsRoundedCornerFrame=false}, InsetsSource: {mType=ITYPE_BOTTOM_DISPLAY_CUTOUT, mFrame=[0,100000][1080,2400], mVisible=true, mInsetsRoundedCornerFrame=false}, InsetsSource: {mType=ITYPE_TOP_TAPPABLE_ELEMENT, mFrame=[0,0][1080,91], mVisible=true, mInsetsRoundedCornerFrame=false}, InsetsSource: {mType=ITYPE_BOTTOM_TAPPABLE_ELEMENT, mFrame=[0,2274][1080,2400], mVisible=true, mInsetsRoundedCornerFrame=false}, InsetsSource: {mType=ITYPE_IME, mFrame=[0,0][0,0], mVisibleFrame=[0,1409][1080,2400], mVisible=false, mInsetsRoundedCornerFrame=false} } host=Splash Screen com.example.cmput301w24t33 from=android.view.ViewRootImpl.relayoutWindow:9802
03-08 15:13:42.804  2578  2656 I ViewRootImpl@f95ffb[cmput301w24t33]: updateBlastSurfaceIfNeeded mBlastBufferQueue=0xb400007c52070400 isSameSurfaceControl=true
03-08 15:13:42.804  1472  5032 D InputMethodManagerService: isImeSwitcherDisabledPackage : false
03-08 15:13:42.804  2578  2656 I BLASTBufferQueue: update, w= 1080 h= 2400 mName = ViewRootImpl@f95ffb[cmput301w24t33] mNativeObject= 0xb400007c52070400 sc.mNativeObject= 0xb400007c52e59900 format= -3 caller= android.view.ViewRootImpl.updateBlastSurfaceIfNeeded:2898 android.view.ViewRootImpl.relayoutWindow:9847 android.view.ViewRootImpl.performTraversals:3884 android.view.ViewRootImpl.doTraversal:3116 android.view.ViewRootImpl$TraversalRunnable.run:10885 android.view.Choreographer$CallbackRecord.run:1301
03-08 15:13:42.805  2578  2656 I ViewRootImpl@f95ffb[cmput301w24t33]: Relayout returned: old=(0,0,1080,2400) new=(0,0,1080,2400) req=(1080,2400)0 dur=10 res=0x0 s={true 0xb400007c52be0800} ch=false seqId=0
03-08 15:13:42.805  2578  2711 I ViewRootImpl@f95ffb[cmput301w24t33]: mWNT: t=0xb400007c8211ce00 mBlastBufferQueue=0xb400007c52070400 fn= 2 caller= android.view.SyncRtSurfaceTransactionApplier.applyTransaction:96 android.view.SyncRtSurfaceTransactionApplier.lambda$scheduleApply$0$android-view-SyncRtSurfaceTransactionApplier:69 android.view.SyncRtSurfaceTransactionApplier$$ExternalSyntheticLambda0.onFrameDraw:4
03-08 15:13:42.805  2578  2711 I ViewRootImpl@f95ffb[cmput301w24t33]: mWNT: t=0xb400007c8218d700 mBlastBufferQueue=0xb400007c52070400 fn= 2 caller= android.view.SyncRtSurfaceTransactionApplier.applyTransaction:96 android.view.SyncRtSurfaceTransactionApplier.lambda$scheduleApply$0$android-view-SyncRtSurfaceTransactionApplier:69 android.view.SyncRtSurfaceTransactionApplier$$ExternalSyntheticLambda0.onFrameDraw:4
03-08 15:13:42.806 12908 12908 I InputMethodService: removeImeSurface
03-08 15:13:42.806 12908 12908 I MSHandlerLifeCycle: check: return. pkg=com.samsung.android.honeyboard isActivity=false callers=com.android.internal.policy.DecorView.setVisibility:4412 android.app.Dialog.hide:767 android.inputmethodservice.InputMethodService.removeImeSurface:1290 android.inputmethodservice.InputMethodService.scheduleImeSurfaceRemoval:1279 android.inputmethodservice.InputMethodService.-$$Nest$mscheduleImeSurfaceRemoval:0
03-08 15:13:42.806 12908 12908 I MSHandlerLifeCycle: removeMultiSplitHandler: no exist. decor=DecorView@df736f9[InputMethod]
03-08 15:13:42.809  1327  1327 I Layer   : id=35379 removedFromDrawingState Surface(name=a2c6971 InputMethod)/@0x3034fd7 - animation-leash of insets_animation#35379 (149)
03-08 15:13:42.811  2578  2712 I ViewRootImpl@f95ffb[cmput301w24t33]: mWNT: t=0xb400007c6633e500 mBlastBufferQueue=0xb400007c52070400 fn= 3 caller= android.view.SyncRtSurfaceTransactionApplier.applyTransaction:96 android.view.SyncRtSurfaceTransactionApplier.lambda$scheduleApply$0$android-view-SyncRtSurfaceTransactionApplier:69 android.view.SyncRtSurfaceTransactionApplier$$ExternalSyntheticLambda0.onFrameDraw:4
03-08 15:13:42.816  2578  2578 I ViewRootImpl@1c1cd0e[NotificationShade]: performTraversals mFirst=false windowShouldResize=false viewVisibilityChanged=false mForceNextWindowRelayout=false params={(0,0)(fillxfill) gr=TOP CENTER_VERTICAL sim={adjust=resize} layoutInDisplayCutoutMode=always ty=NOTIFICATION_SHADE fmt=TRANSLUCENT
03-08 15:13:42.816  2578  2578 I ViewRootImpl@1c1cd0e[NotificationShade]:   fl=81840048
03-08 15:13:42.816  2578  2578 I ViewRootImpl@1c1cd0e[NotificationShade]:   pfl=1b000000
03-08 15:13:42.816  2578  2578 I ViewRootImpl@1c1cd0e[NotificationShade]:   bhv=SHOW_TRANSIENT_BARS_BY_SWIPE naviIconColor=0
03-08 15:13:42.816  2578  2578 I ViewRootImpl@1c1cd0e[NotificationShade]:   sfl=60000}
03-08 15:13:42.817  1472  2361 V WindowManager: Relayout Window{85bfa35 u0 NotificationShade}: viewVisibility=4 req=1080x2400 d0
03-08 15:13:42.821  1472  2361 V WindowManager: Relayout hash=85bfa35, pid=2578, syncId=-1: mAttrs={(0,0)(fillxfill) gr=TOP CENTER_VERTICAL sim={adjust=resize} layoutInDisplayCutoutMode=always ty=NOTIFICATION_SHADE fmt=TRANSLUCENT
03-08 15:13:42.821  1472  2361 V WindowManager:   fl=81840048
03-08 15:13:42.821  1472  2361 V WindowManager:   pfl=1b000000
03-08 15:13:42.821  1472  2361 V WindowManager:   bhv=SHOW_TRANSIENT_BARS_BY_SWIPE naviIconColor=0
03-08 15:13:42.821  1472  2361 V WindowManager:   sfl=60000}
03-08 15:13:42.822  2578  2578 I ViewRootImpl@1c1cd0e[NotificationShade]: Relayout returned: old=(0,0,1080,2400) new=(0,0,1080,2400) req=(1080,2400)4 dur=6 res=0x0 s={false 0x0} ch=false seqId=0
03-08 15:13:42.827  2578  2711 I ViewRootImpl@f95ffb[cmput301w24t33]: mWNT: t=0xb400007c6633e400 mBlastBufferQueue=0xb400007c52070400 fn= 4 caller= android.view.SyncRtSurfaceTransactionApplier.applyTransaction:96 android.view.SyncRtSurfaceTransactionApplier.lambda$scheduleApply$0$android-view-SyncRtSurfaceTransactionApplier:69 android.view.SyncRtSurfaceTransactionApplier$$ExternalSyntheticLambda0.onFrameDraw:4
03-08 15:13:42.830  2578  2578 I FaceWidgetPositionAlgorithm: getClockContainerHeight() supplier = 227, bottom margin = 0, real height = 290
03-08 15:13:42.830  2578  2578 I ClockInfoManager: isClockFaceType: type = 9 clockFaceType = 0
03-08 15:13:42.830  2578  2578 D FaceWidgetPositionAlgorithm: getTopMargin scale = 0.8408237, clockContainerHeight = 227, scaleMarginY = 21
03-08 15:13:42.830  2578  2578 I FaceWidgetPositionAlgorithm: getClockContainerHeight() supplier = 227, bottom margin = 63, real height = 290
03-08 15:13:42.830  2578  2578 I FaceWidgetPositionAlgorithm: getMediaContainerHeight() height = 456 container Visibility = 8, isValid = true, mIsDozing = false, fraction = 1.0, source = 0, target = 0
03-08 15:13:42.830  2578  2578 I FaceWidgetPositionAlgorithm: getMediaContainerHeight() supplier = 456
03-08 15:13:42.834  1472  2440 W SemWifiTransportLayerUtils: getApplicationCategory - IOException com.example.cmput301w24t33
03-08 15:13:42.834  1472  2440 W System.err: java.io.FileNotFoundException: https://play.google.com/store/apps/details?id=com.example.cmput301w24t33&hl=en
03-08 15:13:42.834  1472  2440 W System.err: 	at com.android.okhttp.internal.huc.HttpURLConnectionImpl.getInputStream(HttpURLConnectionImpl.java:255)
03-08 15:13:42.834  1472  2440 W System.err: 	at com.android.okhttp.internal.huc.DelegatingHttpsURLConnection.getInputStream(DelegatingHttpsURLConnection.java:211)
03-08 15:13:42.834  1472  2440 W System.err: 	at com.android.okhttp.internal.huc.HttpsURLConnectionImpl.getInputStream(HttpsURLConnectionImpl.java:30)
03-08 15:13:42.834  1472  2440 W System.err: 	at com.samsung.android.server.wifi.tcp.SemWifiTransportLayerUtils.getApplicationCategory(SemWifiTransportLayerUtils.java:104)
03-08 15:13:42.834  1472  2440 W System.err: 	at com.samsung.android.server.wifi.tcp.SemWifiTransportLayerMonitor$TcpMonitorHandler.handleMessage(SemWifiTransportLayerMonitor.java:244)
03-08 15:13:42.834  1472  2440 W System.err: 	at android.os.Handler.dispatchMessage(Handler.java:106)
03-08 15:13:42.834  1472  2440 W System.err: 	at android.os.Looper.loopOnce(Looper.java:226)
03-08 15:13:42.834  1472  2440 W System.err: 	at android.os.Looper.loop(Looper.java:313)
