03-08 15:13:51.179  1472  2259 I InputDispatcher: Delivering touch to (26361): action: 0x1, f=0x0, d=0, '1f424d7', t=0 +(0,-4)
03-08 15:13:51.180  1472  1877 I GestureDetector: obtain mCurrentMotionEventRaw. action: 1 id: -712924153
03-08 15:13:51.180  1472  1877 I GestureDetector: obtain mCurrentMotionEventRaw. action: 1 id: -712924153
03-08 15:13:51.181 26361 26361 I ViewRootImpl@28800e4[Attendee]: ViewPostIme pointer 1
03-08 15:13:51.183  1472  1882 I ChimeraSystemEventListener: appLaunchIntent package name is: com.example.cmput301w24t33
03-08 15:13:51.184  1472  3335 I SemDvfsHyPerManager: acquire hyper - AMS_ACT_START/1472@14, type = -999
03-08 15:13:51.185  1257  1326 I HYPER-HAL: [RequestManager.cpp]acquire(): Acquired ID : 1104855  [1472 / 14]    HINT : AMS_ACT_START    list :
03-08 15:13:51.185  1257  1326 I HYPER-HAL: [ResourceManager.cpp]updateResource(): [CPULittleMinFreq] UpdateResource Request ID : 1104855    Value : 1804800
03-08 15:13:51.185  1327  2100 I SurfaceFlinger: id=35608 createSurf, flag=80004, ActivityRecord{b1eac33 u0 com.example.cmput301w24t33/.activities.Organizer} t3076}#35608
03-08 15:13:51.188  1257  1326 I HYPER-HAL: [ResourceManager.cpp]updateResource(): [CPUMinFreq] UpdateResource Request ID : 1104855    Value : 1939200
03-08 15:13:51.197 26361 26361 D LifecycleMonitor: Lifecycle status change: com.example.cmput301w24t33.activities.Attendee@24e4231 in: PAUSED
03-08 15:13:51.199 26361 26361 V ActivityScenario: Activity lifecycle changed event received but ignored because the intent does not match. startActivityIntent=Intent { act=android.intent.action.MAIN cat=[android.intent.category.LAUNCHER] flg=0x10008000 cmp=com.example.cmput301w24t33/.activities.Organizer }, activity.getIntent()=Intent { cmp=com.example.cmput301w24t33/.activities.Attendee }, activity=com.example.cmput301w24t33.activities.Attendee@24e4231
03-08 15:13:51.204  1472  6022 D InputDispatcher: Focused application(0): ActivityRecord{b1eac33 u0 com.example.cmput301w24t33/.activities.Organizer} t3076}
03-08 15:13:51.211  1472  3678 I MediaSessionMonitor: Media session stopped : diffrent pkg
03-08 15:13:51.212  5242  5242 I ActivityUtils: HomePackage : com.sec.android.app.launcher, resumePackageName : com.example.cmput301w24t33
03-08 15:13:51.218  1244  3899 I vendor.qti.bluetooth@1.0-ibs_handler: ProcessIbsCmd: Received IBS_WAKE_IND: 0xFD
03-08 15:13:51.218  1244  3899 D vendor.qti.bluetooth@1.0-ibs_handler: SerialClockVote: vote for UART CLK ON
03-08 15:13:51.218  1244  3899 D vendor.qti.bluetooth@1.0-wake_lock: Acquire wakelock is acquired
03-08 15:13:51.218  1244  3899 I vendor.qti.bluetooth@1.0-ibs_handler: ProcessIbsCmd: Writing IBS_WAKE_ACK
03-08 15:13:51.222 26361 26361 D LifecycleMonitor: Lifecycle status change: com.example.cmput301w24t33.activities.Organizer@400c429 in: PRE_ON_CREATE
03-08 15:13:51.226 26361 26361 V ActivityScenario: Activity lifecycle changed event received but ignored because the intent does not match. startActivityIntent=Intent { act=android.intent.action.MAIN cat=[android.intent.category.LAUNCHER] flg=0x10008000 cmp=com.example.cmput301w24t33/.activities.Organizer }, activity.getIntent()=Intent { cmp=com.example.cmput301w24t33/.activities.Organizer (has extras) }, activity=com.example.cmput301w24t33.activities.Organizer@400c429
03-08 15:13:51.234 26361 26361 I DecorView: [INFO] isPopOver=false config=true
03-08 15:13:51.235 26361 26361 I DecorView: updateCaptionType: isFloating=false isApplication=true hasWindowDecorCaption=false this=DecorView@a7bcf61[]
03-08 15:13:51.235 26361 26361 D DecorView: setCaptionType = 0, this = DecorView@a7bcf61[]
03-08 15:13:51.237 26361 26361 I DecorView: getCurrentDensityDpi: from real metrics. densityDpi=420 msg=resources_loaded
03-08 15:13:51.237 26361 26361 I DecorView: setWindowBackground: isPopOver=false color=ffffffff d=android.graphics.drawable.ColorDrawable@8c67f47
03-08 15:13:51.237  1472  5029 D InputDispatcher: Focus request (0): <null> but waiting because NOT_FOCUSABLE
03-08 15:13:51.237  1472  5029 D InputDispatcher: Focus left window (0): 1f424d7 com.example.cmput301w24t33/com.example.cmput301w24t33.activities.Attendee
03-08 15:13:51.241  1327  1327 D SurfaceFlinger: Display 4630947232161729153 HWC layers:
03-08 15:13:51.241  1327  1327 D SurfaceFlinger:      DEVICE | 0xb4000074457ff1c0 | 0102 | RGBA_8888    |    0.0    0.0 1080.0 2400.0 |    0    0 1080 2400 | com.example.cmput301w24t33/com.examp[...]t33.activities.Attendee$_26361#35592
03-08 15:13:51.241  1327  1327 D SurfaceFlinger:      DEVICE | 0xb400007446147170 | 0100 | RGBA_8888    |    0.0    0.0 1080.0   91.0 |    0    0 1080   91 | StatusBar$_2578#95
03-08 15:13:51.241  1327  1327 D SurfaceFlinger:      DEVICE | 0xb400007446147bf0 | 0100 | RGBA_8888    |    0.0    0.0   67.0  515.0 |    0  301   67  816 | com.samsung.android.app.cocktailbars[...]rvice.CocktailBarService$_5242#35333
03-08 15:13:51.241  1327  1327 D SurfaceFlinger:      DEVICE | 0xb400007446148210 | 0100 | RGBA_8888    |    0.0    0.0 1080.0  126.0 |    0 2274 1080 2400 | NavigationBar0$_2578#89
03-08 15:13:51.241  1327  1327 D SurfaceFlinger:
03-08 15:13:51.262 26361 26361 D LifecycleMonitor: Lifecycle status change: com.example.cmput301w24t33.activities.Organizer@400c429 in: CREATED
03-08 15:13:51.263 26361 26361 V ActivityScenario: Activity lifecycle changed event received but ignored because the intent does not match. startActivityIntent=Intent { act=android.intent.action.MAIN cat=[android.intent.category.LAUNCHER] flg=0x10008000 cmp=com.example.cmput301w24t33/.activities.Organizer }, activity.getIntent()=Intent { cmp=com.example.cmput301w24t33/.activities.Organizer (has extras) }, activity=com.example.cmput301w24t33.activities.Organizer@400c429
03-08 15:13:51.264  1244  3899 I vendor.qti.bluetooth@1.0-ibs_handler: ProcessIbsCmd: Received IBS_SLEEP_IND: 0xFE
03-08 15:13:51.265  1244  3899 D vendor.qti.bluetooth@1.0-ibs_handler: SerialClockVote: vote for UART CLK OFF
03-08 15:13:51.266 26361 26361 D LifecycleMonitor: Lifecycle status change: com.example.cmput301w24t33.activities.Organizer@400c429 in: STARTED
03-08 15:13:51.266 26361 26361 V ActivityScenario: Activity lifecycle changed event received but ignored because the intent does not match. startActivityIntent=Intent { act=android.intent.action.MAIN cat=[android.intent.category.LAUNCHER] flg=0x10008000 cmp=com.example.cmput301w24t33/.activities.Organizer }, activity.getIntent()=Intent { cmp=com.example.cmput301w24t33/.activities.Organizer (has extras) }, activity=com.example.cmput301w24t33.activities.Organizer@400c429
03-08 15:13:51.267 26361 26361 D ContentValues: RESUME
03-08 15:13:51.268 26361 26361 D LifecycleMonitor: Lifecycle status change: com.example.cmput301w24t33.activities.Organizer@400c429 in: RESUMED
03-08 15:13:51.269 26361 26361 V ActivityScenario: Activity lifecycle changed event received but ignored because the intent does not match. startActivityIntent=Intent { act=android.intent.action.MAIN cat=[android.intent.category.LAUNCHER] flg=0x10008000 cmp=com.example.cmput301w24t33/.activities.Organizer }, activity.getIntent()=Intent { cmp=com.example.cmput301w24t33/.activities.Organizer (has extras) }, activity=com.example.cmput301w24t33.activities.Organizer@400c429
03-08 15:13:51.269  1327  1327 I Layer   : id=35595 removedFromDrawingState Surface(name=ActivityRecord{ebe9b52 u0 com.example.cmput301w24t33/.activities.Organizer} t3076})/@0x9806a27 - animation-leash of app_transition#35595 (142)
03-08 15:13:51.269  1327  1327 I Layer   : id=35602 removedFromDrawingState Bottom Edge Extension#35602 (142)
03-08 15:13:51.269  1327  1327 I Layer   : id=35603 removedFromDrawingState bbq-wrapper#35603 (142)
03-08 15:13:51.269  1327  1327 I Layer   : id=35602 removedFromDrawingState Bottom Edge Extension#35602 (142)
03-08 15:13:51.269  1327  1327 I Layer   : id=35603 removedFromDrawingState bbq-wrapper#35603 (142)
03-08 15:13:51.269  1327  1327 I Layer   : id=35596 removedFromDrawingState Surface(name=ActivityRecord{ebe9b52 u0 com.example.cmput301w24t33/.activities.Organizer} t3076})/@0x9806a27 - animation-bounds#35596 (142)
03-08 15:13:51.269  1327  1327 I Layer   : id=35598 removedFromDrawingState Surface(name=ActivityRecord{cb4ebc9 u0 com.example.cmput301w24t33/.activities.Attendee} t3076})/@0xbf5a2ef - animation-leash of app_transition#35598 (142)
03-08 15:13:51.269  1327  1327 I Layer   : id=35605 removedFromDrawingState Top Edge Extension#35605 (142)
03-08 15:13:51.269  1327  1327 I Layer   : id=35606 removedFromDrawingState bbq-wrapper#35606 (142)
03-08 15:13:51.269  1327  1327 I Layer   : id=35605 removedFromDrawingState Top Edge Extension#35605 (142)
03-08 15:13:51.269  1327  1327 I Layer   : id=35606 removedFromDrawingState bbq-wrapper#35606 (142)
03-08 15:13:51.269  1327  1327 I Layer   : id=35597 removedFromDrawingState DimAnimationLayer for ActivityRecord{cb4ebc9 u0 com.example.cmput301w24t33/.activities.Attendee} t3076}#35597 (142)
03-08 15:13:51.269  1327  1327 I Layer   : id=35599 removedFromDrawingState Surface(name=ActivityRecord{cb4ebc9 u0 com.example.cmput301w24t33/.activities.Attendee} t3076})/@0xbf5a2ef - animation-bounds#35599 (142)
03-08 15:13:51.270  1327  1327 I Layer   : Layer [com.example.cmput301w24t33/com.example.cmput301w24t33.activities.Organizer$_26361#35584] hidden!! flag(1)
03-08 15:13:51.270 26361 26361 I MSHandlerLifeCycle: check: return. pkg=com.example.cmput301w24t33 parent=null callers=com.android.internal.policy.DecorView.setVisibility:4412 android.app.ActivityThread.handleResumeActivity:5476 android.app.servertransaction.ResumeActivityItem.execute:54 android.app.servertransaction.ActivityTransactionItem.execute:45 android.app.servertransaction.TransactionExecutor.executeLifecycleState:176
03-08 15:13:51.270  1327  1327 I SurfaceFlinger: id=35606 Removed bbq-wrapper#35606 (142)
03-08 15:13:51.270  1327  1327 I SurfaceFlinger: id=35603 Removed bbq-wrapper#35603 (142)
03-08 15:13:51.270 26361 26361 I MSHandlerLifeCycle: removeMultiSplitHandler: no exist. decor=DecorView@a7bcf61[]
03-08 15:13:51.270  1327  1327 I SurfaceFlinger: id=35602 Removed Bottom Edge Extension#35602 (142)
03-08 15:13:51.270  1327  1327 I SurfaceFlinger: id=35596 Removed Surface(name=ActivityRecord{ebe9b52 u0 com.example.cmput301w24t33/.activities.Organizer} t3076})/@0x9806a27 - animation-bounds#35596 (142)
03-08 15:13:51.270  1327  1327 I SurfaceFlinger: id=35605 Removed Top Edge Extension#35605 (142)
03-08 15:13:51.270  1327  1327 I SurfaceFlinger: id=35597 Removed DimAnimationLayer for ActivityRecord{cb4ebc9 u0 com.example.cmput301w24t33/.activities.Attendee} t3076}#35597 (142)
03-08 15:13:51.270  1327  1327 I SurfaceFlinger: id=35599 Removed Surface(name=ActivityRecord{cb4ebc9 u0 com.example.cmput301w24t33/.activities.Attendee} t3076})/@0xbf5a2ef - animation-bounds#35599 (142)
03-08 15:13:51.270  1327  1327 I SurfaceFlinger: id=35598 Removed Surface(name=ActivityRecord{cb4ebc9 u0 com.example.cmput301w24t33/.activities.Attendee} t3076})/@0xbf5a2ef - animation-leash of app_transition#35598 (142)
03-08 15:13:51.270  1327  1327 I SurfaceFlinger: id=35595 Removed Surface(name=ActivityRecord{ebe9b52 u0 com.example.cmput301w24t33/.activities.Organizer} t3076})/@0x9806a27 - animation-leash of app_transition#35595 (142)
03-08 15:13:51.271  1327  1327 I Layer   : id=35596 Destroyed Surface(name=ActivityRecord{ebe9b52 u0 com.example.cmput301w24t33/.activities.Organizer} t3076})/@0x9806a27 - animation-bounds#35596
03-08 15:13:51.271  1327  1327 I Layer   : id=35595 Destroyed Surface(name=ActivityRecord{ebe9b52 u0 com.example.cmput301w24t33/.activities.Organizer} t3076})/@0x9806a27 - animation-leash of app_transition#35595
03-08 15:13:51.271  1327  1327 I Layer   : id=35602 Destroyed Bottom Edge Extension#35602
03-08 15:13:51.271  1327  1327 I Layer   : id=35603 Destroyed bbq-wrapper#35603
03-08 15:13:51.271  1327  1327 I Layer   : id=35599 Destroyed Surface(name=ActivityRecord{cb4ebc9 u0 com.example.cmput301w24t33/.activities.Attendee} t3076})/@0xbf5a2ef - animation-bounds#35599
03-08 15:13:51.271  1327  1327 I Layer   : id=35598 Destroyed Surface(name=ActivityRecord{cb4ebc9 u0 com.example.cmput301w24t33/.activities.Attendee} t3076})/@0xbf5a2ef - animation-leash of app_transition#35598
03-08 15:13:51.271  1327  1327 I Layer   : id=35605 Destroyed Top Edge Extension#35605
03-08 15:13:51.271  1327  1327 I Layer   : id=35606 Destroyed bbq-wrapper#35606
03-08 15:13:51.271  1327  1327 I Layer   : id=35597 Destroyed DimAnimationLayer for ActivityRecord{cb4ebc9 u0 com.example.cmput301w24t33/.activities.Attendee} t3076}#35597
03-08 15:13:51.275 26361 26463 D NativeCustomFrequencyManager: [NativeCFMS] BpCustomFrequencyManager::BpCustomFrequencyManager()
03-08 15:13:51.276 28167 28235 I Finsky  : [479] abgs.accept(555): SCH: Scheduling phonesky job Id: 3-34414, CT: 1709936031082, Constraints: [{ L: 0, D: 86400000, C: 2, I: 2, N: 2 }]
03-08 15:13:51.277  1472  3335 D InputTransport: Input channel constructed: 'a1358a1', fd=756
03-08 15:13:51.277  1472  3335 D InputTransport: Input channel constructed: 'a1358a1', fd=759
03-08 15:13:51.277  1472  3335 D InputTransport: Input channel constructed: 'a1358a1', fd=909
03-08 15:13:51.277 28167 28235 I Finsky  : [479] abgs.accept(555): SCH: Scheduling phonesky job Id: 3-34415, CT: 1709936031082, Constraints: [{ L: 35168922, D: 45968922, C: 1, I: 2, N: 2 }]
03-08 15:13:51.277  1327  3508 I SurfaceFlinger: id=35609 createSurf, flag=80004, a1358a1 com.example.cmput301w24t33/com.example.cmput301w24t33.activities.Organizer#35609
03-08 15:13:51.277 28167 28235 I Finsky  : [479] abgs.accept(555): SCH: Scheduling phonesky job Id: 3-34416, CT: 1709936031082, Constraints: [{ L: 0, D: 86400000, C: 2, I: 2, N: 2 }]
03-08 15:13:51.278  1472  3335 D InputTransport: Input channel destroyed: 'a1358a1', fd=909
03-08 15:13:51.278 28167 28235 I Finsky  : [479] abgs.accept(555): SCH: Scheduling phonesky job Id: 3-34417, CT: 1709936031082, Constraints: [{ L: 35168920, D: 45968920, C: 1, I: 2, N: 2 }]
03-08 15:13:51.278 28167 28235 I Finsky  : [479] abgs.accept(555): SCH: Scheduling phonesky job Id: 3-34418, CT: 1709936031082, Constraints: [{ L: 0, D: 86400000, C: 2, I: 2, N: 2 }]
03-08 15:13:51.280 26361 26361 D InsetsController: onStateChanged: InsetsState: {mDisplayFrame=Rect(0, 0 - 1080, 2400), mDisplayCutout=DisplayCutout{insets=Rect(0, 91 - 0, 0) waterfall=Insets{left=0, top=0, right=0, bottom=0} boundingRect={Bounds=[Rect(0, 0 - 0, 0), Rect(503, 0 - 577, 91), Rect(0, 0 - 0, 0), Rect(0, 0 - 0, 0)]} cutoutPathParserInfo={CutoutPathParserInfo{displayWidth=1080 displayHeight=2400 physicalDisplayWidth=1080 physicalDisplayHeight=2400 density={2.625} cutoutSpec={M 0,0 H -14.0952380952381 V 34.66666666666667 H 14.0952380952381 V 0 H 0 Z @dp} rotation={0} scale={1.0} physicalPixelDisplaySizeRatio={1.0}}}}, mRoundedCorners=RoundedCorners{[RoundedCorner{position=TopLeft, radius=84, center=Point(84, 84)}, RoundedCorner{position=TopRight, radius=84, center=Point(996, 84)}, RoundedCorner{position=BottomRight, radius=84, center=Point(996, 2316)}, RoundedCorner{position=BottomLeft, radius=84, center=Point(84, 2316)}]}  mRoundedCornerFrame=Rect(0, 0 - 1080, 2400), mPrivacyIndicatorBounds=PrivacyIndicatorBounds {static bounds=Rect(964, 0 - 1080, 91) rotation=0}, mSources= { InsetsSource: {mType=ITYPE_STATUS_BAR, mFrame=[0,0][1080,91], mVisible=true, mInsetsRoundedCornerFrame=false}, InsetsSource: {mType=ITYPE_NAVIGATION_BAR, mFrame=[0,2274][1080,2400], mVisible=true, mInsetsRoundedCornerFrame=false}, InsetsSource: {mType=ITYPE_LEFT_GESTURES, mFrame=[0,0][0,2400], mVisible=true, mInsetsRoundedCornerFrame=false}, InsetsSource: {mType=ITYPE_RIGHT_GESTURES, mFrame=[1080,0][1080,2400], mVisible=true, mInsetsRoundedCornerFrame=false}, InsetsSource: {mType=ITYPE_TOP_MANDATORY_GESTURES, mFrame=[0,0][1080,123], mVisible=true, mInsetsRoundedCornerFrame=false}, InsetsSource: {mType=ITYPE_BOTTOM_MANDATORY_GESTURES, mFrame=[0,2274][1080,2400], mVisible=true, mInsetsRoundedCornerFrame=false}, InsetsSource: {mType=ITYPE_LEFT_DISPLAY_CUTOUT, mFrame=[0,0][-100000,2400], mVisible=true, mInsetsRoundedCornerFrame=false}, InsetsSource: {mType=ITYPE_TOP_DISPLAY_CUTOUT, mFrame=[0,0][1080,91], mVisible=true, mInsetsRoundedCornerFrame=false}, InsetsSource: {mType=ITYPE_RIGHT_DISPLAY_CUTOUT, mFrame=[100000,0][1080,2400], mVisible=true, mInsetsRoundedCornerFrame=false}, InsetsSource: {mType=ITYPE_BOTTOM_DISPLAY_CUTOUT, mFrame=[0,100000][1080,2400], mVisible=true, mInsetsRoundedCornerFrame=false}, InsetsSource: {mType=ITYPE_TOP_TAPPABLE_ELEMENT, mFrame=[0,0][1080,91], mVisible=true, mInsetsRoundedCornerFrame=false}, InsetsSource: {mType=ITYPE_BOTTOM_TAPPABLE_ELEMENT, mFrame=[0,2274][1080,2400], mVisible=true, mInsetsRoundedCornerFrame=false} } host=com.example.cmput301w24t33/com.example.cmput301w24t33.activities.Organizer from=android.view.ViewRootImpl.setView:1732
03-08 15:13:51.282 26361 26361 I ViewRootImpl@a27f3f6[Organizer]: setView = com.android.internal.policy.DecorView@a7bcf61 TM=true
03-08 15:13:51.283 28167 28228 I Finsky  : [472] abgr.apply(817): SCH: Scheduling 2 system job(s)
03-08 15:13:51.283 26361 26361 I MSHandlerLifeCycle: removeMultiSplitHandler: no exist. decor=DecorView@a7bcf61[Organizer]
03-08 15:13:51.283 28167 28228 I Finsky  : [472] abgu.d(263): SCH: Scheduling system job Id: 9664, L: 0, D: 86399799, C: true, I: true, N: 2
03-08 15:13:51.287 28167 28228 I Finsky  : [472] abgu.d(263): SCH: Scheduling system job Id: 9665, L: 0, D: 45968716, C: false, I: true, N: 2
03-08 15:13:51.297 26361 26361 I ViewRootImpl@a27f3f6[Organizer]: performTraversals params={(0,0)(fillxfill) sim={adjust=resize forwardNavigation} ty=BASE_APPLICATION wanim=0x1030309
03-08 15:13:51.297 26361 26361 I ViewRootImpl@a27f3f6[Organizer]:   fl=81810100
03-08 15:13:51.297 26361 26361 I ViewRootImpl@a27f3f6[Organizer]:   pfl=12020040
03-08 15:13:51.297 26361 26361 I ViewRootImpl@a27f3f6[Organizer]:   bhv=DEFAULT
03-08 15:13:51.297 26361 26361 I ViewRootImpl@a27f3f6[Organizer]:   fitSides= naviIconColor=0
03-08 15:13:51.297 26361 26361 I ViewRootImpl@a27f3f6[Organizer]:   sfl=100000}
03-08 15:13:51.299 26361 26361 I ViewRootImpl@a27f3f6[Organizer]: performTraversals mFirst=true windowShouldResize=true viewVisibilityChanged=false mForceNextWindowRelayout=false params={(0,0)(fillxfill) sim={adjust=resize forwardNavigation} ty=BASE_APPLICATION wanim=0x1030309
03-08 15:13:51.299 26361 26361 I ViewRootImpl@a27f3f6[Organizer]:   fl=81810100
03-08 15:13:51.299 26361 26361 I ViewRootImpl@a27f3f6[Organizer]:   pfl=12020040
03-08 15:13:51.299 26361 26361 I ViewRootImpl@a27f3f6[Organizer]:   bhv=DEFAULT
03-08 15:13:51.299 26361 26361 I ViewRootImpl@a27f3f6[Organizer]:   fitSides= naviIconColor=0
03-08 15:13:51.299 26361 26361 I ViewRootImpl@a27f3f6[Organizer]:   sfl=100000}
03-08 15:13:51.300  1472  3335 V WindowManager: Relayout Window{a1358a1 u0 com.example.cmput301w24t33/com.example.cmput301w24t33.activities.Organizer}: viewVisibility=0 req=1080x2400 d0
03-08 15:13:51.300  1327  3508 I SurfaceFlinger: id=35610 createSurf, flag=40004, com.example.cmput301w24t33/com.example.cmput301w24t33.activities.Organizer$_26361#35610
03-08 15:13:51.304  1327  3508 I SurfaceFlinger: id=35611 createSurf, flag=24000, Surface(name=c9f16ce StatusBar)/@0xc28a9d9 - animation-leash of insets_animation#35611
03-08 15:13:51.305  1327  3508 I SurfaceFlinger: id=35612 createSurf, flag=24000, Surface(name=296f76f NavigationBar0)/@0x8bb6395 - animation-leash of insets_animation#35612
03-08 15:13:51.308  3258 28442 I RecentModel: onTaskStackChangedBackground
03-08 15:13:51.309  1472  3335 V WindowManager: Relayout hash=a1358a1, pid=26361, syncId=-1: mAttrs={(0,0)(fillxfill) sim={adjust=resize forwardNavigation} ty=BASE_APPLICATION wanim=0x1030309
03-08 15:13:51.309  1472  3335 V WindowManager:   fl=81810100
03-08 15:13:51.309  1472  3335 V WindowManager:   pfl=12020040
03-08 15:13:51.309  1472  3335 V WindowManager:   apr=LIGHT_NAVIGATION_BARS
03-08 15:13:51.309  1472  3335 V WindowManager:   bhv=DEFAULT
03-08 15:13:51.309  1472  3335 V WindowManager:   fitSides= naviIconColor=0
03-08 15:13:51.309  1472  3335 V WindowManager:   sfl=100000}
03-08 15:13:51.312 26361 26361 D InsetsController: onStateChanged: InsetsState: {mDisplayFrame=Rect(0, 0 - 1080, 2400), mDisplayCutout=DisplayCutout{insets=Rect(0, 91 - 0, 0) waterfall=Insets{left=0, top=0, right=0, bottom=0} boundingRect={Bounds=[Rect(0, 0 - 0, 0), Rect(503, 0 - 577, 91), Rect(0, 0 - 0, 0), Rect(0, 0 - 0, 0)]} cutoutPathParserInfo={CutoutPathParserInfo{displayWidth=1080 displayHeight=2400 physicalDisplayWidth=1080 physicalDisplayHeight=2400 density={2.625} cutoutSpec={M 0,0 H -14.0952380952381 V 34.66666666666667 H 14.0952380952381 V 0 H 0 Z @dp} rotation={0} scale={1.0} physicalPixelDisplaySizeRatio={1.0}}}}, mRoundedCorners=RoundedCorners{[RoundedCorner{position=TopLeft, radius=84, center=Point(84, 84)}, RoundedCorner{position=TopRight, radius=84, center=Point(996, 84)}, RoundedCorner{position=BottomRight, radius=84, center=Point(996, 2316)}, RoundedCorner{position=BottomLeft, radius=84, center=Point(84, 2316)}]}  mRoundedCornerFrame=Rect(0, 0 - 1080, 2400), mPrivacyIndicatorBounds=PrivacyIndicatorBounds {static bounds=Rect(964, 0 - 1080, 91) rotation=0}, mSources= { InsetsSource: {mType=ITYPE_STATUS_BAR, mFrame=[0,0][1080,91], mVisible=true, mInsetsRoundedCornerFrame=false}, InsetsSource: {mType=ITYPE_NAVIGATION_BAR, mFrame=[0,2274][1080,2400], mVisible=true, mInsetsRoundedCornerFrame=false}, InsetsSource: {mType=ITYPE_LEFT_GESTURES, mFrame=[0,0][0,2400], mVisible=true, mInsetsRoundedCornerFrame=false}, InsetsSource: {mType=ITYPE_RIGHT_GESTURES, mFrame=[1080,0][1080,2400], mVisible=true, mInsetsRoundedCornerFrame=false}, InsetsSource: {mType=ITYPE_TOP_MANDATORY_GESTURES, mFrame=[0,0][1080,123], mVisible=true, mInsetsRoundedCornerFrame=false}, InsetsSource: {mType=ITYPE_BOTTOM_MANDATORY_GESTURES, mFrame=[0,2274][1080,2400], mVisible=true, mInsetsRoundedCornerFrame=false}, InsetsSource: {mType=ITYPE_LEFT_DISPLAY_CUTOUT, mFrame=[0,0][-100000,2400], mVisible=true, mInsetsRoundedCornerFrame=false}, InsetsSource: {mType=ITYPE_TOP_DISPLAY_CUTOUT, mFrame=[0,0][1080,91], mVisible=true, mInsetsRoundedCornerFrame=false}, InsetsSource: {mType=ITYPE_RIGHT_DISPLAY_CUTOUT, mFrame=[100000,0][1080,2400], mVisible=true, mInsetsRoundedCornerFrame=false}, InsetsSource: {mType=ITYPE_BOTTOM_DISPLAY_CUTOUT, mFrame=[0,100000][1080,2400], mVisible=true, mInsetsRoundedCornerFrame=false}, InsetsSource: {mType=ITYPE_TOP_TAPPABLE_ELEMENT, mFrame=[0,0][1080,91], mVisible=true, mInsetsRoundedCornerFrame=false}, InsetsSource: {mType=ITYPE_BOTTOM_TAPPABLE_ELEMENT, mFrame=[0,2274][1080,2400], mVisible=true, mInsetsRoundedCornerFrame=false}, InsetsSource: {mType=ITYPE_IME, mFrame=[0,0][0,0], mVisibleFrame=[0,1409][1080,2400], mVisible=false, mInsetsRoundedCornerFrame=false} } host=com.example.cmput301w24t33/com.example.cmput301w24t33.activities.Organizer from=android.view.ViewRootImpl.relayoutWindow:9802
03-08 15:13:51.314 26361 26361 I ViewRootImpl@a27f3f6[Organizer]: updateBlastSurfaceIfNeeded mBlastBufferQueue=null isSameSurfaceControl=false
03-08 15:13:51.315 26361 26361 I BLASTBufferQueue: new BLASTBufferQueue, mName= ViewRootImpl@a27f3f6[Organizer] mNativeObject= 0xb400007c7e330d80 sc.mNativeObject= 0xb400007c7e0c3100 caller= android.view.ViewRootImpl.updateBlastSurfaceIfNeeded:2909 android.view.ViewRootImpl.relayoutWindow:9847 android.view.ViewRootImpl.performTraversals:3884 android.view.ViewRootImpl.doTraversal:3116 android.view.ViewRootImpl$TraversalRunnable.run:10885 android.view.Choreographer$CallbackRecord.run:1301 android.view.Choreographer$CallbackRecord.run:1309 android.view.Choreographer.doCallbacks:923 android.view.Choreographer.doFrame:852 android.view.Choreographer$FrameDisplayEventReceiver.run:1283
03-08 15:13:51.315 26361 26361 I BLASTBufferQueue: update, w= 1080 h= 2400 mName = ViewRootImpl@a27f3f6[Organizer] mNativeObject= 0xb400007c7e330d80 sc.mNativeObject= 0xb400007c7e0c3100 format= -1 caller= android.graphics.BLASTBufferQueue.<init>:84 android.view.ViewRootImpl.updateBlastSurfaceIfNeeded:2909 android.view.ViewRootImpl.relayoutWindow:9847 android.view.ViewRootImpl.performTraversals:3884 android.view.ViewRootImpl.doTraversal:3116 android.view.ViewRootImpl$TraversalRunnable.run:10885
03-08 15:13:51.316 26361 26361 I ViewRootImpl@a27f3f6[Organizer]: Relayout returned: old=(0,0,1080,2400) new=(0,0,1080,2400) req=(1080,2400)0 dur=15 res=0x3 s={true 0xb400007c50c19800} ch=true seqId=0
03-08 15:13:51.318 26361 26463 D OpenGLRenderer: eglCreateWindowSurface
03-08 15:13:51.318 26361 26361 I ViewRootImpl@a27f3f6[Organizer]: mThreadedRenderer.initialize() mSurface={isValid=true 0xb400007c50c19800} hwInitialized=true
03-08 15:13:51.327 26361 26361 I ViewRootImpl@a27f3f6[Organizer]: reportNextDraw android.view.ViewRootImpl.performTraversals:4438 android.view.ViewRootImpl.doTraversal:3116 android.view.ViewRootImpl$TraversalRunnable.run:10885 android.view.Choreographer$CallbackRecord.run:1301 android.view.Choreographer$CallbackRecord.run:1309
03-08 15:13:51.327 26361 26361 I ViewRootImpl@a27f3f6[Organizer]: Setup new sync id=0
03-08 15:13:51.328 26361 26361 I ViewRootImpl@a27f3f6[Organizer]: Setting syncFrameCallback
03-08 15:13:51.328 26361 26361 I ViewRootImpl@a27f3f6[Organizer]: registerCallbacksForSync syncBuffer=false
03-08 15:13:51.333 26361 26527 I ViewRootImpl@a27f3f6[Organizer]: Received frameDrawingCallback syncResult=0 frameNum=1.
03-08 15:13:51.333 26361 26527 I ViewRootImpl@a27f3f6[Organizer]: Setting up sync and frameCommitCallback
03-08 15:13:51.335 26361 26463 I BLASTBufferQueue: [ViewRootImpl@a27f3f6[Organizer]#10](f:0,a:0) onFrameAvailable the first frame is available
03-08 15:13:51.335 26361 26463 I ViewRootImpl@a27f3f6[Organizer]: Received frameCommittedCallback lastAttemptedDrawFrameNum=1 didProduceBuffer=true
03-08 15:13:51.336  1327  1327 I Layer   : id=35593 removedFromDrawingState Surface(name=c9f16ce StatusBar)/@0xc28a9d9 - animation-leash of insets_animation#35593 (137)
03-08 15:13:51.336  1327  1327 I Layer   : id=35594 removedFromDrawingState Surface(name=296f76f NavigationBar0)/@0x8bb6395 - animation-leash of insets_animation#35594 (137)
03-08 15:13:51.336 26361 26463 D OpenGLRenderer: CFMS:: SetUp Pid : 26361    Tid : 26463
03-08 15:13:51.336 26361 26463 W Parcel  : Expecting binder but got null!
03-08 15:13:51.336 26361 26361 I ViewRootImpl@a27f3f6[Organizer]: onSyncComplete
03-08 15:13:51.337 26361 26361 I ViewRootImpl@a27f3f6[Organizer]: setupSync seqId=0 mSyncId=0 fn=1 caller=android.view.ViewRootImpl$$ExternalSyntheticLambda11.accept:6 android.window.SurfaceSyncer.lambda$setupSync$1$android-window-SurfaceSyncer:128 android.window.SurfaceSyncer$$ExternalSyntheticLambda1.accept:8 android.window.SurfaceSyncer$SyncSet.checkIfSyncIsComplete:382 android.window.SurfaceSyncer$SyncSet.markSyncReady:359 android.window.SurfaceSyncer.markSyncReady:151 android.view.ViewRootImpl.performTraversals:4503
03-08 15:13:51.337 26361 26361 I ViewRootImpl@a27f3f6[Organizer]: reportDrawFinished seqId=0 mSyncId=-1 fn=1 mSurfaceChangedTransaction=0xb400007c7df84a00
03-08 15:13:51.338  1472  6022 D InputDispatcher: Focus request (0): a1358a1 com.example.cmput301w24t33/com.example.cmput301w24t33.activities.Organizer but waiting because NOT_VISIBLE
03-08 15:13:51.338 26361 26361 I ViewRootImpl@ab7878d[Organizer]: handleAppVisibility mAppVisible = true visible = false
03-08 15:13:51.342  1327  3508 I SurfaceFlinger: id=35613 createSurf, flag=24000, Surface(name=ActivityRecord{cb4ebc9 u0 com.example.cmput301w24t33/.activities.Attendee} t3076})/@0xbf5a2ef - animation-leash of app_transition#35613
03-08 15:13:51.343 26361 26361 W Firestore: (24.10.2) [CustomClassMapper]: No setter/field for fullName found on class com.example.cmput301w24t33.users.User (fields/setters are case sensitive!)
03-08 15:13:51.343  1327  2296 I SurfaceFlinger: id=35614 createSurf, flag=80004, Surface(name=ActivityRecord{cb4ebc9 u0 com.example.cmput301w24t33/.activities.Attendee} t3076})/@0xbf5a2ef - animation-bounds#35614
03-08 15:13:51.344  1327  3508 I SurfaceFlinger: id=35615 createSurf, flag=20004, DimAnimationLayer for ActivityRecord{b1eac33 u0 com.example.cmput301w24t33/.activities.Organizer} t3076}#35615
03-08 15:13:51.345  1327  1413 I SurfaceFlinger: id=35616 createSurf, flag=24004, Surface(name=ActivityRecord{b1eac33 u0 com.example.cmput301w24t33/.activities.Organizer} t3076})/@0x937589b - animation-leash of app_transition#35616
03-08 15:13:51.346  1327  3508 I SurfaceFlinger: id=35617 createSurf, flag=80004, Surface(name=ActivityRecord{b1eac33 u0 com.example.cmput301w24t33/.activities.Organizer} t3076})/@0x937589b - animation-bounds#35617
03-08 15:13:51.347  1472  1876 I ActivityTaskManager: Displayed com.example.cmput301w24t33/.activities.Organizer: +163ms
03-08 15:13:51.348  1327  1413 I SurfaceFlinger: id=35618 createSurf, flag=80000, 27f67a2 ActivityRecordInputSink com.example.cmput301w24t33/.activities.Organizer#35618
03-08 15:13:51.348 26361 26361 I ViewRootImpl@28800e4[Attendee]: MSG_WINDOW_FOCUS_CHANGED 0 0
03-08 15:13:51.358  1327  1327 I Layer   : id=35619 Destroyed Screenshot Parent#35619
03-08 15:13:51.361  1327  3508 I SurfaceFlinger: id=35620 createSurf, flag=40404, Bottom Edge Extension#35620
03-08 15:13:51.362  1327  3508 I SurfaceFlinger: id=35621 createSurf, flag=400, bbq-wrapper#35621
03-08 15:13:51.363  1472 26945 I BLASTBufferQueue: [bbq-adapter#1687](f:0,a:0) onFrameAvailable the first frame is available
03-08 15:13:51.364  1327  1327 I Layer   : id=35622 Destroyed Screenshot Parent#35622
03-08 15:13:51.368  1327  1413 I SurfaceFlinger: id=35623 createSurf, flag=40404, Top Edge Extension#35623
03-08 15:13:51.369  1327  1413 I SurfaceFlinger: id=35624 createSurf, flag=400, bbq-wrapper#35624
03-08 15:13:51.370  1472 26944 I BLASTBufferQueue: [bbq-adapter#1688](f:0,a:0) onFrameAvailable the first frame is available
03-08 15:13:51.372 26361 26463 D OpenGLRenderer: setSurface called with nullptr
03-08 15:13:51.372 26361 26463 D OpenGLRenderer: setSurface() destroyed EGLSurface
03-08 15:13:51.372 26361 26463 D OpenGLRenderer: destroyEglSurface
03-08 15:13:51.374 26361 26361 I ViewRootImpl@ab7878d[Organizer]: performTraversals mFirst=false windowShouldResize=false viewVisibilityChanged=true mForceNextWindowRelayout=false params=null
03-08 15:13:51.375  1472  5029 V WindowManager: Relayout Window{629eaa4 u0 com.example.cmput301w24t33/com.example.cmput301w24t33.activities.Organizer}: viewVisibility=8 req=1080x2400 d0
03-08 15:13:51.377  1472  5029 V WindowManager: Relayout hash=629eaa4, pid=26361, syncId=-1: mAttrs={(0,0)(fillxfill) sim={adjust=resize forwardNavigation} ty=BASE_APPLICATION wanim=0x1030309
03-08 15:13:51.377  1472  5029 V WindowManager:   fl=81810100
03-08 15:13:51.377  1472  5029 V WindowManager:   pfl=12020040
03-08 15:13:51.377  1472  5029 V WindowManager:   apr=LIGHT_NAVIGATION_BARS
03-08 15:13:51.377  1472  5029 V WindowManager:   bhv=DEFAULT
03-08 15:13:51.377  1472  5029 V WindowManager:   fitSides= naviIconColor=0
03-08 15:13:51.377  1472  5029 V WindowManager:   sfl=100000}
03-08 15:13:51.382 26361 26361 I ViewRootImpl@ab7878d[Organizer]: Relayout returned: old=(0,0,1080,2400) new=(0,0,1080,2400) req=(1080,2400)8 dur=7 res=0x2 s={false 0x0} ch=true seqId=0
03-08 15:13:51.386  1327  2100 I SurfaceFlinger: id=35594 Removed Surface(name=296f76f NavigationBar0)/@0x8bb6395 - animation-leash of insets_animation#35594 (147)
03-08 15:13:51.386  1327  2100 I SurfaceFlinger: id=35593 Removed Surface(name=c9f16ce StatusBar)/@0xc28a9d9 - animation-leash of insets_animation#35593 (147)
03-08 15:13:51.386  1327  1327 I Layer   : id=35594 Destroyed Surface(name=296f76f NavigationBar0)/@0x8bb6395 - animation-leash of insets_animation#35594
03-08 15:13:51.386  1327  1327 I Layer   : id=35593 Destroyed Surface(name=c9f16ce StatusBar)/@0xc28a9d9 - animation-leash of insets_animation#35593
03-08 15:13:51.388  1472  5029 I SemDvfsHyPerManager: acquire hyper - AMS_RESUME_TAIL/1472@16, type = -999
03-08 15:13:51.388  1472  5029 I SemDvfsHyPerManager: acquire hyper - AMS_ACT_LAZY/1472@17, type = -999
03-08 15:13:51.388  1257  1326 I HYPER-HAL: [RequestManager.cpp]acquire(): Acquired ID : 1107832  [1472 / 16]    HINT : AMS_RESUME_TAIL    list :
03-08 15:13:51.388  1257  1326 I HYPER-HAL: [ResourceManager.cpp]updateResource(): [CPUMinFreq] UpdateResource Request ID : 1107832    Value : 1324800
03-08 15:13:51.388  1257  1326 I HYPER-HAL: [RequestManager.cpp]acquire(): Acquired ID : 1109322  [1472 / 17]    HINT : AMS_ACT_LAZY    list :
03-08 15:13:51.389  1257  1326 I HYPER-HAL: [ResourceManager.cpp]removeResource(): [CPULittleMinFreq] RemoveResource Request ID : 1104855
03-08 15:13:51.393  1257  1326 I HYPER-HAL: [ResourceManager.cpp]removeResource(): [CPUMinFreq] RemoveResource Request ID : 1104855
03-08 15:13:51.393  1257  1326 I HYPER-HAL: [RequestManager.cpp]releaseLocked(): Released ID : 1104855
03-08 15:13:51.393 26361 26361 I ViewRootImpl@ab7878d[Organizer]: stopped(true) old = false
03-08 15:13:51.393 26361 26361 I ViewRootImpl@ab7878d[Organizer]: WindowStopped on com.example.cmput301w24t33/com.example.cmput301w24t33.activities.Organizer set to true
03-08 15:13:51.394 26361 26361 D LifecycleMonitor: Lifecycle status change: com.example.cmput301w24t33.activities.Organizer@326f60e in: STOPPED
03-08 15:13:51.394 26361 26361 V ActivityScenario: Update currentActivityStage to STOPPED, currentActivity=com.example.cmput301w24t33.activities.Organizer@326f60e
03-08 15:13:51.395 26361 26361 I MSHandlerLifeCycle: removeMultiSplitHandler: no exist. decor=DecorView@33bcc35[Organizer]
03-08 15:13:51.397 26361 26361 D LifecycleMonitor: Lifecycle status change: com.example.cmput301w24t33.activities.Organizer@326f60e in: DESTROYED
03-08 15:13:51.397 26361 26361 V ActivityScenario: Update currentActivityStage to DESTROYED, currentActivity=null
03-08 15:13:51.399 26361 26361 I MSHandlerLifeCycle: removeMultiSplitHandler: no exist. decor=DecorView@33bcc35[Organizer]
03-08 15:13:51.400 26361 26463 D OpenGLRenderer: setSurface called with nullptr
03-08 15:13:51.400 26361 26361 I ViewRootImpl@ab7878d[Organizer]: dispatchDetachedFromWindow
03-08 15:13:51.401  1472  5029 D InputTransport: Input channel destroyed: '629eaa4', fd=605
03-08 15:13:51.401  1472  5029 W InputManager-JNI: Input channel object '629eaa4 com.example.cmput301w24t33/com.example.cmput301w24t33.activities.Organizer (client)' was disposed without first being removed with the input manager!
03-08 15:13:51.401  1472  5029 D InputTransport: Input channel destroyed: '629eaa4', fd=691
03-08 15:13:51.404  1472  3335 D InputDispatcher: Focus entered window (0): a1358a1 com.example.cmput301w24t33/com.example.cmput301w24t33.activities.Organizer
03-08 15:13:51.404 26361 26361 D InputTransport: Input channel destroyed: '629eaa4', fd=95
03-08 15:13:51.406  1327  1413 I SurfaceFlinger: id=35576 Removed 8133dd ActivityRecordInputSink com.example.cmput301w24t33/.activities.Organizer#35576 (145)
03-08 15:13:51.406 26361 26361 I ViewRootImpl@a27f3f6[Organizer]: MSG_WINDOW_FOCUS_CHANGED 1 0
03-08 15:13:51.407 26361 26361 I ViewRootImpl@a27f3f6[Organizer]: mThreadedRenderer.initializeIfNeeded()#2 mSurface={isValid=true 0xb400007c50c19800}
03-08 15:13:51.408 26361 26361 D InputMethodManager: startInputInner - Id : 0
03-08 15:13:51.408 26361 26361 I InputMethodManager: startInputInner - mService.startInputOrWindowGainedFocus
03-08 15:13:51.409  1472  5029 D InputMethodManagerService: mDesktopModeManager null!
03-08 15:13:51.409  1472  5029 V InputMethodManagerService: getDisplayIdOfInputMethodWindowToBeAdded: displayId=0
03-08 15:13:51.409  1472  5029 D InputMethodManagerService: isImeSwitcherDisabledPackage : false
03-08 15:13:51.409  1472  5029 D InputMethodManagerService: checkDisplayOfStartInputAndUpdateKeyboard: displayId=0, mFocusedDisplayId=0
03-08 15:13:51.410  1472  5029 D InputTransport: Input channel constructed: 'ClientS', fd=605
03-08 15:13:51.410  1472  5029 D InputTransport: Input channel destroyed: 'ClientS', fd=605
03-08 15:13:51.411 12908 12908 I HBD     : HoneyBoardService onFinishInput
03-08 15:13:51.411 12908 12908 I HBD     : a IC have been unbinding,  RemoteInputConnection{idHash=#438310c}
03-08 15:13:51.411 12908 12908 I HBD     : HoneyBoardService [PF_CL][onFinishInput]  0 ms
03-08 15:13:51.412 12908 12908 I HBD     : HoneyBoardService [IMI] onStartInput - caller pid : 26361 , caller uid : 10451
03-08 15:13:51.412 12908 12908 I HBD     : j updateConfigs
03-08 15:13:51.412  1327  1327 D SurfaceFlinger: Display 4630947232161729153 HWC layers:
03-08 15:13:51.412  1327  1327 D SurfaceFlinger:      CLIENT | 0xb4000074457ff000 | 0102 | RGBA_8888    |    0.0    0.0    0.0    0.0 |    0 2392 1080 2400 | bbq-wrapper#35621
03-08 15:13:51.412  1327  1327 D SurfaceFlinger:      CLIENT | 0xb40000744614a9e0 | 0102 | RGBA_8888    |    0.0    8.0 1080.0 2400.0 |    0    0 1080 2392 | com.example.cmput301w24t33/com.examp[...]t33.activities.Attendee$_26361#35592
03-08 15:13:51.412  1327  1327 D SurfaceFlinger:      CLIENT | 0xb40000744614af20 | 0102 | RGBA_8888    |    0.0    0.0 1080.0    1.0 |    0    0 1080  403 | bbq-wrapper#35624
03-08 15:13:51.412  1327  1327 D SurfaceFlinger:      CLIENT | 0xb4000074457ff460 | 0102 | RGBA_8888    |    0.0    0.0 1080.0 1997.0 |    0  403 1080 2400 | com.example.cmput301w24t33/com.examp[...]33.activities.Organizer$_26361#35610
03-08 15:13:51.412  1327  1327 D SurfaceFlinger:      CLIENT | 0xb400007446147170 | 0100 | RGBA_8888    |    0.0    0.0 1080.0   91.0 |    0    0 1080   91 | StatusBar$_2578#95
03-08 15:13:51.412  1327  1327 D SurfaceFlinger:      CLIENT | 0xb400007446147bf0 | 0100 | RGBA_8888    |    0.0    0.0   67.0  515.0 |    0  301   67  816 | com.samsung.android.app.cocktailbars[...]rvice.CocktailBarService$_5242#35333
03-08 15:13:51.412  1327  1327 D SurfaceFlinger:      CLIENT | 0xb400007446148210 | 0100
03-08 15:13:51.412  1327  1327 D SurfaceFlinger: | RGBA_8888    |    0.0    0.0 1080.0  126.0 |    0 2274 1080 2400 | NavigationBar0$_2578#89
03-08 15:13:51.412  1327  1327 D SurfaceFlinger:
03-08 15:13:51.412 12908 12908 I HBD     : j isEnabledNightMode : false
03-08 15:13:51.412 12908 12908 I HBD     : a IC have been binding, RemoteInputConnection{idHash=#438310c}
03-08 15:13:51.412 12908 12908 I HBD     : h [EditorInputType]setPrivateImeOptionsToTable privateImeOptions ( null )
03-08 15:13:51.412 12908 12908 I HBD     : b incognitoMode : false
03-08 15:13:51.412 12908 12908 I HBD     : b needOff = true , isForceOff = false, isNullInputClass : true
03-08 15:13:51.412 12908 12908 I HBD     : h getDefaultInputRange : UNKNOWN
03-08 15:13:51.412 12908 12908 I HBD     : h getDefaultInputRange : UNKNOWN
03-08 15:13:51.412 12908 12908 I HBD     : h getDefaultInputRange : UNKNOWN
03-08 15:13:51.413  1327  1413 I SurfaceFlinger: id=35625 createSurf, flag=24004, Surface(name=a2c6971 InputMethod)/@0x3034fd7 - animation-leash of insets_animation#35625
03-08 15:13:51.415  1244  3730 D vendor.qti.bluetooth@1.0-wake_lock: Release wakelock is released
03-08 15:13:51.416 12908 12908 I HBD     : b needOff = true , isForceOff = false, isNullInputClass : true
03-08 15:13:51.416 12908 12908 I HBD     : b update cached prediction status : false
03-08 15:13:51.416 12908 12908 I HBD     : h getDefaultInputRange : UNKNOWN
03-08 15:13:51.416 12908 12908 I HBD     : a currentState : 0
03-08 15:13:51.417 12908 12908 I HBD     : a [UpdatePolicy] [post] a: 0 cl: 65537 kit: [0/0] vt: 0 ir: 1
03-08 15:13:51.417 12908 12908 I HBD     : a [NRIC] resetNoResponseState
03-08 15:13:51.417 12908 12908 I HBD     : b needOff = true , isForceOff = false, isNullInputClass : true
03-08 15:13:51.417 12908 12908 I HBD     : b update cached prediction status : false
03-08 15:13:51.417 12908 12908 I HBD     : HoneyBoardService [PF_OP][onStartInput]  5 ms
03-08 15:13:51.419  1327  1327 I Layer   : id=35584 removedFromDrawingState com.example.cmput301w24t33/com.example.cmput301w24t33.activities.Organizer$_26361#35584 (146)
03-08 15:13:51.419  1327  1327 I Layer   : id=35583 removedFromDrawingState 629eaa4 com.example.cmput301w24t33/com.example.cmput301w24t33.activities.Organizer#35583 (146)
03-08 15:13:51.419  1327  1327 I Layer   : id=35568 removedFromDrawingState ActivityRecord{ebe9b52 u0 com.example.cmput301w24t33/.activities.Organizer} t3076}#35568 (146)
03-08 15:13:51.419  1327  1327 I Layer   : id=35576 removedFromDrawingState 8133dd ActivityRecordInputSink com.example.cmput301w24t33/.activities.Organizer#35576 (146)
03-08 15:13:51.419  1327  1327 I Layer   : id=35607 removedFromDrawingState Surface(name=a2c6971 InputMethod)/@0x3034fd7 - animation-leash of insets_animation#35607 (146)
03-08 15:13:51.420  1327  1327 I SurfaceFlinger: id=35568 Removed ActivityRecord{ebe9b52 u0 com.example.cmput301w24t33/.activities.Organizer} t3076}#35568 (146)
03-08 15:13:51.420  1327  1327 I SurfaceFlinger: id=35584 Removed com.example.cmput301w24t33/com.example.cmput301w24t33.activities.Organizer$_26361#35584 (146)
03-08 15:13:51.420  1327  1327 I SurfaceFlinger: id=35583 Removed 629eaa4 com.example.cmput301w24t33/com.example.cmput301w24t33.activities.Organizer#35583 (146)
03-08 15:13:51.420  1327  1327 I Layer   : id=35568 Destroyed ActivityRecord{ebe9b52 u0 com.example.cmput301w24t33/.activities.Organizer} t3076}#35568
03-08 15:13:51.420  1327  1327 I Layer   : id=35583 Destroyed 629eaa4 com.example.cmput301w24t33/com.example.cmput301w24t33.activities.Organizer#35583
03-08 15:13:51.420  1327  1327 I Layer   : id=35584 Destroyed com.example.cmput301w24t33/com.example.cmput301w24t33.activities.Organizer$_26361#35584
03-08 15:13:51.421  1327  1327 I Layer   : id=35576 Destroyed 8133dd ActivityRecordInputSink com.example.cmput301w24t33/.activities.Organizer#35576
03-08 15:13:51.426  1327  3508 I SurfaceFlinger: id=35607 Removed Surface(name=a2c6971 InputMethod)/@0x3034fd7 - animation-leash of insets_animation#35607 (142)
03-08 15:13:51.428  1472  5162 D InputMethodManagerService: isImeSwitcherDisabledPackage : false
03-08 15:13:51.429 12908 12908 I InputMethodService: removeImeSurface
03-08 15:13:51.429 12908 12908 I MSHandlerLifeCycle: check: return. pkg=com.samsung.android.honeyboard isActivity=false callers=com.android.internal.policy.DecorView.setVisibility:4412 android.app.Dialog.hide:767 android.inputmethodservice.InputMethodService.removeImeSurface:1290 android.inputmethodservice.InputMethodService.scheduleImeSurfaceRemoval:1279 android.inputmethodservice.InputMethodService.-$$Nest$mscheduleImeSurfaceRemoval:0
03-08 15:13:51.429 12908 12908 I MSHandlerLifeCycle: removeMultiSplitHandler: no exist. decor=DecorView@df736f9[InputMethod]
03-08 15:13:51.430  1327  1327 D SurfaceFlinger: Display 4630947232161729153 HWC layers:
03-08 15:13:51.430  1327  1327 D SurfaceFlinger:      CLIENT | 0xb4000074457ff000 | 0102 | RGBA_8888    |    0.0    0.0    0.0    0.0 |    0 2381 1080 2400 | bbq-wrapper#35621
03-08 15:13:51.430  1327  1327 D SurfaceFlinger:      CLIENT | 0xb400007446148d70 | 0102 | RGBA_8888    |    0.0   19.0 1080.0 2400.0 |    0    0 1080 2381 | com.example.cmput301w24t33/com.examp[...]t33.activities.Attendee$_26361#35592
03-08 15:13:51.430  1327  1327 D SurfaceFlinger:      CLIENT | 0xb40000744614af20 | 0102 | RGBA_8888    |    0.0    0.0 1080.0    1.0 |    0    0 1080  333 | bbq-wrapper#35624
03-08 15:13:51.430  1327  1327 D SurfaceFlinger:      CLIENT |              | 0000 |  Unknown  |    0.0    0.0    0.0    0.0 |    0    0 1080 2400 | DimAnimationLayer for ActivityRecord[...]/.activities.Organizer} t3076}#35615
03-08 15:13:51.430  1327  1327 D SurfaceFlinger:      CLIENT | 0xb4000074457ff460 | 0102 | RGBA_8888    |    0.0    0.0 1080.0 2067.0 |    0  333 1080 2400 | com.example.cmput301w24t33/com.examp[...]33.activities.Organizer$_26361#35610
03-08 15:13:51.430  1327  1327 D SurfaceFlinger:      CLIENT | 0xb400007446147170 | 0100 | RGBA_8888    |    0.0    0.0 1080.0   91.0 |    0    0 1080   91 | StatusBar$_2578#95
03-08 15:13:51.430  1327  1327 D SurfaceFlinger:      CLIENT | 0xb400007446147bf0 | 0100 | RGBA_88
03-08 15:13:51.430  1327  1327 D SurfaceFlinger: 88    |    0.0    0.0   67.0  515.0 |    0  301   67  816 | com.samsung.android.app.cocktailbars[...]rvice.CocktailBarService$_5242#35333
03-08 15:13:51.430  1327  1327 D SurfaceFlinger:      CLIENT | 0xb400007446148210 | 0100 | RGBA_8888    |    0.0    0.0 1080.0  126.0 |    0 2274 1080 2400 | NavigationBar0$_2578#89
03-08 15:13:51.430  1327  1327 D SurfaceFlinger:
03-08 15:13:51.436  1327  1327 I Layer   : id=35607 Destroyed Surface(name=a2c6971 InputMethod)/@0x3034fd7 - animation-leash of insets_animation#35607
03-08 15:13:51.443  1472  1877 I GestureDetector: handleMessage TAP
03-08 15:13:51.443  1472  1472 I GestureDetector: handleMessage TAP
03-08 15:13:51.454  1257 28149 I HYPER-HAL: [ResourceManager.cpp]removeResource(): [CPUMaxFreq] RemoveResource Request ID : 12784108
03-08 15:13:51.454  1257 28149 I HYPER-HAL: [RequestManager.cpp]releaseLocked(): Released ID : 12784108
03-08 15:13:51.510  1327  1327 D SurfaceFlinger: Display 4630947232161729153 HWC layers:
03-08 15:13:51.510  1327  1327 D SurfaceFlinger:      CLIENT | 0xb40000744614af20 | 0102 | RGBA_8888    |    0.0    0.0    0.0    0.0 |    0    0 1080   89 | bbq-wrapper#35624
03-08 15:13:51.510  1327  1327 D SurfaceFlinger:      CLIENT |              | 0000 |  Unknown  |    0.0    0.0    0.0    0.0 |    0    0 1080 2400 | DimAnimationLayer for ActivityRecord[...]/.activities.Organizer} t3076}#35615
03-08 15:13:51.510  1327  1327 D SurfaceFlinger:      CLIENT | 0xb4000074457ff5b0 | 0102 | RGBA_8888    |    0.0    0.0 1080.0 2311.0 |    0   89 1080 2400 | com.example.cmput301w24t33/com.examp[...]33.activities.Organizer$_26361#35610
03-08 15:13:51.510  1327  1327 D SurfaceFlinger:      CLIENT | 0xb400007446147170 | 0100 | RGBA_8888    |    0.0    0.0 1080.0   91.0 |    0    0 1080   91 | StatusBar$_2578#95
03-08 15:13:51.510  1327  1327 D SurfaceFlinger:      CLIENT | 0xb400007446147bf0 | 0100 | RGBA_8888    |    0.0    0.0   67.0  515.0 |    0  301   67  816 | com.samsung.android.app.cocktailbars[...]rvice.CocktailBarService$_5242#35333
03-08 15:13:51.510  1327  1327 D SurfaceFlinger:      CLIENT | 0xb400007446148210 | 0100 | RGBA_8888    |    0.0    0.0 1080.0  126.0 |    0 2274 1080 2400 | NavigationBar0$_2578#89
03-08 15:13:51.510  1327  1327 D SurfaceFlinger:
03-08 15:13:51.511 27945 27945 I [WEATHER]LoggerService: {[5C0BA85D5BDED42699E6D325962A0C42C23DBFFB1FEFD6717B36393A110BF9EA]}
03-08 15:13:51.512  5242  5242 I Utils   : isCurrentUser current = 0, ownerId = 0
03-08 15:13:51.513  5242  5242 I TrayVisibilityController: getComputedTrayVisible : keyguardState = 1
03-08 15:13:51.513  5242  5242 I TrayVisibilityController: updateTrayVisible: State=1 visible=1 mCurrentVisible=1 specificMode=0
03-08 15:13:51.513  5242  5242 I TrayStateController: onNotifyUpdateTray: state=0
03-08 15:13:51.514 27945 27945 I [WEATHER]LoggerService: {[5C0BA85D5BDED42699E6D325962A0C42BF3F81A0C613A1ED9E2A7D077A66EED55C647D7B2B341BC701E685F047739D31]}
03-08 15:13:51.515 27945 27945 I [WEATHER]AppTracker: {[D0466952204EBFF3E13D4873907B6C05F0C1E86B96FC6A9A976AA4D2BCB309EF306EA7C6A6E801EEF476955DD6CA81DC3899FD36DAEFCF9FA5A8EA92392E80D3E509E48B4BFD67659D5D5052782EB0E573472A5F52A43F4DE6ACD5D940771E9C0BC742B2117400369BEF3DA8D13575595B3EBF697B82512FB012D4654946AFAB0A39EF6FADC2A87499FDE0FE2036CB48E5E45E6F35E6E6B54C450960BB9DC9AE06EE85E3DE0B1348DD8C1AE9893553F0D83849D93BA600B95474AF30FBE26C36F052E1719FB7305AA88F87DEECB7E03E1A02CD3B8BAD3B0594F9A84FD0E9C41079E238EA2995ABC201C422B16BF2A5F76ABC98837F9699DD3985D8A758F1E51B26D899C4F9797B90764D4910B7AB9244D20E8C2A1E1A39F78A5CEB37B57A0B6D1EE5F4E668510A2390B2299B325149400802FC0DFF851A97F9EF18BB44094BE1014B79E55D79778E3174E65AE94CC11E44455ED79A36760319C698508037310786DC6D6A42D94431820313227D5A7B1806D8E77D6DCB81212205738F316DDFE532DB3C7D52C7925D824E0C8E80ECED0248E08AABDB7F2A46EBF61F784B5E50041DB76C423EC3951949AFD788F7C63772DCD55A174D64ED7A22F00277F2D76F38]}
03-08 15:13:51.515 27945 27945 I [WEATHER]AppTracker: {[BD1B1571DDC41A6AD3CAC884767120D554EF2F8404E7C3A063D0E3758E0AE18470A8EFA68A5B4E7500CDC31D1F35D236190752474E12AD71E054EDFE35FD2BA80E7E69756D909564C3CE5AD0D08E7171]}
03-08 15:13:51.517 27945 27945 I [WEATHER]AppTracker: {[7CD596852974A0D0010951A492265295BB63FE51BDA7B949786B3A7FDB5DA204E76392889F4ED17AFE55E841C793F954AEFFD7781F8B58F074BF8ADCEFF21BFFB357F3E5F032C8A3FC57256DA5903F6D08E0FB33549E41C7FD01430073A482E6DA1A57F13D86F6DA0E244BA93FA9574E961BC18C916624CA862898D5CF42E88AA24B2A152A74593189627B653E2EC0CB48B8E957CF55F24691C957279118EB22A8A4757EE2669BF8B39077C26404766DD5538476C599830E780B38BA2A71116BC50226D32642741A9D8945D99C339FC425EE1C1AA798D06056F5CD824ED63E8973B91B199544ED2D26BE6D77DD72EF0F53A7F097480744EF4306C1E7D5FBC9C72EC54DB502FF6AF8F05B4E3345BAF477E75AEEFCB6F6511F4995C0BC6B39F76C484AEB08E21C1BA99182CB0C6E49222E35631DDA4EACDA8AB150427BCC95C8D94E99CBF9D3EA97957BA8FD07EE9514134639495F332F44E65CFF81CE93918C7ED782B59AA6AB7ABA121D1313630A8256AD59330E93A2CB1DB02A4E5D56922CC4DBBC2173B64CA08086181FD705EF9890A9E91F463BAC514FCA7BE3EF3B9DB23558C43E2F82DC8C82207BE49ED2EF2997B243E1D7C72599CE25671D842FD6E4D9DA4BFFB8E8849AD310FD1426C853325931B1A8893140E395D21156FD9AEC88E564AFCF631B2E6AA211796F706F03B168]}
