03-08 15:13:45.832  1273  1344 E ANDR-PERF-OPTSHANDLER: can't set low latency for tid 3258
03-08 15:13:45.832  1273  1344 E ANDR-PERF-RESOURCEQS: Failed to apply optimization [3, 52]
03-08 15:13:45.832  1273  1344 E ANDR-PERF-UTIL: Failed to update node /proc/5771/sched_low_latency with value 1
03-08 15:13:45.832  1273  1344 E ANDR-PERF-OPTSHANDLER: can't set low latency for tid 5771
03-08 15:13:45.832  1273  1344 E ANDR-PERF-RESOURCEQS: Failed to apply optimization [3, 52]
03-08 15:13:45.832  1273  1344 E ANDR-PERF-UTIL: Failed to update node /proc/5770/sched_low_latency with value 1
03-08 15:13:45.832  1273  1344 E ANDR-PERF-OPTSHANDLER: can't set low latency for tid 5770
03-08 15:13:45.832  1273  1344 E ANDR-PERF-RESOURCEQS: Failed to apply optimization [3, 52]
03-08 15:13:45.832  1273  1344 E ANDR-PERF-UTIL: Failed to update node /proc/5393/sched_low_latency with value 1
03-08 15:13:45.832  1273  1344 E ANDR-PERF-OPTSHANDLER: can't set low latency for tid 5393
03-08 15:13:45.832  1273  1344 E ANDR-PERF-RESOURCEQS: Failed to apply optimization [3, 52]
03-08 15:13:45.832  1273  1344 E ANDR-PERF-UTIL: Failed to read /proc/sys/kernel/walt_low_latency_task_threshold
03-08 15:13:45.832  1273  1344 E ANDR-PERF-OPTSHANDLER: Failed to read /proc/sys/kernel/walt_low_latency_task_threshold
03-08 15:13:45.832  1273  1344 E ANDR-PERF-RESOURCEQS: Failed to apply optimization [3, 54]
03-08 15:13:45.839 27373 27373 I DecorView: [INFO] isPopOver=false config=true
03-08 15:13:45.839 27373 27373 I DecorView: updateCaptionType: isFloating=false isApplication=true hasWindowDecorCaption=false this=DecorView@ce0e427[]
03-08 15:13:45.839 27373 27373 D DecorView: setCaptionType = 0, this = DecorView@ce0e427[]
03-08 15:13:45.841 27373 27373 I DecorView: getCurrentDensityDpi: from real metrics. densityDpi=420 msg=resources_loaded
03-08 15:13:45.841 27373 27373 I DecorView: setWindowBackground: isPopOver=false color=ffffffff d=android.graphics.drawable.ColorDrawable@407207d
03-08 15:13:45.842  5242  5242 I ActivityUtils: HomePackage : com.sec.android.app.launcher, resumePackageName : com.example.cmput301w24t33.test
03-08 15:13:45.845   679   679 W keymaster_tee: [WRN]begin req PARAMS: A32 B2 P64
03-08 15:13:45.845  1472  3678 I MediaSessionMonitor: Media session stopped : diffrent pkg
03-08 15:13:45.846 27373 27373 I MSHandlerLifeCycle: check: return. pkg=com.example.cmput301w24t33.test parent=null callers=com.android.internal.policy.DecorView.setVisibility:4412 android.app.ActivityThread.handleResumeActivity:5476 android.app.servertransaction.ResumeActivityItem.execute:54 android.app.servertransaction.ActivityTransactionItem.execute:45 android.app.servertransaction.TransactionExecutor.executeLifecycleState:176
03-08 15:13:45.846 27373 27373 I MSHandlerLifeCycle: removeMultiSplitHandler: no exist. decor=DecorView@ce0e427[]
03-08 15:13:45.850 27373 27457 D NativeCustomFrequencyManager: [NativeCFMS] BpCustomFrequencyManager::BpCustomFrequencyManager()
03-08 15:13:45.857   679   679 D keymaster_swd: keymaster_swd [WRN] (swd_run_cb:257) swd_begin() returns 0
03-08 15:13:45.859  1472  2020 I libprocessgroup: Successfully killed process cgroup uid 1000 pid 27538 in 0ms
03-08 15:13:45.860  1472  5032 D InputTransport: Input channel constructed: 'fa77b0d', fd=743
03-08 15:13:45.860  1472  5032 D InputTransport: Input channel constructed: 'fa77b0d', fd=921
03-08 15:13:45.860  1472  5032 D InputTransport: Input channel constructed: 'fa77b0d', fd=948
03-08 15:13:45.861   603   603 I lmkd    : cached 3, sandbox(not0) 0
03-08 15:13:45.861  1327  3508 I SurfaceFlinger: id=35445 createSurf, flag=80004, fa77b0d com.example.cmput301w24t33.test/androidx.test.core.app.InstrumentationActivityInvoker$EmptyActivity#35445
03-08 15:13:45.861  1180  1180 I Zygote  : Process 27538 exited due to signal 9 (Killed)
03-08 15:13:45.862  1472  5032 D InputTransport: Input channel destroyed: 'fa77b0d', fd=948
03-08 15:13:45.864 27373 27373 D InsetsController: onStateChanged: InsetsState: {mDisplayFrame=Rect(0, 0 - 1080, 2400), mDisplayCutout=DisplayCutout{insets=Rect(0, 91 - 0, 0) waterfall=Insets{left=0, top=0, right=0, bottom=0} boundingRect={Bounds=[Rect(0, 0 - 0, 0), Rect(503, 0 - 577, 91), Rect(0, 0 - 0, 0), Rect(0, 0 - 0, 0)]} cutoutPathParserInfo={CutoutPathParserInfo{displayWidth=1080 displayHeight=2400 physicalDisplayWidth=1080 physicalDisplayHeight=2400 density={2.625} cutoutSpec={M 0,0 H -14.0952380952381 V 34.66666666666667 H 14.0952380952381 V 0 H 0 Z @dp} rotation={0} scale={1.0} physicalPixelDisplaySizeRatio={1.0}}}}, mRoundedCorners=RoundedCorners{[RoundedCorner{position=TopLeft, radius=84, center=Point(84, 84)}, RoundedCorner{position=TopRight, radius=84, center=Point(996, 84)}, RoundedCorner{position=BottomRight, radius=84, center=Point(996, 2316)}, RoundedCorner{position=BottomLeft, radius=84, center=Point(84, 2316)}]}  mRoundedCornerFrame=Rect(0, 0 - 1080, 2400), mPrivacyIndicatorBounds=PrivacyIndicatorBounds {static bounds=Rect(964, 0 - 1080, 91) rotation=0}, mSources= { InsetsSource: {mType=ITYPE_STATUS_BAR, mFrame=[0,0][1080,91], mVisible=true, mInsetsRoundedCornerFrame=false}, InsetsSource: {mType=ITYPE_NAVIGATION_BAR, mFrame=[0,2274][1080,2400], mVisible=true, mInsetsRoundedCornerFrame=false}, InsetsSource: {mType=ITYPE_LEFT_GESTURES, mFrame=[0,0][0,2400], mVisible=true, mInsetsRoundedCornerFrame=false}, InsetsSource: {mType=ITYPE_RIGHT_GESTURES, mFrame=[1080,0][1080,2400], mVisible=true, mInsetsRoundedCornerFrame=false}, InsetsSource: {mType=ITYPE_TOP_MANDATORY_GESTURES, mFrame=[0,0][1080,123], mVisible=true, mInsetsRoundedCornerFrame=false}, InsetsSource: {mType=ITYPE_BOTTOM_MANDATORY_GESTURES, mFrame=[0,2274][1080,2400], mVisible=true, mInsetsRoundedCornerFrame=false}, InsetsSource: {mType=ITYPE_LEFT_DISPLAY_CUTOUT, mFrame=[0,0][-100000,2400], mVisible=true, mInsetsRoundedCornerFrame=false}, InsetsSource: {mType=ITYPE_TOP_DISPLAY_CUTOUT, mFrame=[0,0][1080,91], mVisible=true, mInsetsRoundedCornerFrame=false}, InsetsSource: {mType=ITYPE_RIGHT_DISPLAY_CUTOUT, mFrame=[100000,0][1080,2400], mVisible=true, mInsetsRoundedCornerFrame=false}, InsetsSource: {mType=ITYPE_BOTTOM_DISPLAY_CUTOUT, mFrame=[0,100000][1080,2400], mVisible=true, mInsetsRoundedCornerFrame=false}, InsetsSource: {mType=ITYPE_TOP_TAPPABLE_ELEMENT, mFrame=[0,0][1080,91], mVisible=true, mInsetsRoundedCornerFrame=false}, InsetsSource: {mType=ITYPE_BOTTOM_TAPPABLE_ELEMENT, mFrame=[0,2274][1080,2400], mVisible=true, mInsetsRoundedCornerFrame=false} } host=com.example.cmput301w24t33.test/androidx.test.core.app.InstrumentationActivityInvoker$EmptyActivity from=android.view.ViewRootImpl.setView:1732
03-08 15:13:45.867 27373 27373 I ViewRootImpl@8f2ec40[InstrumentationActivityInvoker$EmptyActivity]: setView = com.android.internal.policy.DecorView@ce0e427 TM=true
03-08 15:13:45.868 27373 27373 I MSHandlerLifeCycle: removeMultiSplitHandler: no exist. decor=DecorView@ce0e427[InstrumentationActivityInvoker$EmptyActivity]
03-08 15:13:45.869  2578  2664 D NativeCustomFrequencyManager: [NativeCFMS] BpCustomFrequencyManager::BpCustomFrequencyManager()
03-08 15:13:45.871 27808 27808 V GraphicsEnvironment: ANGLE Developer option for 'com.android.vending' set to: 'default'
03-08 15:13:45.872 27808 27808 V GraphicsEnvironment: ANGLE GameManagerService for com.android.vending: false
03-08 15:13:45.872   679   679 D keymaster_swd: keymaster_swd [WRN] (swd_run_cb:257) swd_update() returns 0
03-08 15:13:45.872  1472  6022 D InputTransport: Input channel constructed: '916174b', fd=948
03-08 15:13:45.873  1472  6022 D InputTransport: Input channel constructed: '916174b', fd=953
03-08 15:13:45.873  1472  6022 D InputTransport: Input channel constructed: '916174b', fd=1075
03-08 15:13:45.873  1327  2100 I SurfaceFlinger: id=35446 createSurf, flag=80004, 916174b Splash Screen com.example.cmput301w24t33.test#35446
03-08 15:13:45.875   679   679 D keymaster_swd: keymaster_swd [WRN] (swd_run_cb:257) swd_finish() returns 0
03-08 15:13:45.875  1472  6022 D InputTransport: Input channel destroyed: '916174b', fd=1075
03-08 15:13:45.875 27743 27743 I [PASS][SPASS]ServicePolicyManager: isUpdatable : policy updated 0 hours ago. 1709935253612
03-08 15:13:45.875 27743 27743 I [PASS][SPASS]ServicePolicyManager: updateServicePolicy : SACountryCode(CA-), modelName(SM-A715W), salesCode(KDO), appVersion(4.3.03.10), isUpdatable(false)
03-08 15:13:45.876  2578  2656 D InsetsController: onStateChanged: InsetsState: {mDisplayFrame=Rect(0, 0 - 1080, 2400), mDisplayCutout=DisplayCutout{insets=Rect(0, 91 - 0, 0) waterfall=Insets{left=0, top=0, right=0, bottom=0} boundingRect={Bounds=[Rect(0, 0 - 0, 0), Rect(503, 0 - 577, 91), Rect(0, 0 - 0, 0), Rect(0, 0 - 0, 0)]} cutoutPathParserInfo={CutoutPathParserInfo{displayWidth=1080 displayHeight=2400 physicalDisplayWidth=1080 physicalDisplayHeight=2400 density={2.625} cutoutSpec={M 0,0 H -14.0952380952381 V 34.66666666666667 H 14.0952380952381 V 0 H 0 Z @dp} rotation={0} scale={1.0} physicalPixelDisplaySizeRatio={1.0}}}}, mRoundedCorners=RoundedCorners{[RoundedCorner{position=TopLeft, radius=84, center=Point(84, 84)}, RoundedCorner{position=TopRight, radius=84, center=Point(996, 84)}, RoundedCorner{position=BottomRight, radius=84, center=Point(996, 2316)}, RoundedCorner{position=BottomLeft, radius=84, center=Point(84, 2316)}]}  mRoundedCornerFrame=Rect(0, 0 - 1080, 2400), mPrivacyIndicatorBounds=PrivacyIndicatorBounds {static bounds=Rect(964, 0 - 1080, 91) rotation=0}, mSources= { InsetsSource: {mType=ITYPE_STATUS_BAR, mFrame=[0,0][1080,91], mVisible=true, mInsetsRoundedCornerFrame=false}, InsetsSource: {mType=ITYPE_NAVIGATION_BAR, mFrame=[0,2274][1080,2400], mVisible=true, mInsetsRoundedCornerFrame=false}, InsetsSource: {mType=ITYPE_LEFT_GESTURES, mFrame=[0,0][0,2400], mVisible=true, mInsetsRoundedCornerFrame=false}, InsetsSource: {mType=ITYPE_RIGHT_GESTURES, mFrame=[1080,0][1080,2400], mVisible=true, mInsetsRoundedCornerFrame=false}, InsetsSource: {mType=ITYPE_TOP_MANDATORY_GESTURES, mFrame=[0,0][1080,123], mVisible=true, mInsetsRoundedCornerFrame=false}, InsetsSource: {mType=ITYPE_BOTTOM_MANDATORY_GESTURES, mFrame=[0,2274][1080,2400], mVisible=true, mInsetsRoundedCornerFrame=false}, InsetsSource: {mType=ITYPE_LEFT_DISPLAY_CUTOUT, mFrame=[0,0][-100000,2400], mVisible=true, mInsetsRoundedCornerFrame=false}, InsetsSource: {mType=ITYPE_TOP_DISPLAY_CUTOUT, mFrame=[0,0][1080,91], mVisible=true, mInsetsRoundedCornerFrame=false}, InsetsSource: {mType=ITYPE_RIGHT_DISPLAY_CUTOUT, mFrame=[100000,0][1080,2400], mVisible=true, mInsetsRoundedCornerFrame=false}, InsetsSource: {mType=ITYPE_BOTTOM_DISPLAY_CUTOUT, mFrame=[0,100000][1080,2400], mVisible=true, mInsetsRoundedCornerFrame=false}, InsetsSource: {mType=ITYPE_TOP_TAPPABLE_ELEMENT, mFrame=[0,0][1080,91], mVisible=true, mInsetsRoundedCornerFrame=false}, InsetsSource: {mType=ITYPE_BOTTOM_TAPPABLE_ELEMENT, mFrame=[0,2274][1080,2400], mVisible=true, mInsetsRoundedCornerFrame=false}, InsetsSource: {mType=ITYPE_IME, mFrame=[0,0][0,0], mVisibleFrame=[0,1409][1080,2400], mVisible=false, mInsetsRoundedCornerFrame=false} } host=Splash Screen com.example.cmput301w24t33.test from=android.view.ViewRootImpl.setView:1732
03-08 15:13:45.877  2578  2656 I ViewRootImpl@31b67b2[test]: setView = android.widget.FrameLayout@dd44cfe TM=true
03-08 15:13:45.878  2578  2656 I ViewRootImpl@31b67b2[test]: performTraversals params={(0,0)(fillxfill) sim={adjust=pan} ty=APPLICATION_STARTING fmt=TRANSLUCENT
03-08 15:13:45.878  2578  2656 I ViewRootImpl@31b67b2[test]:   fl=81030118
03-08 15:13:45.878  2578  2656 I ViewRootImpl@31b67b2[test]:   pfl=16000010
03-08 15:13:45.878  2578  2656 I ViewRootImpl@31b67b2[test]:   apr=LIGHT_STATUS_BARS LIGHT_NAVIGATION_BARS
03-08 15:13:45.878  2578  2656 I ViewRootImpl@31b67b2[test]:   bhv=DEFAULT
03-08 15:13:45.878  2578  2656 I ViewRootImpl@31b67b2[test]:   fitSides= naviIconColor=0}
03-08 15:13:45.879  2578  2656 I ViewRootImpl@31b67b2[test]: performTraversals mFirst=true windowShouldResize=true viewVisibilityChanged=false mForceNextWindowRelayout=false params={(0,0)(fillxfill) sim={adjust=pan} ty=APPLICATION_STARTING fmt=TRANSLUCENT
03-08 15:13:45.879  2578  2656 I ViewRootImpl@31b67b2[test]:   fl=81030118
03-08 15:13:45.879  2578  2656 I ViewRootImpl@31b67b2[test]:   pfl=16000010
03-08 15:13:45.879  2578  2656 I ViewRootImpl@31b67b2[test]:   apr=LIGHT_STATUS_BARS LIGHT_NAVIGATION_BARS
03-08 15:13:45.879  2578  2656 I ViewRootImpl@31b67b2[test]:   bhv=DEFAULT
03-08 15:13:45.879  2578  2656 I ViewRootImpl@31b67b2[test]:   fitSides= naviIconColor=0}
03-08 15:13:45.880   603   603 I lmkd    : cached 3, sandbox(not0) 0
03-08 15:13:45.880   679   679 W keymaster_tee: [WRN]begin req PARAMS: A32 B2 P64
03-08 15:13:45.883  1472  6022 V WindowManager: Relayout Window{916174b u0 Splash Screen com.example.cmput301w24t33.test}: viewVisibility=0 req=1080x2400 d0
03-08 15:13:45.883 27808 27808 D NetworkSecurityConfig: No Network Security Config specified, using platform default
03-08 15:13:45.883 27373 27373 I ViewRootImpl@8f2ec40[InstrumentationActivityInvoker$EmptyActivity]: performTraversals params={(0,0)(fillxfill) sim={adjust=pan forwardNavigation} ty=BASE_APPLICATION
03-08 15:13:45.883 27373 27373 I ViewRootImpl@8f2ec40[InstrumentationActivityInvoker$EmptyActivity]:   fl=81810100
03-08 15:13:45.883 27373 27373 I ViewRootImpl@8f2ec40[InstrumentationActivityInvoker$EmptyActivity]:   pfl=12020040
03-08 15:13:45.883 27373 27373 I ViewRootImpl@8f2ec40[InstrumentationActivityInvoker$EmptyActivity]:   bhv=DEFAULT
03-08 15:13:45.883 27373 27373 I ViewRootImpl@8f2ec40[InstrumentationActivityInvoker$EmptyActivity]:   fitSides= naviIconColor=0
03-08 15:13:45.883 27373 27373 I ViewRootImpl@8f2ec40[InstrumentationActivityInvoker$EmptyActivity]:   sfl=100000}
03-08 15:13:45.884  1327  2100 I SurfaceFlinger: id=35447 createSurf, flag=40004, Splash Screen com.example.cmput301w24t33.test$_2578#35447
03-08 15:13:45.884   679   679 D keymaster_swd: keymaster_swd [WRN] (swd_run_cb:257) swd_begin() returns 0
03-08 15:13:45.886 27373 27373 I ViewRootImpl@8f2ec40[InstrumentationActivityInvoker$EmptyActivity]: performTraversals mFirst=true windowShouldResize=true viewVisibilityChanged=false mForceNextWindowRelayout=false params={(0,0)(fillxfill) sim={adjust=pan forwardNavigation} ty=BASE_APPLICATION
03-08 15:13:45.886 27373 27373 I ViewRootImpl@8f2ec40[InstrumentationActivityInvoker$EmptyActivity]:   fl=81810100
03-08 15:13:45.886 27373 27373 I ViewRootImpl@8f2ec40[InstrumentationActivityInvoker$EmptyActivity]:   pfl=12020040
03-08 15:13:45.886 27373 27373 I ViewRootImpl@8f2ec40[InstrumentationActivityInvoker$EmptyActivity]:   bhv=DEFAULT
03-08 15:13:45.886 27373 27373 I ViewRootImpl@8f2ec40[InstrumentationActivityInvoker$EmptyActivity]:   fitSides= naviIconColor=0
03-08 15:13:45.886 27373 27373 I ViewRootImpl@8f2ec40[InstrumentationActivityInvoker$EmptyActivity]:   sfl=100000}
03-08 15:13:45.886   679   679 D keymaster_swd: keymaster_swd [WRN] (swd_run_cb:257) swd_update() returns 0
03-08 15:13:45.888   679   679 D keymaster_swd: keymaster_swd [WRN] (swd_run_cb:257) swd_finish() returns 0
03-08 15:13:45.888 27808 27808 D NetworkSecurityConfig: No Network Security Config specified, using platform default
03-08 15:13:45.889 27743 27743 I [PASS][SPASS]ServicePolicyManager: isUpdatable : policy updated 0 hours ago. 1709935253612
03-08 15:13:45.889 27743 27743 I [PASS][SPASS]SPassApplication: updateServicePolicy false
03-08 15:13:45.889  4995  4995 W DMASA[U]: [AppLogData]onTrimMemory(10):1709936025889
03-08 15:13:45.891   603   603 I lmkd    : cached 3, sandbox(not0) 0
03-08 15:13:45.892  3407  3407 W DeviceManager_FLP: onTrimMemory : 10
03-08 15:13:45.892  3407  3453 I GpsSessionManager_FLP: arrangeInvalidSessions
03-08 15:13:45.896  4995  4995 I id.diagmonagent: Explicit concurrent copying GC freed 472(64KB) AllocSpace objects, 0(0B) LOS objects, 70% free, 2629KB/8773KB, paused 28us,17us total 6.876ms
03-08 15:13:45.897  4995  4995 W DMASA[C]: [DiagMonAgentApplication]onTrimMemory (10)
03-08 15:13:45.897 10975 10975 I MCFQS   : (DeviceConnectionService) onTrimMemory()-[td:main] level: 10
03-08 15:13:45.900 27487 27487 I [AUTHFW][PASS]AuthFwApp: otlv10
03-08 15:13:45.902   603   603 I lmkd    : cached 3, sandbox(not0) 0
03-08 15:13:45.905  1537  2198 I CameraService: onUidStateChanged: uid=10052, procState is changed. (0 -> 1)
03-08 15:13:45.906  3258  9968 I RecentModel: onTaskStackChangedBackground
03-08 15:13:45.907 12908 12908 I HBD     : HoneyBoardService onTrimMemory 10
03-08 15:13:45.913   603   603 I lmkd    : cached 3, sandbox(not0) 0
03-08 15:13:45.920  1472  6022 V WindowManager: Relayout hash=916174b, pid=2578, syncId=-1: mAttrs={(0,0)(fillxfill) sim={adjust=pan} ty=APPLICATION_STARTING fmt=TRANSLUCENT
03-08 15:13:45.920  1472  6022 V WindowManager:   fl=81030118
03-08 15:13:45.920  1472  6022 V WindowManager:   pfl=16000010
03-08 15:13:45.920  1472  6022 V WindowManager:   apr=LIGHT_STATUS_BARS LIGHT_NAVIGATION_BARS
03-08 15:13:45.920  1472  6022 V WindowManager:   bhv=DEFAULT
03-08 15:13:45.920  1472  6022 V WindowManager:   fitSides= naviIconColor=0}
03-08 15:13:45.921  2578  2656 I ViewRootImpl@31b67b2[test]: updateBlastSurfaceIfNeeded mBlastBufferQueue=null isSameSurfaceControl=false
03-08 15:13:45.921 27743 27743 W [PASS][CMN]PackageUtil: Can not find package [com.samsung.android.spaymini]
03-08 15:13:45.921  2578  2656 I BLASTBufferQueue: new BLASTBufferQueue, mName= ViewRootImpl@31b67b2[test] mNativeObject= 0xb400007c5206e100 sc.mNativeObject= 0xb400007c662a0500 caller= android.view.ViewRootImpl.updateBlastSurfaceIfNeeded:2909 android.view.ViewRootImpl.relayoutWindow:9847 android.view.ViewRootImpl.performTraversals:3884 android.view.ViewRootImpl.doTraversal:3116 android.view.ViewRootImpl$TraversalRunnable.run:10885 android.view.Choreographer$CallbackRecord.run:1301 android.view.Choreographer$CallbackRecord.run:1309 android.view.Choreographer.doCallbacks:923 android.view.Choreographer.doFrame:852 android.view.Choreographer$FrameDisplayEventReceiver.run:1283
03-08 15:13:45.922  1307  2052 D DlbDap2Process: process() called [5380500] times with input format 0x22 and channel mask 0x3 (ProcessingMode=8), htEnable=0(0, 0, 0)
03-08 15:13:45.922  2578  2656 I BLASTBufferQueue: update, w= 1080 h= 2400 mName = ViewRootImpl@31b67b2[test] mNativeObject= 0xb400007c5206e100 sc.mNativeObject= 0xb400007c662a0500 format= -3 caller= android.graphics.BLASTBufferQueue.<init>:84 android.view.ViewRootImpl.updateBlastSurfaceIfNeeded:2909 android.view.ViewRootImpl.relayoutWindow:9847 android.view.ViewRootImpl.performTraversals:3884 android.view.ViewRootImpl.doTraversal:3116 android.view.ViewRootImpl$TraversalRunnable.run:10885
03-08 15:13:45.922  2578  2656 I ViewRootImpl@31b67b2[test]: Relayout returned: old=(0,0,1080,2400) new=(0,0,1080,2400) req=(1080,2400)0 dur=42 res=0x3 s={true 0xb400007c529ac000} ch=true seqId=0
03-08 15:13:45.923  2578  2578 D SystemUIService: SYSUI_RAM_OPTIMIZATION onTrimMemory=10
03-08 15:13:45.923  2578  2656 I ViewRootImpl@31b67b2[test]: mThreadedRenderer.initialize() mSurface={isValid=true 0xb400007c529ac000} hwInitialized=true
03-08 15:13:45.923  2578  2664 D OpenGLRenderer: eglCreateWindowSurface
03-08 15:13:45.924   603   603 I lmkd    : cached 3, sandbox(not0) 0
03-08 15:13:45.928 27743 27743 I [PASS][CMN]DrawableCache: clearData LruCache[maxSize=32768,hits=0,misses=0,hitRate=0%]
03-08 15:13:45.928  1472  5160 V WindowManager: Relayout Window{fa77b0d u0 com.example.cmput301w24t33.test/androidx.test.core.app.InstrumentationActivityInvoker$EmptyActivity}: viewVisibility=0 req=1080x2400 d0
03-08 15:13:45.928 27743 27743 I [PASS][SPASS]SmpEventReceiver: onReceive com.samsung.android.sdk.smp.smpInitResult
03-08 15:13:45.928 27743 27743 I [PASS][SPASS]SmpEventReceiver: smp init success
03-08 15:13:45.928  1327  3508 I SurfaceFlinger: id=35448 createSurf, flag=40004, com.example.cmput301w24t33.test/androidx.test.core.app.InstrumentationActivityInvoker$EmptyActivity$_27373#35448
03-08 15:13:45.930 27743 27743 I [PASS][PASS]PassService: onBind:SamsungPassService
03-08 15:13:45.932  1327  2100 I SurfaceFlinger: id=35449 createSurf, flag=24000, Surface(name=c9f16ce StatusBar)/@0xc28a9d9 - animation-leash of insets_animation#35449
03-08 15:13:45.933  1327  2100 I SurfaceFlinger: id=35450 createSurf, flag=24000, Surface(name=296f76f NavigationBar0)/@0x8bb6395 - animation-leash of insets_animation#35450
03-08 15:13:45.935  1472  5160 V WindowManager: Relayout hash=fa77b0d, pid=27373, syncId=-1: mAttrs={(0,0)(fillxfill) sim={adjust=pan forwardNavigation} ty=BASE_APPLICATION
03-08 15:13:45.935  1472  5160 V WindowManager:   fl=81810100
03-08 15:13:45.935  1472  5160 V WindowManager:   pfl=12020040
03-08 15:13:45.935  1472  5160 V WindowManager:   apr=LIGHT_NAVIGATION_BARS
03-08 15:13:45.935  1472  5160 V WindowManager:   bhv=DEFAULT
03-08 15:13:45.935  1472  5160 V WindowManager:   fitSides= naviIconColor=0
03-08 15:13:45.935  1472  5160 V WindowManager:   sfl=100000}
03-08 15:13:45.938  2578  2656 I ViewRootImpl@31b67b2[test]: reportNextDraw android.view.ViewRootImpl.performTraversals:4438 android.view.ViewRootImpl.doTraversal:3116 android.view.ViewRootImpl$TraversalRunnable.run:10885 android.view.Choreographer$CallbackRecord.run:1301 android.view.Choreographer$CallbackRecord.run:1309
03-08 15:13:45.938  2578  2656 I ViewRootImpl@31b67b2[test]: Setup new sync id=0
03-08 15:13:45.938  2578  2656 I ViewRootImpl@31b67b2[test]: Setting syncFrameCallback
03-08 15:13:45.938  2578  2656 I ViewRootImpl@31b67b2[test]: registerCallbacksForSync syncBuffer=false
03-08 15:13:45.938 27373 27373 D InsetsController: onStateChanged: InsetsState: {mDisplayFrame=Rect(0, 0 - 1080, 2400), mDisplayCutout=DisplayCutout{insets=Rect(0, 91 - 0, 0) waterfall=Insets{left=0, top=0, right=0, bottom=0} boundingRect={Bounds=[Rect(0, 0 - 0, 0), Rect(503, 0 - 577, 91), Rect(0, 0 - 0, 0), Rect(0, 0 - 0, 0)]} cutoutPathParserInfo={CutoutPathParserInfo{displayWidth=1080 displayHeight=2400 physicalDisplayWidth=1080 physicalDisplayHeight=2400 density={2.625} cutoutSpec={M 0,0 H -14.0952380952381 V 34.66666666666667 H 14.0952380952381 V 0 H 0 Z @dp} rotation={0} scale={1.0} physicalPixelDisplaySizeRatio={1.0}}}}, mRoundedCorners=RoundedCorners{[RoundedCorner{position=TopLeft, radius=84, center=Point(84, 84)}, RoundedCorner{position=TopRight, radius=84, center=Point(996, 84)}, RoundedCorner{position=BottomRight, radius=84, center=Point(996, 2316)}, RoundedCorner{position=BottomLeft, radius=84, center=Point(84, 2316)}]}  mRoundedCornerFrame=Rect(0, 0 - 1080, 2400), mPrivacyIndicatorBounds=PrivacyIndicatorBounds {static bounds=Rect(964, 0 - 1080, 91) rotation=0}, mSources= { InsetsSource: {mType=ITYPE_STATUS_BAR, mFrame=[0,0][1080,91], mVisible=true, mInsetsRoundedCornerFrame=false}, InsetsSource: {mType=ITYPE_NAVIGATION_BAR, mFrame=[0,2274][1080,2400], mVisible=true, mInsetsRoundedCornerFrame=false}, InsetsSource: {mType=ITYPE_LEFT_GESTURES, mFrame=[0,0][0,2400], mVisible=true, mInsetsRoundedCornerFrame=false}, InsetsSource: {mType=ITYPE_RIGHT_GESTURES, mFrame=[1080,0][1080,2400], mVisible=true, mInsetsRoundedCornerFrame=false}, InsetsSource: {mType=ITYPE_TOP_MANDATORY_GESTURES, mFrame=[0,0][1080,123], mVisible=true, mInsetsRoundedCornerFrame=false}, InsetsSource: {mType=ITYPE_BOTTOM_MANDATORY_GESTURES, mFrame=[0,2274][1080,2400], mVisible=true, mInsetsRoundedCornerFrame=false}, InsetsSource: {mType=ITYPE_LEFT_DISPLAY_CUTOUT, mFrame=[0,0][-100000,2400], mVisible=true, mInsetsRoundedCornerFrame=false}, InsetsSource: {mType=ITYPE_TOP_DISPLAY_CUTOUT, mFrame=[0,0][1080,91], mVisible=true, mInsetsRoundedCornerFrame=false}, InsetsSource: {mType=ITYPE_RIGHT_DISPLAY_CUTOUT, mFrame=[100000,0][1080,2400], mVisible=true, mInsetsRoundedCornerFrame=false}, InsetsSource: {mType=ITYPE_BOTTOM_DISPLAY_CUTOUT, mFrame=[0,100000][1080,2400], mVisible=true, mInsetsRoundedCornerFrame=false}, InsetsSource: {mType=ITYPE_TOP_TAPPABLE_ELEMENT, mFrame=[0,0][1080,91], mVisible=true, mInsetsRoundedCornerFrame=false}, InsetsSource: {mType=ITYPE_BOTTOM_TAPPABLE_ELEMENT, mFrame=[0,2274][1080,2400], mVisible=true, mInsetsRoundedCornerFrame=false}, InsetsSource: {mType=ITYPE_IME, mFrame=[0,0][0,0], mVisibleFrame=[0,1409][1080,2400], mVisible=false, mInsetsRoundedCornerFrame=false} } host=com.example.cmput301w24t33.test/androidx.test.core.app.InstrumentationActivityInvoker$EmptyActivity from=android.view.ViewRootImpl.relayoutWindow:9802
03-08 15:13:45.940 27487 27487 I [PASS][SDK]h: onServiceConnected
03-08 15:13:45.940  1327  1327 I Layer   : id=35438 removedFromDrawingState Surface(name=c9f16ce StatusBar)/@0xc28a9d9 - animation-leash of insets_animation#35438 (138)
03-08 15:13:45.940 27487 27487 I [AUTHFW][PASS]AuthFwApp: Samsung Pass Service is connected
03-08 15:13:45.940  1327  1327 I Layer   : id=35439 removedFromDrawingState Surface(name=296f76f NavigationBar0)/@0x8bb6395 - animation-leash of insets_animation#35439 (138)
03-08 15:13:45.940  1327  1413 I SurfaceFlinger: id=35438 Removed Surface(name=c9f16ce StatusBar)/@0xc28a9d9 - animation-leash of insets_animation#35438 (138)
03-08 15:13:45.940  1327  1327 I SurfaceFlinger: id=35439 Removed Surface(name=296f76f NavigationBar0)/@0x8bb6395 - animation-leash of insets_animation#35439 (138)
03-08 15:13:45.940  1327  1327 I Layer   : id=35438 Destroyed Surface(name=c9f16ce StatusBar)/@0xc28a9d9 - animation-leash of insets_animation#35438
03-08 15:13:45.940  1327  1327 I Layer   : id=35439 Destroyed Surface(name=296f76f NavigationBar0)/@0x8bb6395 - animation-leash of insets_animation#35439
03-08 15:13:45.940  2578  2712 I ViewRootImpl@31b67b2[test]: Received frameDrawingCallback syncResult=0 frameNum=1.
03-08 15:13:45.940  2578  2712 I ViewRootImpl@31b67b2[test]: Setting up sync and frameCommitCallback
03-08 15:13:45.941  2578  2664 I BLASTBufferQueue: [ViewRootImpl@31b67b2[test]#942](f:0,a:0) onFrameAvailable the first frame is available
03-08 15:13:45.941 27373 27373 I ViewRootImpl@8f2ec40[InstrumentationActivityInvoker$EmptyActivity]: updateBlastSurfaceIfNeeded mBlastBufferQueue=null isSameSurfaceControl=false
03-08 15:13:45.942  2578  2664 I ViewRootImpl@31b67b2[test]: Received frameCommittedCallback lastAttemptedDrawFrameNum=1 didProduceBuffer=true
03-08 15:13:45.942  2578  2664 D OpenGLRenderer: CFMS:: SetUp Pid : 2578    Tid : 2664
03-08 15:13:45.942  1472  1496 I system_server: NativeAlloc concurrent copying GC freed 679151(26MB) AllocSpace objects, 76(3192KB) LOS objects, 18% free, 103MB/127MB, paused 828us,527us total 879.396ms
03-08 15:13:45.942  2578  2664 W Parcel  : Expecting binder but got null!
03-08 15:13:45.943  2578  2656 I ViewRootImpl@31b67b2[test]: onSyncComplete
03-08 15:13:45.943  2578  2656 I ViewRootImpl@31b67b2[test]: setupSync seqId=0 mSyncId=0 fn=1 caller=android.view.ViewRootImpl$$ExternalSyntheticLambda11.accept:6 android.window.SurfaceSyncer.lambda$setupSync$1$android-window-SurfaceSyncer:128 android.window.SurfaceSyncer$$ExternalSyntheticLambda1.accept:8 android.window.SurfaceSyncer$SyncSet.checkIfSyncIsComplete:382 android.window.SurfaceSyncer$SyncSet.markSyncReady:359 android.window.SurfaceSyncer.markSyncReady:151 android.view.ViewRootImpl.performTraversals:4503
03-08 15:13:45.943  2578  2656 I ViewRootImpl@31b67b2[test]: reportDrawFinished seqId=0 mSyncId=-1 fn=1 mSurfaceChangedTransaction=0xb400007c81ff5f00
03-08 15:13:45.943 27808 27808 I Finsky:background: [2] krm.i(82): Process created at version: 39.9.31-31 [0] [PR] 610866660
03-08 15:13:45.944 27373 27373 I BLASTBufferQueue: new BLASTBufferQueue, mName= ViewRootImpl@8f2ec40[InstrumentationActivityInvoker$EmptyActivity] mNativeObject= 0xb400007ceb0ddc80 sc.mNativeObject= 0xb400007cdd41c960 caller= android.view.ViewRootImpl.updateBlastSurfaceIfNeeded:2909 android.view.ViewRootImpl.relayoutWindow:9847 android.view.ViewRootImpl.performTraversals:3884 android.view.ViewRootImpl.doTraversal:3116 android.view.ViewRootImpl$TraversalRunnable.run:10885 android.view.Choreographer$CallbackRecord.run:1301 android.view.Choreographer$CallbackRecord.run:1309 android.view.Choreographer.doCallbacks:923 android.view.Choreographer.doFrame:852 android.view.Choreographer$FrameDisplayEventReceiver.run:1283
03-08 15:13:45.944 27373 27373 I BLASTBufferQueue: update, w= 1080 h= 2400 mName = ViewRootImpl@8f2ec40[InstrumentationActivityInvoker$EmptyActivity] mNativeObject= 0xb400007ceb0ddc80 sc.mNativeObject= 0xb400007cdd41c960 format= -1 caller= android.graphics.BLASTBufferQueue.<init>:84 android.view.ViewRootImpl.updateBlastSurfaceIfNeeded:2909 android.view.ViewRootImpl.relayoutWindow:9847 android.view.ViewRootImpl.performTraversals:3884 android.view.ViewRootImpl.doTraversal:3116 android.view.ViewRootImpl$TraversalRunnable.run:10885
03-08 15:13:45.944 27487 27487 I [AUTHFW][PASS]AuthFwApp: otlv60
03-08 15:13:45.945 27373 27373 I ViewRootImpl@8f2ec40[InstrumentationActivityInvoker$EmptyActivity]: Relayout returned: old=(0,0,1080,2400) new=(0,0,1080,2400) req=(1080,2400)0 dur=55 res=0x3 s={true 0xb400007cdd368000} ch=true seqId=0
03-08 15:13:45.948 27373 27457 D OpenGLRenderer: eglCreateWindowSurface
03-08 15:13:45.948 27373 27373 I ViewRootImpl@8f2ec40[InstrumentationActivityInvoker$EmptyActivity]: mThreadedRenderer.initialize() mSurface={isValid=true 0xb400007cdd368000} hwInitialized=true
03-08 15:13:45.949 26361 26361 I ViewRootImpl@5e7a32a[Attendee]: handleAppVisibility mAppVisible = true visible = false
03-08 15:13:45.951 27743 27743 I [AUTHFW][PSDK]PassServiceConnection: onServiceConnected
03-08 15:13:45.952 27743 27743 I [PASS][SPASS]SPassApplication: pass connected
03-08 15:13:45.952 27743 27743 I [PASS][CMN]DrawableCache: clearData LruCache[maxSize=32768,hits=0,misses=0,hitRate=0%]
03-08 15:13:45.952 27743 27743 I [PASS][CMN]DrawableCache: clearData LruCache[maxSize=32768,hits=0,misses=0,hitRate=0%]
03-08 15:13:45.953 27743 27743 I [PASS][CMN]DrawableCache: clearData LruCache[maxSize=32768,hits=0,misses=0,hitRate=0%]
03-08 15:13:45.955  1327  1327 I Layer   : id=35451 Destroyed Screenshot Parent#35451
03-08 15:13:45.958 26361 26463 D OpenGLRenderer: setSurface called with nullptr
03-08 15:13:45.958 26361 26463 D OpenGLRenderer: setSurface() destroyed EGLSurface
03-08 15:13:45.958 26361 26463 D OpenGLRenderer: destroyEglSurface
03-08 15:13:45.959 26361 26361 I ViewRootImpl@5e7a32a[Attendee]: performTraversals mFirst=false windowShouldResize=false viewVisibilityChanged=true mForceNextWindowRelayout=false params=null
03-08 15:13:45.963  1472  2685 D InputDispatcher: Focus request (0): fa77b0d com.example.cmput301w24t33.test/androidx.test.core.app.InstrumentationActivityInvoker$EmptyActivity but waiting because NOT_VISIBLE
03-08 15:13:45.964  1472  1498 W System  : A resource failed to call end.
03-08 15:13:45.964  1472  1498 W System  : A resource failed to call HardwareBuffer.close.
03-08 15:13:45.965  1472  1498 W System  : A resource failed to call HardwareBuffer.close.
03-08 15:13:45.965  1472  1498 W System  : A resource failed to call HardwareBuffer.close.
03-08 15:13:45.965  1472  1498 W System  : A resource failed to call release.
03-08 15:13:45.965  1472  1498 W System  : A resource failed to call end.
03-08 15:13:45.966  1472  1498 W System  : A resource failed to call HardwareBuffer.close.
03-08 15:13:45.966  1472  1498 W System  : A resource failed to call release.
03-08 15:13:45.966  1472  1498 W System  : A resource failed to call end.
03-08 15:13:45.966  1472  1498 W System  : A resource failed to call HardwareBuffer.close.
03-08 15:13:45.967  2578  2578 D SamsungLightBarControlHelper: onStatusBarAppearanceChanged() -  sbModeChanged:false, statusBarMode:MODE_TRANSPARENT, barState:SHADE, isKeyguardShowing:false, navbarColorManagedByIme:false, stackAppearancesChanged:true, (AppearanceRegion{LIGHT_STATUS_BARS bounds=[0,0][1080,2400]}, ), packageName:com.example.cmput301w24t33.test
03-08 15:13:45.967  1327  1413 I SurfaceFlinger: id=35452 createSurf, flag=80000, 948e54f ActivityRecordInputSink com.example.cmput301w24t33.test/androidx.test.core.app.InstrumentationActivityInvoker$EmptyActivity#35452
03-08 15:13:45.967  1472  1498 W System  : A resource failed to call HardwareBuffer.close.
03-08 15:13:45.968  2578  2578 D SamsungLightBarControlHelper: updateStatus(BLACK icon) NumStacks:1, StatusBarMode:MODE_TRANSPARENT, lightBarBounds:[Rect(0, 0 - 1080, 2400)], StatusBarState:SHADE, packageName:com.example.cmput301w24t33.test, isWhiteKeyguardStatusBarBySettings:true
03-08 15:13:45.968  1472  1498 W System  : A resource failed to call HardwareBuffer.close.
03-08 15:13:45.968  1472  1498 W System  : A resource failed to call release.
03-08 15:13:45.968  1472  1498 W System  : A resource failed to call HardwareBuffer.close.
03-08 15:13:45.970 27373 27373 I ViewRootImpl@8f2ec40[InstrumentationActivityInvoker$EmptyActivity]: reportNextDraw android.view.ViewRootImpl.performTraversals:4438 android.view.ViewRootImpl.doTraversal:3116 android.view.ViewRootImpl$TraversalRunnable.run:10885 android.view.Choreographer$CallbackRecord.run:1301 android.view.Choreographer$CallbackRecord.run:1309
03-08 15:13:45.970 27373 27373 I ViewRootImpl@8f2ec40[InstrumentationActivityInvoker$EmptyActivity]: Setup new sync id=0
03-08 15:13:45.970 27373 27373 I ViewRootImpl@8f2ec40[InstrumentationActivityInvoker$EmptyActivity]: Setting syncFrameCallback
03-08 15:13:45.970  1472  5037 V WindowManager: Relayout Window{58caa92 u0 com.example.cmput301w24t33/com.example.cmput301w24t33.activities.Attendee}: viewVisibility=8 req=1080x2400 d0
03-08 15:13:45.970 27373 27373 I ViewRootImpl@8f2ec40[InstrumentationActivityInvoker$EmptyActivity]: registerCallbacksForSync syncBuffer=false
03-08 15:13:45.973  1327  1327 I Layer   : Layer [Splash Screen com.example.cmput301w24t33.test$_2578#35447] hidden!! flag(0)
03-08 15:13:45.973  1327  1327 I Layer   : Layer [com.example.cmput301w24t33/com.example.cmput301w24t33.activities.Attendee$_26361#35437] hidden!! flag(1)
03-08 15:13:45.973 27373 27480 I ViewRootImpl@8f2ec40[InstrumentationActivityInvoker$EmptyActivity]: Received frameDrawingCallback syncResult=0 frameNum=1.
03-08 15:13:45.974 27373 27480 I ViewRootImpl@8f2ec40[InstrumentationActivityInvoker$EmptyActivity]: Setting up sync and frameCommitCallback
03-08 15:13:45.975  2578  2578 I ViewRootImpl@1c1cd0e[NotificationShade]: performTraversals mFirst=false windowShouldResize=false viewVisibilityChanged=false mForceNextWindowRelayout=false params={(0,0)(fillxfill) gr=TOP CENTER_VERTICAL sim={adjust=resize} layoutInDisplayCutoutMode=always ty=NOTIFICATION_SHADE fmt=TRANSLUCENT
03-08 15:13:45.975  2578  2578 I ViewRootImpl@1c1cd0e[NotificationShade]:   fl=81840048
03-08 15:13:45.975  2578  2578 I ViewRootImpl@1c1cd0e[NotificationShade]:   pfl=1b000000
03-08 15:13:45.975  2578  2578 I ViewRootImpl@1c1cd0e[NotificationShade]:   vsysui=2000
03-08 15:13:45.975  2578  2578 I ViewRootImpl@1c1cd0e[NotificationShade]:   apr=LIGHT_STATUS_BARS
03-08 15:13:45.975  2578  2578 I ViewRootImpl@1c1cd0e[NotificationShade]:   bhv=SHOW_TRANSIENT_BARS_BY_SWIPE naviIconColor=0
03-08 15:13:45.975  2578  2578 I ViewRootImpl@1c1cd0e[NotificationShade]:   sfl=60000}
03-08 15:13:45.978 27373 27457 I BLASTBufferQueue: [ViewRootImpl@8f2ec40[InstrumentationActivityInvoker$EmptyActivity]#1](f:0,a:0) onFrameAvailable the first frame is available
03-08 15:13:45.979 27373 27457 I ViewRootImpl@8f2ec40[InstrumentationActivityInvoker$EmptyActivity]: Received frameCommittedCallback lastAttemptedDrawFrameNum=1 didProduceBuffer=true
03-08 15:13:45.980 27373 27457 D OpenGLRenderer: CFMS:: SetUp Pid : 27373    Tid : 27457
03-08 15:13:45.980 27373 27457 W Parcel  : Expecting binder but got null!
03-08 15:13:45.981  1472  5037 V WindowManager: Relayout hash=58caa92, pid=26361, syncId=-1: mAttrs={(0,0)(fillxfill) sim={adjust=resize forwardNavigation} ty=BASE_APPLICATION wanim=0x1030309
03-08 15:13:45.981  1472  5037 V WindowManager:   fl=81810100
03-08 15:13:45.981  1472  5037 V WindowManager:   pfl=12020040
03-08 15:13:45.981  1472  5037 V WindowManager:   apr=LIGHT_NAVIGATION_BARS
03-08 15:13:45.981  1472  5037 V WindowManager:   bhv=DEFAULT
03-08 15:13:45.981  1472  5037 V WindowManager:   fitSides= naviIconColor=0
03-08 15:13:45.981  1472  5037 V WindowManager:   sfl=100000}
03-08 15:13:45.981  1327  1327 D SurfaceFlinger: Display 4630947232161729153 HWC layers:
03-08 15:13:45.981  1327  1327 D SurfaceFlinger:      DEVICE | 0xb400007446149a90 | 0100 | RGBA_8888    |    0.0    0.0 1080.0 2400.0 |    0    0 1080 2400 | Splash Screen com.example.cmput301w24t33.test$_2578#35447
03-08 15:13:45.981  1327  1327 D SurfaceFlinger:      DEVICE | 0xb400007446147170 | 0100 | RGBA_8888    |    0.0    0.0 1080.0   91.0 |    0    0 1080   91 | StatusBar$_2578#95
03-08 15:13:45.981  1327  1327 D SurfaceFlinger:      DEVICE | 0xb400007446147bf0 | 0100 | RGBA_8888    |    0.0    0.0   67.0  515.0 |    0  301   67  816 | com.samsung.android.app.cocktailbars[...]rvice.CocktailBarService$_5242#35333
03-08 15:13:45.981  1327  1327 D SurfaceFlinger:      DEVICE | 0xb400007446148210 | 0100 | RGBA_8888    |    0.0    0.0 1080.0  126.0 |    0 2274 1080 2400 | NavigationBar0$_2578#89
03-08 15:13:45.981  1327  1327 D SurfaceFlinger:
03-08 15:13:45.982 27373 27373 I ViewRootImpl@8f2ec40[InstrumentationActivityInvoker$EmptyActivity]: onSyncComplete
03-08 15:13:45.983  1472  5032 V WindowManager: Relayout Window{85bfa35 u0 NotificationShade}: viewVisibility=4 req=1080x2400 d0
03-08 15:13:45.984 27373 27373 I ViewRootImpl@8f2ec40[InstrumentationActivityInvoker$EmptyActivity]: setupSync seqId=0 mSyncId=0 fn=1 caller=android.view.ViewRootImpl$$ExternalSyntheticLambda11.accept:6 android.window.SurfaceSyncer.lambda$setupSync$1$android-window-SurfaceSyncer:128 android.window.SurfaceSyncer$$ExternalSyntheticLambda1.accept:8 android.window.SurfaceSyncer$SyncSet.checkIfSyncIsComplete:382 android.window.SurfaceSyncer$SyncSet.markSyncReady:359 android.window.SurfaceSyncer.markSyncReady:151 android.view.ViewRootImpl.performTraversals:4503
03-08 15:13:45.985 27373 27373 I ViewRootImpl@8f2ec40[InstrumentationActivityInvoker$EmptyActivity]: reportDrawFinished seqId=0 mSyncId=-1 fn=1 mSurfaceChangedTransaction=0xb400007cfb563100
03-08 15:13:45.985  1472  5032 V WindowManager: Relayout hash=85bfa35, pid=2578, syncId=-1: mAttrs={(0,0)(fillxfill) gr=TOP CENTER_VERTICAL sim={adjust=resize} layoutInDisplayCutoutMode=always ty=NOTIFICATION_SHADE fmt=TRANSLUCENT
03-08 15:13:45.985  1472  5032 V WindowManager:   fl=81840048
03-08 15:13:45.985  1472  5032 V WindowManager:   pfl=1b000000
03-08 15:13:45.985  1472  5032 V WindowManager:   vsysui=2000
03-08 15:13:45.985  1472  5032 V WindowManager:   apr=LIGHT_STATUS_BARS
03-08 15:13:45.985  1472  5032 V WindowManager:   bhv=SHOW_TRANSIENT_BARS_BY_SWIPE naviIconColor=0
03-08 15:13:45.985  1472  5032 V WindowManager:   sfl=60000}
03-08 15:13:45.986  1472  2284 D OpenGLRenderer: RenderThread::requireGlContext()
03-08 15:13:45.986  2578  2578 I ViewRootImpl@1c1cd0e[NotificationShade]: Relayout returned: old=(0,0,1080,2400) new=(0,0,1080,2400) req=(1080,2400)4 dur=11 res=0x0 s={false 0x0} ch=false seqId=0
03-08 15:13:45.988 27620 27620 I Finsky  : [2] uuk.onTrimMemory(13): Memory trim requested to level 60
03-08 15:13:45.989 27620 27620 I Finsky  : [2] uuj.accept(93): Flushing in-memory image cache
03-08 15:13:45.989  2578  2578 I FaceWidgetPositionAlgorithm: getClockContainerHeight() supplier = 227, bottom margin = 0, real height = 290
03-08 15:13:45.989  2578  2578 I ClockInfoManager: isClockFaceType: type = 9 clockFaceType = 0
03-08 15:13:45.989  2578  2578 D FaceWidgetPositionAlgorithm: getTopMargin scale = 0.8408237, clockContainerHeight = 227, scaleMarginY = 21
03-08 15:13:45.989  2578  2578 I FaceWidgetPositionAlgorithm: getClockContainerHeight() supplier = 227, bottom margin = 63, real height = 290
03-08 15:13:45.989  2578  2578 I FaceWidgetPositionAlgorithm: getMediaContainerHeight() height = 456 container Visibility = 8, isValid = true, mIsDozing = false, fraction = 1.0, source = 0, target = 0
03-08 15:13:45.989  2578  2578 I FaceWidgetPositionAlgorithm: getMediaContainerHeight() supplier = 456
03-08 15:13:45.992  1472  1884 I SemDvfsHyPerManager: acquire hyper - AMS_RESUME_TAIL/1472@16, type = -999
03-08 15:13:45.992  1472  1884 I SemDvfsHyPerManager: acquire hyper - AMS_ACT_LAZY/1472@17, type = -999
03-08 15:13:45.992  1257  1326 I HYPER-HAL: [RequestManager.cpp]acquire(): Acquired ID : 1107832  [1472 / 16]    HINT : AMS_RESUME_TAIL    list :
03-08 15:13:45.993  1472  1876 W ziparchive: Unable to open '/data/app/~~5YYnvnDDujNmeUExSm1Obg==/com.example.cmput301w24t33.test-SwK-uf5IpLknilFLzbt1hg==/base.dm': No such file or directory
03-08 15:13:45.996  1472  2964 D InputDispatcher: Focused application(0): ActivityRecord{2e0fe4 u0 com.sec.android.app.launcher/.activities.LauncherActivity} t2742}
03-08 15:13:45.996  1472  1876 I PkgPredictorService-SecIpmManagerServiceImpl: reportToNAP uid:10453 com.example.cmput301w24t33.test/androidx.test.core.app.InstrumentationActivityInvoker$EmptyActivity thisTime:233
03-08 15:13:45.998  1472  2391 D AS.MultiSoundManager: mForegroundUid = 10134
03-08 15:13:46.001  1257  1326 I HYPER-HAL: [ResourceManager.cpp]updateResource(): [CPUMinFreq] UpdateResource Request ID : 1107832    Value : 1324800
03-08 15:13:46.001  1257  1326 I HYPER-HAL: [RequestManager.cpp]acquire(): Acquired ID : 1109322  [1472 / 17]    HINT : AMS_ACT_LAZY    list :
03-08 15:13:46.001  1257  1326 I HYPER-HAL: [ResourceManager.cpp]removeResource(): [CPULittleMinFreq] RemoveResource Request ID : 1110813
03-08 15:13:46.004  1327  1327 I Layer   : id=35453 Destroyed Screenshot Parent#35453
03-08 15:13:46.004  1257  1326 I HYPER-HAL: [ResourceManager.cpp]removeResource(): [CPUMinFreq] RemoveResource Request ID : 1110813
03-08 15:13:46.004  1257  1326 I HYPER-HAL: [RequestManager.cpp]releaseLocked(): Released ID : 1110813
03-08 15:13:46.005 26361 26361 I ViewRootImpl@5e7a32a[Attendee]: Relayout returned: old=(0,0,1080,2400) new=(0,0,1080,2400) req=(1080,2400)8 dur=39 res=0x2 s={false 0x0} ch=true seqId=0
03-08 15:13:46.006  4938  4938 I AiAi    : onTrimMemory() with level 10
03-08 15:13:46.007 23629 23629 W fbservices:InitStatus: Not blocking Service (133783087)
03-08 15:13:46.007 27808 27808 I Finsky:background: [2] agsk.bB(289): Finished reading experiment flags from file [0tGUNCGIkbk4o6-fQ335kUYSKwVj4lusnHT-A5Dsy08] numFlags=1597.
03-08 15:13:46.011  1327  1327 I Layer   : Layer [com.example.cmput301w24t33.test/androidx.test.core.app.InstrumentationActivityInvoker$EmptyActivity$_27373#35448] hidden!! flag(0)
03-08 15:13:46.013  1472  3253 D InputDispatcher: Focus entered window (0): fa77b0d com.example.cmput301w24t33.test/androidx.test.core.app.InstrumentationActivityInvoker$EmptyActivity
03-08 15:13:46.017  1327  1327 D SurfaceFlinger: Display 4630947232161729153 HWC layers:
03-08 15:13:46.017  1327  1327 D SurfaceFlinger:      DEVICE | 0xb40000745d065070 | 0102 | RGBA_8888    |    0.0    0.0 1080.0 2400.0 |    0    0 1080 2400 | com.example.cmput301w24t33.test/andr[...]tyInvoker$EmptyActivity$_27373#35448
03-08 15:13:46.017  1327  1327 D SurfaceFlinger:      DEVICE | 0xb400007446149a90 | 0100 | RGBA_8888    |    0.0    0.0 1080.0 2400.0 |    0    0 1080 2400 | Splash Screen com.example.cmput301w24t33.test$_2578#35447
03-08 15:13:46.017  1327  1327 D SurfaceFlinger:      DEVICE | 0xb400007446147b80 | 0100 | RGBA_8888    |    0.0    0.0 1080.0   91.0 |    0    0 1080   91 | StatusBar$_2578#95
03-08 15:13:46.017  1327  1327 D SurfaceFlinger:      DEVICE | 0xb400007446147bf0 | 0100 | RGBA_8888    |    0.0    0.0   67.0  515.0 |    0  301   67  816 | com.samsung.android.app.cocktailbars[...]rvice.CocktailBarService$_5242#35333
03-08 15:13:46.017  1327  1327 D SurfaceFlinger:      DEVICE | 0xb400007446148210 | 0100 | RGBA_8888    |    0.0    0.0 1080.0  126.0 |    0 2274 1080 2400 | NavigationBar0$_2578#89
03-08 15:13:46.017  1327  1327 D SurfaceFlinger:
03-08 15:13:46.020  1472  2284 D OpenGLRenderer: RenderThread::setGrContext()
03-08 15:13:46.024 26361 26361 I ViewRootImpl@5e7a32a[Attendee]: stopped(true) old = false
03-08 15:13:46.024 26361 26361 I ViewRootImpl@5e7a32a[Attendee]: WindowStopped on com.example.cmput301w24t33/com.example.cmput301w24t33.activities.Attendee set to true
03-08 15:13:46.027  3258  3258 I TopTaskTracker: onTaskMovedToFront : taskId = 2742
03-08 15:13:46.028 26361 26361 D LifecycleMonitor: Lifecycle status change: com.example.cmput301w24t33.activities.Attendee@75c3fd4 in: STOPPED
03-08 15:13:46.028 26361 26361 V ActivityScenario: Update currentActivityStage to STOPPED, currentActivity=com.example.cmput301w24t33.activities.Attendee@75c3fd4
03-08 15:13:46.030 26361 26361 I MSHandlerLifeCycle: removeMultiSplitHandler: no exist. decor=DecorView@19fb56c[Attendee]
03-08 15:13:46.031 27743 27743 I [PASS][SPASS]SmpEventReceiver: onReceive com.samsung.android.sdk.smp.smpInitResult
03-08 15:13:46.031 27743 27743 I [PASS][SPASS]SmpEventReceiver: smp init success
03-08 15:13:46.032  1472  2440 W SemWifiTransportLayerUtils: getApplicationCategory - IOException com.example.cmput301w24t33.test
03-08 15:13:46.032  1472  2440 W System.err: java.io.FileNotFoundException: https://play.google.com/store/apps/details?id=com.example.cmput301w24t33.test&hl=en
03-08 15:13:46.032  1472  2440 W System.err: 	at com.android.okhttp.internal.huc.HttpURLConnectionImpl.getInputStream(HttpURLConnectionImpl.java:255)
03-08 15:13:46.032  1472  2440 W System.err: 	at com.android.okhttp.internal.huc.DelegatingHttpsURLConnection.getInputStream(DelegatingHttpsURLConnection.java:211)
03-08 15:13:46.032  1472  2440 W System.err: 	at com.android.okhttp.internal.huc.HttpsURLConnectionImpl.getInputStream(HttpsURLConnectionImpl.java:30)
03-08 15:13:46.032  1472  2440 W System.err: 	at com.samsung.android.server.wifi.tcp.SemWifiTransportLayerUtils.getApplicationCategory(SemWifiTransportLayerUtils.java:104)
03-08 15:13:46.032  1472  2440 W System.err: 	at com.samsung.android.server.wifi.tcp.SemWifiTransportLayerMonitor$TcpMonitorHandler.handleMessage(SemWifiTransportLayerMonitor.java:244)
03-08 15:13:46.032  1472  2440 W System.err: 	at android.os.Handler.dispatchMessage(Handler.java:106)
03-08 15:13:46.032  1472  2440 W System.err: 	at android.os.Looper.loopOnce(Looper.java:226)
03-08 15:13:46.032  1472  2440 W System.err: 	at android.os.Looper.loop(Looper.java:313)
03-08 15:13:46.032  1472  2440 W System.err: 	at android.os.HandlerThread.run(HandlerThread.java:67)
03-08 15:13:46.032  1472  2440 D SemWifiTransportLayerMonitor.TcpMonitorHandler: MSG_SAVE_PACKAGE_INFO
03-08 15:13:46.032  1472  2440 D SemWifiTransportLayerFileManager: saveWifiPackageInfoToFile
03-08 15:13:46.032  1472  2440 D SemWifiTransportLayerFileManager: writeWifiPackageInfoList
03-08 15:13:46.032  1327  3508 I SurfaceFlinger: id=35454 createSurf, flag=24000, Surface(name=fa77b0d com.example.cmput301w24t33.test/androidx.test.core.app.InstrumentationActivityInvoker$EmptyActivity)/@0xed2addf - animation-leash of starting_reveal#35454
03-08 15:13:46.036 27487 27487 I [AUTHFW][PASS]AuthFwApp: otlv60
03-08 15:13:46.038  1472  2685 I SemDvfsHyPerManager: acquire hyper - AMS_APP_HOME/1472@21, type = -999
03-08 15:13:46.039  1472  1876 I ActivityTaskManager: Displayed com.example.cmput301w24t33.test/androidx.test.core.app.InstrumentationActivityInvoker$EmptyActivity: +233ms
03-08 15:13:46.039  1257  1326 I HYPER-HAL: [RequestManager.cpp]acquire(): Acquired ID : 1115292  [1472 / 21]    HINT : AMS_APP_HOME    list :
03-08 15:13:46.039 27743 27743 I [PASS][CMN]DrawableCache: clearData LruCache[maxSize=32768,hits=0,misses=0,hitRate=0%]
03-08 15:13:46.039 27808 27808 I Finsky:background: [2] agsk.bB(289): Finished reading experiment flags from file [zyior8vm0xYjTnbjBqbmVQgHO51tT_LlAmkwu91Lf94] numFlags=1914.
03-08 15:13:46.040  2578  2656 I ViewRootImpl@31b67b2[test]: performTraversals params={(0,0)(fillxfill) sim={adjust=pan} ty=APPLICATION_STARTING fmt=TRANSLUCENT
03-08 15:13:46.040  2578  2656 I ViewRootImpl@31b67b2[test]:   fl=81030118
03-08 15:13:46.040  2578  2656 I ViewRootImpl@31b67b2[test]:   pfl=16000010
03-08 15:13:46.040  2578  2656 I ViewRootImpl@31b67b2[test]:   bhv=DEFAULT
03-08 15:13:46.040  2578  2656 I ViewRootImpl@31b67b2[test]:   fitSides= naviIconColor=0}
03-08 15:13:46.040  2578  2656 I ViewRootImpl@31b67b2[test]: performTraversals mFirst=false windowShouldResize=false viewVisibilityChanged=false mForceNextWindowRelayout=false params={(0,0)(fillxfill) sim={adjust=pan} ty=APPLICATION_STARTING fmt=TRANSLUCENT
03-08 15:13:46.040  2578  2656 I ViewRootImpl@31b67b2[test]:   fl=81030118
03-08 15:13:46.040  2578  2656 I ViewRootImpl@31b67b2[test]:   pfl=16000010
03-08 15:13:46.040  2578  2656 I ViewRootImpl@31b67b2[test]:   bhv=DEFAULT
03-08 15:13:46.040  2578  2656 I ViewRootImpl@31b67b2[test]:   fitSides= naviIconColor=0}
03-08 15:13:46.042  1257  1326 I HYPER-HAL: [ResourceManager.cpp]updateResource(): [CPUMinFreq] UpdateResource Request ID : 1115292    Value : 2208000
03-08 15:13:46.042  3258  3258 I ViewRootImpl@133027e[LauncherActivity]: handleAppVisibility mAppVisible = false visible = true
03-08 15:13:46.044  1472  5032 D InputDispatcher: Focus left window (0): fa77b0d com.example.cmput301w24t33.test/androidx.test.core.app.InstrumentationActivityInvoker$EmptyActivity
03-08 15:13:46.041  5044  5044 I SemDvfsHyPerManager: acquire hyper - APP_START_HOME/5044@13, type = -999
03-08 15:13:46.047  1257  1326 I HYPER-HAL: [RequestManager.cpp]acquire(): Acquired ID : 12789166  [5044 / 13]    HINT : APP_START    list : [KERNEL_APP_START_NOTIFY / 0] [TIMEOUT / 1500]
03-08 15:13:46.048  1257  1326 I HYPER-HAL: [ResourceManager.cpp]updateResource(): [CPUMaxFreq] UpdateResource Request ID : 12789166    Value : 2208000
03-08 15:13:46.049  3258  3258 I ViewRootImpl@133027e[LauncherActivity]: stopped(false) old = true
