03-08 15:13:53.915  3258  3633 I LauncherActivityInfo: Trying to load live icon for com.samsung.android.calendar
03-08 15:13:53.917  3258  3633 I LiveIconLoader: [Calendar] LiveIcon - stdIconSize : 126 , targetIconSize : 152
03-08 15:13:53.917  3258  3633 I LiveIconLoader: [Calendar] LiveIcon - sIconDpi : 640 , targetIconDpi : 420
03-08 15:13:53.918  3258  3633 W LiveIconLoader: System font not found, reverting to Roboto.
03-08 15:13:53.919  3258  5770 I ViewRootImpl@133027e[LauncherActivity]: mWNT: t=0xb400007cfb584800 mBlastBufferQueue=0xb400007ce1f9a400 fn= 12 caller= com.android.systemui.shared.launcher.ViewRootImplCompat.mergeWithNextTransaction:2 com.android.quickstep.util.SurfaceTransactionApplier.lambda$scheduleApply$0:2 com.android.quickstep.util.SurfaceTransactionApplier.b:0
03-08 15:13:53.921  1327  1327 D SurfaceFlinger: Display 4630947232161729153 HWC layers:
03-08 15:13:53.921  1327  1327 D SurfaceFlinger:      DEVICE | 0xb400007446147f00 | 0100 | RGBx_8888    |  155.0    8.0 1229.0 2392.0 |    0    0 1080 2400 | Wallpaper BBQ wrapper#88
03-08 15:13:53.921  1327  1327 D SurfaceFlinger:      DEVICE | 0xb400007446149390 | 0100 | RGBA_8888    |    0.0    0.0 1080.0 2400.0 |    0    0 1080 2400 | com.sec.android.app.launcher/com.sec[...]ivities.LauncherActivity$_3258#35660
03-08 15:13:53.921  1327  1327 D SurfaceFlinger:      DEVICE | 0xb400007446147170 | 0100 | RGBA_8888    |    0.0    0.0 1080.0   91.0 |    0    0 1080   91 | StatusBar$_2578#95
03-08 15:13:53.921  1327  1327 D SurfaceFlinger:      DEVICE | 0xb400007446147bf0 | 0100 | RGBA_8888    |    0.0    0.0   67.0  515.0 |    0  301   67  816 | com.samsung.android.app.cocktailbars[...]rvice.CocktailBarService$_5242#35333
03-08 15:13:53.921  1327  1327 D SurfaceFlinger:      DEVICE | 0xb400007446149b70 | 0100 | RGBA_8888    |    0.0    0.0 1080.0  126.0 |    0 2274 1080 2400 | NavigationBar0$_2578#89
03-08 15:13:53.921  1327  1327 D SurfaceFlinger:
03-08 15:13:53.924  1307  2052 D DlbDap2Process: process() called [5382000] times with input format 0x22 and channel mask 0x3 (ProcessingMode=8), htEnable=0(0, 0, 0)
03-08 15:13:53.927  3258  3633 I LiveIconLoader: [Calendar] getLiveIcon - Date: 8
03-08 15:13:53.927  3258  3633 I AppIconSolution: ColorTheme icon has returned, isNoAdaptive = false, isOnlyBG = false
03-08 15:13:53.927  3258  3633 I LauncherActivityInfo: packageName: com.samsung.android.calendar, useThemeIcon: false, height: 384, width: 384, density: 640
03-08 15:13:53.934  3258  5771 I ViewRootImpl@133027e[LauncherActivity]: mWNT: t=0xb400007cfb584e00 mBlastBufferQueue=0xb400007ce1f9a400 fn= 13 caller= com.android.systemui.shared.launcher.ViewRootImplCompat.mergeWithNextTransaction:2 com.android.quickstep.util.SurfaceTransactionApplier.lambda$scheduleApply$0:2 com.android.quickstep.util.SurfaceTransactionApplier.b:0
03-08 15:13:53.952  3258  5770 I ViewRootImpl@133027e[LauncherActivity]: mWNT: t=0xb400007ceb29f000 mBlastBufferQueue=0xb400007ce1f9a400 fn= 14 caller= com.android.systemui.shared.launcher.ViewRootImplCompat.mergeWithNextTransaction:2 com.android.quickstep.util.SurfaceTransactionApplier.lambda$scheduleApply$0:2 com.android.quickstep.util.SurfaceTransactionApplier.b:0
03-08 15:13:53.968  3258  5771 I ViewRootImpl@133027e[LauncherActivity]: mWNT: t=0xb400007ceb29f100 mBlastBufferQueue=0xb400007ce1f9a400 fn= 15 caller= com.android.systemui.shared.launcher.ViewRootImplCompat.mergeWithNextTransaction:2 com.android.quickstep.util.SurfaceTransactionApplier.lambda$scheduleApply$0:2 com.android.quickstep.util.SurfaceTransactionApplier.b:0
03-08 15:13:53.985  3258  5770 I ViewRootImpl@133027e[LauncherActivity]: mWNT: t=0xb400007cfb584000 mBlastBufferQueue=0xb400007ce1f9a400 fn= 16 caller= com.android.systemui.shared.launcher.ViewRootImplCompat.mergeWithNextTransaction:2 com.android.quickstep.util.SurfaceTransactionApplier.lambda$scheduleApply$0:2 com.android.quickstep.util.SurfaceTransactionApplier.b:0
03-08 15:13:54.001  3258  3258 W AppTransitionAnimatorImpl: onAnimationEnd - APP OUT, Execution time for each frame : Start-(2)-0-(0)-0-(5)-0-(13)-0-(17)-0-(16)-1-(16)-1-(16)-0-(16)-1-(16)-1-(16)-0-(16)-1-(16)-1-(15)-1-(16)-1-(16)-0-(17)-0-(16)-1-End
03-08 15:13:54.001  3258  3258 I AppTransitionAnimatorImpl: resetContentView
03-08 15:13:54.001  3258  3258 I AnimationResult: AnimationResult finish : onAnimationEnd
03-08 15:13:54.001  3258  3258 I AnimationResult: finish : false, null
03-08 15:13:54.001  3258  3627 I AnimationResult: finish callback : null
03-08 15:13:54.002  3258  5771 I ViewRootImpl@133027e[LauncherActivity]: mWNT: t=0xb400007ceb29f200 mBlastBufferQueue=0xb400007ce1f9a400 fn= 17 caller= com.android.systemui.shared.launcher.ViewRootImplCompat.mergeWithNextTransaction:2 com.android.quickstep.util.SurfaceTransactionApplier.lambda$scheduleApply$0:2 com.android.quickstep.util.SurfaceTransactionApplier.b:0
03-08 15:13:54.006  3258  3258 W Launcher: onEnterAnimationComplete
03-08 15:13:54.007  1244  3899 I vendor.qti.bluetooth@1.0-ibs_handler: ProcessIbsCmd: Received IBS_WAKE_IND: 0xFD
03-08 15:13:54.007  1244  3899 D vendor.qti.bluetooth@1.0-ibs_handler: SerialClockVote: vote for UART CLK ON
03-08 15:13:54.007  1244  3899 D vendor.qti.bluetooth@1.0-wake_lock: Acquire wakelock is acquired
03-08 15:13:54.007  1244  3899 I vendor.qti.bluetooth@1.0-ibs_handler: ProcessIbsCmd: Writing IBS_WAKE_ACK
03-08 15:13:54.008 27916 27916 I ViewRootImpl@5a1a00f[InstrumentationActivityInvoker$EmptyActivity]: handleAppVisibility mAppVisible = true visible = false
03-08 15:13:54.017  1327  1327 I Layer   : id=35650 removedFromDrawingState Splash Screen com.example.cmput301w24t33.test$_2578#35650 (138)
03-08 15:13:54.017  1327  1327 I Layer   : id=35663 removedFromDrawingState Surface(name=Task=3078)/@0x8846d0c - animation-leash of app_transition#35663 (138)
03-08 15:13:54.017  1327  1327 I Layer   : id=35647 removedFromDrawingState Task=3078#35647 (138)
03-08 15:13:54.017  1327  1327 I Layer   : id=35648 removedFromDrawingState ActivityRecord{b67d19b u0 com.example.cmput301w24t33.test/androidx.test.core.app.InstrumentationActivityInvoker$EmptyActivity} t3078}#35648 (138)
03-08 15:13:54.017  1327  1327 I Layer   : id=35652 removedFromDrawingState cd9a1aa ActivityRecordInputSink com.example.cmput301w24t33.test/androidx.test.core.app.InstrumentationActivityInvoker$EmptyActivity#35652 (138)
03-08 15:13:54.017  1327  1327 I Layer   : id=35653 removedFromDrawingState d3c2398 com.example.cmput301w24t33.test/androidx.test.core.app.InstrumentationActivityInvoker$EmptyActivity#35653 (138)
03-08 15:13:54.017  1327  1327 I Layer   : id=35654 removedFromDrawingState com.example.cmput301w24t33.test/androidx.test.core.app.InstrumentationActivityInvoker$EmptyActivity$_27916#35654 (138)
03-08 15:13:54.017  1327  1327 I Layer   : id=35649 removedFromDrawingState ec0bc02 Splash Screen com.example.cmput301w24t33.test#35649 (138)
03-08 15:13:54.017  1327  1327 I Layer   : id=35664 removedFromDrawingState Surface(name=Task=1)/@0x464f238 - animation-leash of app_transition#35664 (138)
03-08 15:13:54.017  1327  1327 I Layer   : id=35649 removedFromDrawingState ec0bc02 Splash Screen com.example.cmput301w24t33.test#35649 (138)
03-08 15:13:54.017  1327  1327 I Layer   : id=35647 addToCurrentState Task=3078#35647 (138)
03-08 15:13:54.017  1327  1327 I Layer   : id=35648 addToCurrentState ActivityRecord{b67d19b u0 com.example.cmput301w24t33.test/androidx.test.core.app.InstrumentationActivityInvoker$EmptyActivity} t3078}#35648 (138)
03-08 15:13:54.017  1327  1327 I Layer   : id=35652 addToCurrentState cd9a1aa ActivityRecordInputSink com.example.cmput301w24t33.test/androidx.test.core.app.InstrumentationActivityInvoker$EmptyActivity#35652 (138)
03-08 15:13:54.017  1327  1327 I Layer   : id=35653 addToCurrentState d3c2398 com.example.cmput301w24t33.test/androidx.test.core.app.InstrumentationActivityInvoker$EmptyActivity#35653 (138)
03-08 15:13:54.017  1327  1327 I Layer   : id=35654 addToCurrentState com.example.cmput301w24t33.test/androidx.test.core.app.InstrumentationActivityInvoker$EmptyActivity$_27916#35654 (138)
03-08 15:13:54.017  1327  1327 I Layer   : Layer [Splash Screen com.example.cmput301w24t33.test$_2578#35650] hidden!! flag(1)
03-08 15:13:54.017  1327  1327 I Layer   : Layer [com.example.cmput301w24t33.test/androidx.test.core.app.InstrumentationActivityInvoker$EmptyActivity$_27916#35654] hidden!! flag(1)
03-08 15:13:54.018  1327  1327 I Layer   : id=35665 removedFromDrawingState Surface(name=WallpaperWindowToken{2dabb7f token=android.os.Binder@7a8349e})/@0xf6e835c - animation-leash of window_animation#35665 (138)
03-08 15:13:54.018  1327  1327 I SurfaceFlinger: id=35649 Removed ec0bc02 Splash Screen com.example.cmput301w24t33.test#35649 (138)
03-08 15:13:54.018  1327  1327 I SurfaceFlinger: id=35650 Removed Splash Screen com.example.cmput301w24t33.test$_2578#35650 (138)
03-08 15:13:54.018  1327  1327 I Layer   : id=35649 Destroyed ec0bc02 Splash Screen com.example.cmput301w24t33.test#35649
03-08 15:13:54.019  1327  1327 I Layer   : id=35650 Destroyed Splash Screen com.example.cmput301w24t33.test$_2578#35650
03-08 15:13:54.019 27916 27939 D OpenGLRenderer: setSurface called with nullptr
03-08 15:13:54.019 27916 27939 D OpenGLRenderer: setSurface() destroyed EGLSurface
03-08 15:13:54.019 27916 27939 D OpenGLRenderer: destroyEglSurface
03-08 15:13:54.021 27916 27916 I ViewRootImpl@5a1a00f[InstrumentationActivityInvoker$EmptyActivity]: performTraversals mFirst=false windowShouldResize=false viewVisibilityChanged=true mForceNextWindowRelayout=false params=null
03-08 15:13:54.022  1472  5162 V WindowManager: Relayout Window{d3c2398 u0 com.example.cmput301w24t33.test/androidx.test.core.app.InstrumentationActivityInvoker$EmptyActivity}: viewVisibility=8 req=1080x2400 d0
03-08 15:13:54.022  3098  3293 D BtGatt.GattService: onScanResult to scannerId: 4- eventType=0x1b, addressType=1, address=4A08B0_D, primaryPhy=1, secondaryPhy=0, advertisingSid=0xff, txPower=127, rssi=-81, periodicAdvInt=0x0
03-08 15:13:54.026  1472  5162 V WindowManager: Relayout hash=d3c2398, pid=27916, syncId=-1: mAttrs={(0,0)(fillxfill) sim={adjust=pan forwardNavigation} ty=BASE_APPLICATION
03-08 15:13:54.026  1472  5162 V WindowManager:   fl=81810100
03-08 15:13:54.026  1472  5162 V WindowManager:   pfl=12020040
03-08 15:13:54.026  1472  5162 V WindowManager:   apr=LIGHT_NAVIGATION_BARS
03-08 15:13:54.026  1472  5162 V WindowManager:   bhv=DEFAULT
03-08 15:13:54.026  1472  5162 V WindowManager:   fitSides= naviIconColor=0
03-08 15:13:54.026  1472  5162 V WindowManager:   sfl=100000}
03-08 15:13:54.031 27916 27916 I ViewRootImpl@5a1a00f[InstrumentationActivityInvoker$EmptyActivity]: Relayout returned: old=(0,0,1080,2400) new=(0,0,1080,2400) req=(1080,2400)8 dur=9 res=0x2 s={false 0x0} ch=true seqId=0
03-08 15:13:54.033 27916 27916 I ViewRootImpl@5a1a00f[InstrumentationActivityInvoker$EmptyActivity]: stopped(true) old = false
03-08 15:13:54.033 27916 27916 I ViewRootImpl@5a1a00f[InstrumentationActivityInvoker$EmptyActivity]: WindowStopped on com.example.cmput301w24t33.test/androidx.test.core.app.InstrumentationActivityInvoker$EmptyActivity set to true
03-08 15:13:54.035 27916 27916 I MSHandlerLifeCycle: removeMultiSplitHandler: no exist. decor=DecorView@28f4522[InstrumentationActivityInvoker$EmptyActivity]
03-08 15:13:54.038 27916 27916 I MSHandlerLifeCycle: removeMultiSplitHandler: no exist. decor=DecorView@28f4522[InstrumentationActivityInvoker$EmptyActivity]
03-08 15:13:54.038 27916 27939 D OpenGLRenderer: setSurface called with nullptr
03-08 15:13:54.039 27916 27916 I ViewRootImpl@5a1a00f[InstrumentationActivityInvoker$EmptyActivity]: dispatchDetachedFromWindow
03-08 15:13:54.039  1472  2910 D InputTransport: Input channel destroyed: 'd3c2398', fd=756
03-08 15:13:54.039  1472  2910 W InputManager-JNI: Input channel object 'd3c2398 com.example.cmput301w24t33.test/androidx.test.core.app.InstrumentationActivityInvoker$EmptyActivity (client)' was disposed without first being removed with the input manager!
03-08 15:13:54.039  1472  2910 D InputTransport: Input channel destroyed: 'd3c2398', fd=759
03-08 15:13:54.042 27916 27916 D InputTransport: Input channel destroyed: 'd3c2398', fd=101
03-08 15:13:54.044  1327  3508 I SurfaceFlinger: id=35652 Removed cd9a1aa ActivityRecordInputSink com.example.cmput301w24t33.test/androidx.test.core.app.InstrumentationActivityInvoker$EmptyActivity#35652 (136)
03-08 15:13:54.046  1327  3508 I SurfaceFlinger: id=35668 createSurf, flag=24004, Task=3078#35668
03-08 15:13:54.048  3258  3258 I RecentsView: onTaskRemoved() taskId : 3078
03-08 15:13:54.048  3258  3258 I TopTaskTracker: onTaskRemoved : taskId = 3078
03-08 15:13:54.049  3258  3258 I RecentsView: onTaskRemoved() taskId : 3078
03-08 15:13:54.049  3258  3258 I TopTaskTracker: onTaskRemoved : taskId = 3078
03-08 15:13:54.050  1327  1327 I Layer   : id=35654 removedFromDrawingState com.example.cmput301w24t33.test/androidx.test.core.app.InstrumentationActivityInvoker$EmptyActivity$_27916#35654 (137)
03-08 15:13:54.050  1327  1327 I Layer   : id=35653 removedFromDrawingState d3c2398 com.example.cmput301w24t33.test/androidx.test.core.app.InstrumentationActivityInvoker$EmptyActivity#35653 (137)
03-08 15:13:54.050  1327  1327 I SurfaceFlinger: id=35654 Removed com.example.cmput301w24t33.test/androidx.test.core.app.InstrumentationActivityInvoker$EmptyActivity$_27916#35654 (137)
03-08 15:13:54.050  1327  1327 I SurfaceFlinger: id=35653 Removed d3c2398 com.example.cmput301w24t33.test/androidx.test.core.app.InstrumentationActivityInvoker$EmptyActivity#35653 (137)
03-08 15:13:54.051  1327  1327 I Layer   : id=35653 Destroyed d3c2398 com.example.cmput301w24t33.test/androidx.test.core.app.InstrumentationActivityInvoker$EmptyActivity#35653
03-08 15:13:54.051  1327  1327 I Layer   : id=35654 Destroyed com.example.cmput301w24t33.test/androidx.test.core.app.InstrumentationActivityInvoker$EmptyActivity$_27916#35654
03-08 15:13:54.060  1244  3899 I vendor.qti.bluetooth@1.0-ibs_handler: ProcessIbsCmd: Received IBS_SLEEP_IND: 0xFE
03-08 15:13:54.060  1244  3899 D vendor.qti.bluetooth@1.0-ibs_handler: SerialClockVote: vote for UART CLK OFF
03-08 15:13:54.067  1327  1327 I Layer   : id=35648 removedFromDrawingState ActivityRecord{b67d19b u0 com.example.cmput301w24t33.test/androidx.test.core.app.InstrumentationActivityInvoker$EmptyActivity} t3078}#35648 (135)
03-08 15:13:54.068  1327  1327 I Layer   : id=35652 removedFromDrawingState cd9a1aa ActivityRecordInputSink com.example.cmput301w24t33.test/androidx.test.core.app.InstrumentationActivityInvoker$EmptyActivity#35652 (135)
03-08 15:13:54.068  1327  1327 I Layer   : id=35647 removedFromDrawingState Task=3078#35647 (135)
03-08 15:13:54.068  1327  1327 I Layer   : id=35668 removedFromDrawingState Task=3078#35668 (135)
03-08 15:13:54.068  1327  1327 I SurfaceFlinger: id=35648 Removed ActivityRecord{b67d19b u0 com.example.cmput301w24t33.test/androidx.test.core.app.InstrumentationActivityInvoker$EmptyActivity} t3078}#35648 (135)
03-08 15:13:54.068  1327  1327 I SurfaceFlinger: id=35668 Removed Task=3078#35668 (135)
03-08 15:13:54.068  1327  1327 I Layer   : id=35648 Destroyed ActivityRecord{b67d19b u0 com.example.cmput301w24t33.test/androidx.test.core.app.InstrumentationActivityInvoker$EmptyActivity} t3078}#35648
03-08 15:13:54.068  1327  1327 I Layer   : id=35652 Destroyed cd9a1aa ActivityRecordInputSink com.example.cmput301w24t33.test/androidx.test.core.app.InstrumentationActivityInvoker$EmptyActivity#35652
03-08 15:13:54.068  1327  1327 I Layer   : id=35668 Destroyed Task=3078#35668
03-08 15:13:54.165  1472  1496 I system_server: Background young concurrent copying GC freed 627775(24MB) AllocSpace objects, 88(1760KB) LOS objects, 19% free, 101MB/125MB, paused 666us,2.106ms total 125.113ms
03-08 15:13:54.168  1472  1498 W System  : A resource failed to call HardwareBuffer.close.
03-08 15:13:54.168  1472  1498 W System  : A resource failed to call release.
03-08 15:13:54.169  1472  1498 W System  : A resource failed to call HardwareBuffer.close.
03-08 15:13:54.169  1472  1498 W System  : A resource failed to call release.
03-08 15:13:54.169  1472  1498 W System  : A resource failed to call HardwareBuffer.close.
03-08 15:13:54.169  1472  1498 W System  : A resource failed to call HardwareBuffer.close.
03-08 15:13:54.170  1472  1498 W System  : A resource failed to call HardwareBuffer.close.
03-08 15:13:54.170  1472  1498 W System  : A resource failed to call HardwareBuffer.close.
03-08 15:13:54.171  1472  1498 W System  : A resource failed to call HardwareBuffer.close.
03-08 15:13:54.171  1472  1498 W System  : A resource failed to call HardwareBuffer.close.
03-08 15:13:54.172  1472  1498 W System  : A resource failed to call HardwareBuffer.close.
03-08 15:13:54.172  1472  1498 W System  : A resource failed to call release.
03-08 15:13:54.172  1472  1498 W System  : A resource failed to call HardwareBuffer.close.
03-08 15:13:54.172  1472  1498 W System  : A resource failed to call release.
03-08 15:13:54.182  1257 28374 I HYPER-HAL: [ResourceManager.cpp]removeResource(): [CPUMinFreq] RemoveResource Request ID : 1115292
03-08 15:13:54.182  1257 28374 I HYPER-HAL: [RequestManager.cpp]releaseLocked(): Released ID : 1115292
03-08 15:13:54.210  1244  3730 D vendor.qti.bluetooth@1.0-wake_lock: Release wakelock is released
03-08 15:13:54.285 26361 26459 I TestRunner: finished: testQRCodeConstructor(com.example.cmput301w24t33.QRCodeTest)
