03-08 15:13:44.675 26361 26361 I ViewRootImpl@5e7a32a[Attendee]: performTraversals params={(0,0)(fillxfill) sim={adjust=resize forwardNavigation} ty=BASE_APPLICATION wanim=0x1030309
03-08 15:13:44.675 26361 26361 I ViewRootImpl@5e7a32a[Attendee]:   fl=81810100
03-08 15:13:44.675 26361 26361 I ViewRootImpl@5e7a32a[Attendee]:   pfl=12020040
03-08 15:13:44.675 26361 26361 I ViewRootImpl@5e7a32a[Attendee]:   bhv=DEFAULT
03-08 15:13:44.675 26361 26361 I ViewRootImpl@5e7a32a[Attendee]:   fitSides= naviIconColor=0
03-08 15:13:44.675 26361 26361 I ViewRootImpl@5e7a32a[Attendee]:   sfl=100000}
03-08 15:13:44.677 26361 26361 I ViewRootImpl@5e7a32a[Attendee]: performTraversals mFirst=true windowShouldResize=true viewVisibilityChanged=false mForceNextWindowRelayout=false params={(0,0)(fillxfill) sim={adjust=resize forwardNavigation} ty=BASE_APPLICATION wanim=0x1030309
03-08 15:13:44.677 26361 26361 I ViewRootImpl@5e7a32a[Attendee]:   fl=81810100
03-08 15:13:44.677 26361 26361 I ViewRootImpl@5e7a32a[Attendee]:   pfl=12020040
03-08 15:13:44.677 26361 26361 I ViewRootImpl@5e7a32a[Attendee]:   bhv=DEFAULT
03-08 15:13:44.677 26361 26361 I ViewRootImpl@5e7a32a[Attendee]:   fitSides= naviIconColor=0
03-08 15:13:44.677 26361 26361 I ViewRootImpl@5e7a32a[Attendee]:   sfl=100000}
03-08 15:13:44.678  1472  4570 V WindowManager: Relayout Window{58caa92 u0 com.example.cmput301w24t33/com.example.cmput301w24t33.activities.Attendee}: viewVisibility=0 req=1080x2400 d0
03-08 15:13:44.678  1327  2296 I SurfaceFlinger: id=35437 createSurf, flag=40004, com.example.cmput301w24t33/com.example.cmput301w24t33.activities.Attendee$_26361#35437
03-08 15:13:44.681   603   603 I lmkd    : cached 3, sandbox(not0) 0
03-08 15:13:44.683  1327  2296 I SurfaceFlinger: id=35438 createSurf, flag=24000, Surface(name=c9f16ce StatusBar)/@0xc28a9d9 - animation-leash of insets_animation#35438
03-08 15:13:44.684   603   603 I lmkd    : Reclaim 'com.android.vending:background' (27281), uid 10233, oom_score_adj 905, state 19 to free 125564kB rss, 24568kb swap
03-08 15:13:44.684   603   603 I lmkd    : Reclaimed 150132kB at oom_score_adj 850
03-08 15:13:44.684   603   603 I lmkd    : Suppressed 3 failed kill reports
03-08 15:13:44.685  1327  2296 I SurfaceFlinger: id=35439 createSurf, flag=24000, Surface(name=296f76f NavigationBar0)/@0x8bb6395 - animation-leash of insets_animation#35439
03-08 15:13:44.686  1472  4570 V WindowManager: Relayout hash=58caa92, pid=26361, syncId=-1: mAttrs={(0,0)(fillxfill) sim={adjust=resize forwardNavigation} ty=BASE_APPLICATION wanim=0x1030309
03-08 15:13:44.686  1472  4570 V WindowManager:   fl=81810100
03-08 15:13:44.686  1472  4570 V WindowManager:   pfl=12020040
03-08 15:13:44.686  1472  4570 V WindowManager:   apr=LIGHT_NAVIGATION_BARS
03-08 15:13:44.686  1472  4570 V WindowManager:   bhv=DEFAULT
03-08 15:13:44.686  1472  4570 V WindowManager:   fitSides= naviIconColor=0
03-08 15:13:44.686  1472  4570 V WindowManager:   sfl=100000}
03-08 15:13:44.689 26361 26361 I ViewRootImpl@5e7a32a[Attendee]: updateBlastSurfaceIfNeeded mBlastBufferQueue=null isSameSurfaceControl=false
03-08 15:13:44.690 26361 26361 I BLASTBufferQueue: new BLASTBufferQueue, mName= ViewRootImpl@5e7a32a[Attendee] mNativeObject= 0xb400007cfb5f3500 sc.mNativeObject= 0xb400007c50a6c900 caller= android.view.ViewRootImpl.updateBlastSurfaceIfNeeded:2909 android.view.ViewRootImpl.relayoutWindow:9847 android.view.ViewRootImpl.performTraversals:3884 android.view.ViewRootImpl.doTraversal:3116 android.view.ViewRootImpl$TraversalRunnable.run:10885 android.view.Choreographer$CallbackRecord.run:1301 android.view.Choreographer$CallbackRecord.run:1309 android.view.Choreographer.doCallbacks:923 android.view.Choreographer.doFrame:852 android.view.Choreographer$FrameDisplayEventReceiver.run:1283
03-08 15:13:44.691 26361 26361 I BLASTBufferQueue: update, w= 1080 h= 2400 mName = ViewRootImpl@5e7a32a[Attendee] mNativeObject= 0xb400007cfb5f3500 sc.mNativeObject= 0xb400007c50a6c900 format= -1 caller= android.graphics.BLASTBufferQueue.<init>:84 android.view.ViewRootImpl.updateBlastSurfaceIfNeeded:2909 android.view.ViewRootImpl.relayoutWindow:9847 android.view.ViewRootImpl.performTraversals:3884 android.view.ViewRootImpl.doTraversal:3116 android.view.ViewRootImpl$TraversalRunnable.run:10885
03-08 15:13:44.692 26361 26361 I ViewRootImpl@5e7a32a[Attendee]: Relayout returned: old=(0,0,1080,2400) new=(0,0,1080,2400) req=(1080,2400)0 dur=12 res=0x3 s={true 0xb400007c7ff8b800} ch=true seqId=0
03-08 15:13:44.696 26361 26361 I ViewRootImpl@5e7a32a[Attendee]: mThreadedRenderer.initialize() mSurface={isValid=true 0xb400007c7ff8b800} hwInitialized=true
03-08 15:13:44.696 26361 26463 D OpenGLRenderer: eglCreateWindowSurface
03-08 15:13:44.704 26361 26361 I ViewRootImpl@5e7a32a[Attendee]: reportNextDraw android.view.ViewRootImpl.performTraversals:4438 android.view.ViewRootImpl.doTraversal:3116 android.view.ViewRootImpl$TraversalRunnable.run:10885 android.view.Choreographer$CallbackRecord.run:1301 android.view.Choreographer$CallbackRecord.run:1309
03-08 15:13:44.704 26361 26361 I ViewRootImpl@5e7a32a[Attendee]: Setup new sync id=0
03-08 15:13:44.704 26361 26361 I ViewRootImpl@5e7a32a[Attendee]: Setting syncFrameCallback
03-08 15:13:44.704 26361 26361 I ViewRootImpl@5e7a32a[Attendee]: registerCallbacksForSync syncBuffer=false
03-08 15:13:44.706  1472  5160 D PackageManager: setEnabledSetting : userId = 0 packageName = com.samsung.android.rubin.app cmp = androidx.work.impl.background.systemjob.SystemJobService newState = 1 callingPackage = 5010/com.samsung.android.rubin.app
03-08 15:13:44.707  1327  1327 I Layer   : id=35418 removedFromDrawingState Surface(name=c9f16ce StatusBar)/@0xc28a9d9 - animation-leash of insets_animation#35418 (145)
03-08 15:13:44.708  1327  1327 I Layer   : id=35419 removedFromDrawingState Surface(name=296f76f NavigationBar0)/@0x8bb6395 - animation-leash of insets_animation#35419 (145)
03-08 15:13:44.708  1327  1327 I SurfaceFlinger: id=35418 Removed Surface(name=c9f16ce StatusBar)/@0xc28a9d9 - animation-leash of insets_animation#35418 (145)
03-08 15:13:44.708  1327  1327 I SurfaceFlinger: id=35419 Removed Surface(name=296f76f NavigationBar0)/@0x8bb6395 - animation-leash of insets_animation#35419 (145)
03-08 15:13:44.708  1472  5160 D ApplicationPolicy: getApplicationStateEnabled : pkg = com.samsung.android.rubin.app userId : 0
03-08 15:13:44.708  1327  1327 I Layer   : id=35418 Destroyed Surface(name=c9f16ce StatusBar)/@0xc28a9d9 - animation-leash of insets_animation#35418
03-08 15:13:44.708  1327  1327 I Layer   : id=35419 Destroyed Surface(name=296f76f NavigationBar0)/@0x8bb6395 - animation-leash of insets_animation#35419
03-08 15:13:44.708  1472  5160 D ApplicationPolicy: getApplicationComponentState : pkg = com.samsung.android.rubin.app userId : 0
03-08 15:13:44.711  1472  5215 D InputDispatcher: Focus request (0): 58caa92 com.example.cmput301w24t33/com.example.cmput301w24t33.activities.Attendee but waiting because NO_WINDOW
03-08 15:13:44.713 27538 27538 D CompatibilityChangeReporter: Compat change id reported: 171979766; UID 1000; state: ENABLED
03-08 15:13:44.716 12187 12187 I vendor.samsung.hardware.authfw@1.0-TlcProxyAuthnr: init
03-08 15:13:44.720 26361 26528 I ViewRootImpl@5e7a32a[Attendee]: Received frameDrawingCallback syncResult=0 frameNum=1.
03-08 15:13:44.720 26361 26528 I ViewRootImpl@5e7a32a[Attendee]: Setting up sync and frameCommitCallback
03-08 15:13:44.723  1472  2440 W SemWifiTransportLayerUtils: getApplicationCategory - IOException com.example.cmput301w24t33
03-08 15:13:44.724  1472  2440 W System.err: java.io.FileNotFoundException: https://play.google.com/store/apps/details?id=com.example.cmput301w24t33&hl=en
03-08 15:13:44.724  1472  2440 W System.err: 	at com.android.okhttp.internal.huc.HttpURLConnectionImpl.getInputStream(HttpURLConnectionImpl.java:255)
03-08 15:13:44.724  1472  2440 W System.err: 	at com.android.okhttp.internal.huc.DelegatingHttpsURLConnection.getInputStream(DelegatingHttpsURLConnection.java:211)
03-08 15:13:44.724  1472  2440 W System.err: 	at com.android.okhttp.internal.huc.HttpsURLConnectionImpl.getInputStream(HttpsURLConnectionImpl.java:30)
03-08 15:13:44.724  1472  2440 W System.err: 	at com.samsung.android.server.wifi.tcp.SemWifiTransportLayerUtils.getApplicationCategory(SemWifiTransportLayerUtils.java:104)
03-08 15:13:44.724  1472  2440 W System.err: 	at com.samsung.android.server.wifi.tcp.SemWifiTransportLayerMonitor$TcpMonitorHandler.handleMessage(SemWifiTransportLayerMonitor.java:244)
03-08 15:13:44.724  1472  2440 W System.err: 	at android.os.Handler.dispatchMessage(Handler.java:106)
03-08 15:13:44.724  1472  2440 W System.err: 	at android.os.Looper.loopOnce(Looper.java:226)
03-08 15:13:44.724  1472  2440 W System.err: 	at android.os.Looper.loop(Looper.java:313)
03-08 15:13:44.724  1472  2440 W System.err: 	at android.os.HandlerThread.run(HandlerThread.java:67)
03-08 15:13:44.724  1472  2440 D SemWifiPackageInfo: isSkipCategory - skip:FAILED
03-08 15:13:44.724  1472  2440 D SemWifiTransportLayerMonitor.TcpMonitorHandler: MSG_SAVE_PACKAGE_INFO
03-08 15:13:44.724  1472  2440 D SemWifiTransportLayerFileManager: saveWifiPackageInfoToFile
03-08 15:13:44.724  1472  2440 D SemWifiTransportLayerFileManager: writeWifiPackageInfoList
03-08 15:13:44.734 27490 27560 W ziparchive: Unable to open '/system_ext/framework/org.carconnectivity.android.digitalkey.timesync.dm': No such file or directory
03-08 15:13:44.734 27490 27560 W ziparchive: Unable to open '/system_ext/framework/org.carconnectivity.android.digitalkey.timesync.dm': No such file or directory
03-08 15:13:44.739 27300 27354 I [WEATHER]: {[CC6ED0AEC1B0CE064B74332FA4F16CA838B479165E1F25BA68E8C8ECE66521B9]}
03-08 15:13:44.745 27300 27354 I [WEATHER]UserScoreCalculator: {[6D878E9A096BD76C410B37B6107FDC599C3E6496BB0114081AFF179DDB9EE8E1]}
03-08 15:13:44.746 27300 27354 I [WEATHER]UserScoreCalculator: {[614289631237572EE71F04AB5E59F977E7D4775795775909108DD740F1450306]}
03-08 15:13:44.747 27300 27354 I [WEATHER]UserScoreCalculator: {[65ECFCF10501E58886E606AD4A2F1DAA22CEAD33344DB2DCD540464F83B6B306]}
03-08 15:13:44.747 27300 27354 I [WEATHER]UserScoreCalculator: {[E704D761664E5A88CDBA546EBA81C211DF604F6C822AFBFBA0E747A83FCBDE86]}
03-08 15:13:44.748 27300 27354 I [WEATHER]UserScoreCalculator: {[D8483C858F563EAD007F969AB0C1026C7C4927D1DF362CA419AD389D3F155469]}
03-08 15:13:44.748 27300 27354 I [WEATHER]UserScoreCalculator: {[757F59AE76CC7F4CA2704C575D0684337998BD250A5CADB03BEF486283CE30E3]}
03-08 15:13:44.749 27300 27354 I [WEATHER]UserScoreCalculator: {[757F59AE76CC7F4CA2704C575D06843398434CE67D3BA3486ABA1638DB8D560EBF773BDE9A2C2D711361BED1F84FA9ED]}
03-08 15:13:44.749 27300 27354 I [WEATHER]UserScoreCalculator: {[43C13F1AFA3F336F362C2D2F7D56A9FD5DD2C43DDCE1AD43B140CEFAD28150A9]}
03-08 15:13:44.751 27300 27354 I [WEATHER]UserScoreCalculator: {[6385925F5C8FC415EDCB09E1B7535896A7EC8AD6B477F76DAC9E559494C61761]}
03-08 15:13:44.752 27300 27354 I [WEATHER]UserScoreCalculator: {[23383C2C08B6ABFA95DE9BF14FAC9B2CDC434DF94EA23832261A19750D7AF6C5]}
03-08 15:13:44.753 27300 27354 I [WEATHER]: {[84FC86323082565A5BB18216DB0165999AFC293BC2902E3BDCAB75D3DF16214F]}
03-08 15:13:44.754 27300 27354 I [WEATHER]: {[9019DDD4132D082968A653C373C43974B9CD80DEEE885B89298643F8E73F92DD]}
03-08 15:13:44.754 27300 27354 I [WEATHER]UserMonitor: {[7879AAE5A27963F75685E229A99A431A50EF3B3920E38B3277F70E856E20E541]}
03-08 15:13:44.762 26361 26463 I BLASTBufferQueue: [ViewRootImpl@5e7a32a[Attendee]#2](f:0,a:0) onFrameAvailable the first frame is available
03-08 15:13:44.762 26361 26463 I ViewRootImpl@5e7a32a[Attendee]: Received frameCommittedCallback lastAttemptedDrawFrameNum=1 didProduceBuffer=true
03-08 15:13:44.763 26361 26463 D OpenGLRenderer: CFMS:: SetUp Pid : 26361    Tid : 26463
03-08 15:13:44.763 26361 26463 W Parcel  : Expecting binder but got null!
03-08 15:13:44.763 26361 26361 I ViewRootImpl@5e7a32a[Attendee]: onSyncComplete
03-08 15:13:44.764 26361 26361 I ViewRootImpl@5e7a32a[Attendee]: setupSync seqId=0 mSyncId=0 fn=1 caller=android.view.ViewRootImpl$$ExternalSyntheticLambda11.accept:6 android.window.SurfaceSyncer.lambda$setupSync$1$android-window-SurfaceSyncer:128 android.window.SurfaceSyncer$$ExternalSyntheticLambda1.accept:8 android.window.SurfaceSyncer$SyncSet.checkIfSyncIsComplete:382 android.window.SurfaceSyncer$SyncSet.markSyncReady:359 android.window.SurfaceSyncer.markSyncReady:151 android.view.ViewRootImpl.performTraversals:4503
03-08 15:13:44.765 26361 26361 I ViewRootImpl@5e7a32a[Attendee]: reportDrawFinished seqId=0 mSyncId=-1 fn=1 mSurfaceChangedTransaction=0xb400007c7e0c9500
03-08 15:13:44.768 27300 27354 I [WEATHER]UserMonitorDataSource: {[39687D58569197A63AF872F53811B4C106150D160ADF313AD94BC335759E05C7839054A87F19970AF5947C9DDB90FD874F861A97C0EC62ADB1EA275521210F0E]}
03-08 15:13:44.773  1472  1876 W ziparchive: Unable to open '/data/app/~~W-ddUiX8JS3WzrZIN8mU0w==/com.example.cmput301w24t33-E7e2aXhTzEvn2QLsQTpRuw==/base.dm': No such file or directory
03-08 15:13:44.774  1327  1413 I SurfaceFlinger: id=35440 createSurf, flag=24000, Surface(name=58caa92 com.example.cmput301w24t33/com.example.cmput301w24t33.activities.Attendee)/@0xdf5d1c1 - animation-leash of starting_reveal#35440
03-08 15:13:44.779  1472  1876 I PkgPredictorService-SecIpmManagerServiceImpl: reportToNAP uid:10451 com.example.cmput301w24t33/com.example.cmput301w24t33.activities.Attendee thisTime:419
03-08 15:13:44.783 27490 27490 I Rubin   : [2] e8.b.c(SourceFile:2) : Reusing the existing key
03-08 15:13:44.783 12187 12187 I vendor.samsung.hardware.authfw@1.0-TlcProxyAuthnr: process
03-08 15:13:44.783 12187 12187 I tlcFidoAuthnr: process start.
03-08 15:13:44.783 12187 12187 I tlcFidoAuthnr: process start. state:1
03-08 15:13:44.783 12187 12187 I tlcFidoAuthnr: processPass start. state:2
03-08 15:13:44.784  1327  1327 D SurfaceFlinger: Display 4630947232161729153 HWC layers:
03-08 15:13:44.784  1327  1327 D SurfaceFlinger:      CLIENT | 0xb40000745d0661f0 | 0102 | RGBA_8888    |    0.0    0.0    0.0    0.0 |    0    0 1080   37 | bbq-wrapper#35435
03-08 15:13:44.784  1327  1327 D SurfaceFlinger:      CLIENT |              | 0000 |  Unknown  |    0.0    0.0    0.0    0.0 |    0    0 1080 2400 | DimAnimationLayer for Task=3070#35426
03-08 15:13:44.784  1327  1327 D SurfaceFlinger:      CLIENT | 0xb40000745ec18a60 | 0102 | RGBA_8888    |    0.0    0.0 1080.0 2363.0 |    0   37 1080 2400 | com.example.cmput301w24t33/com.examp[...]t33.activities.Attendee$_26361#35437
03-08 15:13:44.784  1327  1327 D SurfaceFlinger:      CLIENT | 0xb40000745d065ee0 | 0100 | RGBA_8888    |    0.0    0.0 1080.0 2363.0 |    0   37 1080 2400 | Splash Screen com.example.cmput301w24t33$_2578#35423
03-08 15:13:44.784  1327  1327 D SurfaceFlinger:      CLIENT | 0xb400007446147a30 | 0100 | RGBA_8888    |    0.0    0.0 1080.0   91.0 |    0    0 1080   91 | StatusBar$_2578#95
03-08 15:13:44.784  1327  1327 D SurfaceFlinger:      CLIENT | 0xb400007446147bf0 | 0100 | RGBA_8888    |    0.0    0.0   67.0  515.0 |    0  301   67  816 | com.samsung.android.app.cocktailbars[...]rvice.CocktailBarService$_5242#35333
03-08 15:13:44.784  1327  1327 D SurfaceFlinger:      CLIENT | 0xb400007446149b70 | 0100 | RGBA_8888
03-08 15:13:44.784  1327  1327 D SurfaceFlinger:  |    0.0    0.0 1080.0  126.0 |    0 2274 1080 2400 | NavigationBar0$_2578#89
03-08 15:13:44.784  1327  1327 D SurfaceFlinger:
03-08 15:13:44.784  1472  1503 D InputDispatcher: Focus entered window (0): 58caa92 com.example.cmput301w24t33/com.example.cmput301w24t33.activities.Attendee
03-08 15:13:44.785 27487 27544 I SAMgr_HS: ret: true, 10
03-08 15:13:44.786 12187 12187 I vendor.samsung.hardware.authfw@1.0-TlcProxyAuthnr: terminate
03-08 15:13:44.786 12187 12187 I tlcFidoAuthnr: terminateFido start.
03-08 15:13:44.786 12187 12187 I tlcFidoAuthnr: terminateFido start. state:1
03-08 15:13:44.787 26361 26361 W Firestore: (24.10.2) [CustomClassMapper]: No setter/field for fullName found on class com.example.cmput301w24t33.users.User (fields/setters are case sensitive!)
03-08 15:13:44.788 27490 27560 W FA-Ads  : Disabling data collection. Found google_app_id in strings.xml but Google Analytics for Firebase is missing. Remove this value or add Google Analytics for Firebase to resume data collection.
03-08 15:13:44.788 27487 27544 I [AUTHFW][TZ]TzUtil: nic is not supported on Q
03-08 15:13:44.798 27490 27560 I DynamiteModule: Considering local module com.google.android.gms.ads.dynamite:0 and remote module com.google.android.gms.ads.dynamite:240304704
03-08 15:13:44.798   679   679 W keymaster_tee: [WRN]begin req PARAMS: A32 B2 P64
03-08 15:13:44.798 27490 27560 I DynamiteModule: Selected remote version of com.google.android.gms.ads.dynamite, version >= 240304704
03-08 15:13:44.804  1472  2376 D ConnectivityService: releasing NetworkRequest [ REQUEST id=7871, [ Capabilities: INTERNET&NOT_RESTRICTED&TRUSTED&NOT_VCN_MANAGED Uid: 10233 RequestorUid: 10233 RequestorPkg: com.android.vending UnderlyingNetworks: Null] ] (release request)
03-08 15:13:44.804  1472  2376 D ConnectivityService:  Removing from current network [162 WIFI], leaving 145 requests.
03-08 15:13:44.804  1180  1180 I Zygote  : Process 27281 exited due to signal 9 (Killed)
03-08 15:13:44.805  1472  1876 I ActivityTaskManager: Displayed com.example.cmput301w24t33/.activities.Attendee: +419ms
03-08 15:13:44.805  1472  2020 I libprocessgroup: Successfully killed process cgroup uid 10233 pid 27281 in 0ms
03-08 15:13:44.807   679   679 D keymaster_swd: keymaster_swd [WRN] (swd_run_cb:257) swd_begin() returns 0
03-08 15:13:44.808  2578  2656 I ViewRootImpl@2d59f4d[cmput301w24t33]: performTraversals params={(0,0)(fillxfill) sim={adjust=pan} ty=APPLICATION_STARTING fmt=TRANSLUCENT wanim=0x1030309
03-08 15:13:44.808  2578  2656 I ViewRootImpl@2d59f4d[cmput301w24t33]:   fl=81030118
03-08 15:13:44.808  2578  2656 I ViewRootImpl@2d59f4d[cmput301w24t33]:   pfl=16000010
03-08 15:13:44.808  2578  2656 I ViewRootImpl@2d59f4d[cmput301w24t33]:   bhv=DEFAULT
03-08 15:13:44.808  2578  2656 I ViewRootImpl@2d59f4d[cmput301w24t33]:   fitSides= naviIconColor=0}
03-08 15:13:44.808  2578  2656 I ViewRootImpl@2d59f4d[cmput301w24t33]: performTraversals mFirst=false windowShouldResize=false viewVisibilityChanged=false mForceNextWindowRelayout=false params={(0,0)(fillxfill) sim={adjust=pan} ty=APPLICATION_STARTING fmt=TRANSLUCENT wanim=0x1030309
03-08 15:13:44.808  2578  2656 I ViewRootImpl@2d59f4d[cmput301w24t33]:   fl=81030118
03-08 15:13:44.808  2578  2656 I ViewRootImpl@2d59f4d[cmput301w24t33]:   pfl=16000010
03-08 15:13:44.808  2578  2656 I ViewRootImpl@2d59f4d[cmput301w24t33]:   bhv=DEFAULT
03-08 15:13:44.808  2578  2656 I ViewRootImpl@2d59f4d[cmput301w24t33]:   fitSides= naviIconColor=0}
03-08 15:13:44.808 27300 27354 I [WEATHER]LoggerService: {[5C0BA85D5BDED42699E6D325962A0C42443E227B1E0A43885FD09A4BDC5B96DE]}
03-08 15:13:44.809  1472  2682 V WindowManager: Relayout Window{fecc4a3 u0 Splash Screen com.example.cmput301w24t33}: viewVisibility=0 req=1080x2400 d0
03-08 15:13:44.812 27490 27560 W System  : ClassLoader referenced unknown path:
03-08 15:13:44.814  2578  2578 D SamsungLightBarControlHelper: onStatusBarAppearanceChanged() -  sbModeChanged:false, statusBarMode:MODE_TRANSPARENT, barState:SHADE, isKeyguardShowing:false, navbarColorManagedByIme:false, stackAppearancesChanged:true, (AppearanceRegion{ bounds=[0,0][1080,2400]}, ), packageName:com.example.cmput301w24t33
03-08 15:13:44.814  2578  2578 D NavigationBar: onSystemBarAttributesChanged() -  displayId:0, appearance:0, packageName: com.example.cmput301w24t33, navbarColorManagedByIme:false
03-08 15:13:44.815  2578  2578 D SamsungLightBarControlHelper: updateNavigation(White button) isLightBar:false, hasLightBarNavigationBarFlag:false, packageName:com.example.cmput301w24t33, DirectReplying:false, NavBarColorManagerdByIme:false, ForceDarkForScrim:false, QsCustomizing:false, PanelHasWhiteBg:true
03-08 15:13:44.815  1472  2682 V WindowManager: Relayout hash=fecc4a3, pid=2578, syncId=-1: mAttrs={(0,0)(fillxfill) sim={adjust=pan} ty=APPLICATION_STARTING fmt=TRANSLUCENT wanim=0x1030309
03-08 15:13:44.815  1472  2682 V WindowManager:   fl=81030118
03-08 15:13:44.815  1472  2682 V WindowManager:   pfl=16000010
03-08 15:13:44.815  1472  2682 V WindowManager:   bhv=DEFAULT
03-08 15:13:44.815  1472  2682 V WindowManager:   fitSides= naviIconColor=0}
03-08 15:13:44.815   679   679 D keymaster_swd: keymaster_swd [WRN] (swd_run_cb:257) swd_update() returns 0
03-08 15:13:44.816  2578  2578 D SamsungLightBarControlHelper: updateStatus(WHITE icon) NumStacks:1, StatusBarMode:MODE_TRANSPARENT, lightBarBounds:[], StatusBarState:SHADE, packageName:com.example.cmput301w24t33, isWhiteKeyguardStatusBarBySettings:true
03-08 15:13:44.816  2578  2656 D InsetsController: onStateChanged: InsetsState: {mDisplayFrame=Rect(0, 0 - 1080, 2400), mDisplayCutout=DisplayCutout{insets=Rect(0, 91 - 0, 0) waterfall=Insets{left=0, top=0, right=0, bottom=0} boundingRect={Bounds=[Rect(0, 0 - 0, 0), Rect(503, 0 - 577, 91), Rect(0, 0 - 0, 0), Rect(0, 0 - 0, 0)]} cutoutPathParserInfo={CutoutPathParserInfo{displayWidth=1080 displayHeight=2400 physicalDisplayWidth=1080 physicalDisplayHeight=2400 density={2.625} cutoutSpec={M 0,0 H -14.0952380952381 V 34.66666666666667 H 14.0952380952381 V 0 H 0 Z @dp} rotation={0} scale={1.0} physicalPixelDisplaySizeRatio={1.0}}}}, mRoundedCorners=RoundedCorners{[RoundedCorner{position=TopLeft, radius=84, center=Point(84, 84)}, RoundedCorner{position=TopRight, radius=84, center=Point(996, 84)}, RoundedCorner{position=BottomRight, radius=84, center=Point(996, 2316)}, RoundedCorner{position=BottomLeft, radius=84, center=Point(84, 2316)}]}  mRoundedCornerFrame=Rect(0, 0 - 1080, 2400), mPrivacyIndicatorBounds=PrivacyIndicatorBounds {static bounds=Rect(964, 0 - 1080, 91) rotation=0}, mSources= { InsetsSource: {mType=ITYPE_STATUS_BAR, mFrame=[0,0][1080,91], mVisible=true, mInsetsRoundedCornerFrame=false}, InsetsSource: {mType=ITYPE_NAVIGATION_BAR, mFrame=[0,2274][1080,2400], mVisible=true, mInsetsRoundedCornerFrame=false}, InsetsSource: {mType=ITYPE_LEFT_GESTURES, mFrame=[0,0][0,2400], mVisible=true, mInsetsRoundedCornerFrame=false}, InsetsSource: {mType=ITYPE_RIGHT_GESTURES, mFrame=[1080,0][1080,2400], mVisible=true, mInsetsRoundedCornerFrame=false}, InsetsSource: {mType=ITYPE_TOP_MANDATORY_GESTURES, mFrame=[0,0][1080,123], mVisible=true, mInsetsRoundedCornerFrame=false}, InsetsSource: {mType=ITYPE_BOTTOM_MANDATORY_GESTURES, mFrame=[0,2274][1080,2400], mVisible=true, mInsetsRoundedCornerFrame=false}, InsetsSource: {mType=ITYPE_LEFT_DISPLAY_CUTOUT, mFrame=[0,0][-100000,2400], mVisible=true, mInsetsRoundedCornerFrame=false}, InsetsSource: {mType=ITYPE_TOP_DISPLAY_CUTOUT, mFrame=[0,0][1080,91], mVisible=true, mInsetsRoundedCornerFrame=false}, InsetsSource: {mType=ITYPE_RIGHT_DISPLAY_CUTOUT, mFrame=[100000,0][1080,2400], mVisible=true, mInsetsRoundedCornerFrame=false}, InsetsSource: {mType=ITYPE_BOTTOM_DISPLAY_CUTOUT, mFrame=[0,100000][1080,2400], mVisible=true, mInsetsRoundedCornerFrame=false}, InsetsSource: {mType=ITYPE_TOP_TAPPABLE_ELEMENT, mFrame=[0,0][1080,91], mVisible=true, mInsetsRoundedCornerFrame=false}, InsetsSource: {mType=ITYPE_BOTTOM_TAPPABLE_ELEMENT, mFrame=[0,2274][1080,2400], mVisible=true, mInsetsRoundedCornerFrame=false}, InsetsSource: {mType=ITYPE_IME, mFrame=[0,0][0,0], mVisibleFrame=[0,1409][1080,2400], mVisible=false, mInsetsRoundedCornerFrame=false} } host=Splash Screen com.example.cmput301w24t33 from=android.view.ViewRootImpl.relayoutWindow:9802
03-08 15:13:44.817  2578  2656 I ViewRootImpl@2d59f4d[cmput301w24t33]: updateBlastSurfaceIfNeeded mBlastBufferQueue=0xb400007c520db380 isSameSurfaceControl=true
03-08 15:13:44.817  2578  2656 I BLASTBufferQueue: update, w= 1080 h= 2400 mName = ViewRootImpl@2d59f4d[cmput301w24t33] mNativeObject= 0xb400007c520db380 sc.mNativeObject= 0xb400007c52ea2e40 format= -3 caller= android.view.ViewRootImpl.updateBlastSurfaceIfNeeded:2898 android.view.ViewRootImpl.relayoutWindow:9847 android.view.ViewRootImpl.performTraversals:3884 android.view.ViewRootImpl.doTraversal:3116 android.view.ViewRootImpl$TraversalRunnable.run:10885 android.view.Choreographer$CallbackRecord.run:1301
03-08 15:13:44.817  2578  2656 I ViewRootImpl@2d59f4d[cmput301w24t33]: Relayout returned: old=(0,0,1080,2400) new=(0,0,1080,2400) req=(1080,2400)0 dur=9 res=0x0 s={true 0xb400007c52c2c800} ch=false seqId=0
03-08 15:13:44.818 27487 27487 I [AUTHFW][PASS]AuthFwApp: otlv80
03-08 15:13:44.819  2578  2711 I ViewRootImpl@2d59f4d[cmput301w24t33]: mWNT: t=0xb400007c663e7e00 mBlastBufferQueue=0xb400007c520db380 fn= 2 caller= android.view.SyncRtSurfaceTransactionApplier.applyTransaction:96 android.view.SyncRtSurfaceTransactionApplier.lambda$scheduleApply$0$android-view-SyncRtSurfaceTransactionApplier:69 android.view.SyncRtSurfaceTransactionApplier$$ExternalSyntheticLambda0.onFrameDraw:4
03-08 15:13:44.819  2578  2711 I ViewRootImpl@2d59f4d[cmput301w24t33]: mWNT: t=0xb400007c81f7c100 mBlastBufferQueue=0xb400007c520db380 fn= 2 caller= android.view.SyncRtSurfaceTransactionApplier.applyTransaction:96 android.view.SyncRtSurfaceTransactionApplier.lambda$scheduleApply$0$android-view-SyncRtSurfaceTransactionApplier:69 android.view.SyncRtSurfaceTransactionApplier$$ExternalSyntheticLambda0.onFrameDraw:4
03-08 15:13:44.820   679   679 D keymaster_swd: keymaster_swd [WRN] (swd_run_cb:257) swd_finish() returns 0
03-08 15:13:44.828  2578  2712 I ViewRootImpl@2d59f4d[cmput301w24t33]: mWNT: t=0xb400007c81f7ce00 mBlastBufferQueue=0xb400007c520db380 fn= 3 caller= android.view.SyncRtSurfaceTransactionApplier.applyTransaction:96 android.view.SyncRtSurfaceTransactionApplier.lambda$scheduleApply$0$android-view-SyncRtSurfaceTransactionApplier:69 android.view.SyncRtSurfaceTransactionApplier$$ExternalSyntheticLambda0.onFrameDraw:4
03-08 15:13:44.832 27538 27538 I CapsuleProvider_1.0.23: releasing initialize wait lock.
03-08 15:13:44.835 27538 27538 I CapsuleProvider_1.0.23: onCreate
03-08 15:13:44.836 27538 27538 I com.samsung.android.sm.iafd.InitializationProvider: doInit
03-08 15:13:44.836 27538 27594 I Dc.IafdDbManager: iafd_libVersion = 1.0.5
03-08 15:13:44.837  2578  2578 I ViewRootImpl@1c1cd0e[NotificationShade]: performTraversals mFirst=false windowShouldResize=false viewVisibilityChanged=false mForceNextWindowRelayout=false params={(0,0)(fillxfill) gr=TOP CENTER_VERTICAL sim={adjust=resize} layoutInDisplayCutoutMode=always ty=NOTIFICATION_SHADE fmt=TRANSLUCENT
03-08 15:13:44.837  2578  2578 I ViewRootImpl@1c1cd0e[NotificationShade]:   fl=81840048
03-08 15:13:44.837  2578  2578 I ViewRootImpl@1c1cd0e[NotificationShade]:   pfl=1b000000
03-08 15:13:44.837  2578  2578 I ViewRootImpl@1c1cd0e[NotificationShade]:   bhv=SHOW_TRANSIENT_BARS_BY_SWIPE naviIconColor=0
03-08 15:13:44.837  2578  2578 I ViewRootImpl@1c1cd0e[NotificationShade]:   sfl=60000}
03-08 15:13:44.838  1472  3253 V WindowManager: Relayout Window{85bfa35 u0 NotificationShade}: viewVisibility=4 req=1080x2400 d0
03-08 15:13:44.839 27538 27538 I DC.SettingSearchProvider: version : 1370300000, lang : en_CA
03-08 15:13:44.840  1472  3253 V WindowManager: Relayout hash=85bfa35, pid=2578, syncId=-1: mAttrs={(0,0)(fillxfill) gr=TOP CENTER_VERTICAL sim={adjust=resize} layoutInDisplayCutoutMode=always ty=NOTIFICATION_SHADE fmt=TRANSLUCENT
03-08 15:13:44.840  1472  3253 V WindowManager:   fl=81840048
03-08 15:13:44.840  1472  3253 V WindowManager:   pfl=1b000000
03-08 15:13:44.840  1472  3253 V WindowManager:   bhv=SHOW_TRANSIENT_BARS_BY_SWIPE naviIconColor=0
03-08 15:13:44.840  1472  3253 V WindowManager:   sfl=60000}
03-08 15:13:44.848 27538 27538 I SmApplication: onCreate
03-08 15:13:44.848 27538 27538 I SmApplication: current process is com.samsung.android.lool
03-08 15:13:44.848 27538 27538 I SmApplication: initializeApplication
03-08 15:13:44.849  5242  5242 I Utils   : isCurrentUser current = 0, ownerId = 0
03-08 15:13:44.850  5242  5242 I TrayVisibilityController: getComputedTrayVisible : keyguardState = 1
03-08 15:13:44.850  5242  5242 I TrayVisibilityController: updateTrayVisible: State=1 visible=1 mCurrentVisible=1 specificMode=0
03-08 15:13:44.850  5242  5242 I TrayStateController: onNotifyUpdateTray: state=0
03-08 15:13:44.851  2578  2578 I ViewRootImpl@1c1cd0e[NotificationShade]: Relayout returned: old=(0,0,1080,2400) new=(0,0,1080,2400) req=(1080,2400)4 dur=3 res=0x0 s={false 0x0} ch=false seqId=0
03-08 15:13:44.851  2578  2711 I ViewRootImpl@2d59f4d[cmput301w24t33]: mWNT: t=0xb400007c81f7c500 mBlastBufferQueue=0xb400007c520db380 fn= 4 caller= android.view.SyncRtSurfaceTransactionApplier.applyTransaction:96 android.view.SyncRtSurfaceTransactionApplier.lambda$scheduleApply$0$android-view-SyncRtSurfaceTransactionApplier:69 android.view.SyncRtSurfaceTransactionApplier$$ExternalSyntheticLambda0.onFrameDraw:4
03-08 15:13:44.853  2578  2578 I FaceWidgetPositionAlgorithm: getClockContainerHeight() supplier = 227, bottom margin = 0, real height = 290
03-08 15:13:44.853  2578  2578 I ClockInfoManager: isClockFaceType: type = 9 clockFaceType = 0
03-08 15:13:44.853  2578  2578 D FaceWidgetPositionAlgorithm: getTopMargin scale = 0.8408237, clockContainerHeight = 227, scaleMarginY = 21
03-08 15:13:44.853  2578  2578 I FaceWidgetPositionAlgorithm: getClockContainerHeight() supplier = 227, bottom margin = 63, real height = 290
03-08 15:13:44.854  2578  2578 I FaceWidgetPositionAlgorithm: getMediaContainerHeight() height = 456 container Visibility = 8, isValid = true, mIsDozing = false, fraction = 1.0, source = 0, target = 0
03-08 15:13:44.854  2578  2578 I FaceWidgetPositionAlgorithm: getMediaContainerHeight() supplier = 456
03-08 15:13:44.864 27538 27538 I DMT-StubUpdateUtils: current : 1370300000, market : 0
03-08 15:13:44.866  2578  2664 D OpenGLRenderer: setSurface called with nullptr
03-08 15:13:44.866  2578  2664 D OpenGLRenderer: setSurface() destroyed EGLSurface
03-08 15:13:44.866  2578  2664 D OpenGLRenderer: destroyEglSurface
03-08 15:13:44.870  2578  2656 I ViewRootImpl@2d59f4d[cmput301w24t33]: performTraversals params={(0,0)(fillxfill) sim={adjust=pan} ty=APPLICATION_STARTING fmt=TRANSLUCENT wanim=0x1030309 alpha=0.0
03-08 15:13:44.870  2578  2656 I ViewRootImpl@2d59f4d[cmput301w24t33]:   fl=81030118
03-08 15:13:44.870  2578  2656 I ViewRootImpl@2d59f4d[cmput301w24t33]:   pfl=16000010
03-08 15:13:44.870  2578  2656 I ViewRootImpl@2d59f4d[cmput301w24t33]:   bhv=DEFAULT
03-08 15:13:44.870  2578  2656 I ViewRootImpl@2d59f4d[cmput301w24t33]:   fitSides= naviIconColor=0}
03-08 15:13:44.870 27538 27538 I DMT-StubUpdateUtils: current : 732605110, market : 0
03-08 15:13:44.871  2578  2656 I ViewRootImpl@2d59f4d[cmput301w24t33]: performTraversals mFirst=false windowShouldResize=false viewVisibilityChanged=true mForceNextWindowRelayout=false params={(0,0)(fillxfill) sim={adjust=pan} ty=APPLICATION_STARTING fmt=TRANSLUCENT wanim=0x1030309 alpha=0.0
03-08 15:13:44.871  2578  2656 I ViewRootImpl@2d59f4d[cmput301w24t33]:   fl=81030118
03-08 15:13:44.871  2578  2656 I ViewRootImpl@2d59f4d[cmput301w24t33]:   pfl=16000010
03-08 15:13:44.871  2578  2656 I ViewRootImpl@2d59f4d[cmput301w24t33]:   bhv=DEFAULT
03-08 15:13:44.871  2578  2656 I ViewRootImpl@2d59f4d[cmput301w24t33]:   fitSides= naviIconColor=0}
03-08 15:13:44.871  1472  3253 V WindowManager: Relayout Window{fecc4a3 u0 Splash Screen com.example.cmput301w24t33}: viewVisibility=8 req=1080x2400 d0
03-08 15:13:44.872 27538 27538 I DIAGMON_SDK[605060]: DiagMonAgent type: 2
03-08 15:13:44.873 27538 27538 I DIAGMON_SDK[605060][dc60qlc6ri] : generated SR object
03-08 15:13:44.873  2578  2578 D NavigationBar: onSystemBarAttributesChanged() -  displayId:0, appearance:16, packageName: com.example.cmput301w24t33 (APPEARANCE_LIGHT_NAVIGATION_BARS ), navbarColorManagedByIme:false
03-08 15:13:44.874  1472  3253 V WindowManager: Relayout hash=fecc4a3, pid=2578, syncId=-1: mAttrs={(0,0)(fillxfill) sim={adjust=pan} ty=APPLICATION_STARTING fmt=TRANSLUCENT wanim=0x1030309 alpha=0.0
03-08 15:13:44.874  1472  3253 V WindowManager:   fl=81030118
03-08 15:13:44.874  1472  3253 V WindowManager:   pfl=16000010
03-08 15:13:44.874  1472  3253 V WindowManager:   bhv=DEFAULT
03-08 15:13:44.874  1472  3253 V WindowManager:   fitSides= naviIconColor=0}
03-08 15:13:44.874  2578  2578 D SamsungLightBarControlHelper: updateNavigation(Black button) isLightBar:false, hasLightBarNavigationBarFlag:true, packageName:com.example.cmput301w24t33, DirectReplying:false, NavBarColorManagerdByIme:false, ForceDarkForScrim:false, QsCustomizing:false, PanelHasWhiteBg:true
03-08 15:13:44.875  2578  2656 I ViewRootImpl@2d59f4d[cmput301w24t33]: Relayout returned: old=(0,0,1080,2400) new=(0,0,1080,2400) req=(1080,2400)8 dur=4 res=0x2 s={false 0x0} ch=true seqId=0
03-08 15:13:44.875  2578  2656 I ViewRootImpl@2d59f4d[cmput301w24t33]: dispatchDetachedFromWindow
03-08 15:13:44.876  1472  2682 D InputTransport: Input channel destroyed: 'fecc4a3', fd=759
03-08 15:13:44.876  1472  2682 W InputManager-JNI: Input channel object 'fecc4a3 Splash Screen com.example.cmput301w24t33 (client)' was disposed without first being removed with the input manager!
03-08 15:13:44.877  1472  2682 D InputTransport: Input channel destroyed: 'fecc4a3', fd=885
03-08 15:13:44.878  2578  2656 D InputTransport: Input channel destroyed: 'fecc4a3', fd=273
03-08 15:13:44.881 26361 26361 W Firestore: (24.10.2) [CustomClassMapper]: No setter/field for fullName found on class com.example.cmput301w24t33.users.User (fields/setters are case sensitive!)
03-08 15:13:44.882 26361 26361 D ContentValues: HEY ITS HERE: 6d2d326bbbe75ba1
03-08 15:13:44.882 26361 26361 D ContentValues: User Authenticated: 6d2d326bbbe75ba1
03-08 15:13:44.882 26361 26361 I ViewRootImpl@5e7a32a[Attendee]: MSG_WINDOW_FOCUS_CHANGED 1 0
03-08 15:13:44.883  1327  1327 D SurfaceFlinger: Display 4630947232161729153 HWC layers:
03-08 15:13:44.883  1327  1327 D SurfaceFlinger:      CLIENT | 0xb40000745d0661f0 | 0102 | RGBA_8888    |    0.0    0.0    0.0    0.0 |    0    0 1080    8 | bbq-wrapper#35435
03-08 15:13:44.883  1327  1327 D SurfaceFlinger:      CLIENT |              | 0000 |  Unknown  |    0.0    0.0    0.0    0.0 |    0    0 1080 2400 | DimAnimationLayer for Task=3070#35426
03-08 15:13:44.883  1327  1327 D SurfaceFlinger:      CLIENT | 0xb40000745ec18a60 | 0102 | RGBA_8888    |    0.0    0.0 1080.0 2392.0 |    0    8 1080 2400 | com.example.cmput301w24t33/com.examp[...]t33.activities.Attendee$_26361#35437
03-08 15:13:44.883  1327  1327 D SurfaceFlinger:      CLIENT | 0xb400007446147170 | 0100 | RGBA_8888    |    0.0    0.0 1080.0   91.0 |    0    0 1080   91 | StatusBar$_2578#95
03-08 15:13:44.883  1327  1327 D SurfaceFlinger:      CLIENT | 0xb400007446147bf0 | 0100 | RGBA_8888    |    0.0    0.0   67.0  515.0 |    0  301   67  816 | com.samsung.android.app.cocktailbars[...]rvice.CocktailBarService$_5242#35333
03-08 15:13:44.883  1327  1327 D SurfaceFlinger:      CLIENT | 0xb400007446148210 | 0100 | RGBA_8888    |    0.0    0.0 1080.0  126.0 |    0 2274 1080 2400 | NavigationBar0$_2578#89
03-08 15:13:44.883  1327  1327 D SurfaceFlinger:
03-08 15:13:44.883 26361 26361 I ViewRootImpl@5e7a32a[Attendee]: mThreadedRenderer.initializeIfNeeded()#2 mSurface={isValid=true 0xb400007c7ff8b800}
03-08 15:13:44.884 27538 27538 I SmApplication: current process is com.samsung.android.lool
03-08 15:13:44.888 26361 26361 D InputMethodManager: startInputInner - Id : 0
03-08 15:13:44.888 26361 26361 I InputMethodManager: startInputInner - mService.startInputOrWindowGainedFocus
03-08 15:13:44.890  1472  2685 D InputMethodManagerService: mDesktopModeManager null!
03-08 15:13:44.890  1472  2685 V InputMethodManagerService: getDisplayIdOfInputMethodWindowToBeAdded: displayId=0
03-08 15:13:44.890  1327  1327 I Layer   : id=35440 removedFromDrawingState Surface(name=58caa92 com.example.cmput301w24t33/com.example.cmput301w24t33.activities.Attendee)/@0xdf5d1c1 - animation-leash of starting_reveal#35440 (144)
03-08 15:13:44.890  1472  2685 D InputMethodManagerService: isImeSwitcherDisabledPackage : false
03-08 15:13:44.893 27538 27538 W SmApplication: onTrimMemory : 10
03-08 15:13:44.893 27538 27538 I SB_Receiver: action : com.samsung.android.sm.security.service.ACTION_SERVICE_STATUS_CHANGED
03-08 15:13:44.895  1472  2685 D InputMethodManagerService: checkDisplayOfStartInputAndUpdateKeyboard: displayId=0, mFocusedDisplayId=0
03-08 15:13:44.895  1472  2685 D InputTransport: Input channel constructed: 'ClientS', fd=743
03-08 15:13:44.895  1472  2685 D InputTransport: Input channel destroyed: 'ClientS', fd=743
03-08 15:13:44.896 12908 12908 I HBD     : HoneyBoardService onFinishInput
03-08 15:13:44.896 12908 12908 I HBD     : a IC have been unbinding,  RemoteInputConnection{idHash=#99186e0}
03-08 15:13:44.896 12908 12908 I HBD     : HoneyBoardService [PF_CL][onFinishInput]  0 ms
03-08 15:13:44.897 12908 12908 I HBD     : HoneyBoardService [IMI] onStartInput - caller pid : 26361 , caller uid : 10451
03-08 15:13:44.897 12908 12908 I HBD     : j updateConfigs
03-08 15:13:44.897 12908 12908 I HBD     : j isEnabledNightMode : false
03-08 15:13:44.897 12908 12908 I HBD     : a IC have been binding, RemoteInputConnection{idHash=#99186e0}
03-08 15:13:44.897 12908 12908 I HBD     : h [EditorInputType]setPrivateImeOptionsToTable privateImeOptions ( null )
03-08 15:13:44.897 12908 12908 I HBD     : b incognitoMode : false
03-08 15:13:44.897 12908 12908 I HBD     : b needOff = true , isForceOff = false, isNullInputClass : true
03-08 15:13:44.897 12908 12908 I HBD     : h getDefaultInputRange : UNKNOWN
03-08 15:13:44.897 12908 12908 I HBD     : h getDefaultInputRange : UNKNOWN
03-08 15:13:44.897 12908 12908 I HBD     : h getDefaultInputRange : UNKNOWN
03-08 15:13:44.898 12908 12908 I HBD     : b needOff = true , isForceOff = false, isNullInputClass : true
03-08 15:13:44.898 12908 12908 I HBD     : b update cached prediction status : false
03-08 15:13:44.899 12908 12908 I HBD     : h getDefaultInputRange : UNKNOWN
03-08 15:13:44.899 12908 12908 I HBD     : a currentState : 0
03-08 15:13:44.899 12908 12908 I HBD     : a [UpdatePolicy] [post] a: 0 cl: 65537 kit: [0/0] vt: 0 ir: 1
03-08 15:13:44.899 12908 12908 I HBD     : a [NRIC] resetNoResponseState
03-08 15:13:44.899 12908 12908 I HBD     : b needOff = true , isForceOff = false, isNullInputClass : true
03-08 15:13:44.899 12908 12908 I HBD     : b update cached prediction status : false
03-08 15:13:44.899 12908 12908 I HBD     : HoneyBoardService [PF_OP][onStartInput]  3 ms
03-08 15:13:44.900  1327  3508 I SurfaceFlinger: id=35441 createSurf, flag=24004, Surface(name=a2c6971 InputMethod)/@0x3034fd7 - animation-leash of insets_animation#35441
03-08 15:13:44.909 27538 27609 I RegistryService: Received action com.samsung.android.sm.external.service.action.REGISTER_SERVICE
03-08 15:13:44.909 27538 27609 I [RoutineSdk3.0-3.1.3]: RoutineSdkImpl: setHandler - conditionHandler initialized
03-08 15:13:44.909 27538 27609 I [RoutineSdk3.0-3.1.3]: RoutineSdkImpl: setHandler - actionHandler initialized
03-08 15:13:44.910 27538 27610 I SB_Processor: action : com.samsung.android.sm.security.service.ACTION_SERVICE_STATUS_CHANGED
03-08 15:13:44.910 27538 27610 I SB_BgScanServiceCompleted : name : initialization_service, status  : started
03-08 15:13:44.914 27538 27538 I SB_Receiver: action : com.samsung.android.sm.security.service.ACTION_SERVICE_STATUS_CHANGED
03-08 15:13:44.915  1472  2685 D InputMethodManagerService: isImeSwitcherDisabledPackage : false
03-08 15:13:44.917 12908 12908 I InputMethodService: removeImeSurface
03-08 15:13:44.917 27490 27527 I Rubin   : [447] com.samsung.android.rubin.controller.provider.RubinStateProvider.call(SourceFile:2) : RubinStateProvider : method = getRubinState
03-08 15:13:44.918 12908 12908 I MSHandlerLifeCycle: check: return. pkg=com.samsung.android.honeyboard isActivity=false callers=com.android.internal.policy.DecorView.setVisibility:4412 android.app.Dialog.hide:767 android.inputmethodservice.InputMethodService.removeImeSurface:1290 android.inputmethodservice.InputMethodService.scheduleImeSurfaceRemoval:1279 android.inputmethodservice.InputMethodService.-$$Nest$mscheduleImeSurfaceRemoval:0
03-08 15:13:44.918 12908 12908 I MSHandlerLifeCycle: removeMultiSplitHandler: no exist. decor=DecorView@df736f9[InputMethod]
03-08 15:13:44.922 27538 27613 I SB_Processor: action : com.samsung.android.sm.security.service.ACTION_SERVICE_STATUS_CHANGED
03-08 15:13:44.923 27538 27613 I SB_BgScanServiceCompleted : name : initialization_service, status  : completed
03-08 15:13:44.924  1327  1327 I Layer   : id=35415 removedFromDrawingState Surface(name=a2c6971 InputMethod)/@0x3034fd7 - animation-leash of insets_animation#35415 (145)
03-08 15:13:44.924 27490 27490 I Rubin   : [2] e8.b.c(SourceFile:2) : Reusing the existing key
03-08 15:13:44.925  1257  1326 I HYPER-HAL: [ResourceManager.cpp]removeResource(): [CPUMinFreq] RemoveResource Request ID : 1103368
03-08 15:13:44.925  1257  1326 I HYPER-HAL: [RequestManager.cpp]releaseLocked(): Released ID : 1103368
03-08 15:13:44.928   679   679 W keymaster_tee: [WRN]begin req PARAMS: A32 B2 P64
03-08 15:13:44.928 27490 27527 I Rubin   : [447] z7.f.b(SourceFile:6) : checkForUI = false isGdprAffected = false isCMSFeatureSupported = true
03-08 15:13:44.931 27490 27527 I Rubin   : [447] com.samsung.android.rubin.controller.provider.RubinStateProvider.call(SourceFile:16) : RubinStateProvider : watch state = -2
03-08 15:13:44.933   679   679 D keymaster_swd: keymaster_swd [WRN] (swd_run_cb:257) swd_begin() returns 0
03-08 15:13:44.934  1257 27491 I HYPER-HAL: [ResourceManager.cpp]removeResource(): [CPUMinFreq] RemoveResource Request ID : 1107832
03-08 15:13:44.934  1257 27491 I HYPER-HAL: [RequestManager.cpp]releaseLocked(): Released ID : 1107832
03-08 15:13:44.935  1180  1180 D Zygote  : Forked child process 27620
03-08 15:13:44.935   679   679 D keymaster_swd: keymaster_swd [WRN] (swd_run_cb:257) swd_update() returns 0
03-08 15:13:44.935 27490 27527 I Rubin   : [447] z7.f.b(SourceFile:6) : checkForUI = false isGdprAffected = false isCMSFeatureSupported = true
03-08 15:13:44.939 27490 27527 I Rubin   : [447] com.samsung.android.rubin.controller.provider.RubinStateProvider.e(SourceFile:4) : Is alternative Agreement : true, is Rubin ID exist : false
03-08 15:13:44.941 27538 27538 W SmApplication: onTrimMemory : 60
03-08 15:13:44.944   679   679 D keymaster_swd: keymaster_swd [WRN] (swd_run_cb:257) swd_finish() returns 0
03-08 15:13:44.945 27538 27538 I DC.AppIconCache: clear icon cache
03-08 15:13:44.947 27490 27527 I Rubin   : [447] z7.f.b(SourceFile:6) : checkForUI = false isGdprAffected = false isCMSFeatureSupported = true
03-08 15:13:44.948 27490 27527 I Rubin   : [447] z7.f.b(SourceFile:6) : checkForUI = false isGdprAffected = false isCMSFeatureSupported = true
03-08 15:13:44.949 27490 27527 I Rubin   : [447] z7.f.b(SourceFile:6) : checkForUI = false isGdprAffected = false isCMSFeatureSupported = true
03-08 15:13:44.949 27490 27527 I Rubin   : [447] z7.f.b(SourceFile:6) : checkForUI = false isGdprAffected = false isCMSFeatureSupported = true
03-08 15:13:44.950 27300 27300 I [WEATHER]RubinDataSourceImpl: {[6E099A6F08D647829A2B7E3CFA1CA20DA12453F944A27016475E0EE04A441065AB8ACC9A01C366F15CC757D63701939D573C60E5FC634B5A3CCC327C52610B5BD5E1BD533024B0130D9811C4209620A77C9AAF1C9FCEC673E608AA8218E4EF8C]}
03-08 15:13:44.953 27300 27300 I RunestoneSDK: [1.3.11]Called module : V30ContextFenceInformation -> getRegisteredContextFenceList(RunestoneFenceApi.kt:4)
03-08 15:13:44.957 27490 27527 I Rubin   : [447] com.samsung.android.rubin.datainterface.f.call(SourceFile:2) : Method : get_registered_context_fences, Calling Package - com.sec.android.daemonapp
03-08 15:13:44.962 27490 27527 I AccessController: isAllowedPackage - com.sec.android.daemonapp is allowed to access
03-08 15:13:44.965 27490 27527 I Rubin   : [447] z7.f.b(SourceFile:6) : checkForUI = false isGdprAffected = false isCMSFeatureSupported = true
03-08 15:13:44.966 27490 27527 W Rubin   : [447] com.samsung.android.rubin.datainterface.f.isProvidableState(SourceFile:2) : Rubin is disabled
03-08 15:13:44.969 27490 27527 I Rubin   : [447] z6.d.a(SourceFile:6) : active permissions : [STORAGE, PHYSICAL_ACTIVITY, CONTACTS, LOCATION, CALL_LOG, CALENDAR, NEARBY_DEVICES, SMS]
03-08 15:13:44.969 27620 27620 I android.vending: Using CollectorTypeCC GC.
03-08 15:13:44.970 27490 27490 I Rubin   : [2] a7.c.d(SourceFile:2) : current version = 4 upgrade version = 4
03-08 15:13:44.970 27300 27300 I [WEATHER]RubinDataSourceImpl: {[6E099A6F08D647829A2B7E3CFA1CA20DDA7C0F82C2703992423C816CF7CABA38573A6D1D928DAF910F5B2CAB7DEE94B9CD8B5DCDE87C35A32373C7B4A0F912E8824672A6FABAC01C62178FAF48BF6E04]}
03-08 15:13:44.971 27300 27300 I [WEATHER]AppUpdateService: {[F25703819843744D7F1F976789EB79783C9198DB6E1CD68B43F5AF2328C70CB7]}
03-08 15:13:44.972 27490 27490 I Rubin   : [2] z7.f.b(SourceFile:6) : checkForUI = false isGdprAffected = false isCMSFeatureSupported = true
03-08 15:13:44.973 27300 27300 I [WEATHER]AppUpdateService: {[F25703819843744D7F1F976789EB79781C85BCAB57A5D24F7B89C259751CB27A]}
03-08 15:13:44.973 27620 27620 E android.vending: Not starting debugger since process cannot load the jdwp agent.
03-08 15:13:44.976 27300 27300 I [WEATHER]AppUpdateService: {[F25703819843744D7F1F976789EB7978A80738AC8D323D1908D803325424C02D4E8BF83AF9E8849BB25B98E9A64685F4C099925D3774CB38D47ED5D4F45BBEF5]}
03-08 15:13:44.977 27373 27373 I ViewRootImpl@d7f2b6a[InstrumentationActivityInvoker$EmptyActivity]: handleAppVisibility mAppVisible = true visible = false
03-08 15:13:44.978  1327  1327 D SurfaceFlinger: Display 4630947232161729153 HWC layers:
03-08 15:13:44.978  1327  1327 D SurfaceFlinger:      DEVICE | 0xb4000074461488a0 | 0102 | RGBA_8888    |    0.0    0.0 1080.0 2400.0 |    0    0 1080 2400 | com.example.cmput301w24t33/com.examp[...]t33.activities.Attendee$_26361#35437
03-08 15:13:44.978  1327  1327 D SurfaceFlinger:      DEVICE | 0xb400007446147170 | 0100 | RGBA_8888    |    0.0    0.0 1080.0   91.0 |    0    0 1080   91 | StatusBar$_2578#95
03-08 15:13:44.978  1327  1327 D SurfaceFlinger:      DEVICE | 0xb400007446147bf0 | 0100 | RGBA_8888    |    0.0    0.0   67.0  515.0 |    0  301   67  816 | com.samsung.android.app.cocktailbars[...]rvice.CocktailBarService$_5242#35333
03-08 15:13:44.978  1327  1327 D SurfaceFlinger:      DEVICE | 0xb40000744614a4a0 | 0100 | RGBA_8888    |    0.0    0.0 1080.0  126.0 |    0 2274 1080 2400 | NavigationBar0$_2578#89
03-08 15:13:44.978  1327  1327 D SurfaceFlinger:
03-08 15:13:44.980 27300 27300 I [WEATHER]FreeStatusCheckService: {[2D77D00695CB34C3942C996BF010E897E9D5DE2D112747DB273FB460D0DFFD52D9DE889B0FA1C498BA79FF64E91415DC]}
03-08 15:13:44.981 27490 27490 I Rubin   : [2] v7.f.o(SourceFile:3) : device rubin state : false -> false
03-08 15:13:44.981 27300 27300 I [WEATHER]FreeStatusCheckService: {[59D59D6A529801523F831777F8F19C60401C6DFA4B4233297617181F88CBA5E32E47CC353C5AC6ED41C8B59D4F7C073D]}
03-08 15:13:44.983 27490 27490 I Rubin   : [2] z7.f.b(SourceFile:6) : checkForUI = false isGdprAffected = false isCMSFeatureSupported = true
03-08 15:13:44.984  1244  3899 I vendor.qti.bluetooth@1.0-ibs_handler: ProcessIbsCmd: Received IBS_WAKE_IND: 0xFD
03-08 15:13:44.984  1244  3899 D vendor.qti.bluetooth@1.0-ibs_handler: SerialClockVote: vote for UART CLK ON
03-08 15:13:44.984  1244  3899 D vendor.qti.bluetooth@1.0-wake_lock: Acquire wakelock is acquired
03-08 15:13:44.984  1244  3899 I vendor.qti.bluetooth@1.0-ibs_handler: ProcessIbsCmd: Writing IBS_WAKE_ACK
03-08 15:13:44.986 27300 27300 I [WEATHER]FreeStatusCheckService: {[59D59D6A529801523F831777F8F19C60401C6DFA4B4233297617181F88CBA5E37A57DB81074BFD63EBD30B4AD3A2B159]}
03-08 15:13:44.986 30756 31224 I SamsungAccount: [OpenContentProvider] query tnc
03-08 15:13:44.986 30756 31224 I SamsungAccount: [AccountManagerUtil] isSamsungAccountSignedIn : true
03-08 15:13:44.986 27620 27620 D ActivityThread: setConscryptValidator
03-08 15:13:44.987 27620 27620 D ActivityThread: setConscryptValidator - put
03-08 15:13:44.987 30756 31224 I SamsungAccount: [SignatureCheckUtil] runCheckSignatureWithEmptyId
03-08 15:13:44.987 30756 31224 I SamsungAccount: [SignatureCheckUtil] runCheckSignatureAsync
03-08 15:13:44.987 30756 31224 I SamsungAccount: [SignaturePreconditionChecker] getSignatureResult - fromSesSdk : true
03-08 15:13:44.987 30756 31224 I SamsungAccount: [SignatureInfoDbHelper] getSignatureResult - [][rubin.app.]
03-08 15:13:44.987 30756 31224 I SamsungAccount: [SignatureInfoDbHelper] searchOnUser
03-08 15:13:44.989 27300 27300 I [WEATHER]AppWidgetViewManagerImpl: {[81E8C0305D3B1DD8369363036A428BF96CF1F438131554C8FCF7CCCA9EC04B7598DBE84F62AD7019E9055EC0EC69D6EEB4830A3E87B9CBD58D2871C7664C7C1CF1ED07696E8D91A2BF72DE0F5230C24C8F12F0A99FFF65D58CC4A831037D0FD4228E651F96386C59B32686D4071B6A7A9DA62BA7F43D545E8A44F2B38A495172]}
03-08 15:13:44.990  1472  4570 I AppWidgetServiceImpl: getAppWidgetInfo() 2, from 0
03-08 15:13:44.990  1327  1327 I Layer   : id=35411 removedFromDrawingState Splash Screen com.example.cmput301w24t33.test$_2578#35411 (145)
03-08 15:13:44.991  1327  1327 I Layer   : id=35425 removedFromDrawingState Surface(name=Task=3069)/@0x355d094 - animation-leash of app_transition#35425 (145)
03-08 15:13:44.991  1327  1327 I Layer   : id=35431 removedFromDrawingState Bottom Edge Extension#35431 (145)
03-08 15:13:44.991  1327  1327 I Layer   : id=35432 removedFromDrawingState bbq-wrapper#35432 (145)
03-08 15:13:44.991  1327  1327 I Layer   : id=35431 removedFromDrawingState Bottom Edge Extension#35431 (145)
03-08 15:13:44.991  1327  1327 I Layer   : id=35432 removedFromDrawingState bbq-wrapper#35432 (145)
03-08 15:13:44.991  1327  1327 I Layer   : id=35410 removedFromDrawingState 42fc76f Splash Screen com.example.cmput301w24t33.test#35410 (145)
