03-08 15:13:50.142  1327  1327 D SurfaceFlinger:      DEVICE | 0xb400007446148210 | 0100 | RGBA_8888    |    0.0    0.0 1080.0  126.0 |    0 2274 1080 2400 | NavigationBar0$_2578#89
03-08 15:13:50.142  1327  1327 D SurfaceFlinger:
03-08 15:13:50.157  3258  9968 I RecentModel: onTaskStackChangedBackground
03-08 15:13:50.160  1244  3899 I vendor.qti.bluetooth@1.0-ibs_handler: ProcessIbsCmd: Received IBS_WAKE_IND: 0xFD
03-08 15:13:50.160  1244  3899 D vendor.qti.bluetooth@1.0-ibs_handler: SerialClockVote: vote for UART CLK ON
03-08 15:13:50.160  1244  3899 I vendor.qti.bluetooth@1.0-ibs_handler: ProcessIbsCmd: Writing IBS_WAKE_ACK
03-08 15:13:50.162  1327  1327 D SurfaceFlinger: Display 4630947232161729153 HWC layers:
03-08 15:13:50.162  1327  1327 D SurfaceFlinger:      CLIENT | 0xb400007446148ec0 | 0102 | RGBA_8888    |    0.0    0.0    0.0    0.0 |    0 2392 1080 2400 | bbq-wrapper#35582
03-08 15:13:50.162  1327  1327 D SurfaceFlinger:      CLIENT | 0xb40000745d066260 | 0102 | RGBA_8888    |    0.0    8.0 1080.0 2400.0 |    0    0 1080 2392 | com.example.cmput301w24t33.test/andr[...]tyInvoker$EmptyActivity$_27916#35563
03-08 15:13:50.162  1327  1327 D SurfaceFlinger:      CLIENT | 0xb4000074461472c0 | 0102 | RGBA_8888    |    0.0    0.0 1080.0    1.0 |    0    0 1080  399 | bbq-wrapper#35579
03-08 15:13:50.162  1327  1327 D SurfaceFlinger:      CLIENT |              | 0000 |  Unknown  |    0.0    0.0    0.0    0.0 |    0    0 1080 2400 | DimAnimationLayer for Task=3076#35573
03-08 15:13:50.162  1327  1327 D SurfaceFlinger:      CLIENT | 0xb40000745d066420 | 0100 | RGBA_8888    |    0.0    0.0 1080.0 2001.0 |    0  399 1080 2400 | Splash Screen com.example.cmput301w24t33$_2578#35570
03-08 15:13:50.162  1327  1327 D SurfaceFlinger:      CLIENT | 0xb400007446147170 | 0100 | RGBA_8888    |    0.0    0.0 1080.0   91.0 |    0    0 1080   91 | StatusBar$_2578#95
03-08 15:13:50.162  1327  1327 D SurfaceFlinger:      CLIENT | 0xb400007446147bf0 | 0100 | RGBA_8888    |    0.0    0.0   67.0  515.0 |    0  301   67  816 | com.s
03-08 15:13:50.162  1327  1327 D SurfaceFlinger: amsung.android.app.cocktailbars[...]rvice.CocktailBarService$_5242#35333
03-08 15:13:50.162  1327  1327 D SurfaceFlinger:      CLIENT | 0xb400007446148210 | 0100 | RGBA_8888    |    0.0    0.0 1080.0  126.0 |    0 2274 1080 2400 | NavigationBar0$_2578#89
03-08 15:13:50.162  1327  1327 D SurfaceFlinger:
03-08 15:13:50.163 26361 26361 D LifecycleMonitor: Lifecycle status change: com.example.cmput301w24t33.activities.Organizer@326f60e in: CREATED
03-08 15:13:50.163 26361 26361 V ActivityScenario: Update currentActivityStage to CREATED, currentActivity=com.example.cmput301w24t33.activities.Organizer@326f60e
03-08 15:13:50.166 26361 26361 D LifecycleMonitor: Lifecycle status change: com.example.cmput301w24t33.activities.Organizer@326f60e in: STARTED
03-08 15:13:50.167 26361 26361 V ActivityScenario: Update currentActivityStage to STARTED, currentActivity=com.example.cmput301w24t33.activities.Organizer@326f60e
03-08 15:13:50.167 28167 28167 I android.vending: Using CollectorTypeCC GC.
03-08 15:13:50.168  3098  3293 D BtGatt.GattService: onScanResult to scannerId: 4- eventType=0x1b, addressType=1, address=4A08B0_D, primaryPhy=1, secondaryPhy=0, advertisingSid=0xff, txPower=127, rssi=-86, periodicAdvInt=0x0
03-08 15:13:50.168 26361 26361 D ContentValues: RESUME
03-08 15:13:50.169 26361 26361 D LifecycleMonitor: Lifecycle status change: com.example.cmput301w24t33.activities.Organizer@326f60e in: RESUMED
03-08 15:13:50.169 26361 26361 V ActivityScenario: Update currentActivityStage to RESUMED, currentActivity=com.example.cmput301w24t33.activities.Organizer@326f60e
03-08 15:13:50.170 26361 26361 I MSHandlerLifeCycle: check: return. pkg=com.example.cmput301w24t33 parent=null callers=com.android.internal.policy.DecorView.setVisibility:4412 android.app.ActivityThread.handleResumeActivity:5476 android.app.servertransaction.ResumeActivityItem.execute:54 android.app.servertransaction.ActivityTransactionItem.execute:45 android.app.servertransaction.TransactionExecutor.executeLifecycleState:176
03-08 15:13:50.170 26361 26361 I MSHandlerLifeCycle: removeMultiSplitHandler: no exist. decor=DecorView@33bcc35[]
03-08 15:13:50.173 28167 28167 E android.vending: Not starting debugger since process cannot load the jdwp agent.
03-08 15:13:50.175 26361 26463 D NativeCustomFrequencyManager: [NativeCFMS] BpCustomFrequencyManager::BpCustomFrequencyManager()
03-08 15:13:50.177  1472  1504 D InputTransport: Input channel constructed: '629eaa4', fd=605
03-08 15:13:50.178  1472  1504 D InputTransport: Input channel constructed: '629eaa4', fd=691
03-08 15:13:50.178  1472  1504 D InputTransport: Input channel constructed: '629eaa4', fd=715
03-08 15:13:50.179  1327  3508 I SurfaceFlinger: id=35583 createSurf, flag=80004, 629eaa4 com.example.cmput301w24t33/com.example.cmput301w24t33.activities.Organizer#35583
03-08 15:13:50.179  1472  1504 D InputTransport: Input channel destroyed: '629eaa4', fd=715
03-08 15:13:50.182 28167 28167 D ActivityThread: setConscryptValidator
03-08 15:13:50.182 26361 26361 D InsetsController: onStateChanged: InsetsState: {mDisplayFrame=Rect(0, 0 - 1080, 2400), mDisplayCutout=DisplayCutout{insets=Rect(0, 91 - 0, 0) waterfall=Insets{left=0, top=0, right=0, bottom=0} boundingRect={Bounds=[Rect(0, 0 - 0, 0), Rect(503, 0 - 577, 91), Rect(0, 0 - 0, 0), Rect(0, 0 - 0, 0)]} cutoutPathParserInfo={CutoutPathParserInfo{displayWidth=1080 displayHeight=2400 physicalDisplayWidth=1080 physicalDisplayHeight=2400 density={2.625} cutoutSpec={M 0,0 H -14.0952380952381 V 34.66666666666667 H 14.0952380952381 V 0 H 0 Z @dp} rotation={0} scale={1.0} physicalPixelDisplaySizeRatio={1.0}}}}, mRoundedCorners=RoundedCorners{[RoundedCorner{position=TopLeft, radius=84, center=Point(84, 84)}, RoundedCorner{position=TopRight, radius=84, center=Point(996, 84)}, RoundedCorner{position=BottomRight, radius=84, center=Point(996, 2316)}, RoundedCorner{position=BottomLeft, radius=84, center=Point(84, 2316)}]}  mRoundedCornerFrame=Rect(0, 0 - 1080, 2400), mPrivacyIndicatorBounds=PrivacyIndicatorBounds {static bounds=Rect(964, 0 - 1080, 91) rotation=0}, mSources= { InsetsSource: {mType=ITYPE_STATUS_BAR, mFrame=[0,0][1080,91], mVisible=true, mInsetsRoundedCornerFrame=false}, InsetsSource: {mType=ITYPE_NAVIGATION_BAR, mFrame=[0,2274][1080,2400], mVisible=true, mInsetsRoundedCornerFrame=false}, InsetsSource: {mType=ITYPE_LEFT_GESTURES, mFrame=[0,0][0,2400], mVisible=true, mInsetsRoundedCornerFrame=false}, InsetsSource: {mType=ITYPE_RIGHT_GESTURES, mFrame=[1080,0][1080,2400], mVisible=true, mInsetsRoundedCornerFrame=false}, InsetsSource: {mType=ITYPE_TOP_MANDATORY_GESTURES, mFrame=[0,0][1080,123], mVisible=true, mInsetsRoundedCornerFrame=false}, InsetsSource: {mType=ITYPE_BOTTOM_MANDATORY_GESTURES, mFrame=[0,2274][1080,2400], mVisible=true, mInsetsRoundedCornerFrame=false}, InsetsSource: {mType=ITYPE_LEFT_DISPLAY_CUTOUT, mFrame=[0,0][-100000,2400], mVisible=true, mInsetsRoundedCornerFrame=false}, InsetsSource: {mType=ITYPE_TOP_DISPLAY_CUTOUT, mFrame=[0,0][1080,91], mVisible=true, mInsetsRoundedCornerFrame=false}, InsetsSource: {mType=ITYPE_RIGHT_DISPLAY_CUTOUT, mFrame=[100000,0][1080,2400], mVisible=true, mInsetsRoundedCornerFrame=false}, InsetsSource: {mType=ITYPE_BOTTOM_DISPLAY_CUTOUT, mFrame=[0,100000][1080,2400], mVisible=true, mInsetsRoundedCornerFrame=false}, InsetsSource: {mType=ITYPE_TOP_TAPPABLE_ELEMENT, mFrame=[0,0][1080,91], mVisible=true, mInsetsRoundedCornerFrame=false}, InsetsSource: {mType=ITYPE_BOTTOM_TAPPABLE_ELEMENT, mFrame=[0,2274][1080,2400], mVisible=true, mInsetsRoundedCornerFrame=false}, InsetsSource: {mType=ITYPE_IME, mFrame=[0,0][0,0], mVisibleFrame=[0,1409][1080,2400], mVisible=false, mInsetsRoundedCornerFrame=false} } host=com.example.cmput301w24t33/com.example.cmput301w24t33.activities.Organizer from=android.view.ViewRootImpl.setView:1732
03-08 15:13:50.182 28167 28167 D ActivityThread: setConscryptValidator - put
03-08 15:13:50.184 26361 26361 I ViewRootImpl@ab7878d[Organizer]: setView = com.android.internal.policy.DecorView@33bcc35 TM=true
03-08 15:13:50.185 26361 26361 I MSHandlerLifeCycle: removeMultiSplitHandler: no exist. decor=DecorView@33bcc35[Organizer]
03-08 15:13:50.193 28167 28167 D CompatibilityChangeReporter: Compat change id reported: 171979766; UID 10233; state: ENABLED
03-08 15:13:50.199 28167 28167 D nativeloader: Configuring clns-4 for other apk /system/framework/org.apache.http.legacy.jar. target_sdk_version=34, uses_libraries=ALL, library_path=/data/app/~~qZfaCzdmQBABvXnJ95C3mA==/com.android.vending-p7X2hj1wUbHKwH1yuQ8RDA==/lib/arm64:/data/app/~~qZfaCzdmQBABvXnJ95C3mA==/com.android.vending-p7X2hj1wUbHKwH1yuQ8RDA==/base.apk!/lib/arm64-v8a:/data/app/~~qZfaCzdmQBABvXnJ95C3mA==/com.android.vending-p7X2hj1wUbHKwH1yuQ8RDA==/split_config.arm64_v8a.apk!/lib/arm64-v8a:/data/app/~~qZfaCzdmQBABvXnJ95C3mA==/com.android.vending-p7X2hj1wUbHKwH1yuQ8RDA==/split_config.en.apk!/lib/arm64-v8a:/data/app/~~qZfaCzdmQBABvXnJ95C3mA==/com.android.vending-p7X2hj1wUbHKwH1yuQ8RDA==/split_phonesky_data_loader.apk!/lib/arm64-v8a:/data/app/~~qZfaCzdmQBABvXnJ95C3mA==/com.android.vending-p7X2hj1wUbHKwH1yuQ8RDA==/split_phonesky_data_loader.config.arm64_v8a.apk!/lib/arm64-v8a, permitted_path=/data:/mnt/expand:/data/user/0/com.android.vending
03-08 15:13:50.199 28167 28167 D nativeloader: Extending system_exposed_libraries: libhumantracking.arcsoft.so:libPortraitDistortionCorrection.arcsoft.so:libPortraitDistortionCorrectionCali.arcsoft.so:libface_landmark.arcsoft.so:libFacialStickerEngine.arcsoft.so:libveengine.arcsoft.so:liblow_light_hdr.arcsoft.so:libhigh_dynamic_range.arcsoft.so:libFacialAttributeDetection.arcsoft.so:libBeauty_v4.camera.samsung.so:libexifa.camera.samsung.so:libjpega.camera.samsung.so:libOpenCv.camera.samsung.so:libImageScreener.camera.samsung.so:libMyFilter.camera.samsung.so:libtensorflowLite.myfilter.camera.samsung.so:libtensorflowlite_inference_api.myfilter.camera.samsung.so:libEventFinder.camera.samsung.so:libSmartScan.camera.samsung.so:libRectify.camera.samsung.so:libDocRectifyWrapper.camera.samsung.so:libUltraWideDistortionCorrection.camera.samsung.so:libWideDistortionCorrection.camera.samsung.so:libHpr_RecGAE_cvFeature_v1.0.camera.samsung.so:libHprFace_GAE_api.camera.samsung.so:libFace_Landmark_API.camera.samsung.so:libHprFace_GAE_jni.camera.samsung.so:libFacialBase
03-08 15:13:50.200 26361 26361 I ViewRootImpl@ab7878d[Organizer]: performTraversals params={(0,0)(fillxfill) sim={adjust=resize forwardNavigation} ty=BASE_APPLICATION wanim=0x1030309
03-08 15:13:50.200 26361 26361 I ViewRootImpl@ab7878d[Organizer]:   fl=81810100
03-08 15:13:50.200 26361 26361 I ViewRootImpl@ab7878d[Organizer]:   pfl=12020040
03-08 15:13:50.200 26361 26361 I ViewRootImpl@ab7878d[Organizer]:   bhv=DEFAULT
03-08 15:13:50.200 26361 26361 I ViewRootImpl@ab7878d[Organizer]:   fitSides= naviIconColor=0
03-08 15:13:50.200 26361 26361 I ViewRootImpl@ab7878d[Organizer]:   sfl=100000}
03-08 15:13:50.203 26361 26361 I ViewRootImpl@ab7878d[Organizer]: performTraversals mFirst=true windowShouldResize=true viewVisibilityChanged=false mForceNextWindowRelayout=false params={(0,0)(fillxfill) sim={adjust=resize forwardNavigation} ty=BASE_APPLICATION wanim=0x1030309
03-08 15:13:50.203 26361 26361 I ViewRootImpl@ab7878d[Organizer]:   fl=81810100
03-08 15:13:50.203 26361 26361 I ViewRootImpl@ab7878d[Organizer]:   pfl=12020040
03-08 15:13:50.203 26361 26361 I ViewRootImpl@ab7878d[Organizer]:   bhv=DEFAULT
03-08 15:13:50.203 26361 26361 I ViewRootImpl@ab7878d[Organizer]:   fitSides= naviIconColor=0
03-08 15:13:50.203 26361 26361 I ViewRootImpl@ab7878d[Organizer]:   sfl=100000}
03-08 15:13:50.204  1472  1504 V WindowManager: Relayout Window{629eaa4 u0 com.example.cmput301w24t33/com.example.cmput301w24t33.activities.Organizer}: viewVisibility=0 req=1080x2400 d0
03-08 15:13:50.204  1327  1413 I SurfaceFlinger: id=35584 createSurf, flag=40004, com.example.cmput301w24t33/com.example.cmput301w24t33.activities.Organizer$_26361#35584
03-08 15:13:50.206  1244  3899 I vendor.qti.bluetooth@1.0-ibs_handler: ProcessIbsCmd: Received IBS_SLEEP_IND: 0xFE
03-08 15:13:50.207  1244  3899 D vendor.qti.bluetooth@1.0-ibs_handler: SerialClockVote: vote for UART CLK OFF
03-08 15:13:50.207  1327  1414 I SurfaceFlinger: id=35585 createSurf, flag=24000, Surface(name=c9f16ce StatusBar)/@0xc28a9d9 - animation-leash of insets_animation#35585
03-08 15:13:50.208  1327  1414 I SurfaceFlinger: id=35586 createSurf, flag=24000, Surface(name=296f76f NavigationBar0)/@0x8bb6395 - animation-leash of insets_animation#35586
03-08 15:13:50.210  1472  1504 V WindowManager: Relayout hash=629eaa4, pid=26361, syncId=-1: mAttrs={(0,0)(fillxfill) sim={adjust=resize forwardNavigation} ty=BASE_APPLICATION wanim=0x1030309
03-08 15:13:50.210  1472  1504 V WindowManager:   fl=81810100
03-08 15:13:50.210  1472  1504 V WindowManager:   pfl=12020040
03-08 15:13:50.210  1472  1504 V WindowManager:   apr=LIGHT_NAVIGATION_BARS
03-08 15:13:50.210  1472  1504 V WindowManager:   bhv=DEFAULT
03-08 15:13:50.210  1472  1504 V WindowManager:   fitSides= naviIconColor=0
03-08 15:13:50.210  1472  1504 V WindowManager:   sfl=100000}
03-08 15:13:50.216 26361 26361 I ViewRootImpl@ab7878d[Organizer]: updateBlastSurfaceIfNeeded mBlastBufferQueue=null isSameSurfaceControl=false
03-08 15:13:50.217 26361 26361 I BLASTBufferQueue: new BLASTBufferQueue, mName= ViewRootImpl@ab7878d[Organizer] mNativeObject= 0xb400007cfb5f7e80 sc.mNativeObject= 0xb400007c7e0c05e0 caller= android.view.ViewRootImpl.updateBlastSurfaceIfNeeded:2909 android.view.ViewRootImpl.relayoutWindow:9847 android.view.ViewRootImpl.performTraversals:3884 android.view.ViewRootImpl.doTraversal:3116 android.view.ViewRootImpl$TraversalRunnable.run:10885 android.view.Choreographer$CallbackRecord.run:1301 android.view.Choreographer$CallbackRecord.run:1309 android.view.Choreographer.doCallbacks:923 android.view.Choreographer.doFrame:852 android.view.Choreographer$FrameDisplayEventReceiver.run:1283
03-08 15:13:50.217 26361 26361 I BLASTBufferQueue: update, w= 1080 h= 2400 mName = ViewRootImpl@ab7878d[Organizer] mNativeObject= 0xb400007cfb5f7e80 sc.mNativeObject= 0xb400007c7e0c05e0 format= -1 caller= android.graphics.BLASTBufferQueue.<init>:84 android.view.ViewRootImpl.updateBlastSurfaceIfNeeded:2909 android.view.ViewRootImpl.relayoutWindow:9847 android.view.ViewRootImpl.performTraversals:3884 android.view.ViewRootImpl.doTraversal:3116 android.view.ViewRootImpl$TraversalRunnable.run:10885
03-08 15:13:50.218 26361 26361 I ViewRootImpl@ab7878d[Organizer]: Relayout returned: old=(0,0,1080,2400) new=(0,0,1080,2400) req=(1080,2400)0 dur=13 res=0x3 s={true 0xb400007ce21b8800} ch=true seqId=0
03-08 15:13:50.219 26361 26361 I ViewRootImpl@ab7878d[Organizer]: mThreadedRenderer.initialize() mSurface={isValid=true 0xb400007ce21b8800} hwInitialized=true
03-08 15:13:50.219 26361 26463 D OpenGLRenderer: eglCreateWindowSurface
03-08 15:13:50.224 28167 28167 W ziparchive: Unable to open '/data/app/~~qZfaCzdmQBABvXnJ95C3mA==/com.android.vending-p7X2hj1wUbHKwH1yuQ8RDA==/split_config.arm64_v8a.dm': No such file or directory
03-08 15:13:50.224 28167 28167 W ziparchive: Unable to open '/data/app/~~qZfaCzdmQBABvXnJ95C3mA==/com.android.vending-p7X2hj1wUbHKwH1yuQ8RDA==/split_config.arm64_v8a.dm': No such file or directory
03-08 15:13:50.224 28167 28167 W android.vending: Entry not found
03-08 15:13:50.225 28167 28167 W ziparchive: Unable to open '/data/app/~~qZfaCzdmQBABvXnJ95C3mA==/com.android.vending-p7X2hj1wUbHKwH1yuQ8RDA==/split_config.en.dm': No such file or directory
03-08 15:13:50.225 28167 28167 W ziparchive: Unable to open '/data/app/~~qZfaCzdmQBABvXnJ95C3mA==/com.android.vending-p7X2hj1wUbHKwH1yuQ8RDA==/split_config.en.dm': No such file or directory
03-08 15:13:50.225 28167 28167 W android.vending: Entry not found
03-08 15:13:50.226 28167 28167 W ziparchive: Unable to open '/data/app/~~qZfaCzdmQBABvXnJ95C3mA==/com.android.vending-p7X2hj1wUbHKwH1yuQ8RDA==/split_phonesky_data_loader.dm': No such file or directory
03-08 15:13:50.226 28167 28167 W ziparchive: Unable to open '/data/app/~~qZfaCzdmQBABvXnJ95C3mA==/com.android.vending-p7X2hj1wUbHKwH1yuQ8RDA==/split_phonesky_data_loader.dm': No such file or directory
03-08 15:13:50.226 28167 28167 W android.vending: Entry not found
03-08 15:13:50.226 28167 28167 W ziparchive: Unable to open '/data/app/~~qZfaCzdmQBABvXnJ95C3mA==/com.android.vending-p7X2hj1wUbHKwH1yuQ8RDA==/split_phonesky_data_loader.config.arm64_v8a.dm': No such file or directory
03-08 15:13:50.226 28167 28167 W ziparchive: Unable to open '/data/app/~~qZfaCzdmQBABvXnJ95C3mA==/com.android.vending-p7X2hj1wUbHKwH1yuQ8RDA==/split_phonesky_data_loader.config.arm64_v8a.dm': No such file or directory
03-08 15:13:50.227 26361 26361 I ViewRootImpl@ab7878d[Organizer]: reportNextDraw android.view.ViewRootImpl.performTraversals:4438 android.view.ViewRootImpl.doTraversal:3116 android.view.ViewRootImpl$TraversalRunnable.run:10885 android.view.Choreographer$CallbackRecord.run:1301 android.view.Choreographer$CallbackRecord.run:1309
03-08 15:13:50.227 28167 28167 W android.vending: Entry not found
03-08 15:13:50.227 26361 26361 I ViewRootImpl@ab7878d[Organizer]: Setup new sync id=0
03-08 15:13:50.227 26361 26361 I ViewRootImpl@ab7878d[Organizer]: Setting syncFrameCallback
03-08 15:13:50.227 26361 26361 I ViewRootImpl@ab7878d[Organizer]: registerCallbacksForSync syncBuffer=false
03-08 15:13:50.228 28167 28167 D nativeloader: Configuring clns-5 for other apk /data/app/~~qZfaCzdmQBABvXnJ95C3mA==/com.android.vending-p7X2hj1wUbHKwH1yuQ8RDA==/base.apk:/data/app/~~qZfaCzdmQBABvXnJ95C3mA==/com.android.vending-p7X2hj1wUbHKwH1yuQ8RDA==/split_config.arm64_v8a.apk:/data/app/~~qZfaCzdmQBABvXnJ95C3mA==/com.android.vending-p7X2hj1wUbHKwH1yuQ8RDA==/split_config.en.apk:/data/app/~~qZfaCzdmQBABvXnJ95C3mA==/com.android.vending-p7X2hj1wUbHKwH1yuQ8RDA==/split_phonesky_data_loader.apk:/data/app/~~qZfaCzdmQBABvXnJ95C3mA==/com.android.vending-p7X2hj1wUbHKwH1yuQ8RDA==/split_phonesky_data_loader.config.arm64_v8a.apk. target_sdk_version=34, uses_libraries=, library_path=/data/app/~~qZfaCzdmQBABvXnJ95C3mA==/com.android.vending-p7X2hj1wUbHKwH1yuQ8RDA==/lib/arm64:/data/app/~~qZfaCzdmQBABvXnJ95C3mA==/com.android.vending-p7X2hj1wUbHKwH1yuQ8RDA==/base.apk!/lib/arm64-v8a:/data/app/~~qZfaCzdmQBABvXnJ95C3mA==/com.android.vending-p7X2hj1wUbHKwH1yuQ8RDA==/split_config.arm64_v8a.apk!/lib/arm64-v8a:/data/app/~~qZfaCzdmQBABvXnJ95C3mA==/com.android.vending-p7X2hj1wUbHK
03-08 15:13:50.234 26361 26527 I ViewRootImpl@ab7878d[Organizer]: Received frameDrawingCallback syncResult=0 frameNum=1.
03-08 15:13:50.234 26361 26527 I ViewRootImpl@ab7878d[Organizer]: Setting up sync and frameCommitCallback
03-08 15:13:50.236  1327  1327 I Layer   : id=35564 removedFromDrawingState Surface(name=c9f16ce StatusBar)/@0xc28a9d9 - animation-leash of insets_animation#35564 (157)
03-08 15:13:50.237  1327  1327 I Layer   : id=35565 removedFromDrawingState Surface(name=296f76f NavigationBar0)/@0x8bb6395 - animation-leash of insets_animation#35565 (157)
03-08 15:13:50.237  1327  1327 I SurfaceFlinger: id=35564 Removed Surface(name=c9f16ce StatusBar)/@0xc28a9d9 - animation-leash of insets_animation#35564 (157)
03-08 15:13:50.237  1327  1327 I SurfaceFlinger: id=35565 Removed Surface(name=296f76f NavigationBar0)/@0x8bb6395 - animation-leash of insets_animation#35565 (157)
03-08 15:13:50.237  1327  1327 I Layer   : id=35564 Destroyed Surface(name=c9f16ce StatusBar)/@0xc28a9d9 - animation-leash of insets_animation#35564
03-08 15:13:50.237  1327  1327 I Layer   : id=35565 Destroyed Surface(name=296f76f NavigationBar0)/@0x8bb6395 - animation-leash of insets_animation#35565
03-08 15:13:50.238  1472  3335 D InputDispatcher: Focus request (0): 629eaa4 com.example.cmput301w24t33/com.example.cmput301w24t33.activities.Organizer but waiting because NO_WINDOW
03-08 15:13:50.239 26361 26463 I BLASTBufferQueue: [ViewRootImpl@ab7878d[Organizer]#8](f:0,a:0) onFrameAvailable the first frame is available
03-08 15:13:50.240 26361 26463 I ViewRootImpl@ab7878d[Organizer]: Received frameCommittedCallback lastAttemptedDrawFrameNum=1 didProduceBuffer=true
03-08 15:13:50.241 26361 26463 D OpenGLRenderer: CFMS:: SetUp Pid : 26361    Tid : 26463
03-08 15:13:50.241 26361 26463 W Parcel  : Expecting binder but got null!
03-08 15:13:50.241 26361 26361 I ViewRootImpl@ab7878d[Organizer]: onSyncComplete
03-08 15:13:50.243 26361 26361 I ViewRootImpl@ab7878d[Organizer]: setupSync seqId=0 mSyncId=0 fn=1 caller=android.view.ViewRootImpl$$ExternalSyntheticLambda11.accept:6 android.window.SurfaceSyncer.lambda$setupSync$1$android-window-SurfaceSyncer:128 android.window.SurfaceSyncer$$ExternalSyntheticLambda1.accept:8 android.window.SurfaceSyncer$SyncSet.checkIfSyncIsComplete:382 android.window.SurfaceSyncer$SyncSet.markSyncReady:359 android.window.SurfaceSyncer.markSyncReady:151 android.view.ViewRootImpl.performTraversals:4503
03-08 15:13:50.243 28167 28167 V GraphicsEnvironment: ANGLE Developer option for 'com.android.vending' set to: 'default'
03-08 15:13:50.243 26361 26361 I ViewRootImpl@ab7878d[Organizer]: reportDrawFinished seqId=0 mSyncId=-1 fn=1 mSurfaceChangedTransaction=0xb400007cfb4bec00
03-08 15:13:50.243 28167 28167 V GraphicsEnvironment: ANGLE GameManagerService for com.android.vending: false
03-08 15:13:50.247 28167 28167 D NetworkSecurityConfig: No Network Security Config specified, using platform default
03-08 15:13:50.247  1472  1876 W ziparchive: Unable to open '/data/app/~~W-ddUiX8JS3WzrZIN8mU0w==/com.example.cmput301w24t33-E7e2aXhTzEvn2QLsQTpRuw==/base.dm': No such file or directory
03-08 15:13:50.248 28167 28167 D NetworkSecurityConfig: No Network Security Config specified, using platform default
03-08 15:13:50.250  1327  1414 I SurfaceFlinger: id=35587 createSurf, flag=24000, Surface(name=629eaa4 com.example.cmput301w24t33/com.example.cmput301w24t33.activities.Organizer)/@0x5c254e6 - animation-leash of starting_reveal#35587
03-08 15:13:50.250  1472  1876 I PkgPredictorService-SecIpmManagerServiceImpl: reportToNAP uid:10451 com.example.cmput301w24t33/com.example.cmput301w24t33.activities.Organizer thisTime:299
03-08 15:13:50.255  1257  1326 I HYPER-HAL: [ResourceManager.cpp]removeResource(): [CPUMinFreq] RemoveResource Request ID : 1103368
03-08 15:13:50.255  1257  1326 I HYPER-HAL: [RequestManager.cpp]releaseLocked(): Released ID : 1103368
03-08 15:13:50.255  2578  2656 I ViewRootImpl@abd5658[cmput301w24t33]: performTraversals params={(0,0)(fillxfill) sim={adjust=pan} ty=APPLICATION_STARTING fmt=TRANSLUCENT wanim=0x1030309
03-08 15:13:50.255  2578  2656 I ViewRootImpl@abd5658[cmput301w24t33]:   fl=81030118
03-08 15:13:50.255  2578  2656 I ViewRootImpl@abd5658[cmput301w24t33]:   pfl=16000010
03-08 15:13:50.255  2578  2656 I ViewRootImpl@abd5658[cmput301w24t33]:   bhv=DEFAULT
03-08 15:13:50.255  2578  2656 I ViewRootImpl@abd5658[cmput301w24t33]:   fitSides= naviIconColor=0}
03-08 15:13:50.256  2578  2656 I ViewRootImpl@abd5658[cmput301w24t33]: performTraversals mFirst=false windowShouldResize=false viewVisibilityChanged=false mForceNextWindowRelayout=false params={(0,0)(fillxfill) sim={adjust=pan} ty=APPLICATION_STARTING fmt=TRANSLUCENT wanim=0x1030309
03-08 15:13:50.256  2578  2656 I ViewRootImpl@abd5658[cmput301w24t33]:   fl=81030118
03-08 15:13:50.256  2578  2656 I ViewRootImpl@abd5658[cmput301w24t33]:   pfl=16000010
03-08 15:13:50.256  2578  2656 I ViewRootImpl@abd5658[cmput301w24t33]:   bhv=DEFAULT
03-08 15:13:50.256  2578  2656 I ViewRootImpl@abd5658[cmput301w24t33]:   fitSides= naviIconColor=0}
03-08 15:13:50.256  1472  1504 D InputDispatcher: Focus entered window (0): 629eaa4 com.example.cmput301w24t33/com.example.cmput301w24t33.activities.Organizer
03-08 15:13:50.257  1472  1504 V WindowManager: Relayout Window{c642aa u0 Splash Screen com.example.cmput301w24t33}: viewVisibility=0 req=1080x2400 d0
03-08 15:13:50.257 26361 26361 I ViewRootImpl@ab7878d[Organizer]: MSG_WINDOW_FOCUS_CHANGED 1 0
03-08 15:13:50.257 26361 26361 I ViewRootImpl@ab7878d[Organizer]: mThreadedRenderer.initializeIfNeeded()#2 mSurface={isValid=true 0xb400007ce21b8800}
03-08 15:13:50.259 26361 26361 D InputMethodManager: startInputInner - Id : 0
03-08 15:13:50.259 26361 26361 I InputMethodManager: startInputInner - mService.startInputOrWindowGainedFocus
03-08 15:13:50.259  1472  1504 V WindowManager: Relayout hash=c642aa, pid=2578, syncId=-1: mAttrs={(0,0)(fillxfill) sim={adjust=pan} ty=APPLICATION_STARTING fmt=TRANSLUCENT wanim=0x1030309
03-08 15:13:50.259  1472  1504 V WindowManager:   fl=81030118
03-08 15:13:50.259  1472  1504 V WindowManager:   pfl=16000010
03-08 15:13:50.259  1472  1504 V WindowManager:   bhv=DEFAULT
03-08 15:13:50.259  1472  1504 V WindowManager:   fitSides= naviIconColor=0}
03-08 15:13:50.259  2578  2578 D SamsungLightBarControlHelper: onStatusBarAppearanceChanged() -  sbModeChanged:false, statusBarMode:MODE_TRANSPARENT, barState:SHADE, isKeyguardShowing:false, navbarColorManagedByIme:false, stackAppearancesChanged:true, (AppearanceRegion{ bounds=[0,0][1080,2400]}, ), packageName:com.example.cmput301w24t33
03-08 15:13:50.259  2578  2578 D NavigationBar: onSystemBarAttributesChanged() -  displayId:0, appearance:0, packageName: com.example.cmput301w24t33, navbarColorManagedByIme:false
03-08 15:13:50.260  1472  2686 D InputMethodManagerService: mDesktopModeManager null!
03-08 15:13:50.260  1472  2686 V InputMethodManagerService: getDisplayIdOfInputMethodWindowToBeAdded: displayId=0
03-08 15:13:50.260  2578  2656 D InsetsController: onStateChanged: InsetsState: {mDisplayFrame=Rect(0, 0 - 1080, 2400), mDisplayCutout=DisplayCutout{insets=Rect(0, 91 - 0, 0) waterfall=Insets{left=0, top=0, right=0, bottom=0} boundingRect={Bounds=[Rect(0, 0 - 0, 0), Rect(503, 0 - 577, 91), Rect(0, 0 - 0, 0), Rect(0, 0 - 0, 0)]} cutoutPathParserInfo={CutoutPathParserInfo{displayWidth=1080 displayHeight=2400 physicalDisplayWidth=1080 physicalDisplayHeight=2400 density={2.625} cutoutSpec={M 0,0 H -14.0952380952381 V 34.66666666666667 H 14.0952380952381 V 0 H 0 Z @dp} rotation={0} scale={1.0} physicalPixelDisplaySizeRatio={1.0}}}}, mRoundedCorners=RoundedCorners{[RoundedCorner{position=TopLeft, radius=84, center=Point(84, 84)}, RoundedCorner{position=TopRight, radius=84, center=Point(996, 84)}, RoundedCorner{position=BottomRight, radius=84, center=Point(996, 2316)}, RoundedCorner{position=BottomLeft, radius=84, center=Point(84, 2316)}]}  mRoundedCornerFrame=Rect(0, 0 - 1080, 2400), mPrivacyIndicatorBounds=PrivacyIndicatorBounds {static bounds=Rect(964, 0 - 1080, 91) rotation=0}, mSources= { InsetsSource: {mType=ITYPE_STATUS_BAR, mFrame=[0,0][1080,91], mVisible=true, mInsetsRoundedCornerFrame=false}, InsetsSource: {mType=ITYPE_NAVIGATION_BAR, mFrame=[0,2274][1080,2400], mVisible=true, mInsetsRoundedCornerFrame=false}, InsetsSource: {mType=ITYPE_LEFT_GESTURES, mFrame=[0,0][0,2400], mVisible=true, mInsetsRoundedCornerFrame=false}, InsetsSource: {mType=ITYPE_RIGHT_GESTURES, mFrame=[1080,0][1080,2400], mVisible=true, mInsetsRoundedCornerFrame=false}, InsetsSource: {mType=ITYPE_TOP_MANDATORY_GESTURES, mFrame=[0,0][1080,123], mVisible=true, mInsetsRoundedCornerFrame=false}, InsetsSource: {mType=ITYPE_BOTTOM_MANDATORY_GESTURES, mFrame=[0,2274][1080,2400], mVisible=true, mInsetsRoundedCornerFrame=false}, InsetsSource: {mType=ITYPE_LEFT_DISPLAY_CUTOUT, mFrame=[0,0][-100000,2400], mVisible=true, mInsetsRoundedCornerFrame=false}, InsetsSource: {mType=ITYPE_TOP_DISPLAY_CUTOUT, mFrame=[0,0][1080,91], mVisible=true, mInsetsRoundedCornerFrame=false}, InsetsSource: {mType=ITYPE_RIGHT_DISPLAY_CUTOUT, mFrame=[100000,0][1080,2400], mVisible=true, mInsetsRoundedCornerFrame=false}, InsetsSource: {mType=ITYPE_BOTTOM_DISPLAY_CUTOUT, mFrame=[0,100000][1080,2400], mVisible=true, mInsetsRoundedCornerFrame=false}, InsetsSource: {mType=ITYPE_TOP_TAPPABLE_ELEMENT, mFrame=[0,0][1080,91], mVisible=true, mInsetsRoundedCornerFrame=false}, InsetsSource: {mType=ITYPE_BOTTOM_TAPPABLE_ELEMENT, mFrame=[0,2274][1080,2400], mVisible=true, mInsetsRoundedCornerFrame=false}, InsetsSource: {mType=ITYPE_IME, mFrame=[0,0][0,0], mVisibleFrame=[0,1409][1080,2400], mVisible=false, mInsetsRoundedCornerFrame=false} } host=Splash Screen com.example.cmput301w24t33 from=android.view.ViewRootImpl.relayoutWindow:9802
03-08 15:13:50.260  1472  2686 D InputMethodManagerService: isImeSwitcherDisabledPackage : false
03-08 15:13:50.260  2578  2578 D SamsungLightBarControlHelper: updateNavigation(White button) isLightBar:false, hasLightBarNavigationBarFlag:false, packageName:com.example.cmput301w24t33, DirectReplying:false, NavBarColorManagerdByIme:false, ForceDarkForScrim:false, QsCustomizing:false, PanelHasWhiteBg:true
03-08 15:13:50.260  2578  2656 I ViewRootImpl@abd5658[cmput301w24t33]: updateBlastSurfaceIfNeeded mBlastBufferQueue=0xb400007c5206eb80 isSameSurfaceControl=true
03-08 15:13:50.260  2578  2656 I BLASTBufferQueue: update, w= 1080 h= 2400 mName = ViewRootImpl@abd5658[cmput301w24t33] mNativeObject= 0xb400007c5206eb80 sc.mNativeObject= 0xb400007c4d12ddc0 format= -3 caller= android.view.ViewRootImpl.updateBlastSurfaceIfNeeded:2898 android.view.ViewRootImpl.relayoutWindow:9847 android.view.ViewRootImpl.performTraversals:3884 android.view.ViewRootImpl.doTraversal:3116 android.view.ViewRootImpl$TraversalRunnable.run:10885 android.view.Choreographer$CallbackRecord.run:1301
03-08 15:13:50.260  1472  2686 D InputMethodManagerService: checkDisplayOfStartInputAndUpdateKeyboard: displayId=0, mFocusedDisplayId=0
03-08 15:13:50.260  2578  2656 I ViewRootImpl@abd5658[cmput301w24t33]: Relayout returned: old=(0,0,1080,2400) new=(0,0,1080,2400) req=(1080,2400)0 dur=4 res=0x0 s={true 0xb400007c4a124800} ch=false seqId=0
03-08 15:13:50.260  1472  2686 D InputTransport: Input channel constructed: 'ClientS', fd=715
03-08 15:13:50.260  1472  2686 D InputTransport: Input channel destroyed: 'ClientS', fd=715
03-08 15:13:50.261  2578  2578 D SamsungLightBarControlHelper: updateStatus(WHITE icon) NumStacks:1, StatusBarMode:MODE_TRANSPARENT, lightBarBounds:[], StatusBarState:SHADE, packageName:com.example.cmput301w24t33, isWhiteKeyguardStatusBarBySettings:true
03-08 15:13:50.262  2578  2711 I ViewRootImpl@abd5658[cmput301w24t33]: mWNT: t=0xb400007c6bc39100 mBlastBufferQueue=0xb400007c5206eb80 fn= 2 caller= android.view.SyncRtSurfaceTransactionApplier.applyTransaction:96 android.view.SyncRtSurfaceTransactionApplier.lambda$scheduleApply$0$android-view-SyncRtSurfaceTransactionApplier:69 android.view.SyncRtSurfaceTransactionApplier$$ExternalSyntheticLambda0.onFrameDraw:4
03-08 15:13:50.262  2578  2711 I ViewRootImpl@abd5658[cmput301w24t33]: mWNT: t=0xb400007c6bc39300 mBlastBufferQueue=0xb400007c5206eb80 fn= 2 caller= android.view.SyncRtSurfaceTransactionApplier.applyTransaction:96 android.view.SyncRtSurfaceTransactionApplier.lambda$scheduleApply$0$android-view-SyncRtSurfaceTransactionApplier:69 android.view.SyncRtSurfaceTransactionApplier$$ExternalSyntheticLambda0.onFrameDraw:4
03-08 15:13:50.262  1327  1414 I SurfaceFlinger: id=35588 createSurf, flag=24004, Surface(name=a2c6971 InputMethod)/@0x3034fd7 - animation-leash of insets_animation#35588
03-08 15:13:50.261 12908 12908 I HBD     : HoneyBoardService onFinishInput
03-08 15:13:50.263 12908 12908 I HBD     : a IC have been unbinding,  RemoteInputConnection{idHash=#438310c}
03-08 15:13:50.263 12908 12908 I HBD     : HoneyBoardService [PF_CL][onFinishInput]  1 ms
03-08 15:13:50.263 12908 12908 I HBD     : HoneyBoardService [IMI] onStartInput - caller pid : 26361 , caller uid : 10451
03-08 15:13:50.263  1327  1327 D SurfaceFlinger: Display 4630947232161729153 HWC layers:
03-08 15:13:50.263  1327  1327 D SurfaceFlinger:      CLIENT | 0xb4000074461472c0 | 0102 | RGBA_8888    |    0.0    0.0    0.0    0.0 |    0    0 1080   88 | bbq-wrapper#35579
03-08 15:13:50.263  1327  1327 D SurfaceFlinger:      CLIENT |              | 0000 |  Unknown  |    0.0    0.0    0.0    0.0 |    0    0 1080 2400 | DimAnimationLayer for Task=3076#35573
03-08 15:13:50.263  1327  1327 D SurfaceFlinger:      CLIENT | 0xb40000745d0653f0 | 0102 | RGBA_8888    |    0.0    0.0 1080.0 2312.0 |    0   88 1080 2400 | com.example.cmput301w24t33/com.examp[...]33.activities.Organizer$_26361#35584
03-08 15:13:50.263  1327  1327 D SurfaceFlinger:      CLIENT | 0xb40000745d066420 | 0100 | RGBA_8888    |    0.0    0.0 1080.0 2312.0 |    0   88 1080 2400 | Splash Screen com.example.cmput301w24t33$_2578#35570
03-08 15:13:50.263  1327  1327 D SurfaceFlinger:      CLIENT | 0xb400007446147170 | 0100 | RGBA_8888    |    0.0    0.0 1080.0   91.0 |    0    0 1080   91 | StatusBar$_2578#95
03-08 15:13:50.263  1327  1327 D SurfaceFlinger:      CLIENT | 0xb400007446147bf0 | 0100 | RGBA_8888    |    0.0    0.0   67.0  515.0 |    0  301   67  816 | com.samsung.android.app.cocktailbars[...]rvice.CocktailBarService$_5242#35333
03-08 15:13:50.263  1327  1327 D SurfaceFlinger:      CLIENT | 0xb400007446148210 | 0100 | RGBA_8888
03-08 15:13:50.263  1327  1327 D SurfaceFlinger:  |    0.0    0.0 1080.0  126.0 |    0 2274 1080 2400 | NavigationBar0$_2578#89
03-08 15:13:50.263  1327  1327 D SurfaceFlinger:
03-08 15:13:50.263 12908 12908 I HBD     : j updateConfigs
03-08 15:13:50.263 12908 12908 I HBD     : j isEnabledNightMode : false
03-08 15:13:50.263 12908 12908 I HBD     : a IC have been binding, RemoteInputConnection{idHash=#438310c}
03-08 15:13:50.263 12908 12908 I HBD     : h [EditorInputType]setPrivateImeOptionsToTable privateImeOptions ( null )
03-08 15:13:50.263 12908 12908 I HBD     : b incognitoMode : false
03-08 15:13:50.263 12908 12908 I HBD     : b needOff = true , isForceOff = false, isNullInputClass : true
03-08 15:13:50.264 12908 12908 I HBD     : h getDefaultInputRange : UNKNOWN
03-08 15:13:50.264 12908 12908 I HBD     : h getDefaultInputRange : UNKNOWN
03-08 15:13:50.264 12908 12908 I HBD     : h getDefaultInputRange : UNKNOWN
03-08 15:13:50.266 12908 12908 I HBD     : b needOff = true , isForceOff = false, isNullInputClass : true
03-08 15:13:50.266 12908 12908 I HBD     : b update cached prediction status : false
03-08 15:13:50.266 12908 12908 I HBD     : h getDefaultInputRange : UNKNOWN
03-08 15:13:50.266 12908 12908 I HBD     : a currentState : 0
03-08 15:13:50.267  1472  1876 I ActivityTaskManager: Displayed com.example.cmput301w24t33/.activities.Organizer: +299ms
03-08 15:13:50.267 12908 12908 I HBD     : a [UpdatePolicy] [post] a: 0 cl: 65537 kit: [0/0] vt: 0 ir: 1
03-08 15:13:50.268 12908 12908 I HBD     : a [NRIC] resetNoResponseState
03-08 15:13:50.268 12908 12908 I HBD     : b needOff = true , isForceOff = false, isNullInputClass : true
03-08 15:13:50.268 12908 12908 I HBD     : b update cached prediction status : false
03-08 15:13:50.268 12908 12908 I HBD     : HoneyBoardService [PF_OP][onStartInput]  5 ms
03-08 15:13:50.270  1327  1327 I Layer   : id=35562 removedFromDrawingState Surface(name=a2c6971 InputMethod)/@0x3034fd7 - animation-leash of insets_animation#35562 (157)
03-08 15:13:50.273  2578  2712 I ViewRootImpl@abd5658[cmput301w24t33]: mWNT: t=0xb400007c6bc39700 mBlastBufferQueue=0xb400007c5206eb80 fn= 3 caller= android.view.SyncRtSurfaceTransactionApplier.applyTransaction:96 android.view.SyncRtSurfaceTransactionApplier.lambda$scheduleApply$0$android-view-SyncRtSurfaceTransactionApplier:69 android.view.SyncRtSurfaceTransactionApplier$$ExternalSyntheticLambda0.onFrameDraw:4
03-08 15:13:50.276  2578  2578 I ViewRootImpl@1c1cd0e[NotificationShade]: performTraversals mFirst=false windowShouldResize=false viewVisibilityChanged=false mForceNextWindowRelayout=false params={(0,0)(fillxfill) gr=TOP CENTER_VERTICAL sim={adjust=resize} layoutInDisplayCutoutMode=always ty=NOTIFICATION_SHADE fmt=TRANSLUCENT
03-08 15:13:50.276  2578  2578 I ViewRootImpl@1c1cd0e[NotificationShade]:   fl=81840048
03-08 15:13:50.276  2578  2578 I ViewRootImpl@1c1cd0e[NotificationShade]:   pfl=1b000000
03-08 15:13:50.276  2578  2578 I ViewRootImpl@1c1cd0e[NotificationShade]:   bhv=SHOW_TRANSIENT_BARS_BY_SWIPE naviIconColor=0
03-08 15:13:50.276  2578  2578 I ViewRootImpl@1c1cd0e[NotificationShade]:   sfl=60000}
03-08 15:13:50.277  1472  1504 V WindowManager: Relayout Window{85bfa35 u0 NotificationShade}: viewVisibility=4 req=1080x2400 d0
03-08 15:13:50.278 28167 28167 I Finsky  : [2] krm.i(82): Process created at version: 39.9.31-31 [0] [PR] 610866660
03-08 15:13:50.279  1472  3335 D InputMethodManagerService: isImeSwitcherDisabledPackage : false
03-08 15:13:50.279  1472  1504 V WindowManager: Relayout hash=85bfa35, pid=2578, syncId=-1: mAttrs={(0,0)(fillxfill) gr=TOP CENTER_VERTICAL sim={adjust=resize} layoutInDisplayCutoutMode=always ty=NOTIFICATION_SHADE fmt=TRANSLUCENT
03-08 15:13:50.279  1472  1504 V WindowManager:   fl=81840048
03-08 15:13:50.279  1472  1504 V WindowManager:   pfl=1b000000
03-08 15:13:50.279  1472  1504 V WindowManager:   bhv=SHOW_TRANSIENT_BARS_BY_SWIPE naviIconColor=0
03-08 15:13:50.279  1472  1504 V WindowManager:   sfl=60000}
03-08 15:13:50.280 12908 12908 I InputMethodService: removeImeSurface
03-08 15:13:50.280 12908 12908 I MSHandlerLifeCycle: check: return. pkg=com.samsung.android.honeyboard isActivity=false callers=com.android.internal.policy.DecorView.setVisibility:4412 android.app.Dialog.hide:767 android.inputmethodservice.InputMethodService.removeImeSurface:1290 android.inputmethodservice.InputMethodService.scheduleImeSurfaceRemoval:1279 android.inputmethodservice.InputMethodService.-$$Nest$mscheduleImeSurfaceRemoval:0
03-08 15:13:50.280 12908 12908 I MSHandlerLifeCycle: removeMultiSplitHandler: no exist. decor=DecorView@df736f9[InputMethod]
03-08 15:13:50.280  2578  2578 I ViewRootImpl@1c1cd0e[NotificationShade]: Relayout returned: old=(0,0,1080,2400) new=(0,0,1080,2400) req=(1080,2400)4 dur=4 res=0x0 s={false 0x0} ch=false seqId=0
03-08 15:13:50.284  2578  2578 I FaceWidgetPositionAlgorithm: getClockContainerHeight() supplier = 227, bottom margin = 0, real height = 290
03-08 15:13:50.284  2578  2578 I ClockInfoManager: isClockFaceType: type = 9 clockFaceType = 0
03-08 15:13:50.284  2578  2578 D FaceWidgetPositionAlgorithm: getTopMargin scale = 0.8408237, clockContainerHeight = 227, scaleMarginY = 21
03-08 15:13:50.284  2578  2578 I FaceWidgetPositionAlgorithm: getClockContainerHeight() supplier = 227, bottom margin = 63, real height = 290
03-08 15:13:50.284  2578  2578 I FaceWidgetPositionAlgorithm: getMediaContainerHeight() height = 456 container Visibility = 8, isValid = true, mIsDozing = false, fraction = 1.0, source = 0, target = 0
03-08 15:13:50.284  2578  2578 I FaceWidgetPositionAlgorithm: getMediaContainerHeight() supplier = 456
03-08 15:13:50.292  2578  2711 I ViewRootImpl@abd5658[cmput301w24t33]: mWNT: t=0xb400007c6bc39500 mBlastBufferQueue=0xb400007c5206eb80 fn= 4 caller= android.view.SyncRtSurfaceTransactionApplier.applyTransaction:96 android.view.SyncRtSurfaceTransactionApplier.lambda$scheduleApply$0$android-view-SyncRtSurfaceTransactionApplier:69 android.view.SyncRtSurfaceTransactionApplier$$ExternalSyntheticLambda0.onFrameDraw:4
03-08 15:13:50.295  1180  1180 D Zygote  : Forked child process 28199
03-08 15:13:50.296 28167 28192 I Finsky  : [456] agsk.bB(289): Finished reading experiment flags from file [0tGUNCGIkbk4o6-fQ335kUYSKwVj4lusnHT-A5Dsy08] numFlags=1597.
03-08 15:13:50.299 28167 28192 I Finsky  : [456] agsk.bB(289): Finished reading experiment flags from file [Se-xCc4LzNyh3UrKMIU2sUf-PUKz4oQEbpKZDMuaFno] numFlags=1905.
03-08 15:13:50.304  2578  2664 D OpenGLRenderer: setSurface called with nullptr
03-08 15:13:50.304  2578  2664 D OpenGLRenderer: setSurface() destroyed EGLSurface
03-08 15:13:50.304  2578  2664 D OpenGLRenderer: destroyEglSurface
03-08 15:13:50.306  2578  2656 I ViewRootImpl@abd5658[cmput301w24t33]: performTraversals params={(0,0)(fillxfill) sim={adjust=pan} ty=APPLICATION_STARTING fmt=TRANSLUCENT wanim=0x1030309 alpha=0.0
03-08 15:13:50.306  2578  2656 I ViewRootImpl@abd5658[cmput301w24t33]:   fl=81030118
03-08 15:13:50.306  2578  2656 I ViewRootImpl@abd5658[cmput301w24t33]:   pfl=16000010
03-08 15:13:50.306  2578  2656 I ViewRootImpl@abd5658[cmput301w24t33]:   bhv=DEFAULT
03-08 15:13:50.306  2578  2656 I ViewRootImpl@abd5658[cmput301w24t33]:   fitSides= naviIconColor=0}
03-08 15:13:50.306  2578  2656 I ViewRootImpl@abd5658[cmput301w24t33]: performTraversals mFirst=false windowShouldResize=false viewVisibilityChanged=true mForceNextWindowRelayout=false params={(0,0)(fillxfill) sim={adjust=pan} ty=APPLICATION_STARTING fmt=TRANSLUCENT wanim=0x1030309 alpha=0.0
03-08 15:13:50.306  2578  2656 I ViewRootImpl@abd5658[cmput301w24t33]:   fl=81030118
03-08 15:13:50.306  2578  2656 I ViewRootImpl@abd5658[cmput301w24t33]:   pfl=16000010
03-08 15:13:50.306  2578  2656 I ViewRootImpl@abd5658[cmput301w24t33]:   bhv=DEFAULT
03-08 15:13:50.306  2578  2656 I ViewRootImpl@abd5658[cmput301w24t33]:   fitSides= naviIconColor=0}
03-08 15:13:50.306  1472  2686 V WindowManager: Relayout Window{c642aa u0 Splash Screen com.example.cmput301w24t33}: viewVisibility=8 req=1080x2400 d0
03-08 15:13:50.310  2578  2578 D NavigationBar: onSystemBarAttributesChanged() -  displayId:0, appearance:16, packageName: com.example.cmput301w24t33 (APPEARANCE_LIGHT_NAVIGATION_BARS ), navbarColorManagedByIme:false
03-08 15:13:50.310  2578  2578 D SamsungLightBarControlHelper: updateNavigation(Black button) isLightBar:false, hasLightBarNavigationBarFlag:true, packageName:com.example.cmput301w24t33, DirectReplying:false, NavBarColorManagerdByIme:false, ForceDarkForScrim:false, QsCustomizing:false, PanelHasWhiteBg:true
03-08 15:13:50.311  1472  2686 V WindowManager: Relayout hash=c642aa, pid=2578, syncId=-1: mAttrs={(0,0)(fillxfill) sim={adjust=pan} ty=APPLICATION_STARTING fmt=TRANSLUCENT wanim=0x1030309 alpha=0.0
03-08 15:13:50.311  1472  2686 V WindowManager:   fl=81030118
03-08 15:13:50.311  1472  2686 V WindowManager:   pfl=16000010
03-08 15:13:50.311  1472  2686 V WindowManager:   bhv=DEFAULT
03-08 15:13:50.311  1472  2686 V WindowManager:   fitSides= naviIconColor=0}
03-08 15:13:50.313  2578  2656 I ViewRootImpl@abd5658[cmput301w24t33]: Relayout returned: old=(0,0,1080,2400) new=(0,0,1080,2400) req=(1080,2400)8 dur=7 res=0x2 s={false 0x0} ch=true seqId=0
03-08 15:13:50.313  2578  2656 I ViewRootImpl@abd5658[cmput301w24t33]: dispatchDetachedFromWindow
03-08 15:13:50.313  1472  3335 D InputTransport: Input channel destroyed: 'c642aa ', fd=741
03-08 15:13:50.313  1472  3335 W InputManager-JNI: Input channel object 'c642aa Splash Screen com.example.cmput301w24t33 (client)' was disposed without first being removed with the input manager!
03-08 15:13:50.314  1472  3335 D InputTransport: Input channel destroyed: 'c642aa ', fd=966
03-08 15:13:50.317  2578  2656 D InputTransport: Input channel destroyed: 'c642aa ', fd=249
03-08 15:13:50.320  1327  1327 I Layer   : id=35587 removedFromDrawingState Surface(name=629eaa4 com.example.cmput301w24t33/com.example.cmput301w24t33.activities.Organizer)/@0x5c254e6 - animation-leash of starting_reveal#35587 (157)
03-08 15:13:50.324 28199 28199 I ocess.gservices: Using CollectorTypeCC GC.
03-08 15:13:50.329 28199 28199 E ocess.gservices: Not starting debugger since process cannot load the jdwp agent.
03-08 15:13:50.329  1327  1327 D SurfaceFlinger: Display 4630947232161729153 HWC layers:
03-08 15:13:50.329  1327  1327 D SurfaceFlinger:      CLIENT | 0xb4000074461472c0 | 0102 | RGBA_8888    |    0.0    0.0    0.0    0.0 |    0    0 1080   38 | bbq-wrapper#35579
03-08 15:13:50.329  1327  1327 D SurfaceFlinger:      CLIENT |              | 0000 |  Unknown  |    0.0    0.0    0.0    0.0 |    0    0 1080 2400 | DimAnimationLayer for Task=3076#35573
03-08 15:13:50.329  1327  1327 D SurfaceFlinger:      CLIENT | 0xb40000745d065700 | 0102 | RGBA_8888    |    0.0    0.0 1080.0 2362.0 |    0   38 1080 2400 | com.example.cmput301w24t33/com.examp[...]33.activities.Organizer$_26361#35584
03-08 15:13:50.329  1327  1327 D SurfaceFlinger:      CLIENT | 0xb400007446147170 | 0100 | RGBA_8888    |    0.0    0.0 1080.0   91.0 |    0    0 1080   91 | StatusBar$_2578#95
03-08 15:13:50.329  1327  1327 D SurfaceFlinger:      CLIENT | 0xb400007446147bf0 | 0100 | RGBA_8888    |    0.0    0.0   67.0  515.0 |    0  301   67  816 | com.samsung.android.app.cocktailbars[...]rvice.CocktailBarService$_5242#35333
03-08 15:13:50.329  1327  1327 D SurfaceFlinger:      CLIENT | 0xb400007446148210 | 0100 | RGBA_8888    |    0.0    0.0 1080.0  126.0 |    0 2274 1080 2400 | NavigationBar0$_2578#89
03-08 15:13:50.329  1327  1327 D SurfaceFlinger:
03-08 15:13:50.337 28199 28199 D ActivityThread: setConscryptValidator
03-08 15:13:50.337 28199 28199 D ActivityThread: setConscryptValidator - put
03-08 15:13:50.344 28199 28199 D CompatibilityChangeReporter: Compat change id reported: 171979766; UID 10231; state: ENABLED
03-08 15:13:50.349 28199 28199 D nativeloader: Configuring clns-shared-4 for other apk /system/framework/org.apache.http.legacy.jar. target_sdk_version=33, uses_libraries=ALL, library_path=/system/system_ext/priv-app/GoogleServicesFramework/lib/arm64:/system/system_ext/priv-app/GoogleServicesFramework/GoogleServicesFramework.apk!/lib/arm64-v8a:/system/lib64:/system/system_ext/lib64, permitted_path=/data:/mnt/expand:/data/user/0/com.google.android.gsf:/system/system_ext/priv-app/GoogleServicesFramework:/system/lib64:/system/system_ext/lib64
03-08 15:13:50.349 28199 28199 D nativeloader: Extending system_exposed_libraries: libhumantracking.arcsoft.so:libPortraitDistortionCorrection.arcsoft.so:libPortraitDistortionCorrectionCali.arcsoft.so:libface_landmark.arcsoft.so:libFacialStickerEngine.arcsoft.so:libveengine.arcsoft.so:liblow_light_hdr.arcsoft.so:libhigh_dynamic_range.arcsoft.so:libFacialAttributeDetection.arcsoft.so:libBeauty_v4.camera.samsung.so:libexifa.camera.samsung.so:libjpega.camera.samsung.so:libOpenCv.camera.samsung.so:libImageScreener.camera.samsung.so:libMyFilter.camera.samsung.so:libtensorflowLite.myfilter.camera.samsung.so:libtensorflowlite_inference_api.myfilter.camera.samsung.so:libEventFinder.camera.samsung.so:libSmartScan.camera.samsung.so:libRectify.camera.samsung.so:libDocRectifyWrapper.camera.samsung.so:libUltraWideDistortionCorrection.camera.samsung.so:libWideDistortionCorrection.camera.samsung.so:libHpr_RecGAE_cvFeature_v1.0.camera.samsung.so:libHprFace_GAE_api.camera.samsung.so:libFace_Landmark_API.camera.samsung.so:libHprFace_GAE_jni.camera.samsung.so:libFacialBase
03-08 15:13:50.353 28199 28199 D nativeloader: Configuring clns-shared-5 for other apk /system/system_ext/priv-app/GoogleServicesFramework/GoogleServicesFramework.apk. target_sdk_version=33, uses_libraries=, library_path=/system/system_ext/priv-app/GoogleServicesFramework/lib/arm64:/system/system_ext/priv-app/GoogleServicesFramework/GoogleServicesFramework.apk!/lib/arm64-v8a:/system/lib64:/system/system_ext/lib64, permitted_path=/data:/mnt/expand:/data/user/0/com.google.android.gsf:/system/system_ext/priv-app/GoogleServicesFramework:/system/lib64:/system/system_ext/lib64
03-08 15:13:50.357  1244  3730 D vendor.qti.bluetooth@1.0-wake_lock: Release wakelock is released
03-08 15:13:50.363 28199 28199 V GraphicsEnvironment: ANGLE Developer option for 'com.google.android.gsf' set to: 'default'
03-08 15:13:50.363 28199 28199 V GraphicsEnvironment: ANGLE GameManagerService for com.google.android.gsf: false
03-08 15:13:50.366 28199 28199 D NetworkSecurityConfig: No Network Security Config specified, using platform default
03-08 15:13:50.367 28199 28199 D NetworkSecurityConfig: No Network Security Config specified, using platform default
03-08 15:13:50.370 28199 28199 I GservicesProvider: Gservices pushing to system: true; secure/global: true
03-08 15:13:50.378 28199 28217 E GmsClient: unable to connect to service: com.google.android.gms.gservices.START on com.google.android.gms
03-08 15:13:50.411 28167 28195 D CompatibilityChangeReporter: Compat change id reported: 183155436; UID 10233; state: ENABLED
03-08 15:13:50.420  2578  2594 I ndroid.systemui: NativeAlloc concurrent copying GC freed 241420(8317KB) AllocSpace objects, 1(20KB) LOS objects, 42% free, 32MB/56MB, paused 211us,183us total 285.194ms
03-08 15:13:50.422  2578  2664 D OpenGLRenderer: setSurface called with nullptr
03-08 15:13:50.424  1327  1413 I SurfaceFlinger: id=35571 Removed Surface(name=40759f0 com.example.cmput301w24t33.test/androidx.test.core.app.InstrumentationActivityInvoker$EmptyActivity)/@0xa9ddf76 - animation-leash of starting_reveal#35571 (157)
03-08 15:13:50.424  2578  2664 D OpenGLRenderer: setSurface called with nullptr
03-08 15:13:50.424  1327  1413 I SurfaceFlinger: id=35553 Removed Surface(name=d965637 com.example.cmput301w24t33/com.example.cmput301w24t33.activities.Organizer)/@0xfaa681f - animation-leash of starting_reveal#35553 (157)
03-08 15:13:50.424  2578  2664 D OpenGLRenderer: setSurface called with nullptr
03-08 15:13:50.426  1327  1413 I SurfaceFlinger: id=35525 Removed Surface(name=1c5fdb com.example.cmput301w24t33.test/androidx.test.core.app.InstrumentationActivityInvoker$EmptyActivity)/@0x1ba2bfd - animation-leash of starting_reveal#35525 (157)
03-08 15:13:50.426  2578  2664 D OpenGLRenderer: setSurface called with nullptr
03-08 15:13:50.426  1327  1413 I SurfaceFlinger: id=35475 Removed Surface(name=438526f com.example.cmput301w24t33/com.example.cmput301w24t33.activities.Attendee)/@0x841280a - animation-leash of starting_reveal#35475 (157)
03-08 15:13:50.427  2578  2664 D OpenGLRenderer: setSurface called with nullptr
03-08 15:13:50.427  1327  1413 I SurfaceFlinger: id=35454 Removed Surface(name=fa77b0d com.example.cmput301w24t33.test/androidx.test.core.app.InstrumentationActivityInvoker$EmptyActivity)/@0xed2addf - animation-leash of starting_reveal#35454 (157)
03-08 15:13:50.428  2578  2664 D OpenGLRenderer: setSurface called with nullptr
