03-08 15:13:46.472  1472  5212 V WindowManager:   bhv=SHOW_TRANSIENT_BARS_BY_SWIPE naviIconColor=0
03-08 15:13:46.472  1472  5212 V WindowManager:   sfl=60000}
03-08 15:13:46.474 12908 12908 I HBD     : HoneyBoardService onTrimMemory 10
03-08 15:13:46.475  2578  2578 I ViewRootImpl@1c1cd0e[NotificationShade]: Relayout returned: old=(0,0,1080,2400) new=(0,0,1080,2400) req=(1080,2400)4 dur=6 res=0x0 s={false 0x0} ch=false seqId=0
03-08 15:13:46.477   603   603 I lmkd    : cached 3, sandbox(not0) 0
03-08 15:13:46.477  2578  2578 I FaceWidgetPositionAlgorithm: getClockContainerHeight() supplier = 227, bottom margin = 0, real height = 290
03-08 15:13:46.477  2578  2578 I ClockInfoManager: isClockFaceType: type = 9 clockFaceType = 0
03-08 15:13:46.477  2578  2578 D FaceWidgetPositionAlgorithm: getTopMargin scale = 0.8408237, clockContainerHeight = 227, scaleMarginY = 21
03-08 15:13:46.477  2578  2578 I FaceWidgetPositionAlgorithm: getClockContainerHeight() supplier = 227, bottom margin = 63, real height = 290
03-08 15:13:46.478  2578  2578 I FaceWidgetPositionAlgorithm: getMediaContainerHeight() height = 456 container Visibility = 8, isValid = true, mIsDozing = false, fraction = 1.0, source = 0, target = 0
03-08 15:13:46.478  2578  2578 I FaceWidgetPositionAlgorithm: getMediaContainerHeight() supplier = 456
03-08 15:13:46.479  2578  2578 D SystemUIService: SYSUI_RAM_OPTIMIZATION onTrimMemory=10
03-08 15:13:46.482  2578  2711 I ViewRootImpl@5b17857[cmput301w24t33]: mWNT: t=0xb400007c8210b200 mBlastBufferQueue=0xb400007c52070b00 fn= 4 caller= android.view.SyncRtSurfaceTransactionApplier.applyTransaction:96 android.view.SyncRtSurfaceTransactionApplier.lambda$scheduleApply$0$android-view-SyncRtSurfaceTransactionApplier:69 android.view.SyncRtSurfaceTransactionApplier$$ExternalSyntheticLambda0.onFrameDraw:4
03-08 15:13:46.486  4995  4995 I id.diagmonagent: Explicit concurrent copying GC freed 192(48KB) AllocSpace objects, 0(0B) LOS objects, 70% free, 2629KB/8773KB, paused 67us,33us total 21.788ms
03-08 15:13:46.487  4995  4995 W DMASA[C]: [DiagMonAgentApplication]onTrimMemory (10)
03-08 15:13:46.488   603   603 I lmkd    : cached 3, sandbox(not0) 0
03-08 15:13:46.490  2578  2664 D OpenGLRenderer: setSurface called with nullptr
03-08 15:13:46.490  2578  2664 D OpenGLRenderer: setSurface() destroyed EGLSurface
03-08 15:13:46.490  2578  2664 D OpenGLRenderer: destroyEglSurface
03-08 15:13:46.492  2578  2656 I ViewRootImpl@5b17857[cmput301w24t33]: performTraversals params={(0,0)(fillxfill) sim={adjust=pan} ty=APPLICATION_STARTING fmt=TRANSLUCENT wanim=0x1030309 alpha=0.0
03-08 15:13:46.492  2578  2656 I ViewRootImpl@5b17857[cmput301w24t33]:   fl=81030118
03-08 15:13:46.492  2578  2656 I ViewRootImpl@5b17857[cmput301w24t33]:   pfl=16000010
03-08 15:13:46.492  2578  2656 I ViewRootImpl@5b17857[cmput301w24t33]:   bhv=DEFAULT
03-08 15:13:46.492  2578  2656 I ViewRootImpl@5b17857[cmput301w24t33]:   fitSides= naviIconColor=0}
03-08 15:13:46.492  2578  2656 I ViewRootImpl@5b17857[cmput301w24t33]: performTraversals mFirst=false windowShouldResize=false viewVisibilityChanged=true mForceNextWindowRelayout=false params={(0,0)(fillxfill) sim={adjust=pan} ty=APPLICATION_STARTING fmt=TRANSLUCENT wanim=0x1030309 alpha=0.0
03-08 15:13:46.492  2578  2656 I ViewRootImpl@5b17857[cmput301w24t33]:   fl=81030118
03-08 15:13:46.492  2578  2656 I ViewRootImpl@5b17857[cmput301w24t33]:   pfl=16000010
03-08 15:13:46.492  2578  2656 I ViewRootImpl@5b17857[cmput301w24t33]:   bhv=DEFAULT
03-08 15:13:46.492  2578  2656 I ViewRootImpl@5b17857[cmput301w24t33]:   fitSides= naviIconColor=0}
03-08 15:13:46.493  1472  5212 V WindowManager: Relayout Window{d6ba384 u0 Splash Screen com.example.cmput301w24t33}: viewVisibility=8 req=1080x2400 d0
03-08 15:13:46.496  1537 10313 I CameraService: onUidStateChanged: uid=10052, procState is changed. (1 -> 0)
03-08 15:13:46.497  2578  2578 D NavigationBar: onSystemBarAttributesChanged() -  displayId:0, appearance:16, packageName: com.example.cmput301w24t33 (APPEARANCE_LIGHT_NAVIGATION_BARS ), navbarColorManagedByIme:false
03-08 15:13:46.497  2578  2578 D SamsungLightBarControlHelper: updateNavigation(Black button) isLightBar:false, hasLightBarNavigationBarFlag:true, packageName:com.example.cmput301w24t33, DirectReplying:false, NavBarColorManagerdByIme:false, ForceDarkForScrim:false, QsCustomizing:false, PanelHasWhiteBg:true
03-08 15:13:46.499   603   603 I lmkd    : cached 3, sandbox(not0) 0
03-08 15:13:46.500  1472  5212 V WindowManager: Relayout hash=d6ba384, pid=2578, syncId=-1: mAttrs={(0,0)(fillxfill) sim={adjust=pan} ty=APPLICATION_STARTING fmt=TRANSLUCENT wanim=0x1030309 alpha=0.0
03-08 15:13:46.500  1472  5212 V WindowManager:   fl=81030118
03-08 15:13:46.500  1472  5212 V WindowManager:   pfl=16000010
03-08 15:13:46.500  1472  5212 V WindowManager:   bhv=DEFAULT
03-08 15:13:46.500  1472  5212 V WindowManager:   fitSides= naviIconColor=0}
03-08 15:13:46.502  2578  2656 I ViewRootImpl@5b17857[cmput301w24t33]: Relayout returned: old=(0,0,1080,2400) new=(0,0,1080,2400) req=(1080,2400)8 dur=9 res=0x2 s={false 0x0} ch=true seqId=0
03-08 15:13:46.502  2578  2656 I ViewRootImpl@5b17857[cmput301w24t33]: dispatchDetachedFromWindow
03-08 15:13:46.502  1472  2964 D InputTransport: Input channel destroyed: 'd6ba384', fd=605
03-08 15:13:46.502  1472  2964 W InputManager-JNI: Input channel object 'd6ba384 Splash Screen com.example.cmput301w24t33 (client)' was disposed without first being removed with the input manager!
03-08 15:13:46.502  1472  2964 D InputTransport: Input channel destroyed: 'd6ba384', fd=691
03-08 15:13:46.503  1257 27862 I HYPER-HAL: [ResourceManager.cpp]removeResource(): [CPUMinFreq] RemoveResource Request ID : 1107832
03-08 15:13:46.503  1257 27862 I HYPER-HAL: [RequestManager.cpp]releaseLocked(): Released ID : 1107832
03-08 15:13:46.504  2578  2656 D InputTransport: Input channel destroyed: 'd6ba384', fd=202
03-08 15:13:46.506  1327  1327 I Layer   : id=35475 removedFromDrawingState Surface(name=438526f com.example.cmput301w24t33/com.example.cmput301w24t33.activities.Attendee)/@0x841280a - animation-leash of starting_reveal#35475 (146)
03-08 15:13:46.509   603   603 I lmkd    : cached 3, sandbox(not0) 0
03-08 15:13:46.512   603   603 I lmkd    : Reclaim 'com.google.process.gapps' (27732), uid 10231, oom_score_adj 925, state 19 to free 80908kB rss, 24864kb swap
03-08 15:13:46.512   603   603 I lmkd    : Reclaimed 105772kB at oom_score_adj 850
03-08 15:13:46.512   603   603 I lmkd    : Suppressed 5 failed kill reports
03-08 15:13:46.512  1327  1327 D SurfaceFlinger: Display 4630947232161729153 HWC layers:
03-08 15:13:46.512  1327  1327 D SurfaceFlinger:      DEVICE | 0xb400007446147f00 | 0100 | RGBx_8888    |  152.0    0.0 1232.0 2400.0 |    0    0 1080 2400 | Wallpaper BBQ wrapper#88
03-08 15:13:46.512  1327  1327 D SurfaceFlinger:      DEVICE | 0xb40000745d065700 | 0100 | RGBA_8888    |    0.0    0.0 1080.0 2400.0 |    0    0 1080 2400 | com.sec.android.app.launcher/com.sec[...]ivities.LauncherActivity$_3258#35456
03-08 15:13:46.512  1327  1327 D SurfaceFlinger:      DEVICE | 0xb400007446149be0 | 0102 | RGBA_8888    |    0.0    0.0 1080.0 2400.0 |    9   19 1071 2381 | com.example.cmput301w24t33/com.examp[...]t33.activities.Attendee$_26361#35472
03-08 15:13:46.512  1327  1327 D SurfaceFlinger:      DEVICE | 0xb400007446147b80 | 0100 | RGBA_8888    |    0.0    0.0 1080.0   91.0 |    0    0 1080   91 | StatusBar$_2578#95
03-08 15:13:46.512  1327  1327 D SurfaceFlinger:      DEVICE | 0xb400007446147bf0 | 0100 | RGBA_8888    |    0.0    0.0   67.0  515.0 |    0  301   67  816 | com.samsung.android.app.cocktailbars[...]rvice.CocktailBarService$_5242#35333
03-08 15:13:46.512  1327  1327 D SurfaceFlinger:      DEVICE | 0xb40000744614a4a0 | 0100 | RGBA_8888    |    0.0    0.0 1080.0  126.0 |    0 2274 1080 2400 | NavigationBar0$_2578#89
03-08 15:13:46.512  1327  1327 D SurfaceFlinger:
03-08 15:13:46.527  1180  1180 I Zygote  : Process 27732 exited due to signal 9 (Killed)
03-08 15:13:46.527   603   603 I lmkd    : cached 3, sandbox(not0) 0
03-08 15:13:46.528 26361 26361 W Firestore: (24.10.2) [CustomClassMapper]: No setter/field for fullName found on class com.example.cmput301w24t33.users.User (fields/setters are case sensitive!)
03-08 15:13:46.529 26361 26361 D ContentValues: HEY ITS HERE: 6d2d326bbbe75ba1
03-08 15:13:46.529 26361 26361 D ContentValues: User Authenticated: 6d2d326bbbe75ba1
03-08 15:13:46.529 26361 26361 I ViewRootImpl@b3bb840[Attendee]: MSG_WINDOW_FOCUS_CHANGED 1 0
03-08 15:13:46.529 26361 26361 I ViewRootImpl@b3bb840[Attendee]: mThreadedRenderer.initializeIfNeeded()#2 mSurface={isValid=true 0xb400007c7ebc3000}
03-08 15:13:46.531 26361 26361 D InputMethodManager: startInputInner - Id : 0
03-08 15:13:46.531 26361 26361 I InputMethodManager: startInputInner - mService.startInputOrWindowGainedFocus
03-08 15:13:46.532  1472  2020 I libprocessgroup: Successfully killed process cgroup uid 10231 pid 27732 in 0ms
03-08 15:13:46.532  1472  2964 D InputMethodManagerService: mDesktopModeManager null!
03-08 15:13:46.532  1472  2964 V InputMethodManagerService: getDisplayIdOfInputMethodWindowToBeAdded: displayId=0
03-08 15:13:46.532  1472  2964 D InputMethodManagerService: isImeSwitcherDisabledPackage : false
03-08 15:13:46.533   603   603 I lmkd    : cached 3, sandbox(not0) 0
03-08 15:13:46.534  1472  2964 D InputMethodManagerService: checkDisplayOfStartInputAndUpdateKeyboard: displayId=0, mFocusedDisplayId=0
03-08 15:13:46.534  1472  2964 D InputTransport: Input channel constructed: 'ClientS', fd=605
03-08 15:13:46.534  1472  2964 D InputTransport: Input channel destroyed: 'ClientS', fd=605
03-08 15:13:46.534 12908 12908 I HBD     : HoneyBoardService onFinishInput
03-08 15:13:46.535 12908 12908 I HBD     : a IC have been unbinding,  RemoteInputConnection{idHash=#b4edd99}
03-08 15:13:46.535 12908 12908 I HBD     : HoneyBoardService [PF_CL][onFinishInput]  1 ms
03-08 15:13:46.535 27743 27743 I [PASS][CMN]DrawableCache: clearData LruCache[maxSize=32768,hits=0,misses=0,hitRate=0%]
03-08 15:13:46.535 12908 12908 I HBD     : HoneyBoardService [IMI] onStartInput - caller pid : 26361 , caller uid : 10451
03-08 15:13:46.535 12908 12908 I HBD     : j updateConfigs
03-08 15:13:46.535 12908 12908 I HBD     : j isEnabledNightMode : false
03-08 15:13:46.535 12908 12908 I HBD     : a IC have been binding, RemoteInputConnection{idHash=#56f285e}
03-08 15:13:46.535 12908 12908 I HBD     : h [EditorInputType]setPrivateImeOptionsToTable privateImeOptions ( null )
03-08 15:13:46.535 12908 12908 I HBD     : b incognitoMode : false
03-08 15:13:46.535 12908 12908 I HBD     : b needOff = true , isForceOff = false, isNullInputClass : true
03-08 15:13:46.536  1327  1414 I SurfaceFlinger: id=35476 createSurf, flag=24004, Surface(name=a2c6971 InputMethod)/@0x3034fd7 - animation-leash of insets_animation#35476
03-08 15:13:46.536 12908 12908 I HBD     : h getDefaultInputRange : UNKNOWN
03-08 15:13:46.536 12908 12908 I HBD     : h getDefaultInputRange : UNKNOWN
03-08 15:13:46.536 12908 12908 I HBD     : h getDefaultInputRange : UNKNOWN
03-08 15:13:46.538 12908 12908 I HBD     : b needOff = true , isForceOff = false, isNullInputClass : true
03-08 15:13:46.538 12908 12908 I HBD     : b update cached prediction status : false
03-08 15:13:46.539 12908 12908 I HBD     : h getDefaultInputRange : UNKNOWN
03-08 15:13:46.539 12908 12908 I HBD     : a currentState : 0
03-08 15:13:46.539 12908 12908 I HBD     : a [UpdatePolicy] [post] a: 0 cl: 65537 kit: [0/0] vt: 0 ir: 1
03-08 15:13:46.539 12908 12908 I HBD     : a [NRIC] resetNoResponseState
03-08 15:13:46.540  1327  1327 I Layer   : id=35467 removedFromDrawingState Surface(name=a2c6971 InputMethod)/@0x3034fd7 - animation-leash of insets_animation#35467 (147)
03-08 15:13:46.540  1327  1327 I SurfaceFlinger: id=35467 Removed Surface(name=a2c6971 InputMethod)/@0x3034fd7 - animation-leash of insets_animation#35467 (147)
03-08 15:13:46.540  1327  1327 I Layer   : id=35467 Destroyed Surface(name=a2c6971 InputMethod)/@0x3034fd7 - animation-leash of insets_animation#35467
03-08 15:13:46.541 12908 12908 I HBD     : b needOff = true , isForceOff = false, isNullInputClass : true
03-08 15:13:46.541 12908 12908 I HBD     : b update cached prediction status : false
03-08 15:13:46.542 12908 12908 I HBD     : HoneyBoardService [PF_OP][onStartInput]  7 ms
03-08 15:13:46.544  1257 27871 I HYPER-HAL: [ResourceManager.cpp]removeResource(): [CPUMinFreq] RemoveResource Request ID : 1115292
03-08 15:13:46.544   603   603 I lmkd    : cached 3, sandbox(not0) 0
03-08 15:13:46.544  1257 27871 I HYPER-HAL: [RequestManager.cpp]releaseLocked(): Released ID : 1115292
03-08 15:13:46.544  1472  4570 D InputMethodManagerService: isImeSwitcherDisabledPackage : false
03-08 15:13:46.546  1472  5032 I SemDvfsHyPerManager: acquire hyper - AMS_RESUME_TAIL/1472@16, type = -999
03-08 15:13:46.546  1472  5032 I SemDvfsHyPerManager: acquire hyper - AMS_ACT_LAZY/1472@17, type = -999
03-08 15:13:46.547  1257  1326 I HYPER-HAL: [RequestManager.cpp]acquire(): Acquired ID : 1107832  [1472 / 16]    HINT : AMS_RESUME_TAIL    list :
03-08 15:13:46.548   603   603 I lmkd    : Reclaim 'com.samsung.android.samsungpass' (27743), uid 10112, oom_score_adj 915, state 19 to free 104240kB rss, 24400kb swap
03-08 15:13:46.548   603   603 I lmkd    : Reclaimed 128640kB at oom_score_adj 850
03-08 15:13:46.548   603   603 I lmkd    : Suppressed 2 failed kill reports
03-08 15:13:46.549  1257  1326 I HYPER-HAL: [ResourceManager.cpp]updateResource(): [CPUMinFreq] UpdateResource Request ID : 1107832    Value : 1324800
03-08 15:13:46.549  1257  1326 I HYPER-HAL: [RequestManager.cpp]acquire(): Acquired ID : 1109322  [1472 / 17]    HINT : AMS_ACT_LAZY    list :
03-08 15:13:46.549  1257  1326 I HYPER-HAL: [ResourceManager.cpp]removeResource(): [CPULittleMinFreq] RemoveResource Request ID : 1110813
03-08 15:13:46.549 27373 27373 I ViewRootImpl@8f2ec40[InstrumentationActivityInvoker$EmptyActivity]: stopped(true) old = false
03-08 15:13:46.549 27373 27373 I ViewRootImpl@8f2ec40[InstrumentationActivityInvoker$EmptyActivity]: WindowStopped on com.example.cmput301w24t33.test/androidx.test.core.app.InstrumentationActivityInvoker$EmptyActivity set to true
03-08 15:13:46.551 12908 12908 I InputMethodService: removeImeSurface
03-08 15:13:46.551  1257  1326 I HYPER-HAL: [ResourceManager.cpp]removeResource(): [CPUMinFreq] RemoveResource Request ID : 1110813
03-08 15:13:46.551 12908 12908 I MSHandlerLifeCycle: check: return. pkg=com.samsung.android.honeyboard isActivity=false callers=com.android.internal.policy.DecorView.setVisibility:4412 android.app.Dialog.hide:767 android.inputmethodservice.InputMethodService.removeImeSurface:1290 android.inputmethodservice.InputMethodService.scheduleImeSurfaceRemoval:1279 android.inputmethodservice.InputMethodService.-$$Nest$mscheduleImeSurfaceRemoval:0
03-08 15:13:46.551 12908 12908 I MSHandlerLifeCycle: removeMultiSplitHandler: no exist. decor=DecorView@df736f9[InputMethod]
03-08 15:13:46.551  1257  1326 I HYPER-HAL: [RequestManager.cpp]releaseLocked(): Released ID : 1110813
03-08 15:13:46.553 27373 27373 I MSHandlerLifeCycle: removeMultiSplitHandler: no exist. decor=DecorView@ce0e427[InstrumentationActivityInvoker$EmptyActivity]
03-08 15:13:46.555 27373 27373 I MSHandlerLifeCycle: removeMultiSplitHandler: no exist. decor=DecorView@ce0e427[InstrumentationActivityInvoker$EmptyActivity]
03-08 15:13:46.556 23629 23629 W fbservices:InitStatus: Not blocking Service (133783087)
03-08 15:13:46.556 23629 23629 W fbservices:InitStatus: Not blocking Service (133783087)
03-08 15:13:46.557  4938  4938 I AiAi    : onTrimMemory() with level 10
03-08 15:13:46.558  4938  4938 I AiAi    : onTrimMemory() with level 10
03-08 15:13:46.559  1244  3899 I vendor.qti.bluetooth@1.0-ibs_handler: ProcessIbsCmd: Received IBS_WAKE_IND: 0xFD
03-08 15:13:46.560  1244  3899 D vendor.qti.bluetooth@1.0-ibs_handler: SerialClockVote: vote for UART CLK ON
03-08 15:13:46.560  1244  3899 I vendor.qti.bluetooth@1.0-ibs_handler: ProcessIbsCmd: Writing IBS_WAKE_ACK
03-08 15:13:46.561 27373 27457 D OpenGLRenderer: setSurface called with nullptr
03-08 15:13:46.562 27373 27373 I ViewRootImpl@8f2ec40[InstrumentationActivityInvoker$EmptyActivity]: dispatchDetachedFromWindow
03-08 15:13:46.562  1472  5032 D InputTransport: Input channel destroyed: 'fa77b0d', fd=743
03-08 15:13:46.562  1472  5032 W InputManager-JNI: Input channel object 'fa77b0d com.example.cmput301w24t33.test/androidx.test.core.app.InstrumentationActivityInvoker$EmptyActivity (client)' was disposed without first being removed with the input manager!
03-08 15:13:46.562  1472  5032 D InputTransport: Input channel destroyed: 'fa77b0d', fd=921
03-08 15:13:46.565 27373 27373 D InputTransport: Input channel destroyed: 'fa77b0d', fd=101
03-08 15:13:46.568  1327  1414 I SurfaceFlinger: id=35452 Removed 948e54f ActivityRecordInputSink com.example.cmput301w24t33.test/androidx.test.core.app.InstrumentationActivityInvoker$EmptyActivity#35452 (146)
03-08 15:13:46.569  1327  1413 I SurfaceFlinger: id=35477 createSurf, flag=24004, Task=3071#35477
03-08 15:13:46.570  3258  3258 I RecentsView: onTaskRemoved() taskId : 3071
03-08 15:13:46.570  3258  3258 I TopTaskTracker: onTaskRemoved : taskId = 3071
03-08 15:13:46.570  3258  3258 I RecentsView: onTaskRemoved() taskId : 3071
03-08 15:13:46.570  3258  3258 I TopTaskTracker: onTaskRemoved : taskId = 3071
03-08 15:13:46.572  1327  1327 I Layer   : id=35448 removedFromDrawingState com.example.cmput301w24t33.test/androidx.test.core.app.InstrumentationActivityInvoker$EmptyActivity$_27373#35448 (147)
03-08 15:13:46.573  1327  1327 I Layer   : id=35445 removedFromDrawingState fa77b0d com.example.cmput301w24t33.test/androidx.test.core.app.InstrumentationActivityInvoker$EmptyActivity#35445 (147)
03-08 15:13:46.573  1327  1327 I SurfaceFlinger: id=35448 Removed com.example.cmput301w24t33.test/androidx.test.core.app.InstrumentationActivityInvoker$EmptyActivity$_27373#35448 (147)
03-08 15:13:46.573  1327  1327 I SurfaceFlinger: id=35445 Removed fa77b0d com.example.cmput301w24t33.test/androidx.test.core.app.InstrumentationActivityInvoker$EmptyActivity#35445 (147)
03-08 15:13:46.573  1327  1327 I Layer   : id=35445 Destroyed fa77b0d com.example.cmput301w24t33.test/androidx.test.core.app.InstrumentationActivityInvoker$EmptyActivity#35445
03-08 15:13:46.574  1327  1327 I Layer   : id=35448 Destroyed com.example.cmput301w24t33.test/androidx.test.core.app.InstrumentationActivityInvoker$EmptyActivity$_27373#35448
03-08 15:13:46.579  4938  4964 I ogle.android.as: Background young concurrent copying GC freed 83847(3708KB) AllocSpace objects, 0(0B) LOS objects, 36% free, 7102KB/10MB, paused 3.108ms,53us total 306.712ms
03-08 15:13:46.583  1472  2020 I libprocessgroup: Successfully killed process cgroup uid 10112 pid 27743 in 0ms
03-08 15:13:46.584  1180  1180 I Zygote  : Process 27743 exited due to signal 9 (Killed)
03-08 15:13:46.586 10975 10975 I MCFQS   : (DeviceConnectionService) onTrimMemory()-[td:main] level: 15
03-08 15:13:46.587 30629 30629 I SEMS:AgentLog_13.6.12: [][main][MobileServiceApplication] onTrimMemory:15
03-08 15:13:46.587  4938  4938 I AiAi    : onTrimMemory() with level 15
03-08 15:13:46.588 27808 27808 I Finsky:background: [2] uuk.onTrimMemory(13): Memory trim requested to level 80
03-08 15:13:46.589  3407  3407 W DeviceManager_FLP: onTrimMemory : 15
03-08 15:13:46.588  4995  4995 W DMASA[U]: [AppLogData]onTrimMemory(15):1709936026588
03-08 15:13:46.589  1327  1327 I Layer   : id=35444 removedFromDrawingState ActivityRecord{401e4dc u0 com.example.cmput301w24t33.test/androidx.test.core.app.InstrumentationActivityInvoker$EmptyActivity} t3071}#35444 (145)
03-08 15:13:46.589  1327  1327 I Layer   : id=35452 removedFromDrawingState 948e54f ActivityRecordInputSink com.example.cmput301w24t33.test/androidx.test.core.app.InstrumentationActivityInvoker$EmptyActivity#35452 (145)
03-08 15:13:46.589 23629 23629 W fbservices:InitStatus: Not blocking Service (133783087)
03-08 15:13:46.589  1327  1327 I Layer   : id=35443 removedFromDrawingState Task=3071#35443 (145)
03-08 15:13:46.589  1327  1327 I Layer   : id=35477 removedFromDrawingState Task=3071#35477 (145)
03-08 15:13:46.590  1327  1327 I SurfaceFlinger: id=35444 Removed ActivityRecord{401e4dc u0 com.example.cmput301w24t33.test/androidx.test.core.app.InstrumentationActivityInvoker$EmptyActivity} t3071}#35444 (145)
03-08 15:13:46.590  1327  1327 I SurfaceFlinger: id=35477 Removed Task=3071#35477 (145)
03-08 15:13:46.590  3407  3453 I GpsSessionManager_FLP: arrangeInvalidSessions
03-08 15:13:46.590  1327  1327 I Layer   : id=35444 Destroyed ActivityRecord{401e4dc u0 com.example.cmput301w24t33.test/androidx.test.core.app.InstrumentationActivityInvoker$EmptyActivity} t3071}#35444
03-08 15:13:46.590  1327  1327 I Layer   : id=35452 Destroyed 948e54f ActivityRecordInputSink com.example.cmput301w24t33.test/androidx.test.core.app.InstrumentationActivityInvoker$EmptyActivity#35452
03-08 15:13:46.590 12908 12908 I HBD     : HoneyBoardService onTrimMemory 15
03-08 15:13:46.590  1327  1327 I Layer   : id=35477 Destroyed Task=3071#35477
03-08 15:13:46.590 12908 12908 I HBD     : HoneyBoardService onTrimMemory is skip
03-08 15:13:46.591  5242  5242 I CocktailBarUiController: onTrimMemory is ignored
03-08 15:13:46.597  4995  4995 I id.diagmonagent: Explicit concurrent copying GC freed 192(48KB) AllocSpace objects, 0(0B) LOS objects, 70% free, 2629KB/8773KB, paused 1.938ms,17us total 8.487ms
03-08 15:13:46.598  4995  4995 W DMASA[C]: [DiagMonAgentApplication]onTrimMemory (15)
03-08 15:13:46.599  2578  2578 D SystemUIService: SYSUI_RAM_OPTIMIZATION onTrimMemory=15
03-08 15:13:46.604  1244  3899 I vendor.qti.bluetooth@1.0-ibs_handler: ProcessIbsCmd: Received IBS_SLEEP_IND: 0xFE
03-08 15:13:46.604  1244  3899 D vendor.qti.bluetooth@1.0-ibs_handler: SerialClockVote: vote for UART CLK OFF
03-08 15:13:46.614  5242  5242 I Utils   : isCurrentUser current = 0, ownerId = 0
03-08 15:13:46.614  5242  5242 I TrayVisibilityController: getComputedTrayVisible : keyguardState = 1
03-08 15:13:46.614  5242  5242 I TrayVisibilityController: updateTrayVisible: State=1 visible=1 mCurrentVisible=1 specificMode=0
03-08 15:13:46.614  5242  5242 I TrayStateController: onNotifyUpdateTray: state=0
03-08 15:13:46.644  1327  1327 D SurfaceFlinger: Display 4630947232161729153 HWC layers:
03-08 15:13:46.644  1327  1327 D SurfaceFlinger:      DEVICE | 0xb40000745d065c40 | 0102 | RGBA_8888    |    0.0    0.0 1080.0 2400.0 |    0    0 1080 2400 | com.example.cmput301w24t33/com.examp[...]t33.activities.Attendee$_26361#35472
03-08 15:13:46.644  1327  1327 D SurfaceFlinger:      DEVICE | 0xb400007446147170 | 0100 | RGBA_8888    |    0.0    0.0 1080.0   91.0 |    0    0 1080   91 | StatusBar$_2578#95
03-08 15:13:46.644  1327  1327 D SurfaceFlinger:      DEVICE | 0xb400007446147bf0 | 0100 | RGBA_8888    |    0.0    0.0   67.0  515.0 |    0  301   67  816 | com.samsung.android.app.cocktailbars[...]rvice.CocktailBarService$_5242#35333
03-08 15:13:46.644  1327  1327 D SurfaceFlinger:      DEVICE | 0xb400007446149b70 | 0100 | RGBA_8888    |    0.0    0.0 1080.0  126.0 |    0 2274 1080 2400 | NavigationBar0$_2578#89
03-08 15:13:46.644  1327  1327 D SurfaceFlinger:
03-08 15:13:46.657  3258  3258 I ViewRootImpl@133027e[LauncherActivity]: handleAppVisibility mAppVisible = true visible = false
03-08 15:13:46.658  2578  2611 D WallpaperService: dispatchAppVisibility onVisibilityChanged(): false
03-08 15:13:46.659  2578  2578 D WallpaperService: reportVisibility onVisibilityChanged visible: false
03-08 15:13:46.659  2578  2749 I ImageWallpaper[GLEngine]:  onVisibilityChanged false , 0
03-08 15:13:46.672  1327  1327 I Layer   : id=35466 removedFromDrawingState Splash Screen com.example.cmput301w24t33$_2578#35466 (142)
03-08 15:13:46.673  1327  1327 I Layer   : id=35468 removedFromDrawingState Surface(name=Task=1)/@0x464f238 - animation-leash of app_transition#35468 (142)
03-08 15:13:46.673  1327  1327 I Layer   : id=35469 removedFromDrawingState Surface(name=Task=3072)/@0xd4b395 - animation-leash of app_transition#35469 (142)
03-08 15:13:46.673  1327  1327 I Layer   : id=35463 removedFromDrawingState Task=3072#35463 (142)
03-08 15:13:46.673  1327  1327 I Layer   : id=35464 removedFromDrawingState ActivityRecord{4a9e2ec u0 com.example.cmput301w24t33/.activities.Attendee} t3072}#35464 (142)
03-08 15:13:46.673  1327  1327 I Layer   : id=35470 removedFromDrawingState b58d19f ActivityRecordInputSink com.example.cmput301w24t33/.activities.Attendee#35470 (142)
03-08 15:13:46.673  1327  1327 I Layer   : id=35471 removedFromDrawingState 438526f com.example.cmput301w24t33/com.example.cmput301w24t33.activities.Attendee#35471 (142)
03-08 15:13:46.673  1327  1327 I Layer   : id=35472 removedFromDrawingState com.example.cmput301w24t33/com.example.cmput301w24t33.activities.Attendee$_26361#35472 (142)
03-08 15:13:46.673  1327  1327 I Layer   : id=16 removedFromDrawingState ImeContainer#16 (142)
03-08 15:13:46.673  1327  1327 I Layer   : id=229 removedFromDrawingState WindowToken{78de17e type=2011 android.os.Binder@d7e4739}#229 (142)
03-08 15:13:46.673  1327  1327 I Layer   : id=35476 removedFromDrawingState Surface(name=a2c6971 InputMethod)/@0x3034fd7 - animation-leash of insets_animation#35476 (142)
03-08 15:13:46.673  1327  1327 I Layer   : id=232 removedFromDrawingState a2c6971 InputMethod#232 (142)
03-08 15:13:46.673  1327  1327 I Layer   : id=35465 removedFromDrawingState d6ba384 Splash Screen com.example.cmput301w24t33#35465 (142)
03-08 15:13:46.673  1327  1327 I Layer   : id=35465 removedFromDrawingState d6ba384 Splash Screen com.example.cmput301w24t33#35465 (142)
03-08 15:13:46.673  1327  1327 I Layer   : id=35463 addToCurrentState Task=3072#35463 (142)
03-08 15:13:46.673  1327  1327 I Layer   : id=35464 addToCurrentState ActivityRecord{4a9e2ec u0 com.example.cmput301w24t33/.activities.Attendee} t3072}#35464 (142)
03-08 15:13:46.673  1327  1327 I Layer   : id=35470 addToCurrentState b58d19f ActivityRecordInputSink com.example.cmput301w24t33/.activities.Attendee#35470 (142)
03-08 15:13:46.673  1327  1327 I Layer   : id=35471 addToCurrentState 438526f com.example.cmput301w24t33/com.example.cmput301w24t33.activities.Attendee#35471 (142)
03-08 15:13:46.673  1327  1327 I Layer   : id=35472 addToCurrentState com.example.cmput301w24t33/com.example.cmput301w24t33.activities.Attendee$_26361#35472 (142)
03-08 15:13:46.673  1327  1327 I Layer   : id=16 addToCurrentState ImeContainer#16 (142)
03-08 15:13:46.673  1327  1327 I Layer   : id=229 addToCurrentState WindowToken{78de17e type=2011 android.os.Binder@d7e4739}#229 (142)
03-08 15:13:46.673  1327  1327 I Layer   : id=35476 addToCurrentState Surface(name=a2c6971 InputMethod)/@0x3034fd7 - animation-leash of insets_animation#35476 (142)
03-08 15:13:46.673  1327  1327 I Layer   : id=232 addToCurrentState a2c6971 InputMethod#232 (142)
03-08 15:13:46.673  1327  1327 I Layer   : Layer [Splash Screen com.example.cmput301w24t33$_2578#35466] hidden!! flag(1)
03-08 15:13:46.673  1327  1327 I Layer   : Layer [com.sec.android.app.launcher/com.sec.android.app.launcher.activities.LauncherActivity$_3258#35456] hidden!! flag(1)
03-08 15:13:46.673  1327  1327 I SurfaceFlinger: id=35465 Removed d6ba384 Splash Screen com.example.cmput301w24t33#35465 (142)
03-08 15:13:46.674  1327  1327 I SurfaceFlinger: id=35466 Removed Splash Screen com.example.cmput301w24t33$_2578#35466 (142)
03-08 15:13:46.674  1327  1327 I SurfaceFlinger: id=35469 Removed Surface(name=Task=3072)/@0xd4b395 - animation-leash of app_transition#35469 (142)
03-08 15:13:46.674  1327  1327 I SurfaceFlinger: id=35468 Removed Surface(name=Task=1)/@0x464f238 - animation-leash of app_transition#35468 (142)
03-08 15:13:46.674  1327  1327 I Layer   : id=35465 Destroyed d6ba384 Splash Screen com.example.cmput301w24t33#35465
03-08 15:13:46.674  1327  1327 I Layer   : id=35466 Destroyed Splash Screen com.example.cmput301w24t33$_2578#35466
03-08 15:13:46.675  1327  1327 I Layer   : id=35468 Destroyed Surface(name=Task=1)/@0x464f238 - animation-leash of app_transition#35468
03-08 15:13:46.675  1327  1327 I Layer   : id=35469 Destroyed Surface(name=Task=3072)/@0xd4b395 - animation-leash of app_transition#35469
03-08 15:13:46.678  1472  2284 D OpenGLRenderer: RenderThread::requireGlContext()
03-08 15:13:46.679  3258  3258 I ViewRootImpl@133027e[LauncherActivity]: performTraversals mFirst=false windowShouldResize=false viewVisibilityChanged=true mForceNextWindowRelayout=false params=null
03-08 15:13:46.680  1472  2910 V WindowManager: Relayout Window{25ecb59 u0 com.sec.android.app.launcher/com.sec.android.app.launcher.activities.LauncherActivity}: viewVisibility=8 req=1080x2400 d0
03-08 15:13:46.681 26361 26361 I ViewInteraction: Performing 'single click' action on view view.getId() is <2131230849/com.example.cmput301w24t33:id/button_user_mode>
03-08 15:13:46.683  1472  2964 D InputDispatcher: Inject motion (26361/10451): action=0x0, time=154418931000000, f=0x0, d=0 dsdx=1.000000 dtdx=0.000000
03-08 15:13:46.684  1472  2259 I InputDispatcher: Delivering touch to (2578): action: 0x4, f=0x0, d=0, '296f76f', t=0
03-08 15:13:46.684  1472  2259 I InputDispatcher: Delivering touch to (26361): action: 0x0, f=0x0, d=0, '438526f', t=0
03-08 15:13:46.685  1472  1877 I GestureDetector: obtain mCurrentDownEvent. id: -1025401800 caller: com.android.server.wm.SystemGesturesPointerEventListener.onPointerEvent:203 com.android.server.wm.PointerEventDispatcher.onInputEvent:53 android.view.InputEventReceiver.dispatchInputEvent:285
03-08 15:13:46.685  1472  2910 V WindowManager: Relayout hash=25ecb59, pid=3258, syncId=-1: mAttrs={(0,0)(fillxfill) sim={adjust=nothing} layoutInDisplayCutoutMode=shortEdges ty=BASE_APPLICATION fmt=TRANSPARENT wanim=0x10302f4
03-08 15:13:46.685  1472  2910 V WindowManager:   fl=81910100
03-08 15:13:46.685  1472  2910 V WindowManager:   pfl=1e020040
03-08 15:13:46.685  1472  2910 V WindowManager:   vsysui=1700
03-08 15:13:46.685  1472  2910 V WindowManager:   apr=LIGHT_STATUS_BARS LIGHT_NAVIGATION_BARS
03-08 15:13:46.685  1472  2910 V WindowManager:   bhv=SHOW_TRANSIENT_BARS_BY_SWIPE
03-08 15:13:46.685  1472  2910 V WindowManager:   fitSides= screenDimDuration=200000 naviIconColor=0}
03-08 15:13:46.685  1472  1877 I GestureDetector: obtain mCurrentDownEvent. id: -1025401800 caller: com.android.server.wm.SystemPerformancePointerEventListener.onPointerEvent:89 com.android.server.wm.PointerEventDispatcher.onInputEvent:53 android.view.InputEventReceiver.dispatchInputEvent:285
03-08 15:13:46.685 26361 26361 I ViewRootImpl@b3bb840[Attendee]: ViewPostIme pointer 0
03-08 15:13:46.687  3258  3258 I ViewRootImpl@133027e[LauncherActivity]: Relayout returned: old=(0,0,1080,2400) new=(0,0,1080,2400) req=(1080,2400)8 dur=7 res=0x2 s={false 0x0} ch=true seqId=0
03-08 15:13:46.687  1472  2284 D OpenGLRenderer: RenderThread::setGrContext()
03-08 15:13:46.687  3258  3258 I ViewRootImpl@133027e[LauncherActivity]: stopped(true) old = false
03-08 15:13:46.687  3258  3258 I ViewRootImpl@133027e[LauncherActivity]: WindowStopped on com.sec.android.app.launcher/com.sec.android.app.launcher.activities.LauncherActivity set to true
03-08 15:13:46.688  3258  3258 I Launcher: !@Boot_DEBUG: Launcher.onStop()
03-08 15:13:46.688  3258  3258 I Launcher: !@Boot_EBS_D: Launcher.onStop()
03-08 15:13:46.688  3258  3258 I BaseActivity: removeActivityFlags, flags : 17
03-08 15:13:46.689  3258  3258 I StateManager: goToState isInState Normal
03-08 15:13:46.689  3258  3258 W LauncherAppWidgetHost: setShouldListenFlag, mFlags:7 flag:start on:false isFront:false
03-08 15:13:46.690  3258  3627 I IMM_LC  : hsifw() - flag : 0
03-08 15:13:46.690  3258  3627 I IMM_LC  : hsifw() - mService.hideSoftInput
03-08 15:13:46.691  1472  2910 I AppWidgetServiceImpl: stopListening callbacks : null
03-08 15:13:46.692  3258  3258 W LauncherAppWidgetHost: stopListening, mFlags:2 isFront:false
03-08 15:13:46.692  3258  3258 W Launcher.NotificationListener: removeNotificationsChangedListener
03-08 15:13:46.692  3258  3258 I Launcher.NotificationListener: unregisterObserver, this is not notificationService!!
03-08 15:13:46.692  3258  3258 I BadgeCountUpdaterImpl: onNotificationsChangedDisConnected
03-08 15:13:46.694  3258  3258 I DecorView: notifyKeepScreenOnChanged: keepScreenOn=false
03-08 15:13:46.697  3258  3258 I MSHandlerLifeCycle: removeMultiSplitHandler: no exist. decor=DecorView@159fe79[LauncherActivity]
03-08 15:13:46.697  3258  3637 I LiveIconUpdateEventHandler: cancelMinuteChangeAlarm
03-08 15:13:46.698  3258  3637 I LiveIconUpdateEventHandler: cancelDateChangeAlarm
03-08 15:13:46.707  3258  3258 I ViewRootImpl@133027e[LauncherActivity]: performTraversals params={(0,0)(fillxfill) sim={adjust=nothing} layoutInDisplayCutoutMode=shortEdges ty=BASE_APPLICATION fmt=TRANSPARENT wanim=0x10302f4
03-08 15:13:46.707  3258  3258 I ViewRootImpl@133027e[LauncherActivity]:   fl=81910100
03-08 15:13:46.707  3258  3258 I ViewRootImpl@133027e[LauncherActivity]:   pfl=1e020040
03-08 15:13:46.707  3258  3258 I ViewRootImpl@133027e[LauncherActivity]:   vsysui=1700
03-08 15:13:46.707  3258  3258 I ViewRootImpl@133027e[LauncherActivity]:   apr=LIGHT_STATUS_BARS LIGHT_NAVIGATION_BARS
03-08 15:13:46.707  3258  3258 I ViewRootImpl@133027e[LauncherActivity]:   bhv=SHOW_TRANSIENT_BARS_BY_SWIPE
03-08 15:13:46.707  3258  3258 I ViewRootImpl@133027e[LauncherActivity]:   fitSides= naviIconColor=0}
03-08 15:13:46.707  3258  3258 I ViewRootImpl@133027e[LauncherActivity]: performTraversals mFirst=false windowShouldResize=false viewVisibilityChanged=false mForceNextWindowRelayout=false params={(0,0)(fillxfill) sim={adjust=nothing} layoutInDisplayCutoutMode=shortEdges ty=BASE_APPLICATION fmt=TRANSPARENT wanim=0x10302f4
03-08 15:13:46.707  3258  3258 I ViewRootImpl@133027e[LauncherActivity]:   fl=81910100
03-08 15:13:46.707  3258  3258 I ViewRootImpl@133027e[LauncherActivity]:   pfl=1e020040
03-08 15:13:46.707  3258  3258 I ViewRootImpl@133027e[LauncherActivity]:   vsysui=1700
03-08 15:13:46.707  3258  3258 I ViewRootImpl@133027e[LauncherActivity]:   apr=LIGHT_STATUS_BARS LIGHT_NAVIGATION_BARS
03-08 15:13:46.707  3258  3258 I ViewRootImpl@133027e[LauncherActivity]:   bhv=SHOW_TRANSIENT_BARS_BY_SWIPE
03-08 15:13:46.707  3258  3258 I ViewRootImpl@133027e[LauncherActivity]:   fitSides= naviIconColor=0}
03-08 15:13:46.708  1472  2964 V WindowManager: Relayout Window{25ecb59 u0 com.sec.android.app.launcher/com.sec.android.app.launcher.activities.LauncherActivity}: viewVisibility=8 req=1080x2400 d0
03-08 15:13:46.710  1472  2964 V WindowManager: Relayout hash=25ecb59, pid=3258, syncId=-1: mAttrs={(0,0)(fillxfill) sim={adjust=nothing} layoutInDisplayCutoutMode=shortEdges ty=BASE_APPLICATION fmt=TRANSPARENT wanim=0x10302f4
03-08 15:13:46.710  1472  2964 V WindowManager:   fl=81910100
03-08 15:13:46.710  1472  2964 V WindowManager:   pfl=1e020040
03-08 15:13:46.710  1472  2964 V WindowManager:   vsysui=1700
03-08 15:13:46.710  1472  2964 V WindowManager:   apr=LIGHT_STATUS_BARS LIGHT_NAVIGATION_BARS
03-08 15:13:46.710  1472  2964 V WindowManager:   bhv=SHOW_TRANSIENT_BARS_BY_SWIPE
03-08 15:13:46.710  1472  2964 V WindowManager:   fitSides= naviIconColor=0}
03-08 15:13:46.712  3258  3258 I ViewRootImpl@133027e[LauncherActivity]: Relayout returned: old=(0,0,1080,2400) new=(0,0,1080,2400) req=(1080,2400)8 dur=5 res=0x2 s={false 0x0} ch=false seqId=0
03-08 15:13:46.718  1273  1344 E ANDR-PERF-UTIL: Failed to update node /proc/3258/sched_low_latency with value 1
03-08 15:13:46.718  1273  1344 E ANDR-PERF-OPTSHANDLER: can't set low latency for tid 3258
03-08 15:13:46.718  1273  1344 E ANDR-PERF-RESOURCEQS: Failed to apply optimization [3, 52]
03-08 15:13:46.718  1273  1344 E ANDR-PERF-UTIL: Failed to update node /proc/5771/sched_low_latency with value 1
03-08 15:13:46.718  1273  1344 E ANDR-PERF-OPTSHANDLER: can't set low latency for tid 5771
03-08 15:13:46.718  1273  1344 E ANDR-PERF-RESOURCEQS: Failed to apply optimization [3, 52]
03-08 15:13:46.718  1273  1344 E ANDR-PERF-UTIL: Failed to update node /proc/5770/sched_low_latency with value 1
03-08 15:13:46.718  1273  1344 E ANDR-PERF-OPTSHANDLER: can't set low latency for tid 5770
03-08 15:13:46.718  1273  1344 E ANDR-PERF-RESOURCEQS: Failed to apply optimization [3, 52]
03-08 15:13:46.719  1273  1344 E ANDR-PERF-UTIL: Failed to update node /proc/5393/sched_low_latency with value 1
03-08 15:13:46.719  1273  1344 E ANDR-PERF-OPTSHANDLER: can't set low latency for tid 5393
03-08 15:13:46.719  1273  1344 E ANDR-PERF-RESOURCEQS: Failed to apply optimization [3, 52]
03-08 15:13:46.719  1273  1344 E ANDR-PERF-UTIL: Failed to read /proc/sys/kernel/walt_low_latency_task_threshold
03-08 15:13:46.719  1273  1344 E ANDR-PERF-OPTSHANDLER: Failed to read /proc/sys/kernel/walt_low_latency_task_threshold
03-08 15:13:46.719  1273  1344 E ANDR-PERF-RESOURCEQS: Failed to apply optimization [3, 54]
03-08 15:13:46.720   603   603 I lmkd    : cached 3, sandbox(not0) 0
03-08 15:13:46.722   603   603 I lmkd    : Reclaim 'com.example.cmput301w24t33.test' (27373), uid 10453, oom_score_adj 900, state 18 to free 113008kB rss, 19516kb swap
03-08 15:13:46.722   603   603 I lmkd    : Reclaimed 132524kB at oom_score_adj 850
03-08 15:13:46.723  1327  1327 I Layer   : id=35456 removedFromDrawingState com.sec.android.app.launcher/com.sec.android.app.launcher.activities.LauncherActivity$_3258#35456 (138)
03-08 15:13:46.724  1327  1327 I SurfaceFlinger: id=35456 Removed com.sec.android.app.launcher/com.sec.android.app.launcher.activities.LauncherActivity$_3258#35456 (138)
03-08 15:13:46.724  1472  2964 D InputDispatcher: Inject motion (26361/10451): action=0x1, time=154418972000000, f=0x0, d=0 dsdx=1.000000 dtdx=0.000000
03-08 15:13:46.724  1327  1327 I Layer   : id=35456 Destroyed com.sec.android.app.launcher/com.sec.android.app.launcher.activities.LauncherActivity$_3258#35456
03-08 15:13:46.724  1472  2259 I InputDispatcher: Delivering touch to (26361): action: 0x1, f=0x0, d=0, '438526f', t=0
03-08 15:13:46.725  1472  1877 I GestureDetector: obtain mCurrentMotionEventRaw. action: 1 id: -675033571
03-08 15:13:46.725 26361 26361 I ViewRootImpl@b3bb840[Attendee]: ViewPostIme pointer 1
03-08 15:13:46.725  1472  1877 I GestureDetector: obtain mCurrentMotionEventRaw. action: 1 id: -675033571
03-08 15:13:46.729  1472  1882 I ChimeraSystemEventListener: appLaunchIntent package name is: com.example.cmput301w24t33
03-08 15:13:46.729  1472  2964 I SemDvfsHyPerManager: acquire hyper - AMS_ACT_START/1472@14, type = -999
03-08 15:13:46.730  1257  1326 I HYPER-HAL: [RequestManager.cpp]acquire(): Acquired ID : 1104855  [1472 / 14]    HINT : AMS_ACT_START    list :
03-08 15:13:46.730  1257  1326 I HYPER-HAL: [ResourceManager.cpp]updateResource(): [CPULittleMinFreq] UpdateResource Request ID : 1104855    Value : 1804800
03-08 15:13:46.730  1327  2100 I SurfaceFlinger: id=35478 createSurf, flag=80004, ActivityRecord{7b0bfd3 u0 com.example.cmput301w24t33/.activities.Organizer} t3072}#35478
03-08 15:13:46.733  1257  1326 I HYPER-HAL: [ResourceManager.cpp]updateResource(): [CPUMinFreq] UpdateResource Request ID : 1104855    Value : 1939200
03-08 15:13:46.737 26361 26361 D LifecycleMonitor: Lifecycle status change: com.example.cmput301w24t33.activities.Attendee@a25c9e0 in: PAUSED
03-08 15:13:46.738 26361 26361 V ActivityScenario: Update currentActivityStage to PAUSED, currentActivity=com.example.cmput301w24t33.activities.Attendee@a25c9e0
03-08 15:13:46.742  1472  2910 D InputDispatcher: Focused application(0): ActivityRecord{7b0bfd3 u0 com.example.cmput301w24t33/.activities.Organizer} t3072}
03-08 15:13:46.744 10149 10149 I dgdm    : onPause
03-08 15:13:46.752  5242  5242 I ActivityUtils: HomePackage : com.sec.android.app.launcher, resumePackageName : com.example.cmput301w24t33
03-08 15:13:46.753  1472  3678 I MediaSessionMonitor: Media session stopped : diffrent pkg
03-08 15:13:46.754  1244  3730 D vendor.qti.bluetooth@1.0-wake_lock: Release wakelock is released
03-08 15:13:46.757  1472  2020 I libprocessgroup: Successfully killed process cgroup uid 10453 pid 27373 in 0ms
03-08 15:13:46.760  1180  1180 I Zygote  : Process 27373 exited due to signal 9 (Killed)
03-08 15:13:46.761 26361 26361 D LifecycleMonitor: Lifecycle status change: com.example.cmput301w24t33.activities.Organizer@1acf41b in: PRE_ON_CREATE
03-08 15:13:46.762 26361 26361 V ActivityScenario: Activity lifecycle changed event received but ignored because the intent does not match. startActivityIntent=Intent { act=android.intent.action.MAIN cat=[android.intent.category.LAUNCHER] flg=0x10008000 cmp=com.example.cmput301w24t33/.activities.Attendee }, activity.getIntent()=Intent { cmp=com.example.cmput301w24t33/.activities.Organizer (has extras) }, activity=com.example.cmput301w24t33.activities.Organizer@1acf41b
03-08 15:13:46.770 26361 26361 I DecorView: [INFO] isPopOver=false config=true
03-08 15:13:46.770 26361 26361 I DecorView: updateCaptionType: isFloating=false isApplication=true hasWindowDecorCaption=false this=DecorView@d5bcb93[]
03-08 15:13:46.770 26361 26361 D DecorView: setCaptionType = 0, this = DecorView@d5bcb93[]
03-08 15:13:46.772 26361 26361 I DecorView: getCurrentDensityDpi: from real metrics. densityDpi=420 msg=resources_loaded
03-08 15:13:46.772 26361 26361 I DecorView: setWindowBackground: isPopOver=false color=ffffffff d=android.graphics.drawable.ColorDrawable@fff03c9
03-08 15:13:46.773  1472  2686 D InputDispatcher: Focus request (0): <null> but waiting because NOT_FOCUSABLE
03-08 15:13:46.773  1472  2686 D InputDispatcher: Focus left window (0): 438526f com.example.cmput301w24t33/com.example.cmput301w24t33.activities.Attendee
03-08 15:13:46.805 26361 26361 D LifecycleMonitor: Lifecycle status change: com.example.cmput301w24t33.activities.Organizer@1acf41b in: CREATED
03-08 15:13:46.806 26361 26361 V ActivityScenario: Activity lifecycle changed event received but ignored because the intent does not match. startActivityIntent=Intent { act=android.intent.action.MAIN cat=[android.intent.category.LAUNCHER] flg=0x10008000 cmp=com.example.cmput301w24t33/.activities.Attendee }, activity.getIntent()=Intent { cmp=com.example.cmput301w24t33/.activities.Organizer (has extras) }, activity=com.example.cmput301w24t33.activities.Organizer@1acf41b
03-08 15:13:46.809 26361 26361 D LifecycleMonitor: Lifecycle status change: com.example.cmput301w24t33.activities.Organizer@1acf41b in: STARTED
03-08 15:13:46.809 26361 26361 V ActivityScenario: Activity lifecycle changed event received but ignored because the intent does not match. startActivityIntent=Intent { act=android.intent.action.MAIN cat=[android.intent.category.LAUNCHER] flg=0x10008000 cmp=com.example.cmput301w24t33/.activities.Attendee }, activity.getIntent()=Intent { cmp=com.example.cmput301w24t33/.activities.Organizer (has extras) }, activity=com.example.cmput301w24t33.activities.Organizer@1acf41b
03-08 15:13:46.810 26361 26361 D ContentValues: RESUME
03-08 15:13:46.812 26361 26361 D LifecycleMonitor: Lifecycle status change: com.example.cmput301w24t33.activities.Organizer@1acf41b in: RESUMED
03-08 15:13:46.813 26361 26361 V ActivityScenario: Activity lifecycle changed event received but ignored because the intent does not match. startActivityIntent=Intent { act=android.intent.action.MAIN cat=[android.intent.category.LAUNCHER] flg=0x10008000 cmp=com.example.cmput301w24t33/.activities.Attendee }, activity.getIntent()=Intent { cmp=com.example.cmput301w24t33/.activities.Organizer (has extras) }, activity=com.example.cmput301w24t33.activities.Organizer@1acf41b
03-08 15:13:46.814 26361 26361 I MSHandlerLifeCycle: check: return. pkg=com.example.cmput301w24t33 parent=null callers=com.android.internal.policy.DecorView.setVisibility:4412 android.app.ActivityThread.handleResumeActivity:5476 android.app.servertransaction.ResumeActivityItem.execute:54 android.app.servertransaction.ActivityTransactionItem.execute:45 android.app.servertransaction.TransactionExecutor.executeLifecycleState:176
03-08 15:13:46.814 26361 26361 I MSHandlerLifeCycle: removeMultiSplitHandler: no exist. decor=DecorView@d5bcb93[]
03-08 15:13:46.817 26361 26463 D NativeCustomFrequencyManager: [NativeCFMS] BpCustomFrequencyManager::BpCustomFrequencyManager()
03-08 15:13:46.819  1472  5031 D InputTransport: Input channel constructed: 'b018b1a', fd=605
03-08 15:13:46.819  1472  5031 D InputTransport: Input channel constructed: 'b018b1a', fd=691
03-08 15:13:46.819  1472  5031 D InputTransport: Input channel constructed: 'b018b1a', fd=715
03-08 15:13:46.819  1327  2296 I SurfaceFlinger: id=35479 createSurf, flag=80004, b018b1a com.example.cmput301w24t33/com.example.cmput301w24t33.activities.Organizer#35479
03-08 15:13:46.820  1472  5031 D InputTransport: Input channel destroyed: 'b018b1a', fd=715
03-08 15:13:46.822 26361 26361 D InsetsController: onStateChanged: InsetsState: {mDisplayFrame=Rect(0, 0 - 1080, 2400), mDisplayCutout=DisplayCutout{insets=Rect(0, 91 - 0, 0) waterfall=Insets{left=0, top=0, right=0, bottom=0} boundingRect={Bounds=[Rect(0, 0 - 0, 0), Rect(503, 0 - 577, 91), Rect(0, 0 - 0, 0), Rect(0, 0 - 0, 0)]} cutoutPathParserInfo={CutoutPathParserInfo{displayWidth=1080 displayHeight=2400 physicalDisplayWidth=1080 physicalDisplayHeight=2400 density={2.625} cutoutSpec={M 0,0 H -14.0952380952381 V 34.66666666666667 H 14.0952380952381 V 0 H 0 Z @dp} rotation={0} scale={1.0} physicalPixelDisplaySizeRatio={1.0}}}}, mRoundedCorners=RoundedCorners{[RoundedCorner{position=TopLeft, radius=84, center=Point(84, 84)}, RoundedCorner{position=TopRight, radius=84, center=Point(996, 84)}, RoundedCorner{position=BottomRight, radius=84, center=Point(996, 2316)}, RoundedCorner{position=BottomLeft, radius=84, center=Point(84, 2316)}]}  mRoundedCornerFrame=Rect(0, 0 - 1080, 2400), mPrivacyIndicatorBounds=PrivacyIndicatorBounds {static bounds=Rect(964, 0 - 1080, 91) rotation=0}, mSources= { InsetsSource: {mType=ITYPE_STATUS_BAR, mFrame=[0,0][1080,91], mVisible=true, mInsetsRoundedCornerFrame=false}, InsetsSource: {mType=ITYPE_NAVIGATION_BAR, mFrame=[0,2274][1080,2400], mVisible=true, mInsetsRoundedCornerFrame=false}, InsetsSource: {mType=ITYPE_LEFT_GESTURES, mFrame=[0,0][0,2400], mVisible=true, mInsetsRoundedCornerFrame=false}, InsetsSource: {mType=ITYPE_RIGHT_GESTURES, mFrame=[1080,0][1080,2400], mVisible=true, mInsetsRoundedCornerFrame=false}, InsetsSource: {mType=ITYPE_TOP_MANDATORY_GESTURES, mFrame=[0,0][1080,123], mVisible=true, mInsetsRoundedCornerFrame=false}, InsetsSource: {mType=ITYPE_BOTTOM_MANDATORY_GESTURES, mFrame=[0,2274][1080,2400], mVisible=true, mInsetsRoundedCornerFrame=false}, InsetsSource: {mType=ITYPE_LEFT_DISPLAY_CUTOUT, mFrame=[0,0][-100000,2400], mVisible=true, mInsetsRoundedCornerFrame=false}, InsetsSource: {mType=ITYPE_TOP_DISPLAY_CUTOUT, mFrame=[0,0][1080,91], mVisible=true, mInsetsRoundedCornerFrame=false}, InsetsSource: {mType=ITYPE_RIGHT_DISPLAY_CUTOUT, mFrame=[100000,0][1080,2400], mVisible=true, mInsetsRoundedCornerFrame=false}, InsetsSource: {mType=ITYPE_BOTTOM_DISPLAY_CUTOUT, mFrame=[0,100000][1080,2400], mVisible=true, mInsetsRoundedCornerFrame=false}, InsetsSource: {mType=ITYPE_TOP_TAPPABLE_ELEMENT, mFrame=[0,0][1080,91], mVisible=true, mInsetsRoundedCornerFrame=false}, InsetsSource: {mType=ITYPE_BOTTOM_TAPPABLE_ELEMENT, mFrame=[0,2274][1080,2400], mVisible=true, mInsetsRoundedCornerFrame=false} } host=com.example.cmput301w24t33/com.example.cmput301w24t33.activities.Organizer from=android.view.ViewRootImpl.setView:1732
03-08 15:13:46.824 26361 26361 I ViewRootImpl@35311c6[Organizer]: setView = com.android.internal.policy.DecorView@d5bcb93 TM=true
03-08 15:13:46.825 26361 26361 I MSHandlerLifeCycle: removeMultiSplitHandler: no exist. decor=DecorView@d5bcb93[Organizer]
03-08 15:13:46.842 26361 26361 I ViewRootImpl@35311c6[Organizer]: performTraversals params={(0,0)(fillxfill) sim={adjust=resize forwardNavigation} ty=BASE_APPLICATION wanim=0x1030309
03-08 15:13:46.842 26361 26361 I ViewRootImpl@35311c6[Organizer]:   fl=81810100
03-08 15:13:46.842 26361 26361 I ViewRootImpl@35311c6[Organizer]:   pfl=12020040
03-08 15:13:46.842 26361 26361 I ViewRootImpl@35311c6[Organizer]:   bhv=DEFAULT
03-08 15:13:46.842 26361 26361 I ViewRootImpl@35311c6[Organizer]:   fitSides= naviIconColor=0
03-08 15:13:46.842 26361 26361 I ViewRootImpl@35311c6[Organizer]:   sfl=100000}
03-08 15:13:46.844  3258  9968 I RecentModel: onTaskStackChangedBackground
03-08 15:13:46.845 26361 26361 I ViewRootImpl@35311c6[Organizer]: performTraversals mFirst=true windowShouldResize=true viewVisibilityChanged=false mForceNextWindowRelayout=false params={(0,0)(fillxfill) sim={adjust=resize forwardNavigation} ty=BASE_APPLICATION wanim=0x1030309
03-08 15:13:46.845 26361 26361 I ViewRootImpl@35311c6[Organizer]:   fl=81810100
03-08 15:13:46.845 26361 26361 I ViewRootImpl@35311c6[Organizer]:   pfl=12020040
03-08 15:13:46.845 26361 26361 I ViewRootImpl@35311c6[Organizer]:   bhv=DEFAULT
03-08 15:13:46.845 26361 26361 I ViewRootImpl@35311c6[Organizer]:   fitSides= naviIconColor=0
03-08 15:13:46.845 26361 26361 I ViewRootImpl@35311c6[Organizer]:   sfl=100000}
03-08 15:13:46.846  1472  5031 V WindowManager: Relayout Window{b018b1a u0 com.example.cmput301w24t33/com.example.cmput301w24t33.activities.Organizer}: viewVisibility=0 req=1080x2400 d0
03-08 15:13:46.846  1327  2296 I SurfaceFlinger: id=35480 createSurf, flag=40004, com.example.cmput301w24t33/com.example.cmput301w24t33.activities.Organizer$_26361#35480
03-08 15:13:46.849  1327  2296 I SurfaceFlinger: id=35481 createSurf, flag=24000, Surface(name=c9f16ce StatusBar)/@0xc28a9d9 - animation-leash of insets_animation#35481
03-08 15:13:46.850  1327  3508 I SurfaceFlinger: id=35482 createSurf, flag=24000, Surface(name=296f76f NavigationBar0)/@0x8bb6395 - animation-leash of insets_animation#35482
