03-08 10:10:59.838  4448  4554 I TestRunner: started: testAdminViewEvent(com.example.cmput301w24t33.AdminUITest)
03-08 10:10:59.851   793   793 D ControlsListingControllerImpl: ServiceConfig reloaded, count: 0
03-08 10:10:59.871  1835  2734 I Icing   : Removing corpus key com.google.android.deskclock-internal.3p:Alarm_cross_device for package com.google.android.deskclock
03-08 10:10:59.889  4448  4554 W Settings: Setting always_finish_activities has moved from android.provider.Settings.System to android.provider.Settings.Global, returning read-only value.
03-08 10:10:59.901   355  4563 I resolv  : GetAddrInfoHandler::run: {101 786533 101 983141 10129 0}
03-08 10:10:59.902   489   791 D BufferPoolAccessor2.0: bufferpool2 0x71b769102bf8 : 0(0 size) total buffers - 0(0 size) used buffers - 93/97 (recycle/alloc) - 4/96 (fetch/transfer)
03-08 10:10:59.902   478  4285 D BufferPoolAccessor2.0: bufferpool2 0x7e39daf4b9a8 : 0(0 size) total buffers - 0(0 size) used buffers - 93/101 (recycle/alloc) - 15/198 (fetch/transfer)
03-08 10:10:59.902   478  4285 D BufferPoolAccessor2.0: evictor expired: 1, evicted: 1
03-08 10:10:59.902   489   791 D BufferPoolAccessor2.0: evictor expired: 1, evicted: 1
03-08 10:10:59.908   355  4564 I resolv  : res_nmkquery: (QUERY, IN, AAAA)
03-08 10:10:59.909   355  4564 I resolv  : resolv_cache_lookup: FOUND IN CACHE entry=0x707670c9c390
03-08 10:10:59.909   355  4564 I resolv  : doQuery: rcode=0, ancount=1, return value=61
03-08 10:10:59.910   355  4565 I resolv  : res_nmkquery: (QUERY, IN, A)
03-08 10:10:59.910   355  4565 I resolv  : resolv_cache_lookup: FOUND IN CACHE entry=0x707670c9bf10
03-08 10:10:59.911   355  4565 I resolv  : doQuery: rcode=0, ancount=1, return value=49
03-08 10:10:59.914  2434  4562 D TrafficStats: tagSocket(145) with statsTag=0xffffffff, statsUid=-1
03-08 10:10:59.917   793   793 D ControlsListingControllerImpl: ServiceConfig reloaded, count: 0
03-08 10:10:59.930  2434  2445 I .apps.messaging: Background concurrent copying GC freed 129004(6666KB) AllocSpace objects, 36(1460KB) LOS objects, 49% free, 9238KB/18MB, paused 528us,495us total 114.948ms
03-08 10:10:59.940  3125  4545 D TrafficStats: tagSocket(223) with statsTag=0x401, statsUid=10126
03-08 10:10:59.957  1124  4304 E RoleControllerServiceImpl: Default/fallback role holder package doesn't qualify for the role, package: com.google.android.gms.supervision, role: android.app.role.SYSTEM_SUPERVISION
03-08 10:10:59.957  2434  2532 E PhFileGroupPop: Failed to add file group
03-08 10:10:59.960  2434  2532 E PhFileGroupPop: Failed to add file group
03-08 10:10:59.961  2434  2532 E PhFileGroupPop: Failed to add file group
03-08 10:10:59.962  2434  2532 E PhFileGroupPop: Failed to add file group
03-08 10:10:59.963  2434  2532 E PhFileGroupPop: Failed to add file group
03-08 10:10:59.964  2434  2532 E PhFileGroupPop: Failed to add file group
03-08 10:10:59.966  2434  2532 E PhFileGroupPop: Failed to add file group
03-08 10:10:59.966  2434  2532 E PhFileGroupPop: Failed to add file group
03-08 10:10:59.968  2434  2532 E PhFileGroupPop: Failed to add file group
03-08 10:10:59.969  2434  2532 E PhFileGroupPop: Failed to add file group
03-08 10:10:59.970  2434  2532 E PhFileGroupPop: Failed to add file group
03-08 10:10:59.971  2434  2532 E PhFileGroupPop: Failed to add file group
03-08 10:10:59.971  2434  2532 E PhFileGroupPop: Failed to add file group
03-08 10:10:59.983  1835  2734 I native  : I0000 00:00:1709917859.982485    2734 flash-index.cc:1535] Flash index sort hb 197 prefix-hits 379 -> 379 at 63.877ms
03-08 10:10:59.996  2434  2532 E PhFileGroupPop: Failed to add file group
03-08 10:11:00.015   569  2286 I RemoteProvisionSysSvc: getRegistration(android.hardware.security.keymint.IRemotelyProvisionedComponent/default)
03-08 10:11:00.033   956  1243 D DhcpClient: Received packet: 02:15:b2:00:00:00 OFFER, ip /10.0.2.16, mask /255.255.255.0, DNS servers: /10.0.2.3 , gateways [/10.0.2.2], lease time 86400, domain null
03-08 10:11:00.033  2434  2532 E ctbc    : RuntimeException while executing runnable ctdz{cnpz@54179ab} with executor MoreExecutors.directExecutor()
03-08 10:11:00.033  2434  2532 E ctbc    : java.lang.NullPointerException: Attempt to read from field 'java.lang.String cayk.b' on a null object reference in method 'void ccdw.b(java.lang.Object)'
03-08 10:11:00.033  2434  2532 E ctbc    : 	at ccdw.b(PG:2)
03-08 10:11:00.033  2434  2532 E ctbc    : 	at cnpz.b(PG:3)
03-08 10:11:00.033  2434  2532 E ctbc    : 	at ctdz.run(PG:6)
03-08 10:11:00.033  2434  2532 E ctbc    : 	at ctdd.execute(PG:1)
03-08 10:11:00.033  2434  2532 E ctbc    : 	at ctbc.o(PG:1)
03-08 10:11:00.033  2434  2532 E ctbc    : 	at ctbc.b(PG:5)
03-08 10:11:00.033  2434  2532 E ctbc    : 	at cteg.r(PG:2)
03-08 10:11:00.033  2434  2532 E ctbc    : 	at cnsl.k(PG:1)
03-08 10:11:00.033  2434  2532 E ctbc    : 	at ccdy.a(PG:15)
03-08 10:11:00.033  2434  2532 E ctbc    : 	at atyv.a(PG:2)
03-08 10:11:00.033  2434  2532 E ctbc    : 	at cbeo.o(PG:3)
03-08 10:11:00.033  2434  2532 E ctbc    : 	at cbeb.a(PG:1)
03-08 10:11:00.033  2434  2532 E ctbc    : 	at cnpq.a(PG:3)
03-08 10:11:00.033  2434  2532 E ctbc    : 	at ctbg.d(PG:2)
03-08 10:11:00.033  2434  2532 E ctbc    : 	at ctbi.run(PG:9)
03-08 10:11:00.033  2434  2532 E ctbc    : 	at ctfm.run(PG:4)
03-08 10:11:00.033  2434  2532 E ctbc    : 	at bxfd.run(PG:1)
03-08 10:11:00.033  2434  2532 E ctbc    : 	at java.util.concurrent.ThreadPoolExecutor.runWorker(ThreadPoolExecutor.java:1145)
03-08 10:11:00.033  2434  2532 E ctbc    : 	at java.util.concurrent.ThreadPoolExecutor$Worker.run(ThreadPoolExecutor.java:644)
03-08 10:11:00.033  2434  2532 E ctbc    : 	at bxef.run(PG:2)
03-08 10:11:00.033  2434  2532 E ctbc    : 	at java.lang.Thread.run(Thread.java:1012)
03-08 10:11:00.033  2434  2532 E ctbc    : 	at bxfj.run(PG:5)
03-08 10:11:00.034  2434  2532 E ctbc    : RuntimeException while executing runnable ctdz{cnpz@31ddba1} with executor MoreExecutors.directExecutor()
03-08 10:11:00.034  2434  2532 E ctbc    : java.lang.NullPointerException: Attempt to read from field 'java.lang.String cayk.b' on a null object reference in method 'void ccdw.b(java.lang.Object)'
03-08 10:11:00.034  2434  2532 E ctbc    : 	at ccdw.b(PG:2)
03-08 10:11:00.034  2434  2532 E ctbc    : 	at cnpz.b(PG:3)
03-08 10:11:00.034  2434  2532 E ctbc    : 	at ctdz.run(PG:6)
03-08 10:11:00.034  2434  2532 E ctbc    : 	at ctdd.execute(PG:1)
03-08 10:11:00.034  2434  2532 E ctbc    : 	at ctbc.o(PG:1)
03-08 10:11:00.034  2434  2532 E ctbc    : 	at ctbc.b(PG:5)
03-08 10:11:00.034  2434  2532 E ctbc    : 	at cteg.r(PG:2)
03-08 10:11:00.034  2434  2532 E ctbc    : 	at cnsl.k(PG:1)
03-08 10:11:00.034  2434  2532 E ctbc    : 	at ccdy.a(PG:15)
03-08 10:11:00.034  2434  2532 E ctbc    : 	at atyv.a(PG:2)
03-08 10:11:00.034  2434  2532 E ctbc    : 	at cbeo.o(PG:3)
03-08 10:11:00.034  2434  2532 E ctbc    : 	at cbeb.a(PG:1)
03-08 10:11:00.034  2434  2532 E ctbc    : 	at cnpq.a(PG:3)
03-08 10:11:00.034  2434  2532 E ctbc    : 	at ctbg.d(PG:2)
03-08 10:11:00.034  2434  2532 E ctbc    : 	at ctbi.run(PG:9)
03-08 10:11:00.034  2434  2532 E ctbc    : 	at ctfm.run(PG:4)
03-08 10:11:00.034  2434  2532 E ctbc    : 	at bxfd.run(PG:1)
03-08 10:11:00.034  2434  2532 E ctbc    : 	at java.util.concurrent.ThreadPoolExecutor.runWorker(ThreadPoolExecutor.java:1145)
03-08 10:11:00.034  2434  2532 E ctbc    : 	at java.util.concurrent.ThreadPoolExecutor$Worker.run(ThreadPoolExecutor.java:644)
03-08 10:11:00.034  2434  2532 E ctbc    : 	at bxef.run(PG:2)
03-08 10:11:00.034  2434  2532 E ctbc    : 	at java.lang.Thread.run(Thread.java:1012)
03-08 10:11:00.034  2434  2532 E ctbc    : 	at bxfj.run(PG:5)
03-08 10:11:00.034  2434  2532 E ctbc    : RuntimeException while executing runnable ctdz{cnpz@f1c0587} with executor MoreExecutors.directExecutor()
03-08 10:11:00.034  2434  2532 E ctbc    : java.lang.NullPointerException: Attempt to read from field 'java.lang.String cayk.b' on a null object reference in method 'void ccdw.b(java.lang.Object)'
03-08 10:11:00.034  2434  2532 E ctbc    : 	at ccdw.b(PG:2)
03-08 10:11:00.034  2434  2532 E ctbc    : 	at cnpz.b(PG:3)
03-08 10:11:00.034  2434  2532 E ctbc    : 	at ctdz.run(PG:6)
03-08 10:11:00.034  2434  2532 E ctbc    : 	at ctdd.execute(PG:1)
03-08 10:11:00.034  2434  2532 E ctbc    : 	at ctbc.o(PG:1)
03-08 10:11:00.034  2434  2532 E ctbc    : 	at ctbc.b(PG:5)
03-08 10:11:00.034  2434  2532 E ctbc    : 	at cteg.r(PG:2)
03-08 10:11:00.034  2434  2532 E ctbc    : 	at cnsl.k(PG:1)
03-08 10:11:00.034  2434  2532 E ctbc    : 	at ccdy.a(PG:15)
03-08 10:11:00.034  2434  2532 E ctbc    : 	at atyv.a(PG:2)
03-08 10:11:00.034  2434  2532 E ctbc    : 	at cbeo.o(PG:3)
03-08 10:11:00.034  2434  2532 E ctbc    : 	at cbeb.a(PG:1)
03-08 10:11:00.034  2434  2532 E ctbc    : 	at cnpq.a(PG:3)
03-08 10:11:00.034  2434  2532 E ctbc    : 	at ctbg.d(PG:2)
03-08 10:11:00.034  2434  2532 E ctbc    : 	at ctbi.run(PG:9)
03-08 10:11:00.034  2434  2532 E ctbc    : 	at ctfm.run(PG:4)
03-08 10:11:00.034  2434  2532 E ctbc    : 	at bxfd.run(PG:1)
03-08 10:11:00.034  2434  2532 E ctbc    : 	at java.util.concurrent.ThreadPoolExecutor.runWorker(ThreadPoolExecutor.java:1145)
03-08 10:11:00.034  2434  2532 E ctbc    : 	at java.util.concurrent.ThreadPoolExecutor$Worker.run(ThreadPoolExecutor.java:644)
03-08 10:11:00.034  2434  2532 E ctbc    : 	at bxef.run(PG:2)
03-08 10:11:00.034  2434  2532 E ctbc    : 	at java.lang.Thread.run(Thread.java:1012)
03-08 10:11:00.034  2434  2532 E ctbc    : 	at bxfj.run(PG:5)
03-08 10:11:00.035  2434  2532 E PhFileGroupPop: Failed to add file group
03-08 10:11:00.035  3125  3986 W .gms.persistent: Long monitor contention with owner netscheduler-queue-handler (3677) at void bytk.e()(:com.google.android.gms@231818047@23.18.18 (190800-535401451):3) waiters=0 in void bytk.b(byps) for 206ms
03-08 10:11:00.036   956  1243 D DhcpClient: Received packet: 02:15:b2:00:00:00 ACK: your new IP /10.0.2.16, netmask /255.255.255.0, gateways [/10.0.2.2] DNS servers: /10.0.2.3 , lease time 86400
03-08 10:11:00.037  2434  2532 E MDD     : FileGroupManager: Trying to add expired group webref-model-local-index.
03-08 10:11:00.051   569   655 W system_server: Long monitor contention with owner binder:569_14 (2005) at int com.android.server.job.JobSchedulerService.getUidProcState(int)(JobSchedulerService.java:2305) waiters=0 in void com.android.server.job.controllers.BackgroundJobsController$1.updateJobsForUid(int, boolean) for 287ms
03-08 10:11:00.052  1124  4304 I Role    : com.google.android.gms not qualified for android.app.role.SYSTEM_CALL_STREAMING due to missing RequiredComponent{mIntentFilterData=IntentFilterData{mAction='android.telecom.CallStreamingService', mCategories='[]', mDataScheme='null', mDataType='null'}, mMinTargetSdkVersion=1, mFlags='0', mPermission='android.permission.BIND_CALL_STREAMING_SERVICE', mQueryFlags=0, mMetaData=[]}
03-08 10:11:00.052  1124  4304 E RoleControllerServiceImpl: Default/fallback role holder package doesn't qualify for the role, package: com.google.android.gms, role: android.app.role.SYSTEM_CALL_STREAMING
03-08 10:11:00.052   569  2283 W system_server: Long monitor contention with owner binder:569_14 (2005) at int com.android.server.job.JobSchedulerService.getUidProcState(int)(JobSchedulerService.java:2305) waiters=2 in void com.android.server.job.JobServiceContext.doJobFinished(com.android.server.job.JobServiceContext$JobCallback, int, boolean) for 249ms
03-08 10:11:00.053  1124  4304 W Role    : Default holder doesn't have required signing certificate: com.google.android.apps.work.clouddpc:23962F4B43B9857638EA66F4D419518EAE282491ACDA4B94707BD59003C45E58
03-08 10:11:00.053  2434  2532 W MDD     : MDDManager class cbkc
03-08 10:11:00.055  2434  2532 E PhFileGroupPop: Failed to add file group
03-08 10:11:00.055  2434  2532 E PhFileGroupPop: cbkc
03-08 10:11:00.055  2434  2532 E PhFileGroupPop: 	at cbqx.a(PG:90)
03-08 10:11:00.055  2434  2532 E PhFileGroupPop: 	at cnpq.a(PG:3)
03-08 10:11:00.055  2434  2532 E PhFileGroupPop: 	at ctbg.d(PG:2)
03-08 10:11:00.055  2434  2532 E PhFileGroupPop: 	at ctbi.run(PG:9)
03-08 10:11:00.055  2434  2532 E PhFileGroupPop: 	at ctfm.run(PG:4)
03-08 10:11:00.055  2434  2532 E PhFileGroupPop: 	at bxfd.run(PG:1)
03-08 10:11:00.055  2434  2532 E PhFileGroupPop: 	at java.util.concurrent.ThreadPoolExecutor.runWorker(ThreadPoolExecutor.java:1145)
03-08 10:11:00.055  2434  2532 E PhFileGroupPop: 	at java.util.concurrent.ThreadPoolExecutor$Worker.run(ThreadPoolExecutor.java:644)
03-08 10:11:00.055  2434  2532 E PhFileGroupPop: 	at bxef.run(PG:2)
03-08 10:11:00.055  2434  2532 E PhFileGroupPop: 	at java.lang.Thread.run(Thread.java:1012)
03-08 10:11:00.055  2434  2532 E PhFileGroupPop: 	at bxfj.run(PG:5)
03-08 10:11:00.062  2434  2532 D PhFileGroupPop: Added file groups smart_actions_grammars
03-08 10:11:00.066  2434  2532 D PhFileGroupPop: Added file groups smart_actions_ml_models
03-08 10:11:00.070  2434  2532 D PhFileGroupPop: Added file groups text_classifier
03-08 10:11:00.100  2434  2532 D PhFileGroupPop: Added file groups smart_actions_emotive_models
03-08 10:11:00.198  3125  3125 D BoundBrokerSvc: onUnbind: Intent { act=com.google.android.gms.auth.account.data.service.START pkg=com.google.android.gms }
03-08 10:11:00.212  3125  3961 I Fitness : OnPackageChangedOperation got intent: Intent { act=android.intent.action.PACKAGE_CHANGED dat=package: flg=0x45000010 pkg=com.google.android.gms cmp=com.google.android.gms/.chimera.PersistentIntentOperationService (has extras) } [CONTEXT service_id=17 ]
03-08 10:11:00.215  2434  2532 D PhFileGroupPop: Added file groups smarts_expressive_content_scoped_v1
03-08 10:11:00.222  2434  2532 D PhFileGroupPop: Added file groups smart_actions_sensitive_classifier_models
03-08 10:11:00.229  2434  2532 D PhFileGroupPop: Added file groups scripted_reply
03-08 10:11:00.236  2434  2532 D PhFileGroupPop: Added file groups multitask_experiment
03-08 10:11:00.237  2434  2532 D PhFileGroupPop: Added file groups spam_verdict_enforcement_policy_config
03-08 10:11:00.239  2434  2532 D PhFileGroupPop: Added file groups smart_suggestion_reranker_models
03-08 10:11:00.242  2434  2532 D PhFileGroupPop: Added file groups supersort_us_grammars
03-08 10:11:00.256  2434  2532 D PhFileGroupPop: Added file groups nudge
03-08 10:11:00.261   569   569 I RegistrationProxy: onServiceConnected: com.android.rkpdapp.service.RemoteProvisioningService
03-08 10:11:00.264  2434  2532 D PhFileGroupPop: Added file groups calendar_appointment_grammar
03-08 10:11:00.265  2434  2532 D PhFileGroupPop: Added file groups birthday_suggestion
03-08 10:11:00.266  2664  3289 D CompatibilityChangeReporter: Compat change id reported: 263076149; UID 10151; state: DISABLED
03-08 10:11:00.266  2434  2532 D PhFileGroupPop: Added file groups birthday_grammars
03-08 10:11:00.285  2434  2532 D PhFileGroupPop: Added file groups animated_emoji
03-08 10:11:00.286   569  2282 I RegistrationProxy: IGetRegistrationCallback.onSuccess
03-08 10:11:00.301  2434  2532 E PhFileGroupPop: Failed to add file group
03-08 10:11:00.303  2434  2532 E PhFileGroupPop: Failed to add file group
03-08 10:11:00.303  2434  2532 E PhFileGroupPop: Failed to add file group
03-08 10:11:00.305  2434  4571 D TrafficStats: tagSocket(149) with statsTag=0xffffffff, statsUid=-1
03-08 10:11:00.306  2434  2532 E PhFileGroupPop: Failed to add file group
03-08 10:11:00.307  2434  2532 E PhFileGroupPop: Failed to add file group
03-08 10:11:00.307  2434  2532 E PhFileGroupPop: Failed to add file group
03-08 10:11:00.309  2434  2532 E PhFileGroupPop: Failed to add file group
03-08 10:11:00.309  2434  2532 E PhFileGroupPop: Failed to add file group
03-08 10:11:00.309  2434  2532 E PhFileGroupPop: Failed to add file group
03-08 10:11:00.310  2434  2532 E PhFileGroupPop: Failed to add file group
03-08 10:11:00.310  2434  2532 E PhFileGroupPop: Failed to add file group
03-08 10:11:00.310  2434  2532 E PhFileGroupPop: Failed to add file group
03-08 10:11:00.311  2434  2532 E PhFileGroupPop: Failed to add file group
03-08 10:11:00.311  2434  2532 E PhFileGroupPop: Failed to add file group
03-08 10:11:00.313  2434  2532 E ctbc    : RuntimeException while executing runnable ctdz{cnpz@689150} with executor MoreExecutors.directExecutor()
03-08 10:11:00.313  2434  2532 E ctbc    : java.lang.NullPointerException: Attempt to read from field 'java.lang.String cayk.b' on a null object reference in method 'void ccdw.b(java.lang.Object)'
03-08 10:11:00.313  2434  2532 E ctbc    : 	at ccdw.b(PG:2)
03-08 10:11:00.313  2434  2532 E ctbc    : 	at cnpz.b(PG:3)
03-08 10:11:00.313  2434  2532 E ctbc    : 	at ctdz.run(PG:6)
03-08 10:11:00.313  2434  2532 E ctbc    : 	at ctdd.execute(PG:1)
03-08 10:11:00.313  2434  2532 E ctbc    : 	at ctbc.o(PG:1)
03-08 10:11:00.313  2434  2532 E ctbc    : 	at ctbc.b(PG:5)
03-08 10:11:00.313  2434  2532 E ctbc    : 	at cteg.r(PG:2)
03-08 10:11:00.313  2434  2532 E ctbc    : 	at cnsl.k(PG:1)
03-08 10:11:00.313  2434  2532 E ctbc    : 	at ccdy.a(PG:15)
03-08 10:11:00.313  2434  2532 E ctbc    : 	at atyv.a(PG:2)
03-08 10:11:00.313  2434  2532 E ctbc    : 	at cbeo.o(PG:3)
03-08 10:11:00.313  2434  2532 E ctbc    : 	at cbeb.a(PG:1)
03-08 10:11:00.313  2434  2532 E ctbc    : 	at cnpq.a(PG:3)
03-08 10:11:00.313  2434  2532 E ctbc    : 	at ctbg.d(PG:2)
03-08 10:11:00.313  2434  2532 E ctbc    : 	at ctbi.run(PG:9)
03-08 10:11:00.313  2434  2532 E ctbc    : 	at ctfm.run(PG:4)
03-08 10:11:00.313  2434  2532 E ctbc    : 	at bxfd.run(PG:1)
03-08 10:11:00.313  2434  2532 E ctbc    : 	at java.util.concurrent.ThreadPoolExecutor.runWorker(ThreadPoolExecutor.java:1145)
03-08 10:11:00.313  2434  2532 E ctbc    : 	at java.util.concurrent.ThreadPoolExecutor$Worker.run(ThreadPoolExecutor.java:644)
03-08 10:11:00.313  2434  2532 E ctbc    : 	at bxef.run(PG:2)
03-08 10:11:00.313  2434  2532 E ctbc    : 	at java.lang.Thread.run(Thread.java:1012)
03-08 10:11:00.313  2434  2532 E ctbc    : 	at bxfj.run(PG:5)
03-08 10:11:00.313  2434  2532 E ctbc    : RuntimeException while executing runnable ctdz{cnpz@ac9d04e} with executor MoreExecutors.directExecutor()
03-08 10:11:00.313  2434  2532 E ctbc    : java.lang.NullPointerException: Attempt to read from field 'java.lang.String cayk.b' on a null object reference in method 'void ccdw.b(java.lang.Object)'
03-08 10:11:00.313  2434  2532 E ctbc    : 	at ccdw.b(PG:2)
03-08 10:11:00.313  2434  2532 E ctbc    : 	at cnpz.b(PG:3)
03-08 10:11:00.313  2434  2532 E ctbc    : 	at ctdz.run(PG:6)
03-08 10:11:00.313  2434  2532 E ctbc    : 	at ctdd.execute(PG:1)
03-08 10:11:00.313  2434  2532 E ctbc    : 	at ctbc.o(PG:1)
03-08 10:11:00.313  2434  2532 E ctbc    : 	at ctbc.b(PG:5)
03-08 10:11:00.313  2434  2532 E ctbc    : 	at cteg.r(PG:2)
03-08 10:11:00.313  2434  2532 E ctbc    : 	at cnsl.k(PG:1)
03-08 10:11:00.313  2434  2532 E ctbc    : 	at ccdy.a(PG:15)
03-08 10:11:00.313  2434  2532 E ctbc    : 	at atyv.a(PG:2)
03-08 10:11:00.313  2434  2532 E ctbc    : 	at cbeo.o(PG:3)
03-08 10:11:00.313  2434  2532 E ctbc    : 	at cbeb.a(PG:1)
03-08 10:11:00.313  2434  2532 E ctbc    : 	at cnpq.a(PG:3)
03-08 10:11:00.313  2434  2532 E ctbc    : 	at ctbg.d(PG:2)
03-08 10:11:00.313  2434  2532 E ctbc    : 	at ctbi.run(PG:9)
03-08 10:11:00.313  2434  2532 E ctbc    : 	at ctfm.run(PG:4)
03-08 10:11:00.313  2434  2532 E ctbc    : 	at bxfd.run(PG:1)
03-08 10:11:00.313  2434  2532 E ctbc    : 	at java.util.concurrent.ThreadPoolExecutor.runWorker(ThreadPoolExecutor.java:1145)
03-08 10:11:00.313  2434  2532 E ctbc    : 	at java.util.concurrent.ThreadPoolExecutor$Worker.run(ThreadPoolExecutor.java:644)
03-08 10:11:00.313  2434  2532 E ctbc    : 	at bxef.run(PG:2)
03-08 10:11:00.313  2434  2532 E ctbc    : 	at java.lang.Thread.run(Thread.java:1012)
03-08 10:11:00.313  2434  2532 E ctbc    : 	at bxfj.run(PG:5)
03-08 10:11:00.313  2434  2532 E ctbc    : RuntimeException while executing runnable ctdz{cnpz@54d727c} with executor MoreExecutors.directExecutor()
03-08 10:11:00.313  2434  2532 E ctbc    : java.lang.NullPointerException: Attempt to read from field 'java.lang.String cayk.b' on a null object reference in method 'void ccdw.b(java.lang.Object)'
03-08 10:11:00.313  2434  2532 E ctbc    : 	at ccdw.b(PG:2)
03-08 10:11:00.313  2434  2532 E ctbc    : 	at cnpz.b(PG:3)
03-08 10:11:00.313  2434  2532 E ctbc    : 	at ctdz.run(PG:6)
03-08 10:11:00.313  2434  2532 E ctbc    : 	at ctdd.execute(PG:1)
03-08 10:11:00.313  2434  2532 E ctbc    : 	at ctbc.o(PG:1)
03-08 10:11:00.313  2434  2532 E ctbc    : 	at ctbc.b(PG:5)
03-08 10:11:00.313  2434  2532 E ctbc    : 	at cteg.r(PG:2)
03-08 10:11:00.313  2434  2532 E ctbc    : 	at cnsl.k(PG:1)
03-08 10:11:00.313  2434  2532 E ctbc    : 	at ccdy.a(PG:15)
03-08 10:11:00.313  2434  2532 E ctbc    : 	at atyv.a(PG:2)
03-08 10:11:00.313  2434  2532 E ctbc    : 	at cbeo.o(PG:3)
03-08 10:11:00.313  2434  2532 E ctbc    : 	at cbeb.a(PG:1)
03-08 10:11:00.313  2434  2532 E ctbc    : 	at cnpq.a(PG:3)
03-08 10:11:00.313  2434  2532 E ctbc    : 	at ctbg.d(PG:2)
03-08 10:11:00.313  2434  2532 E ctbc    : 	at ctbi.run(PG:9)
03-08 10:11:00.313  2434  2532 E ctbc    : 	at ctfm.run(PG:4)
03-08 10:11:00.313  2434  2532 E ctbc    : 	at bxfd.run(PG:1)
03-08 10:11:00.313  2434  2532 E ctbc    : 	at java.util.concurrent.ThreadPoolExecutor.runWorker(ThreadPoolExecutor.java:1145)
03-08 10:11:00.313  2434  2532 E ctbc    : 	at java.util.concurrent.ThreadPoolExecutor$Worker.run(ThreadPoolExecutor.java:644)
03-08 10:11:00.313  2434  2532 E ctbc    : 	at bxef.run(PG:2)
03-08 10:11:00.313  2434  2532 E ctbc    : 	at java.lang.Thread.run(Thread.java:1012)
03-08 10:11:00.313  2434  2532 E ctbc    : 	at bxfj.run(PG:5)
03-08 10:11:00.318  2664  3332 I LPAutoUpdateSynclet: #sync
03-08 10:11:00.339  2664  3289 I VoiceLanguageHelper: #initializeLanguages
03-08 10:11:00.346  2664  3333 I LPDownloadSettingsState: Defaulting LP download condition to WIFI_ONLY as user has not edited settings.
03-08 10:11:00.348  2664  3333 I DefaultLPManager: #getAvailablePackages
03-08 10:11:00.349  2664  3333 I evk     : #getDownloadableLanguagePacks
03-08 10:11:00.361  2664  3333 W SystemLPSourceImpl: #getAvailablePackages: Note there is not reason to call this method, as getInstalledPackages() returns the same LanguagePacks for this impl.
03-08 10:11:00.371  2664  3333 I DefaultLPManager: #getInstalledPackages
03-08 10:11:00.376  2664  3333 I evk     : #getInstalledPackages
03-08 10:11:00.377  2664  3333 I DefaultLPManager: #getInstalledPackages
03-08 10:11:00.378  2664  3333 I evk     : #getInstalledPackages
03-08 10:11:00.379  2664  3333 I DefaultLPManager: #getRequestedPackages
03-08 10:11:00.388  2664  3333 I ZipLPPopulator: #addNewFileGroups
03-08 10:11:00.391  2664  3333 I evk     : #getDownloadableLanguagePacks
03-08 10:11:00.395  2664  3332 I LPRequestState: [ZipfileRequests] #resolveDesiredLanguagePacks
03-08 10:11:00.396  2664  3333 W SystemLPSourceImpl: #getRequestedPackages: There is not reason to call this method, as the result is always empty.
03-08 10:11:00.396  2664  3333 I DefaultLPManager: #getAvailablePackages
03-08 10:11:00.397  2664  3333 I evk     : #getDownloadableLanguagePacks
03-08 10:11:00.401  2664  3333 W SystemLPSourceImpl: #getAvailablePackages: Note there is not reason to call this method, as getInstalledPackages() returns the same LanguagePacks for this impl.
03-08 10:11:00.411  2664  3332 I LPRequestState: [ManagerRequests] #resolveDesiredLanguagePacks
03-08 10:11:00.313  2434  2532 E PhFileGroupPop: Failed to add file group
03-08 10:11:00.419  2434  2532 E MDD     : FileGroupManager: Trying to add expired group webref-model-local-index.
03-08 10:11:00.419  2434  2532 W MDD     : MDDManager class cbkc
03-08 10:11:00.419  2434  2532 E PhFileGroupPop: Failed to add file group
03-08 10:11:00.419  2434  2532 E PhFileGroupPop: cbkc
03-08 10:11:00.419  2434  2532 E PhFileGroupPop: 	at cbqx.a(PG:90)
03-08 10:11:00.419  2434  2532 E PhFileGroupPop: 	at cnpq.a(PG:3)
03-08 10:11:00.419  2434  2532 E PhFileGroupPop: 	at ctbg.d(PG:2)
03-08 10:11:00.419  2434  2532 E PhFileGroupPop: 	at ctbi.run(PG:9)
03-08 10:11:00.419  2434  2532 E PhFileGroupPop: 	at ctfm.run(PG:4)
03-08 10:11:00.419  2434  2532 E PhFileGroupPop: 	at bxfd.run(PG:1)
03-08 10:11:00.419  2434  2532 E PhFileGroupPop: 	at java.util.concurrent.ThreadPoolExecutor.runWorker(ThreadPoolExecutor.java:1145)
03-08 10:11:00.419  2434  2532 E PhFileGroupPop: 	at java.util.concurrent.ThreadPoolExecutor$Worker.run(ThreadPoolExecutor.java:644)
03-08 10:11:00.419  2434  2532 E PhFileGroupPop: 	at bxef.run(PG:2)
03-08 10:11:00.419  2434  2532 E PhFileGroupPop: 	at java.lang.Thread.run(Thread.java:1012)
03-08 10:11:00.419  2434  2532 E PhFileGroupPop: 	at bxfj.run(PG:5)
03-08 10:11:00.450  2664  3332 I LPDownloadSettingsState: Defaulting LP download condition to WIFI_ONLY as user has not edited settings.
03-08 10:11:00.455  2434  2532 D PhFileGroupPop: Added file groups smart_actions_grammars
03-08 10:11:00.457  2434  2532 D PhFileGroupPop: Added file groups smart_actions_ml_models
03-08 10:11:00.482   793   888 D EGL_emulation: app_time_stats: avg=5228.33ms min=5228.33ms max=5228.33ms count=1
03-08 10:11:00.498   569   625 W system_server: Long monitor contention with owner binder:569_6 (926) at void com.android.server.power.PowerManagerService.acquireWakeLockInternal(android.os.IBinder, int, int, java.lang.String, java.lang.String, android.os.WorkSource, java.lang.String, int, int, android.os.IWakeLockCallback)(PowerManagerService.java:1633) waiters=1 in void com.android.server.power.PowerManagerService.handleSandman(int) for 151ms
03-08 10:11:00.507  2434  2532 D PhFileGroupPop: Added file groups text_classifier
03-08 10:11:00.518  2664  3146 I WM-WorkerWrapper: Worker result SUCCESS for Work [ id=249d8ce5-73bd-4c55-97b6-e47b6f90df4e, tags={ com.google.apps.tiktok.contrib.work.TikTokListenableWorker, TikTokWorker#com.google.apps.tiktok.sync.impl.workmanager.SyncWorker } ]
03-08 10:11:00.522  2434  2532 D PhFileGroupPop: Added file groups smart_actions_emotive_models
03-08 10:11:00.545  2434  2532 D PhFileGroupPop: Added file groups smarts_expressive_content_scoped_v1
03-08 10:11:00.554  2434  2532 D PhFileGroupPop: Added file groups smart_actions_sensitive_classifier_models
03-08 10:11:00.561  2434  2532 D PhFileGroupPop: Added file groups scripted_reply
03-08 10:11:00.563  2434  2532 D PhFileGroupPop: Added file groups multitask_experiment
03-08 10:11:00.574  2434  2532 D PhFileGroupPop: Added file groups spam_verdict_enforcement_policy_config
03-08 10:11:00.579  2434  2532 D PhFileGroupPop: Added file groups smart_suggestion_reranker_models
03-08 10:11:00.581  2434  2532 D PhFileGroupPop: Added file groups supersort_us_grammars
03-08 10:11:00.582  2434  2532 D PhFileGroupPop: Added file groups nudge
03-08 10:11:00.582  1711  1875 I AiAiEcho: Predicting[0]:
03-08 10:11:00.583  1711  1875 I AiAiEcho: EchoTargets:
03-08 10:11:00.583  1711  1875 I AiAiEcho: Filtered by AiAi flag check:
03-08 10:11:00.583  2434  2532 D PhFileGroupPop: Added file groups calendar_appointment_grammar
03-08 10:11:00.589  1711  1875 I AiAiEcho: Ranked targets strategy: SORT, count: 0, ranking metadata:
03-08 10:11:00.592  2434  2532 D PhFileGroupPop: Added file groups birthday_suggestion
03-08 10:11:00.598  1711  1875 I AiAiEcho: #postPredictionTargets: Sending updates to UISurface lockscreen with targets# 0 (types=[])
03-08 10:11:00.602   793   793 W PageIndicator: Total number of pages invalid: 0. Assuming 1 page.
03-08 10:11:00.604  2434  2532 D PhFileGroupPop: Added file groups birthday_grammars
03-08 10:11:00.621   569  1965 W system_server: Long monitor contention with owner binder:569_E (1895) at int com.android.server.wm.ActivityStarter.execute()(ActivityStarter.java:786) waiters=0 in int com.android.server.wm.ActivityTaskManagerService$LocalService.getTaskToShowPermissionDialogOn(java.lang.String, int) for 431ms
03-08 10:11:00.621   569   597 W system_server: Long monitor contention with owner binder:569_E (1895) at int com.android.server.wm.ActivityStarter.execute()(ActivityStarter.java:786) waiters=1 in void com.android.server.wm.RootWindowContainer$RankTaskLayersRunnable.run() for 253ms
03-08 10:11:00.621  2434  2532 D PhFileGroupPop: Added file groups animated_emoji
03-08 10:11:00.626  2434  4575 D TrafficStats: tagSocket(152) with statsTag=0xffffffff, statsUid=-1
03-08 10:11:00.633  2434  2532 I WM-WorkerWrapper: Worker result SUCCESS for Work [ id=016a1355-34f3-4a83-9a74-9be3f475b49b, tags={ com.google.android.libraries.mdi.download.workmanager.workers.PeriodicWorker, MDD.CELLULAR.CHARGING.PERIODIC.TASK } ]
03-08 10:11:00.654   413   413 I BpBinder: onLastStrongRef automatically unlinking death recipients:
03-08 10:11:00.667   793   846 D SplashScreenView: Build android.window.SplashScreenView{9ce0a95 V.E...... ......ID 0,0-0,0}
03-08 10:11:00.667   793   846 D SplashScreenView: Icon: view: null drawable: null size: 0
03-08 10:11:00.667   793   846 D SplashScreenView: Branding: view: android.view.View{83217aa G.ED..... ......I. 0,0-0,0 #10204ef android:id/splashscreen_branding_view} drawable: null size w: 0 h: 0
03-08 10:11:00.675  1835  3588 I Icing   : IndexChimeraService.getServiceInterface callingPackage=com.google.android.gms componentName=AppsCorpus serviceId=36
03-08 10:11:00.700  3125  4192 I Fitness : FitCleanupIntentOperation received Intent android.intent.action.PACKAGE_CHANGED [CONTEXT service_id=17 ]
03-08 10:11:00.712  3125  3986 I NetworkScheduler.Stats: Task com.google.android.gms/com.google.android.gms.auth.account.be.accountstate.GcmTaskService started execution. cause:5 exec_start_elapsed_seconds: 125 [CONTEXT service_id=218 ]
03-08 10:11:00.716  3125  3986 I NetworkScheduler.Stats: Task com.google.android.gms/com.google.android.gms.auth.account.be.accountstate.GcmTaskService started execution. cause:5 exec_start_elapsed_seconds: 126 [CONTEXT service_id=218 ]
03-08 10:11:00.732  3125  3986 I NetworkScheduler.Stats: Task com.google.android.gms/com.google.android.gms.auth.account.be.accountstate.GcmTaskService finished executing. cause:5 result: 1 elapsed_millis: 1926 uptime_millis: 1926 exec_start_elapsed_seconds: 126 [CONTEXT service_id=218 ]
03-08 10:11:00.740  1835  3992 I NamespaceManager: Package com.android.refreshratecontrol name not found! Using module version.
03-08 10:11:00.742  1835  3992 I NamespaceManager: Package com.google.oslo name not found! Using module version.
03-08 10:11:00.745  1835  3992 I NamespaceManager: Package com.android.media name not found! Using module version.
03-08 10:11:00.746  1835  3992 I NamespaceManager: Package com.android.media.swcodec name not found! Using module version.
03-08 10:11:00.748  1835  3992 I NamespaceManager: Package com.android.neuralnetworks name not found! Using module version.
03-08 10:11:00.753  1835  4337 W gle.android.gms: Long monitor contention with owner [com.google.android.gms.chimera.container.intentoperation.GmsIntentOperationChimeraService-Executor] idle (2744) at android.content.IContentProvider android.app.ActivityThread.acquireProvider(android.content.Context, java.lang.String, int, boolean)(ActivityThread.java:7330) waiters=1 in android.content.IContentProvider android.app.ActivityThread.acquireProvider(android.content.Context, java.lang.String, int, boolean) for 468ms
03-08 10:11:00.753  1835  3992 I NamespaceManager: Package com.android.media name not found! Using module version.
03-08 10:11:00.755   793   888 E OpenGLRenderer: Unable to match the desired swap behavior.
03-08 10:11:00.795  3125  3961 I Fitness : OnPackageChangedOperation got intent: Intent { act=android.intent.action.PACKAGE_CHANGED dat=package: flg=0x45000010 pkg=com.google.android.gms cmp=com.google.android.gms/.chimera.PersistentIntentOperationService (has extras) } [CONTEXT service_id=17 ]
03-08 10:11:00.819  1835  3992 I NamespaceManager: Package 1 name not found! Using module version.
03-08 10:11:00.831  3125  3375 W GLSUser : [AppCertManager] Exception while requesting key:
03-08 10:11:00.831  3125  3375 W GLSUser : java.util.concurrent.ExecutionException: avvw: Parse Proto Exception.
03-08 10:11:00.831  3125  3375 W GLSUser : 	at dlnv.s(:com.google.android.gms@231818047@23.18.18 (190800-535401451):3)
03-08 10:11:00.831  3125  3375 W GLSUser : 	at dlnv.get(:com.google.android.gms@231818047@23.18.18 (190800-535401451):7)
03-08 10:11:00.831  3125  3375 W GLSUser : 	at oub.b(:com.google.android.gms@231818047@23.18.18 (190800-535401451):78)
03-08 10:11:00.831  3125  3375 W GLSUser : 	at otz.a(:com.google.android.gms@231818047@23.18.18 (190800-535401451):8)
03-08 10:11:00.831  3125  3375 W GLSUser : 	at otv.a(:com.google.android.gms@231818047@23.18.18 (190800-535401451):0)
03-08 10:11:00.831  3125  3375 W GLSUser : 	at otx.a(:com.google.android.gms@231818047@23.18.18 (190800-535401451):6)
03-08 10:11:00.831  3125  3375 W GLSUser : 	at otx.b(:com.google.android.gms@231818047@23.18.18 (190800-535401451):0)
03-08 10:11:00.831  3125  3375 W GLSUser : 	at abxk.r(:com.google.android.gms@231818047@23.18.18 (190800-535401451):1)
03-08 10:11:00.831  3125  3375 W GLSUser : 	at abxw.e(:com.google.android.gms@231818047@23.18.18 (190800-535401451):4)
03-08 10:11:00.831  3125  3375 W GLSUser : 	at abxw.g(:com.google.android.gms@231818047@23.18.18 (190800-535401451):0)
03-08 10:11:00.831  3125  3375 W GLSUser : 	at cyeg.a(:com.google.android.gms@231818047@23.18.18 (190800-535401451):27)
03-08 10:11:00.831  3125  3375 W GLSUser : 	at czpd.call(:com.google.android.gms@231818047@23.18.18 (190800-535401451):78)
03-08 10:11:00.831  3125  3375 W GLSUser : 	at java.util.concurrent.FutureTask.run(FutureTask.java:264)
03-08 10:11:00.831  3125  3375 W GLSUser : 	at aced.c(:com.google.android.gms@231818047@23.18.18 (190800-535401451):6)
03-08 10:11:00.831  3125  3375 W GLSUser : 	at aced.run(:com.google.android.gms@231818047@23.18.18 (190800-535401451):7)
03-08 10:11:00.831  3125  3375 W GLSUser : 	at java.util.concurrent.ThreadPoolExecutor.runWorker(ThreadPoolExecutor.java:1145)
03-08 10:11:00.831  3125  3375 W GLSUser : 	at java.util.concurrent.ThreadPoolExecutor$Worker.run(ThreadPoolExecutor.java:644)
03-08 10:11:00.831  3125  3375 W GLSUser : 	at acjn.run(:com.google.android.gms@231818047@23.18.18 (190800-535401451):0)
03-08 10:11:00.831  3125  3375 W GLSUser : 	at java.lang.Thread.run(Thread.java:1012)
03-08 10:11:00.831  3125  3375 W GLSUser : Caused by: avvw: Parse Proto Exception.
03-08 10:11:00.831  3125  3375 W GLSUser : 	at avwn.f(:com.google.android.gms@231818047@23.18.18 (190800-535401451):5)
03-08 10:11:00.831  3125  3375 W GLSUser : 	at avxk.onSucceeded(:com.google.android.gms@231818047@23.18.18 (190800-535401451):0)
03-08 10:11:00.831  3125  3375 W GLSUser : 	at jf.onSucceeded(:com.google.android.gms.dynamite_cronetdynamite@231818047@23.18.18 (190800-0):0)
03-08 10:11:00.831  3125  3375 W GLSUser : 	at ie.run(:com.google.android.gms.dynamite_cronetdynamite@231818047@23.18.18 (190800-0):4)
03-08 10:11:00.831  3125  3375 W GLSUser : 	... 6 more
03-08 10:11:00.831  3125  3375 W GLSUser : Caused by: dzfz: Protocol message contained an invalid tag (zero).
03-08 10:11:00.831  3125  3375 W GLSUser : 	at dzdb.k(:com.google.android.gms@231818047@23.18.18 (190800-535401451):13)
03-08 10:11:00.831  3125  3375 W GLSUser : 	at dzha.c(:com.google.android.gms@231818047@23.18.18 (190800-535401451):47)
03-08 10:11:00.831  3125  3375 W GLSUser : 	at dzha.h(:com.google.android.gms@231818047@23.18.18 (190800-535401451):45)
03-08 10:11:00.831  3125  3375 W GLSUser : 	at dzfd.A(:com.google.android.gms@231818047@23.18.18 (190800-535401451):2)
03-08 10:11:00.831  3125  3375 W GLSUser : 	at dzex.f(:com.google.android.gms@231818047@23.18.18 (190800-535401451):0)
03-08 10:11:00.831  3125  3375 W GLSUser : 	at dzcx.d(:com.google.android.gms@231818047@23.18.18 (190800-535401451):0)
03-08 10:11:00.831  3125  3375 W GLSUser : 	at dzcx.c(:com.google.android.gms@231818047@23.18.18 (190800-535401451):0)
03-08 10:11:00.831  3125  3375 W GLSUser : 	at dzcx.n(:com.google.android.gms@231818047@23.18.18 (190800-535401451):0)
03-08 10:11:00.831  3125  3375 W GLSUser : 	at avwn.h(:com.google.android.gms@231818047@23.18.18 (190800-535401451):7)
03-08 10:11:00.831  3125  3375 W GLSUser : 	at avwn.f(:com.google.android.gms@231818047@23.18.18 (190800-535401451):1)
03-08 10:11:00.831  3125  3375 W GLSUser : 	... 9 more
03-08 10:11:00.841  3125  3375 W GLSUser : [DeviceKeyStore] Cannot load key: Device key file not found.
03-08 10:11:00.858  4448  4580 D libEGL  : loaded /vendor/lib64/egl/libEGL_emulation.so
03-08 10:11:00.862  4448  4580 D libEGL  : loaded /vendor/lib64/egl/libGLESv1_CM_emulation.so
03-08 10:11:00.867  1130  1918 D EGL_emulation: app_time_stats: avg=2162.52ms min=461.28ms max=3863.76ms count=2
03-08 10:11:00.872  4448  4580 D libEGL  : loaded /vendor/lib64/egl/libGLESv2_emulation.so
03-08 10:11:00.929  2664  2855 W evl     : The metadata proto for [en-US, 3008] is depending on the legacy SupportedDomainIds list. Please migrate to the DomainToRecognizer map.
03-08 10:11:00.930  3125  3986 I NetworkScheduler.Stats: Task com.google.android.gms/com.google.android.gms.auth.account.be.accountstate.GcmTaskService finished executing. cause:5 result: 1 elapsed_millis: 3028 uptime_millis: 3028 exec_start_elapsed_seconds: 125 [CONTEXT service_id=218 ]
03-08 10:11:00.932  2664  3289 W evl     : The metadata proto for [en-US, 3008] is depending on the legacy SupportedDomainIds list. Please migrate to the DomainToRecognizer map.
03-08 10:11:00.936  2664  3332 I LanguagePackMaintenance: Background downloading 0 packs, for an ideal set of 1 total packs
03-08 10:11:00.936  2664  3332 I LanguagePackMaintenance: Background downloading packs []
03-08 10:11:00.937  2664  3332 I LanguagePackMaintenance: Ideal set: [en-US_v3008]
03-08 10:11:00.939  2664  3333 I LPRequestState: [ManagerRequests] #resolveUnusedLanguagePacks
03-08 10:11:00.939  2664  3333 I LPRequestState: [ManagerRequests] #resolveDesiredLanguagePacks
03-08 10:11:00.954  4448  4448 D AppCompatDelegate: Checking for metadata for AppLocalesMetadataHolderService : Service not found
03-08 10:11:00.983  1835  3992 I NamespaceManager: Package rkpd name not found! Using module version.
03-08 10:11:00.993  4448  4448 D LifecycleMonitor: Lifecycle status change: com.example.cmput301w24t33.activities.Admin@46272f7 in: PRE_ON_CREATE
03-08 10:11:00.995  4448  4448 V ActivityScenario: Activity lifecycle changed event received but ignored because the reported transition was not ON_CREATE while the last known transition was PRE_ON_CREATE
03-08 10:11:01.030  1835  2734 I Icing   : Removing corpus key com.google.android.deskclock-internal.3p:Stopwatch_cross_device for package com.google.android.deskclock
03-08 10:11:01.040  1835  3992 I NamespaceManager: Package android.companion name not found! Using module version.
03-08 10:11:01.064   569  1216 I RemoteProvisionSysSvc: Fetching key 10126 for client 245644623
03-08 10:11:01.065   569  1216 I RegistrationProxy: getKeyAsync operation started with callback 11951324
03-08 10:11:01.065  3967  4014 I RkpdRegistrationBinder: Key requested for : android.hardware.security.keymint.IRemotelyProvisionedComponent/default, clientUid: 1017, keyId: 10126, callback: 216416409
03-08 10:11:01.081  3967  4014 I RkpdRegistrationBinder: No key assigned, looking for an available key with expiry of 2024-03-11T17:11:01.079651Z
03-08 10:11:01.083  3967  4014 I RkpdRegistrationBinder: No key assigned, looking for an available key with expiry of 2024-03-08T18:11:01.069698Z
03-08 10:11:01.085   569   582 I system_server: Background young concurrent copying GC freed 629021(23MB) AllocSpace objects, 37(716KB) LOS objects, 43% free, 28MB/50MB, paused 7.222ms,11.235ms total 756.140ms
03-08 10:11:01.086  3967  4014 I RkpdRegistrationBinder: No keys are available, kicking off provisioning
03-08 10:11:01.087  3967  4014 V RkpdServerInterface: Requesting data from server. Attempt 1
03-08 10:11:01.096   569  1216 I RegistrationProxy: Provisioning required before keys are available for android.security.rkp.service.RegistrationProxy$2@b65cdc
03-08 10:11:01.109  1835  2297 I GmscoreIpa: Using regular flags by method 2 [CONTEXT service_id=255 ]
03-08 10:11:01.139  2664  3333 I ZipLPPopulator: Updated file group for group 'langpack-domain_en-US_3008_zipfile' from location: https://dl.google.com/android/voice/soda/en-US/v3008/soda-en-US-v3008.zip
03-08 10:11:01.139  2664  3333 I evk     : #getPendingPackages
03-08 10:11:01.145  2664  3333 I LPRequestState: [ManagerRequests] #resolveUnusedLanguagePacks
03-08 10:11:01.146  2664  3333 I LPRequestState: [ManagerRequests] #resolveDesiredLanguagePacks
03-08 10:11:01.148  2664  3332 I DefaultLPManager: #calculateRolledBackPacks
03-08 10:11:01.150  2664  3332 I LanguagePackMaintenance: Background deleting 0 stale packs:
03-08 10:11:01.151  2664  3332 I LanguagePackMaintenance: Background LanguagePack updates finished successfully
03-08 10:11:01.172  3967  4014 V RkpdServerInterface: Network request completed successfully.
03-08 10:11:01.175  3967  4014 I RkpdKeyPoolStats: PoolStats{keysInUse=0, idealTotalSignedKeys=12, keysToGenerate=12, keysUnassigned=0}
03-08 10:11:01.175  3967  4014 I RkpdProvisioner: Requested number of keys for provisioning: 12
03-08 10:11:01.194  3967  4014 W RkpdSystemInterface: HAL returned a batch size that's too small (20), defaulting to 20
03-08 10:11:01.202  1835  1835 W gle.android.gms: Long monitor contention with owner GoogleApiHandler (2326) at boolean abnp.d(abno, android.content.ServiceConnection, java.lang.String, java.util.concurrent.Executor)(:com.google.android.gms@231818047@23.18.18 (190800-535401451):15) waiters=0 in boolean abnr.handleMessage(android.os.Message) for 109ms
03-08 10:11:01.204  1835  3992 I NamespaceManager: Package com.google.android.aicore name not found! Using module version.
03-08 10:11:01.215   569  2004 W system_server: Long monitor contention with owner binder:569_2 (587) at boolean com.android.server.job.JobSchedulerService.isBatteryCharging()(JobSchedulerService.java:4964) waiters=0 in int com.android.server.job.JobSchedulerService.scheduleAsPackage(android.app.job.JobInfo, android.app.job.JobWorkItem, int, java.lang.String, int, java.lang.String, java.lang.String) for 639ms
03-08 10:11:01.215  3967  4014 I RkpdServerInterface: request_id: 944a92a9-2494-45ac-bae4-06c210d3fc55
03-08 10:11:01.216  3967  4014 V RkpdServerInterface: Requesting data from server. Attempt 1
03-08 10:11:01.225   569   655 W system_server: Long monitor contention with owner binder:569_2 (587) at boolean com.android.server.job.JobSchedulerService.isBatteryCharging()(JobSchedulerService.java:4964) waiters=1 in void com.android.server.job.controllers.QuotaController$TempAllowlistTracker.onAppAdded(int) for 620ms
03-08 10:11:01.230   569  1990 W system_server: Long monitor contention with owner binder:569_2 (587) at boolean com.android.server.job.JobSchedulerService.isBatteryCharging()(JobSchedulerService.java:4964) waiters=4 in int com.android.server.job.JobSchedulerService.scheduleAsPackage(android.app.job.JobInfo, android.app.job.JobWorkItem, int, java.lang.String, int, java.lang.String, java.lang.String) for 583ms
03-08 10:11:01.233   569  1171 W system_server: Long monitor contention with owner binder:569_2 (587) at boolean com.android.server.job.JobSchedulerService.isBatteryCharging()(JobSchedulerService.java:4964) waiters=2 in void com.android.server.job.JobServiceContext.doJobFinished(com.android.server.job.JobServiceContext$JobCallback, int, boolean) for 598ms
03-08 10:11:01.288   793   888 D EGL_emulation: app_time_stats: avg=52413.45ms min=52413.45ms max=52413.45ms count=1
03-08 10:11:01.298   569  4589 D libEGL  : loaded /vendor/lib64/egl/libEGL_emulation.so
03-08 10:11:01.301   569  4589 D libEGL  : loaded /vendor/lib64/egl/libGLESv1_CM_emulation.so
03-08 10:11:01.301  3967  4014 E RkpdServerInterface: Server connection failed for url: https://remoteprovisioning.googleapis.com/v1:signCertificates?challenge=AAABjh8L-9YBILStY8-0K0NBIgOnvOBcKpO-t0k=&request_id=944a92a9-2494-45ac-bae4-06c210d3fc55, response code: 400
03-08 10:11:01.301  3967  4014 E RkpdServerInterface: Repeated failure count: 1
03-08 10:11:01.301  3967  4014 E RkpdServerInterface: {
03-08 10:11:01.301  3967  4014 E RkpdServerInterface:   "error": {
03-08 10:11:01.301  3967  4014 E RkpdServerInterface:     "code": 400,
03-08 10:11:01.301  3967  4014 E RkpdServerInterface:     "message": "Invalid request payload: Error encountered with CBOR data\nRequestId: 944a92a9-2494-45ac-bae4-06c210d3fc55",
03-08 10:11:01.301  3967  4014 E RkpdServerInterface:     "status": "INVALID_ARGUMENT"
03-08 10:11:01.301  3967  4014 E RkpdServerInterface:   }
03-08 10:11:01.301  3967  4014 E RkpdServerInterface: }
03-08 10:11:01.302  4448  4448 W .cmput301w24t33: Accessing hidden method Landroid/view/View;->computeFitSystemWindows(Landroid/graphics/Rect;Landroid/graphics/Rect;)Z (unsupported, reflection, allowed)
03-08 10:11:01.303  4448  4448 W .cmput301w24t33: Accessing hidden method Landroid/view/ViewGroup;->makeOptionalFitsSystemWindows()V (unsupported, reflection, allowed)
03-08 10:11:01.313  3967  4014 E RkpdRegistrationBinder: RKPD failed to provision keys
03-08 10:11:01.313  3967  4014 E RkpdRegistrationBinder: com.android.rkpdapp.RkpdException: HTTP error status encountered: 400
03-08 10:11:01.313  3967  4014 E RkpdRegistrationBinder: 	at com.android.rkpdapp.interfaces.ServerInterface.requestData(ServerInterface.java:341)
03-08 10:11:01.313  3967  4014 E RkpdRegistrationBinder: 	at com.android.rkpdapp.interfaces.ServerInterface.connectAndGetData(ServerInterface.java:287)
03-08 10:11:01.313  3967  4014 E RkpdRegistrationBinder: 	at com.android.rkpdapp.interfaces.ServerInterface.requestSignedCertificates(ServerInterface.java:121)
03-08 10:11:01.313  3967  4014 E RkpdRegistrationBinder: 	at com.android.rkpdapp.provisioner.Provisioner.batchProvision(Provisioner.java:157)
03-08 10:11:01.313  3967  4014 E RkpdRegistrationBinder: 	at com.android.rkpdapp.provisioner.Provisioner.fetchCertificates(Provisioner.java:136)
03-08 10:11:01.313  3967  4014 E RkpdRegistrationBinder: 	at com.android.rkpdapp.provisioner.Provisioner.provisionKeys(Provisioner.java:89)
03-08 10:11:01.313  3967  4014 E RkpdRegistrationBinder: 	at com.android.rkpdapp.service.RegistrationBinder.fetchGeekAndProvisionKeys(RegistrationBinder.java:151)
03-08 10:11:01.313  3967  4014 E RkpdRegistrationBinder: 	at com.android.rkpdapp.service.RegistrationBinder.getKeyWorker(RegistrationBinder.java:117)
03-08 10:11:01.313  3967  4014 E RkpdRegistrationBinder: 	at com.android.rkpdapp.service.RegistrationBinder.getKeyThreadWorker(RegistrationBinder.java:235)
03-08 10:11:01.313  3967  4014 E RkpdRegistrationBinder: 	at com.android.rkpdapp.service.RegistrationBinder.lambda$getKey$3(RegistrationBinder.java:223)
03-08 10:11:01.313  3967  4014 E RkpdRegistrationBinder: 	at com.android.rkpdapp.service.RegistrationBinder.$r8$lambda$TliFA5y2_wUzHwCyn77kum7XL5E(RegistrationBinder.java:0)
03-08 10:11:01.313  3967  4014 E RkpdRegistrationBinder: 	at com.android.rkpdapp.service.RegistrationBinder$$ExternalSyntheticLambda9.run(R8$$SyntheticClass:0)
03-08 10:11:01.313  3967  4014 E RkpdRegistrationBinder: 	at java.util.concurrent.Executors$RunnableAdapter.call(Executors.java:487)
03-08 10:11:01.313  3967  4014 E RkpdRegistrationBinder: 	at java.util.concurrent.FutureTask.run(FutureTask.java:264)
03-08 10:11:01.313  3967  4014 E RkpdRegistrationBinder: 	at java.util.concurrent.ThreadPoolExecutor.runWorker(ThreadPoolExecutor.java:1145)
03-08 10:11:01.313  3967  4014 E RkpdRegistrationBinder: 	at java.util.concurrent.ThreadPoolExecutor$Worker.run(ThreadPoolExecutor.java:644)
03-08 10:11:01.313  3967  4014 E RkpdRegistrationBinder: 	at java.lang.Thread.run(Thread.java:1012)
03-08 10:11:01.314   569   569 E RemoteProvisionSysSvc: RKP error fetching key for client 245644623: ERROR_UNKNOWN: HTTP error status encountered: 400
03-08 10:11:01.354  3125  3375 W .gms.persistent: Long monitor contention with owner main (3125) at boolean abnr.handleMessage(android.os.Message)(:com.google.android.gms@231818047@23.18.18 (190800-535401451):16) waiters=0 in void abnp.e(abno, android.content.ServiceConnection) for 496ms
03-08 10:11:01.369   569   655 W system_server: Long monitor contention with owner binder:569_A (1171) at boolean com.android.server.job.JobSchedulerService.isBatteryCharging()(JobSchedulerService.java:4964) waiters=1 in void com.android.server.job.JobSchedulerService$JobHandler.handleMessage(android.os.Message) for 119ms
03-08 10:11:01.385   569  4589 D libEGL  : loaded /vendor/lib64/egl/libGLESv2_emulation.so
03-08 10:11:01.421  2434  2532 I WM-WorkerWrapper: Worker result SUCCESS for Work [ id=8e6873c8-09ad-4a50-97cf-66a0eaa50a2c, tags={ com.google.android.libraries.mdi.download.workmanager.workers.PeriodicWorker, MDD.WIFI.CHARGING.PERIODIC.TASK } ]
03-08 10:11:01.465  3125  3986 W .gms.persistent: Long monitor contention with owner netscheduler-queue-handler (3677) at void bytb.o(int)(:com.google.android.gms@231818047@23.18.18 (190800-535401451):4) waiters=0 in void bysy.a(bypy, int, dhap) for 534ms
03-08 10:11:01.492   793   888 D EGL_emulation: app_time_stats: avg=201.85ms min=17.62ms max=897.60ms count=5
03-08 10:11:01.521  1835  1835 D BoundBrokerSvc: onBind: Intent { act=com.google.android.gms.mdm.LogFmdEnabledBoundService.ACTION_TASK_READY dat=chimera-action:/... cmp=com.google.android.gms/.chimera.GmsInternalBoundBrokerService }
03-08 10:11:01.521  1835  1835 D BoundBrokerSvc: Loading bound service for intent: Intent { act=com.google.android.gms.mdm.LogFmdEnabledBoundService.ACTION_TASK_READY dat=chimera-action:/... cmp=com.google.android.gms/.chimera.GmsInternalBoundBrokerService }
03-08 10:11:01.542   355  4592 I resolv  : GetAddrInfoHandler::run: {101 786533 101 983141 10126 0}
