03-08 10:11:01.550   355  4594 I resolv  : res_nmkquery: (QUERY, IN, A)
03-08 10:11:01.560   355  4594 I resolv  : res_nsend: used send_dg 157 terrno: 0
03-08 10:11:01.560   355  4593 I resolv  : res_nmkquery: (QUERY, IN, AAAA)
03-08 10:11:01.560   355  4594 I resolv  : doQuery: rcode=0, ancount=7, return value=157
03-08 10:11:01.567   355  4593 I resolv  : res_nsend: used send_dg 157 terrno: 0
03-08 10:11:01.567   355  4593 I resolv  : doQuery: rcode=0, ancount=4, return value=157
03-08 10:11:01.586  3125  3359 D TrafficStats: tagSocket(225) with statsTag=0x24000609, statsUid=10121
03-08 10:11:01.589  4380  4596 D ProfileInstaller: Installing profile for com.google.android.configupdater
03-08 10:11:01.598  4448  4448 D CompatibilityChangeReporter: Compat change id reported: 210923482; UID 10192; state: ENABLED
03-08 10:11:01.706  2434  2590 I Bugle   : BroadcastReceiverAsyncWorkTracker: Acknowledging broadcast of bdxy@16007e7
03-08 10:11:01.765  4448  4448 D LifecycleMonitor: Lifecycle status change: com.example.cmput301w24t33.activities.Admin@46272f7 in: CREATED
03-08 10:11:01.766  4448  4448 V ActivityScenario: Update currentActivityStage to CREATED, currentActivity=com.example.cmput301w24t33.activities.Admin@46272f7
03-08 10:11:01.786  4448  4448 D LifecycleMonitor: Lifecycle status change: com.example.cmput301w24t33.activities.Admin@46272f7 in: STARTED
03-08 10:11:01.787  3125  3359 W Conscrypt: Could not set socket write timeout: java.net.SocketException: Socket closed
03-08 10:11:01.787  4448  4448 V ActivityScenario: Update currentActivityStage to STARTED, currentActivity=com.example.cmput301w24t33.activities.Admin@46272f7
03-08 10:11:01.790  3125  3359 W Conscrypt: 	at com.google.android.gms.org.conscrypt.Platform.setSocketWriteTimeout(:com.google.android.gms@231818047@23.18.18 (190800-535401451):2)
03-08 10:11:01.790  3125  3359 W Conscrypt: 	at com.google.android.gms.org.conscrypt.ConscryptFileDescriptorSocket.setSoWriteTimeout(:com.google.android.gms@231818047@23.18.18 (190800-535401451):0)
03-08 10:11:01.811  4448  4448 D ContentValues: ADMIN RESUME
03-08 10:11:01.811   569  4589 W OpenGLRenderer: Failed to choose config with EGL_SWAP_BEHAVIOR_PRESERVED, retrying without...
03-08 10:11:01.812  4448  4448 D LifecycleMonitor: Lifecycle status change: com.example.cmput301w24t33.activities.Admin@46272f7 in: RESUMED
03-08 10:11:01.812   569  4589 W OpenGLRenderer: Failed to initialize 101010-2 format, error = EGL_SUCCESS
03-08 10:11:01.812  4448  4448 V ActivityScenario: Update currentActivityStage to RESUMED, currentActivity=com.example.cmput301w24t33.activities.Admin@46272f7
03-08 10:11:01.822  4448  4448 D CompatibilityChangeReporter: Compat change id reported: 237531167; UID 10192; state: DISABLED
03-08 10:11:01.824  3604  3717 W SystemServiceRegistry: No service published for: persistent_data_block
03-08 10:11:01.833  4448  4448 W OpenGLRenderer: Unknown dataspace 0
03-08 10:11:01.846  1971  1971 I BgTaskExecutorImpl: Starting NONEXCLUSIVE background task TRIGGER_CONDITION_RESET.
03-08 10:11:01.876   569  2286 W system_server: Long monitor contention with owner android.bg (605) at void com.android.server.am.AppProfiler.collectPssInBackground()(AppProfiler.java:733) waiters=0 in boolean com.android.server.am.OomAdjuster.applyOomAdjLSP(com.android.server.am.ProcessRecord, boolean, long, long, int) for 142ms
03-08 10:11:01.897  1971  1971 I BgTaskExecutorImpl: Starting EXCLUSIVE background task UPDATE_NOTIFICATIONS.
03-08 10:11:01.920  3125  3359 W Conscrypt: Could not set socket write timeout: java.net.SocketException: Socket closed
03-08 10:11:01.925  3125  3359 W Conscrypt: 	at com.google.android.gms.org.conscrypt.Platform.setSocketWriteTimeout(:com.google.android.gms@231818047@23.18.18 (190800-535401451):2)
03-08 10:11:01.926  3125  3359 W Conscrypt: 	at com.google.android.gms.org.conscrypt.ConscryptFileDescriptorSocket.setSoWriteTimeout(:com.google.android.gms@231818047@23.18.18 (190800-535401451):0)
03-08 10:11:01.942   413   436 W ServiceManagerCppClient: Permission failure: android.permission.ROTATE_SURFACE_FLINGER from uid=10192 pid=0
03-08 10:11:01.942   413   436 D PermissionCache: checking android.permission.ROTATE_SURFACE_FLINGER for uid=10192 => denied (412 us)
03-08 10:11:01.943   413   436 W ServiceManagerCppClient: Permission failure: android.permission.INTERNAL_SYSTEM_WINDOW from uid=10192 pid=0
03-08 10:11:01.943   413   436 D PermissionCache: checking android.permission.INTERNAL_SYSTEM_WINDOW for uid=10192 => denied (876 us)
03-08 10:11:01.943   413   436 W ServiceManagerCppClient: Permission failure: android.permission.ACCESS_SURFACE_FLINGER from uid=10192 pid=0
03-08 10:11:01.943   413   436 D PermissionCache: checking android.permission.ACCESS_SURFACE_FLINGER for uid=10192 => denied (397 us)
03-08 10:11:01.945   413   568 W ServiceManagerCppClient: Permission failure: android.permission.ROTATE_SURFACE_FLINGER from uid=10192 pid=4448
03-08 10:11:01.945   413   568 D PermissionCache: checking android.permission.ROTATE_SURFACE_FLINGER for uid=10192 => denied (3324 us)
03-08 10:11:01.960  4448  4576 W OpenGLRenderer: Failed to choose config with EGL_SWAP_BEHAVIOR_PRESERVED, retrying without...
03-08 10:11:01.960  4448  4576 W OpenGLRenderer: Failed to initialize 101010-2 format, error = EGL_SUCCESS
03-08 10:11:01.969  1103  1103 D BootBroadcastReceiver: refresh periodic job from action=com.android.settings.battery.action.PERIODIC_JOB_RECHECK
03-08 10:11:01.980  1700  1700 W MediaProvider: WorkProfileOwnerApps cache is empty
03-08 10:11:02.057  1835  1835 D BoundBrokerSvc: onBind: Intent { act=com.google.android.gms.credential.manager.service.operations.checkup.OnDeviceCheckupTaskBoundService.ACTION_TASK_READY dat=chimera-action:/... cmp=com.google.android.gms/.chimera.GmsInternalBoundBrokerService }
03-08 10:11:02.057  1835  1835 D BoundBrokerSvc: Loading bound service for intent: Intent { act=com.google.android.gms.credential.manager.service.operations.checkup.OnDeviceCheckupTaskBoundService.ACTION_TASK_READY dat=chimera-action:/... cmp=com.google.android.gms/.chimera.GmsInternalBoundBrokerService }
03-08 10:11:02.069   157   157 I hwservicemanager: getTransport: Cannot find entry android.hardware.graphics.mapper@4.0::IMapper/default in either framework or device VINTF manifest.
03-08 10:11:02.070  4448  4576 I Gralloc4: mapper 4.x is not supported
03-08 10:11:02.121   793   793 D ControlsListingControllerImpl: ServiceConfig reloaded, count: 0
03-08 10:11:02.134  4448  4576 E OpenGLRenderer: Unable to match the desired swap behavior.
03-08 10:11:02.136   793   793 D ControlsListingControllerImpl: ServiceConfig reloaded, count: 0
03-08 10:11:02.138   793   793 D ControlsListingControllerImpl: ServiceConfig reloaded, count: 0
03-08 10:11:02.143   793   793 D ControlsListingControllerImpl: ServiceConfig reloaded, count: 0
03-08 10:11:02.148   793   793 D ControlsListingControllerImpl: ServiceConfig reloaded, count: 0
03-08 10:11:02.222  1835  2734 I Icing   : Usage reports ok 1, Failed Usage reports 0, indexed 0, rejected 0
03-08 10:11:02.248  1971  1971 I BgTaskExecutorImpl: Starting EXCLUSIVE background task GELLER_OPA_REFRESH_TASK.
03-08 10:11:02.255  1103  1103 D PeriodicJobManager: schedule next alarm job at Mar 08, 2024, 11:00:00
03-08 10:11:02.256   569  2282 W ServiceManagerCppClient: Permission failure: android.permission.ROTATE_SURFACE_FLINGER from uid=10192 pid=0
03-08 10:11:02.257   569  2282 D PermissionCache: checking android.permission.ROTATE_SURFACE_FLINGER for uid=10192 => denied (1415 us)
03-08 10:11:02.258   569  2282 W ServiceManagerCppClient: Permission failure: android.permission.INTERNAL_SYSTEM_WINDOW from uid=10192 pid=0
03-08 10:11:02.259   569  2282 D PermissionCache: checking android.permission.INTERNAL_SYSTEM_WINDOW for uid=10192 => denied (281 us)
03-08 10:11:02.259   569  2282 W ServiceManagerCppClient: Permission failure: android.permission.ACCESS_SURFACE_FLINGER from uid=10192 pid=0
03-08 10:11:02.259   569  2282 D PermissionCache: checking android.permission.ACCESS_SURFACE_FLINGER for uid=10192 => denied (337 us)
03-08 10:11:02.287  3125  4324 I NearbyDiscovery: FastPairScanner: isScreenOn=true, scanWithScreenOff=false, isLocationEnabled=true, disableLocationRequirement=true, isDiscoveryScanningEnabled=true, during24GhzWifiWarmingUpPeriod=false [CONTEXT service_id=265 ]
03-08 10:11:02.288  3125  4324 D BluetoothAdapter: isLeEnabled(): ON
03-08 10:11:02.291  3125  4324 I NearbyDiscovery: FastPairScanner: eventType=INTERNAL_DOWNGRADE_SCAN, intReq=true, scanning=true, scanAllowed=true, bleEnabled=true, bleScanAvailable=false, lockScanRate=false, startScanningByLowPowerMode=false [CONTEXT service_id=265 ]
03-08 10:11:02.297  3125  4324 I NearbyDiscovery: FastPairScanner: Stopping scan [CONTEXT service_id=265 ]
03-08 10:11:02.297   569   594 W ziparchive: Unable to open '/data/app/~~-ZQDh_ej0yOCMvH8Aun0ig==/com.example.cmput301w24t33-2nDa2-hhDMhHHKxFbXujfg==/base.dm': No such file or directory
03-08 10:11:02.298  3125  4324 D BluetoothAdapter: isLeEnabled(): ON
03-08 10:11:02.322  1277  4559 D BtGatt.GattService: stopScan() - queue size =1
03-08 10:11:02.330   569   594 I ActivityTaskManager: Displayed com.example.cmput301w24t33/.activities.Admin for user 0: +2s123ms
03-08 10:11:02.349   569  2282 I ImeTracker: com.example.cmput301w24t33:f763cb53: onRequestHide at ORIGIN_SERVER_HIDE_INPUT reason HIDE_UNSPECIFIED_WINDOW
03-08 10:11:02.351   569  2282 I ImeTracker: com.example.cmput301w24t33:f763cb53: onCancelled at PHASE_SERVER_SHOULD_HIDE
03-08 10:11:02.361  1971  2951 W SearchServiceCore: Abort, client detached.
03-08 10:11:02.362  1971  2951 W SearchServiceCore: Abort, client detached.
03-08 10:11:02.390  3125  3125 D BoundBrokerSvc: onUnbind: Intent { act=com.google.android.gms.icing.LIGHTWEIGHT_INDEX_SERVICE dat=chimera-action:/... cmp=com.google.android.gms/.chimera.PersistentApiService }
03-08 10:11:02.397  1277  1422 D BtGatt.ScanManager: handling stopping scan  [ScanClient scanModeApp 2 scanModeUsed 2 [appScanStats com.google.uid.shared:10126]]
03-08 10:11:02.397  1277  1422 D BtGatt.ScanManager: stop gattClientScanNative
03-08 10:11:02.397  1277  1422 I bt_stack: [INFO:le_scanning_manager.cc(168)] Scan in shim layer stopped
03-08 10:11:02.398  1277  1364 I bluetooth: packages/modules/Bluetooth/system/gd/hci/le_address_manager.cc:193 unregister_client: Client unregistered
03-08 10:11:02.398  1277  1364 I bluetooth: packages/modules/Bluetooth/system/gd/hci/le_address_manager.cc:197 unregister_client: Cancelled address rotation alarm
03-08 10:11:02.400  1277  1422 D BtGatt.ScanManager: configureRegularScanParams() - queue=0
03-08 10:11:02.400  4448  4554 W FileTestStorage: Output properties is not supported.
03-08 10:11:02.401  1277  1422 D BtGatt.ScanManager: configureRegularScanParams() - queue empty, scan stopped
03-08 10:11:02.409  3125  4192 I Fitness : FitCleanupIntentOperation received Intent android.intent.action.PACKAGE_CHANGED [CONTEXT service_id=17 ]
03-08 10:11:02.416  1277  4559 D ActivityAttributionService: notifyActivityAttributionInfo UID=1002 packageName=com.google.android.bluetooth deviceAddress=no_active_device_address
03-08 10:11:02.416  1277  4559 I bt_btif : packages/modules/Bluetooth/system/btif/src/bluetooth.cc:829 get_profile_interface: get_profile_interface: id = activity_attribution
03-08 10:11:02.417  1542  1542 I GoogleInputMethodService: GoogleInputMethodService.onFinishInput():3227
03-08 10:11:02.418  1130  2125 D OneSearchSuggestProvider: Shut down the binder channel
03-08 10:11:02.427  1277  1433 D BtGatt.GattService: unregisterScanner() - scannerId=1
03-08 10:11:02.427  1277  1433 I bt_stack: [INFO:le_scanning_manager.cc(162)] Unregister in shim layer, scanner_id:1
03-08 10:11:02.445  4448  4554 I Tracing : Tracer added: class androidx.test.platform.tracing.AndroidXTracer
03-08 10:11:02.449  1130  1160 I IPCThreadState: oneway function results for code 2 on binder at 0x76d39b7ecf20 will be dropped but finished with status UNKNOWN_TRANSACTION
03-08 10:11:02.462  1542  1542 I GoogleInputMethodService: GoogleInputMethodService.updateDeviceLockedStatus():2087 repeatCheckTimes = 0, unlocked = true
03-08 10:11:02.466  1542  1542 I GoogleInputMethodService: GoogleInputMethodService.onStartInput():1877 onStartInput(EditorInfo{inputType=0x0(NULL) imeOptions=0x0 privateImeOptions=null actionName=UNSPECIFIED actionLabel=null actionId=0 initialSelStart=-1 initialSelEnd=-1 initialCapsMode=0x0 hintText=null label=null packageName=com.example.cmput301w24t33 fieldId=0 fieldName=null extras=null}, false)
03-08 10:11:02.467  1542  1542 I GoogleInputMethodService: GoogleInputMethodService.shouldHideHeaderOnInitialState():4008 ShouldHideHeaderOnInitialState = false
03-08 10:11:02.473  1542  1542 I GoogleInputMethodService: GoogleInputMethodService.updateDeviceLockedStatus():2087 repeatCheckTimes = 2, unlocked = true
03-08 10:11:02.498  4448  4554 D CompatibilityChangeReporter: Compat change id reported: 247079863; UID 10192; state: ENABLED
03-08 10:11:02.499  1835  1853 I gle.android.gms: Background young concurrent copying GC freed 76010(3630KB) AllocSpace objects, 124(4628KB) LOS objects, 44% free, 10MB/18MB, paused 64.866ms,193us total 180.646ms
03-08 10:11:02.504   793   888 D EGL_emulation: app_time_stats: avg=121.44ms min=3.16ms max=864.43ms count=8
03-08 10:11:02.512  4448  4554 D EventInjectionStrategy: Creating injection strategy with input manager.
03-08 10:11:02.513  4448  4554 W .cmput301w24t33: Accessing hidden method Landroid/hardware/input/InputManager;->getInstance()Landroid/hardware/input/InputManager; (unsupported, reflection, allowed)
03-08 10:11:02.513  4448  4554 W .cmput301w24t33: Accessing hidden method Landroid/hardware/input/InputManager;->injectInputEvent(Landroid/view/InputEvent;I)Z (unsupported, reflection, allowed)
03-08 10:11:02.514  4448  4554 W .cmput301w24t33: Accessing hidden field Landroid/hardware/input/InputManager;->INJECT_INPUT_EVENT_MODE_WAIT_FOR_FINISH:I (unsupported, reflection, allowed)
03-08 10:11:02.543  3125  3608 I FontLog : Received query Noto Color Emoji Compat, URI content://com.google.android.gms.fonts [CONTEXT service_id=132 ]
03-08 10:11:02.545  3125  3608 I FontLog : Query [emojicompat-emoji-font] resolved to {Noto Color Emoji Compat, wdth 100.0, wght 400, ital 0.0, bestEffort false} [CONTEXT service_id=132 ]
03-08 10:11:02.554  4448  4554 W .cmput301w24t33: Accessing hidden method Landroid/view/ViewConfiguration;->getDoubleTapMinTime()I (unsupported, reflection, allowed)
03-08 10:11:02.565  3125  4324 I NearbyDiscovery: FastPairScanner: isScreenOn=true, scanWithScreenOff=false, isLocationEnabled=true, disableLocationRequirement=true, isDiscoveryScanningEnabled=true, during24GhzWifiWarmingUpPeriod=false [CONTEXT service_id=265 ]
03-08 10:11:02.566  1971  1979 I earchbox:search: JIT allocated 73KB for compiled code of java.lang.Object com.google.android.apps.gsa.binaries.velvet.app.ok.d()
03-08 10:11:02.575  3125  3608 I FontLog : Fetch {Noto Color Emoji Compat, wdth 100.0, wght 400, ital 0.0, bestEffort false} end status Status{statusCode=SUCCESS, resolution=null} [CONTEXT service_id=132 ]
03-08 10:11:02.578   793   845 W WindowOnBackDispatcher: sendCancelIfRunning: isInProgress=falsecallback=android.view.ViewRootImpl$$ExternalSyntheticLambda17@9d1bb11
03-08 10:11:02.583   569   587 W InputManager-JNI: Input channel object '7f81a9f Splash Screen com.example.cmput301w24t33 (client)' was disposed without first being removed with the input manager!
03-08 10:11:02.586  3125  3608 I FontLog : Pulling font file for id = 7, cache size = 7 [CONTEXT service_id=132 ]
03-08 10:11:02.593  4448  4448 W .cmput301w24t33: Accessing hidden method Landroid/os/MessageQueue;->next()Landroid/os/Message; (unsupported, reflection, allowed)
03-08 10:11:02.600  4448  4448 W .cmput301w24t33: Accessing hidden field Landroid/os/MessageQueue;->mMessages:Landroid/os/Message; (unsupported, reflection, allowed)
03-08 10:11:02.601  4448  4448 W .cmput301w24t33: Accessing hidden method Landroid/os/Message;->recycleUnchecked()V (unsupported, reflection, allowed)
03-08 10:11:02.607  1130  1210 I ImeTracker: com.google.android.apps.nexuslauncher:e6eafdd3: onRequestHide at ORIGIN_CLIENT_HIDE_SOFT_INPUT reason HIDE_SOFT_INPUT
03-08 10:11:02.610  1130  1210 I ImeTracker: com.google.android.apps.nexuslauncher:e6eafdd3: onFailed at PHASE_CLIENT_VIEW_SERVED
03-08 10:11:02.615  3125  4324 I NearbyDiscovery: FastPairScanner: Start scanning internally in LOW_POWER_SCANNING [CONTEXT service_id=265 ]
03-08 10:11:02.616  4448  4448 W .cmput301w24t33: Accessing hidden method Landroid/view/WindowManagerGlobal;->getInstance()Landroid/view/WindowManagerGlobal; (unsupported, reflection, allowed)
03-08 10:11:02.617  4448  4448 W .cmput301w24t33: Accessing hidden field Landroid/view/WindowManagerGlobal;->mViews:Ljava/util/ArrayList; (unsupported, reflection, allowed)
03-08 10:11:02.617  4448  4448 W .cmput301w24t33: Accessing hidden field Landroid/view/WindowManagerGlobal;->mParams:Ljava/util/ArrayList; (unsupported, reflection, allowed)
03-08 10:11:02.629  4448  4448 I ViewInteraction: Performing 'single click' action on view view.getId() is <2131230949/com.example.cmput301w24t33:id/event_arrow_button>
03-08 10:11:02.635  3125  4324 D BluetoothAdapter: isLeEnabled(): ON
03-08 10:11:02.637  1277  1433 D BtGatt.GattService: registerScanner() - UUID=df44f32c-320a-48c7-aed5-ee8e66a0f5d0
03-08 10:11:02.642  1277  1433 I bt_stack: [INFO:le_scanning_manager.cc(155)] RegisterScanner in shim layer
03-08 10:11:02.645  1971  2191 I A       : Attempting to cache the data for corpora [21, 36].
03-08 10:11:02.646  1277  1392 D BtGatt.GattService: onScannerRegistered() - UUID=df44f32c-320a-48c7-aed5-ee8e66a0f5d0, scannerId=1, status=0
03-08 10:11:02.646  3125  3608 D BluetoothLeScanner: onScannerRegistered() - status=0 scannerId=1 mScannerId=0
03-08 10:11:02.653  3125  3196 I FontLog : Pulling font file for id = 7, cache size = 7 [CONTEXT service_id=132 ]
03-08 10:11:02.662   793   888 D EGL_emulation: app_time_stats: avg=271.01ms min=6.72ms max=1250.64ms count=5
03-08 10:11:02.666  1277  1433 D BtGatt.GattService: start scan with filters
03-08 10:11:02.668  1277  1433 D BtGatt.GattService: enforcePrivilegedPermissionIfNeeded([BluetoothLeScanFilter [mDeviceName=null, mDeviceAddress=null, mUuid=null, mUuidMask=null, mServiceSolicitationUuid=null, mServiceSolicitationUuidMask=null, mServiceDataUuid=0000fff6-0000-1000-8000-00805f9b34fb, mServiceData=[0], mServiceDataMask=[0], mManufacturerId=-1, mManufacturerData=null, mManufacturerDataMask=null, mAdvertisingDataType=-1, mAdvertisingData=null, mAdvertisingDataMask=null, mTransportBlockFilter=null], BluetoothLeScanFilter [mDeviceName=null, mDeviceAddress=null, mUuid=null, mUuidMask=null, mServiceSolicitationUuid=null, mServiceSolicitationUuidMask=null, mServiceDataUuid=0000fe2c-0000-1000-8000-00805f9b34fb, mServiceData=[0], mServiceDataMask=[0], mManufacturerId=-1, mManufacturerData=null, mManufacturerDataMask=null, mAdvertisingDataType=-1, mAdvertisingData=null, mAdvertisingDataMask=null, mTransportBlockFilter=null]])
03-08 10:11:02.681  1277  1433 D BtGatt.ScanManager: startScan()  [ScanClient scanModeApp 1 scanModeUsed 1 [appScanStats com.google.uid.shared:10126]]
03-08 10:11:02.685  1130  1130 D TaplEvents: TIS / TouchInteractionService.onInputEvent: MotionEvent { action=ACTION_DOWN, actionButton=0, id[0]=0, x[0]=1010.5, y[0]=570.5, toolType[0]=TOOL_TYPE_UNKNOWN, buttonState=BUTTON_PRIMARY, classification=NONE, metaState=0, flags=0x0, edgeFlags=0x0, pointerCount=1, historySize=0, eventTime=134645, downTime=134645, deviceId=-1, source=0x1002, displayId=0, eventId=-733585490 }
03-08 10:11:02.683  1277  1422 D BtGatt.ScanManager: handling starting scan
03-08 10:11:02.688  1277  1422 D BtGatt.ScanManager: start gattClientScanNative from startRegularScan()
03-08 10:11:02.697  1277  1422 I bt_stack: [INFO:le_scanning_manager.cc(168)] Scan in shim layer started
03-08 10:11:02.697  1277  1364 I bluetooth: packages/modules/Bluetooth/system/gd/hci/le_scanning_manager.cc:588 stop_scan: Scanning already stopped, return!
03-08 10:11:02.698  1277  1364 I bluetooth: packages/modules/Bluetooth/system/gd/hci/le_address_manager.cc:175 register_client: Scheduled address rotation for first client registered
03-08 10:11:02.698  1277  1364 I bluetooth: packages/modules/Bluetooth/system/gd/hci/le_address_manager.cc:178 register_client: Client registered
03-08 10:11:02.699  1277  1422 D BtGatt.ScanManager: configureRegularScanParams() - queue=1
03-08 10:11:02.703  1277  1433 D ActivityAttributionService: notifyActivityAttributionInfo UID=1002 packageName=com.google.android.bluetooth deviceAddress=no_active_device_address
03-08 10:11:02.704  1277  1433 I bt_btif : packages/modules/Bluetooth/system/btif/src/bluetooth.cc:829 get_profile_interface: get_profile_interface: id = activity_attribution
03-08 10:11:02.721  1971  2951 W SearchServiceCore: Abort, client detached.
03-08 10:11:02.728  3125  4324 I NearbyDiscovery: FastPairScanner: Starting LOW_POWER_SCANNING scanning [CONTEXT service_id=265 ]
03-08 10:11:02.764  1130  1130 D TaplEvents: TIS / TouchInteractionService.onInputEvent: MotionEvent { action=ACTION_UP, actionButton=0, id[0]=0, x[0]=1010.5, y[0]=570.5, toolType[0]=TOOL_TYPE_UNKNOWN, buttonState=BUTTON_PRIMARY, classification=NONE, metaState=0, flags=0x0, edgeFlags=0x0, pointerCount=1, historySize=0, eventTime=134747, downTime=134645, deviceId=-1, source=0x1002, displayId=0, eventId=-485206176 }
03-08 10:11:02.777  1277  1422 I bt_stack: [INFO:le_scanning_manager.cc(168)] Scan in shim layer stopped
03-08 10:11:02.778  1277  1364 I bluetooth: packages/modules/Bluetooth/system/gd/hci/le_address_manager.cc:193 unregister_client: Client unregistered
03-08 10:11:02.778  1277  1364 I bluetooth: packages/modules/Bluetooth/system/gd/hci/le_address_manager.cc:197 unregister_client: Cancelled address rotation alarm
03-08 10:11:02.787  1277  1422 D BtGatt.ScanManager: Start gattClientScanNative with old scanMode -2147483648 new scanMode 1 ( in MS: 730 / 183, in scan unit: 1168 / 292 ) [ScanClient scanModeApp 1 scanModeUsed 1 [appScanStats com.google.uid.shared:10126]]
03-08 10:11:02.788  1277  1422 I bt_stack: [INFO:le_scanning_manager.cc(346)] SetScanParameters in shim layer
03-08 10:11:02.794  1277  1392 D BtGatt.GattService: onScanParamSetupCompleted : 0
03-08 10:11:02.795  1277  1422 I bt_stack: [INFO:le_scanning_manager.cc(168)] Scan in shim layer started
03-08 10:11:02.795  1277  1364 I bluetooth: packages/modules/Bluetooth/system/gd/hci/le_scanning_manager.cc:588 stop_scan: Scanning already stopped, return!
03-08 10:11:02.796  1277  1364 I bluetooth: packages/modules/Bluetooth/system/gd/hci/le_address_manager.cc:175 register_client: Scheduled address rotation for first client registered
03-08 10:11:02.796  1277  1364 I bluetooth: packages/modules/Bluetooth/system/gd/hci/le_address_manager.cc:178 register_client: Client registered
03-08 10:11:02.803  1277  1422 D BtGatt.ScanManager: apply scan timeout (600000)to scannerId 1
03-08 10:11:02.810  4448  4448 W WindowOnBackDispatcher: OnBackInvokedCallback is not enabled for the application.
03-08 10:11:02.810  4448  4448 W WindowOnBackDispatcher: Set 'android:enableOnBackInvokedCallback="true"' in the application manifest.
03-08 10:11:02.932   401   444 W AudioFlinger: createTrack_l(): mismatch between requested flags (00000004) and output flags (00000002)
03-08 10:11:02.945   401   444 D AF::TrackHandle: OpPlayAudio: track:56 usage:13 not muted
03-08 10:11:03.080   401  2600 D audioserver: FGS Logger Transaction failed
03-08 10:11:03.080   401  2600 D audioserver: -129
03-08 10:11:03.128  4448  4448 D CompatibilityChangeReporter: Compat change id reported: 3400644; UID 10192; state: ENABLED
03-08 10:11:03.137  1777  1777 I GsaVoiceInteractionSrv: O received Intent { act=android.intent.action.PACKAGE_REMOVED dat=package: flg=0x4000010 (has extras) }
03-08 10:11:03.149  3125  3125 D BoundBrokerSvc: onUnbind: Intent { act=com.google.android.gms.clearcut.bootcount.service.START pkg=com.google.android.gms }
03-08 10:11:03.150  1777  1777 I GsaVoiceInteractionSrv: O received Intent { act=android.intent.action.PACKAGE_ADDED dat=package: flg=0x4000010 (has extras) }
03-08 10:11:03.151  1777  1777 I GsaVoiceInteractionSrv: O received Intent { act=android.intent.action.PACKAGE_REPLACED dat=package: flg=0x4000010 (has extras) }
03-08 10:11:03.151  1777  1777 I GsaVoiceInteractionSrv: O received Intent { act=android.intent.action.PACKAGE_ADDED dat=package: flg=0x4000010 (has extras) }
03-08 10:11:03.151  1777  1777 I GsaVoiceInteractionSrv: Handling ACTION_STOP_HOTWORD
03-08 10:11:03.174   401   526 D AudioFlinger: mixer(0x7fc32e5ed930) throttle end: throttle time(33)
03-08 10:11:03.222  3125  3854 W ChimeraUtils: Module com.google.android.gms.nearby_en missing resource null(0)
03-08 10:11:03.273  1777  2306 E HwDetectorWithState: a: 3
03-08 10:11:03.283   401   526 D audioserver: FGS Logger Transaction failed
03-08 10:11:03.283   401   526 D audioserver: -129
03-08 10:11:03.346  2748  4617 W DynamiteModule: Local module descriptor class for com.google.android.gms.providerinstaller.dynamite not found.
03-08 10:11:03.381  3125  3375 I NetworkScheduler.Stats: Task com.google.android.gms/com.google.android.gms.mdm.LogFmdEnabledBoundService started execution. cause:5 exec_start_elapsed_seconds: 133 [CONTEXT service_id=218 ]
03-08 10:11:03.417  3125  3854 W ChimeraUtils: Module com.google.android.gms.nearby_en missing resource null(0)
03-08 10:11:03.569   569   605 W system_server: Long monitor contention with owner appscheduling.default (655) at void com.android.server.am.OomAdjuster.updateOomAdjInnerLSP(int, com.android.server.am.ProcessRecord, java.util.ArrayList, com.android.server.am.ActiveUids, boolean, boolean)(OomAdjuster.java:1077) waiters=0 in void com.android.server.am.ProcessProfileRecord.addPss(long, long, long, boolean, int, long) for 186ms
03-08 10:11:03.578   569  3073 W system_server: Long monitor contention with owner android.bg (605) at void com.android.server.am.AppProfiler.collectPssInBackground()(AppProfiler.java:733) waiters=0 in boolean com.android.server.am.OomAdjuster.applyOomAdjLSP(com.android.server.am.ProcessRecord, boolean, long, long, int) for 187ms
03-08 10:11:03.668   793   888 D EGL_emulation: app_time_stats: avg=17.04ms min=1.29ms max=123.33ms count=36
03-08 10:11:03.802   569  2008 W system_server: Long monitor contention with owner binder:569_20 (3073) at int com.android.server.job.JobSchedulerService.getUidProcState(int)(JobSchedulerService.java:2305) waiters=0 in java.util.List com.android.server.job.JobSchedulerService.getPendingJobsInNamespace(int, java.lang.String) for 447ms
03-08 10:11:03.803   569  2283 W system_server: Long monitor contention with owner binder:569_20 (3073) at int com.android.server.job.JobSchedulerService.getUidProcState(int)(JobSchedulerService.java:2305) waiters=1 in boolean com.android.server.job.JobServiceContext.doCompleteWork(com.android.server.job.JobServiceContext$JobCallback, int, int) for 437ms
03-08 10:11:03.805   569   655 W system_server: Long monitor contention with owner binder:569_20 (3073) at int com.android.server.job.JobSchedulerService.getUidProcState(int)(JobSchedulerService.java:2305) waiters=2 in void com.android.server.job.controllers.ConnectivityController$CcHandler.handleMessage(android.os.Message) for 413ms
03-08 10:11:03.809  3125  3608 W ProviderHelper: Unknown dynamite feature providerinstaller.dynamite
03-08 10:11:03.821  4448  4625 W DynamiteModule: Local module descriptor class for com.google.android.gms.providerinstaller.dynamite not found.
03-08 10:11:03.823  2748  4617 W ProviderInstaller: Failed to load providerinstaller module: No acceptable module com.google.android.gms.providerinstaller.dynamite found. Local version is 0 and remote version is 0.
03-08 10:11:03.829  1835  1835 D BoundBrokerSvc: onUnbind: Intent { act=com.google.android.gms.findmydevice.spot.service.management.START dat=chimera-action:/... cmp=com.google.android.gms/.chimera.GmsApiService }
03-08 10:11:03.930  1835  1835 D BoundBrokerSvc: onUnbind: Intent { act=com.google.android.gms.findmydevice.spot.service.locationreport.START dat=chimera-action:/... cmp=com.google.android.gms/.chimera.GmsApiService }
03-08 10:11:03.950  3125  3608 W ProviderHelper: Unknown dynamite feature providerinstaller.dynamite
03-08 10:11:03.982  4448  4625 I DynamiteModule: Considering local module com.google.android.gms.providerinstaller.dynamite:0 and remote module com.google.android.gms.providerinstaller.dynamite:0
03-08 10:11:03.985  4448  4625 W ProviderInstaller: Failed to load providerinstaller module: No acceptable module com.google.android.gms.providerinstaller.dynamite found. Local version is 0 and remote version is 0.
03-08 10:11:03.990   569  1164 D ConnectivityService: requestNetwork for uid/pid:10192/4448 activeRequest: null callbackRequest: 147 [NetworkRequest [ REQUEST id=148, [ Capabilities: INTERNET&NOT_RESTRICTED&TRUSTED&NOT_VCN_MANAGED Uid: 10192 RequestorUid: 10192 RequestorPkg: com.example.cmput301w24t33 UnderlyingNetworks: Null] ]] callback flags: 0 order: 2147483647
03-08 10:11:03.998   569   719 D ConnectivityService: NetReassign [148 : null  101] [c 0] [a 5] [i 2]
03-08 10:11:03.999   569   712 D WifiNetworkFactory: got request NetworkRequest [ REQUEST id=148, [ Capabilities: INTERNET&NOT_RESTRICTED&TRUSTED&NOT_VCN_MANAGED Uid: 10192 RequestorUid: 10192 RequestorPkg: com.example.cmput301w24t33 UnderlyingNetworks: Null] ]
03-08 10:11:03.999   569   712 D UntrustedWifiNetworkFactory: got request NetworkRequest [ REQUEST id=148, [ Capabilities: INTERNET&NOT_RESTRICTED&TRUSTED&NOT_VCN_MANAGED Uid: 10192 RequestorUid: 10192 RequestorPkg: com.example.cmput301w24t33 UnderlyingNetworks: Null] ]
03-08 10:11:04.000   569   712 D OemPaidWifiNetworkFactory: got request NetworkRequest [ REQUEST id=148, [ Capabilities: INTERNET&NOT_RESTRICTED&TRUSTED&NOT_VCN_MANAGED Uid: 10192 RequestorUid: 10192 RequestorPkg: com.example.cmput301w24t33 UnderlyingNetworks: Null] ]
03-08 10:11:04.001   569   712 D MultiInternetWifiNetworkFactory: got request NetworkRequest [ REQUEST id=148, [ Capabilities: INTERNET&NOT_RESTRICTED&TRUSTED&NOT_VCN_MANAGED Uid: 10192 RequestorUid: 10192 RequestorPkg: com.example.cmput301w24t33 UnderlyingNetworks: Null] ]
03-08 10:11:04.021  3125  3359 I NetworkScheduler.Stats: Task com.google.android.gms/com.google.android.gms.credential.manager.service.operations.checkup.OnDeviceCheckupTaskBoundService started execution. cause:5 exec_start_elapsed_seconds: 133 [CONTEXT service_id=218 ]
03-08 10:11:04.023  2748  4617 D nativeloader: Configuring clns-8 for other apk /system/framework/com.android.media.remotedisplay.jar. target_sdk_version=33, uses_libraries=ALL, library_path=/product/priv-app/PrebuiltGmsCore/lib/x86_64:/product/priv-app/PrebuiltGmsCore/PrebuiltGmsCore.apk!/lib/x86_64, permitted_path=/data:/mnt/expand:/data/user/0/com.google.android.gms
03-08 10:11:04.054  2748  4617 D nativeloader: Configuring clns-9 for other apk /system/framework/com.android.location.provider.jar. target_sdk_version=33, uses_libraries=ALL, library_path=/product/priv-app/PrebuiltGmsCore/lib/x86_64:/product/priv-app/PrebuiltGmsCore/PrebuiltGmsCore.apk!/lib/x86_64, permitted_path=/data:/mnt/expand:/data/user/0/com.google.android.gms
03-08 10:11:04.055  2748  4617 D ApplicationLoaders: Returning zygote-cached class loader: /system_ext/framework/androidx.window.extensions.jar
03-08 10:11:04.055  2748  4617 D ApplicationLoaders: Returning zygote-cached class loader: /system_ext/framework/androidx.window.sidecar.jar
03-08 10:11:04.090  1971  2951 W SearchServiceCore: Abort, client detached.
03-08 10:11:04.090  1971  2951 W SearchServiceCore: Abort, client detached.
03-08 10:11:04.094  4448  4625 D nativeloader: Configuring clns-10 for other apk /system/framework/com.android.media.remotedisplay.jar. target_sdk_version=33, uses_libraries=ALL, library_path=/product/priv-app/PrebuiltGmsCore/lib/x86_64:/product/priv-app/PrebuiltGmsCore/PrebuiltGmsCore.apk!/lib/x86_64, permitted_path=/data:/mnt/expand:/data/user/0/com.google.android.gms
03-08 10:11:04.097  1971  2951 W SearchServiceCore: Abort, client detached.
03-08 10:11:04.104  1835  2297 W gle.android.gms: Long monitor contention with owner lowpool[4] (3088) at cvdh cvdh.a(android.content.ContentResolver, android.net.Uri, java.lang.Runnable)(:com.google.android.gms@231818047@23.18.18 (190800-535401451):3) waiters=2 in cvdh cvdh.a(android.content.ContentResolver, android.net.Uri, java.lang.Runnable) for 176ms
03-08 10:11:04.108  4547  4547 I AidlLazyServiceRegistrar: Process has 1 (of 1 available) client(s) in use after notification android.hardware.drm.IDrmFactory/clearkey has clients: 1
03-08 10:11:04.111  4547  4547 I AidlLazyServiceRegistrar: Process has 0 (of 1 available) client(s) in use after notification android.hardware.drm.IDrmFactory/clearkey has clients: 0
03-08 10:11:04.111  4547  4547 I AidlLazyServiceRegistrar: Trying to shut down the service. No clients in use for any service in process.
03-08 10:11:04.114  4547  4547 I AidlLazyServiceRegistrar: Unregistered all clients and exiting
03-08 10:11:04.115  2748  4617 D nativeloader: Configuring product-clns-10 for unbundled product apk /product/priv-app/PrebuiltGmsCore/PrebuiltGmsCore.apk. target_sdk_version=33, uses_libraries=, library_path=/product/priv-app/PrebuiltGmsCore/lib/x86_64:/product/priv-app/PrebuiltGmsCore/PrebuiltGmsCore.apk!/lib/x86_64:/product/lib64:/system/product/lib64, permitted_path=/data:/mnt/expand:/data/user/0/com.google.android.gms:/product/lib64:/system/product/lib64
03-08 10:11:04.122  1835  2734 I Icing   : Indexing com.google.android.gms-apps from com.google.android.gms
03-08 10:11:04.174  2748  4617 V NativeCrypto: Registering com/google/android/gms/org/conscrypt/NativeCrypto's 295 native methods...
03-08 10:11:04.200  4448  4625 D nativeloader: Configuring clns-11 for other apk /system/framework/com.android.location.provider.jar. target_sdk_version=33, uses_libraries=ALL, library_path=/product/priv-app/PrebuiltGmsCore/lib/x86_64:/product/priv-app/PrebuiltGmsCore/PrebuiltGmsCore.apk!/lib/x86_64, permitted_path=/data:/mnt/expand:/data/user/0/com.google.android.gms
03-08 10:11:04.202  4448  4625 D ApplicationLoaders: Returning zygote-cached class loader: /system_ext/framework/androidx.window.extensions.jar
03-08 10:11:04.203  4448  4625 D ApplicationLoaders: Returning zygote-cached class loader: /system_ext/framework/androidx.window.sidecar.jar
03-08 10:11:04.212  1971  2951 W SearchServiceCore: Abort, client detached.
03-08 10:11:04.213  1971  2951 W SearchServiceCore: Abort, client detached.
03-08 10:11:04.252  4448  4625 D nativeloader: InitLlndkLibrariesProduct: libEGL.so:libGLESv1_CM.so:libGLESv2.so:libGLESv3.so:libRS.so:libandroid_net.so:libbinder_ndk.so:libc.so:libcgrouprc.so:libclang_rt.asan-x86_64-android.so:libcom.android.tethering.connectivity_native.so:libdl.so:libft2.so:liblog.so:libm.so:libmediandk.so:libnativewindow.so:libneuralnetworks.so:libselinux.so:libsync.so:libvndksupport.so:libvulkan.so
03-08 10:11:04.256  4448  4625 D nativeloader: Configuring product-clns-12 for unbundled product apk /product/priv-app/PrebuiltGmsCore/PrebuiltGmsCore.apk. target_sdk_version=33, uses_libraries=, library_path=/product/priv-app/PrebuiltGmsCore/lib/x86_64:/product/priv-app/PrebuiltGmsCore/PrebuiltGmsCore.apk!/lib/x86_64:/product/lib64:/system/product/lib64, permitted_path=/data:/mnt/expand:/data/user/0/com.google.android.gms:/product/lib64:/system/product/lib64
03-08 10:11:04.283  1971  2951 W SearchServiceCore: Abort, client detached.
03-08 10:11:04.323  4448  4625 D nativeloader: InitVndkspLibrariesProduct: android.hardware.common-V2-ndk.so:android.hardware.common.fmq-V1-ndk.so:android.hardware.graphics.allocator-V2-ndk.so:android.hardware.graphics.common-V4-ndk.so:android.hardware.graphics.common@1.0.so:android.hardware.graphics.common@1.1.so:android.hardware.graphics.common@1.2.so:android.hardware.graphics.composer3-V1-ndk.so:android.hardware.graphics.mapper@2.0.so:android.hardware.graphics.mapper@2.1.so:android.hardware.graphics.mapper@3.0.so:android.hardware.graphics.mapper@4.0.so:android.hardware.renderscript@1.0.so:android.hidl.memory.token@1.0.so:android.hidl.memory@1.0-impl.so:android.hidl.memory@1.0.so:android.hidl.safe_union@1.0.so:libRSCpuRef.so:libRSDriver.so:libRS_internal.so:libbase.so:libbcinfo.so:libblas.so:libc++.so:libcompiler_rt.so:libcutils.so:libdmabufheap.so:libgralloctypes.so:libhardware.so:libhidlbase.so:libhidlmemory.so:libion.so:libjsoncpp.so:liblzma.so:libprocessgroup.so:libunwindstack.so:libutils.so:libutilscallstack.so:libz.so
03-08 10:11:04.332  3125  3125 D BoundBrokerSvc: onUnbind: Intent { act=com.google.android.gms.semanticlocation.service.START_ODLH pkg=com.google.android.gms }
03-08 10:11:04.392  4448  4625 V NativeCrypto: Registering com/google/android/gms/org/conscrypt/NativeCrypto's 295 native methods...
03-08 10:11:04.402  1835  2297 W ChimeraUtils: Module com.google.android.gms.credential_manager missing resource null(0)
03-08 10:11:04.406  4448  4625 W .cmput301w24t33: Accessing hidden method Ljava/security/spec/ECParameterSpec;->getCurveName()Ljava/lang/String; (unsupported, reflection, allowed)
03-08 10:11:04.417  2748  4617 I ProviderInstaller: Installed default security provider GmsCore_OpenSSL
03-08 10:11:04.429  1835  1835 D BoundBrokerSvc: onUnbind: Intent { act=com.google.android.gms.checkin.START pkg=com.google.android.gms }
03-08 10:11:04.443  1835  1835 D BoundBrokerSvc: onBind: Intent { act=com.google.android.gms.credential.manager.service.zeroparty.checkup.START dat=chimera-action:/... cmp=com.google.android.gms/.chimera.GmsApiService }
03-08 10:11:04.443  1835  1835 D BoundBrokerSvc: Loading bound service for intent: Intent { act=com.google.android.gms.credential.manager.service.zeroparty.checkup.START dat=chimera-action:/... cmp=com.google.android.gms/.chimera.GmsApiService }
03-08 10:11:04.471  1835  2209 I Icing   : IndexChimeraService.getServiceInterface callingPackage=com.google.android.gms componentName=null serviceId=30
03-08 10:11:04.473  1835  2734 I Icing   : Indexing done com.google.android.gms-apps
03-08 10:11:04.480  3125  3986 I NetworkScheduler.Stats: Task com.google.android.gms/com.google.android.gms.mdm.LogFmdEnabledBoundService finished executing. cause:5 result: 1 elapsed_millis: 3014 uptime_millis: 3014 exec_start_elapsed_seconds: 133 [CONTEXT service_id=218 ]
03-08 10:11:04.523  2748  2976 W ziparchive: Unable to open '/data/user_de/0/com.google.android.gms/app_chimera/m/00000002/DynamiteLoader.dm': No such file or directory
03-08 10:11:04.523  2748  2976 W ziparchive: Unable to open '/data/user_de/0/com.google.android.gms/app_chimera/m/00000002/DynamiteLoader.dm': No such file or directory
03-08 10:11:04.543  1835  1835 D BoundBrokerSvc: onUnbind: Intent { act=com.google.android.gms.mdm.LogFmdEnabledBoundService.ACTION_TASK_READY dat=chimera-action:/... cmp=com.google.android.gms/.chimera.GmsInternalBoundBrokerService }
03-08 10:11:04.548  1124  1124 I SafetyLabelChangedBroadcastReceiver: received broadcast packageName: com.example.cmput301w24t33, current user: UserHandle{0}, packageChangeEvent: UPDATE, intent user: UserHandle{0}
03-08 10:11:04.553  3125  3125 D BoundBrokerSvc: onUnbind: Intent { act=com.google.android.gms.pseudonymous.service.START dat=chimera-action:/... cmp=com.google.android.gms/.chimera.PersistentApiService }
03-08 10:11:04.586  1835  2734 I Icing   : Usage reports ok 0, Failed Usage reports 0, indexed 0, rejected 0
03-08 10:11:04.586  1711  1711 I AiAiLocation: Location change notification received from provider
03-08 10:11:04.594  3125  4324 I NearbyDiscovery: FastPairHandler: Received action android.net.conn.CONNECTIVITY_CHANGE [CONTEXT service_id=265 ]
03-08 10:11:04.596  1711  1711 I AiAiLocation: Location changed past travel threshold, updating current location
03-08 10:11:04.598  3125  4324 I NearbyDiscovery: FastPairHandler: Received action android.net.wifi.STATE_CHANGE [CONTEXT service_id=265 ]
03-08 10:11:04.601  1711  2202 I AiAiTextClassifier: Location changed, triggering sync of Webref model
03-08 10:11:04.604  1711  2202 I AiAiTextClassifier: Syncing webref with url: https://gstatic.com/webref-ondevice/aiai/19071200_pir/2/en-us/superpacks_manifest.zip, version 19071200
03-08 10:11:04.608  1711  2202 I SP.Model.AiAi: Setting manifest to https://gstatic.com/webref-ondevice/aiai/19071200_pir/2/en-us/superpacks_manifest.zip.19071200 and syncing
03-08 10:11:04.635  1711  2121 I SP.AiAi : Registering webref-2-en-us.19071200, url: https://gstatic.com/webref-ondevice/aiai/19071200_pir/2/en-us/superpacks_manifest.zip, constraints: m:C:u:l, flags: *, requested: 19071200, current: -1
03-08 10:11:04.686  1711  2121 I SP.AiAi : Scheduling job with delay of 0s for {W:C:I:l, bg}, 1 candidates
03-08 10:11:04.746  4448  4625 I ProviderInstaller: Installed default security provider GmsCore_OpenSSL
03-08 10:11:04.797  2748  2976 W ziparchive: Unable to open '/data/user_de/0/com.google.android.gms/app_chimera/m/00000001/CronetDynamite.dm': No such file or directory
03-08 10:11:04.797  2748  2976 W ziparchive: Unable to open '/data/user_de/0/com.google.android.gms/app_chimera/m/00000001/CronetDynamite.dm': No such file or directory
03-08 10:11:04.854  1971  1971 I BgTaskExecutorImpl: Starting PERIODIC background task NGA_READ_ONLY_LOGS_BASED_TOP_CONTACTS_NGA_PUSH.
03-08 10:11:04.857  1711  2121 I SP.AiAi : Scheduling job with delay of 0s for {m:C:u:l, bg}, 1 candidates
03-08 10:11:04.894  3125  3125 D BoundBrokerSvc: onUnbind: Intent { act=com.google.android.gms.clearcut.bootcount.service.START dat=chimera-action:/... cmp=com.google.android.gms/.chimera.PersistentBoundBrokerService }
03-08 10:11:04.928  2748  2976 D nativeloader: Configuring clns-11 for other apk . target_sdk_version=34, uses_libraries=ALL, library_path=/data/user_de/0/com.google.android.gms/app_chimera/m/00000001/CronetDynamite.apk!/lib/x86_64:/data/user_de/0/com.google.android.gms/app_chimera/m/00000001/CronetDynamite.apk!/lib/arm64-v8a, permitted_path=/data:/mnt/expand
03-08 10:11:04.955  3125  4604 W ChimeraUtils: Module com.google.android.gms.nearby_en missing resource null(0)
03-08 10:11:04.957  2748  2976 I cr_CronetLibraryLoader: Cronet version: 113.0.5672.51, arch: x86_64
03-08 10:11:04.957  3125  4604 W ChimeraUtils: Module com.google.android.gms.nearby_en missing resource null(0)
03-08 10:11:04.981   569  2008 D ConnectivityService: requestNetwork for uid/pid:10192/4448 activeRequest: null callbackRequest: 149 [NetworkRequest [ REQUEST id=150, [ Capabilities: INTERNET&NOT_RESTRICTED&TRUSTED&NOT_VCN_MANAGED Uid: 10192 RequestorUid: 10192 RequestorPkg: com.example.cmput301w24t33 UnderlyingNetworks: Null] ]] callback flags: 0 order: 2147483647
03-08 10:11:04.983   569  1335 W system_server: Long monitor contention with owner appscheduling.default (655) at void com.android.server.job.JobSchedulerService$JobHandler.handleMessage(android.os.Message)(JobSchedulerService.java:3305) waiters=1 in void com.android.server.job.JobServiceContext.doCallback(com.android.server.job.JobServiceContext$JobCallback, boolean, java.lang.String) for 126ms
03-08 10:11:04.984   569  2286 W system_server: Long monitor contention with owner appscheduling.default (655) at void com.android.server.job.JobSchedulerService$JobHandler.handleMessage(android.os.Message)(JobSchedulerService.java:3305) waiters=2 in int com.android.server.job.JobSchedulerService.scheduleAsPackage(android.app.job.JobInfo, android.app.job.JobWorkItem, int, java.lang.String, int, java.lang.String, java.lang.String) for 125ms
03-08 10:11:04.984   569   712 D WifiNetworkFactory: got request NetworkRequest [ REQUEST id=150, [ Capabilities: INTERNET&NOT_RESTRICTED&TRUSTED&NOT_VCN_MANAGED Uid: 10192 RequestorUid: 10192 RequestorPkg: com.example.cmput301w24t33 UnderlyingNetworks: Null] ]
03-08 10:11:04.985   569   712 D UntrustedWifiNetworkFactory: got request NetworkRequest [ REQUEST id=150, [ Capabilities: INTERNET&NOT_RESTRICTED&TRUSTED&NOT_VCN_MANAGED Uid: 10192 RequestorUid: 10192 RequestorPkg: com.example.cmput301w24t33 UnderlyingNetworks: Null] ]
03-08 10:11:04.986   569   719 D ConnectivityService: NetReassign [150 : null  101] [c 1] [a 1] [i 3]
03-08 10:11:04.986   569   712 D OemPaidWifiNetworkFactory: got request NetworkRequest [ REQUEST id=150, [ Capabilities: INTERNET&NOT_RESTRICTED&TRUSTED&NOT_VCN_MANAGED Uid: 10192 RequestorUid: 10192 RequestorPkg: com.example.cmput301w24t33 UnderlyingNetworks: Null] ]
03-08 10:11:04.987   569   712 D MultiInternetWifiNetworkFactory: got request NetworkRequest [ REQUEST id=150, [ Capabilities: INTERNET&NOT_RESTRICTED&TRUSTED&NOT_VCN_MANAGED Uid: 10192 RequestorUid: 10192 RequestorPkg: com.example.cmput301w24t33 UnderlyingNetworks: Null] ]
03-08 10:11:05.024   569  2004 D ConnectivityService: requestNetwork for uid/pid:10152/2748 activeRequest: null callbackRequest: 151 [NetworkRequest [ REQUEST id=152, [ Capabilities: INTERNET&NOT_RESTRICTED&TRUSTED&NOT_VCN_MANAGED Uid: 10152 RequestorUid: 10152 RequestorPkg: com.google.android.contacts UnderlyingNetworks: Null] ]] callback flags: 0 order: 2147483647
03-08 10:11:05.028   569   712 D WifiNetworkFactory: got request NetworkRequest [ REQUEST id=152, [ Capabilities: INTERNET&NOT_RESTRICTED&TRUSTED&NOT_VCN_MANAGED Uid: 10152 RequestorUid: 10152 RequestorPkg: com.google.android.contacts UnderlyingNetworks: Null] ]
03-08 10:11:05.029   569   712 D UntrustedWifiNetworkFactory: got request NetworkRequest [ REQUEST id=152, [ Capabilities: INTERNET&NOT_RESTRICTED&TRUSTED&NOT_VCN_MANAGED Uid: 10152 RequestorUid: 10152 RequestorPkg: com.google.android.contacts UnderlyingNetworks: Null] ]
03-08 10:11:05.029   569   712 D OemPaidWifiNetworkFactory: got request NetworkRequest [ REQUEST id=152, [ Capabilities: INTERNET&NOT_RESTRICTED&TRUSTED&NOT_VCN_MANAGED Uid: 10152 RequestorUid: 10152 RequestorPkg: com.google.android.contacts UnderlyingNetworks: Null] ]
03-08 10:11:05.031   569   712 D MultiInternetWifiNetworkFactory: got request NetworkRequest [ REQUEST id=152, [ Capabilities: INTERNET&NOT_RESTRICTED&TRUSTED&NOT_VCN_MANAGED Uid: 10152 RequestorUid: 10152 RequestorPkg: com.google.android.contacts UnderlyingNetworks: Null] ]
03-08 10:11:05.033   569   719 D ConnectivityService: NetReassign [152 : null  101] [c 1] [a 0] [i 2]
03-08 10:11:05.059   569   719 D ConnectivityService: NetReassign [no changes] [c 1] [a 0] [i 12]
03-08 10:11:05.068  4448  4448 I ViewInteraction: Checking 'MatchesViewAssertion{viewMatcher=(view has effective visibility <VISIBLE> and view.getGlobalVisibleRect() to return non-empty rectangle)}' assertion on view view.getId() is <2131230797/com.example.cmput301w24t33:id/admin_events_layout>
03-08 10:11:05.073  4448  4448 I ViewInteraction: Performing 'single click' action on view view.getId() is <2131231335/com.example.cmput301w24t33:id/view_events_back_button>
03-08 10:11:05.078  1835  3088 I Icing   : Indexing com.google.android.gms-apps from com.google.android.gms
03-08 10:11:05.082  1130  1130 D TaplEvents: TIS / TouchInteractionService.onInputEvent: MotionEvent { action=ACTION_DOWN, actionButton=0, id[0]=0, x[0]=54.5, y[0]=134.5, toolType[0]=TOOL_TYPE_UNKNOWN, buttonState=BUTTON_PRIMARY, classification=NONE, metaState=0, flags=0x0, edgeFlags=0x0, pointerCount=1, historySize=0, eventTime=137074, downTime=137074, deviceId=-1, source=0x1002, displayId=0, eventId=-1009549168 }
03-08 10:11:05.090  1835  3088 I Icing   : Indexing done com.google.android.gms-apps
03-08 10:11:05.100  3125  3961 I Fitness : OnPackageChangedOperation got intent: Intent { act=android.intent.action.PACKAGE_CHANGED dat=package: flg=0x5000010 pkg=com.google.android.gms cmp=com.google.android.gms/.chimera.PersistentIntentOperationService (has extras) } [CONTEXT service_id=17 ]
03-08 10:11:05.112  3125  3986 I NetworkScheduler.Stats: Task com.google.android.gms/com.google.android.gms.credential.manager.service.operations.checkup.OnDeviceCheckupTaskBoundService finished executing. cause:5 result: 1 elapsed_millis: 3163 uptime_millis: 3163 exec_start_elapsed_seconds: 133 [CONTEXT service_id=218 ]
03-08 10:11:05.129  4448  4576 D EGL_emulation: app_time_stats: avg=343.33ms min=1.45ms max=1413.13ms count=8
03-08 10:11:05.162  4448  4448 W Firestore: (24.10.2) [CustomClassMapper]: No setter/field for endDateTime found on class com.example.cmput301w24t33.events.Event
03-08 10:11:05.164  4448  4448 W Firestore: (24.10.2) [CustomClassMapper]: No setter/field for startDateTime found on class com.example.cmput301w24t33.events.Event
03-08 10:11:05.167  4448  4448 W Firestore: (24.10.2) [CustomClassMapper]: No setter/field for startDateTime found on class com.example.cmput301w24t33.events.Event
03-08 10:11:05.169  4448  4448 W Firestore: (24.10.2) [CustomClassMapper]: No setter/field for endDateTime found on class com.example.cmput301w24t33.events.Event
03-08 10:11:05.172  4448  4448 W Firestore: (24.10.2) [CustomClassMapper]: No setter/field for startDateTime found on class com.example.cmput301w24t33.events.Event
03-08 10:11:05.174  4448  4448 W Firestore: (24.10.2) [CustomClassMapper]: No setter/field for endDateTime found on class com.example.cmput301w24t33.events.Event
03-08 10:11:05.177  4448  4448 W Firestore: (24.10.2) [CustomClassMapper]: No setter/field for startDateTime found on class com.example.cmput301w24t33.events.Event
03-08 10:11:05.180  4448  4448 W Firestore: (24.10.2) [CustomClassMapper]: No setter/field for endDateTime found on class com.example.cmput301w24t33.events.Event
03-08 10:11:05.182  4448  4448 W Firestore: (24.10.2) [CustomClassMapper]: No setter/field for endDateTime found on class com.example.cmput301w24t33.events.Event
