03-08 10:11:07.666  4448  4554 I TestRunner: started: testAdminViewProfiles(com.example.cmput301w24t33.AdminUITest)
03-08 10:11:07.705  4448  4554 W Settings: Setting always_finish_activities has moved from android.provider.Settings.System to android.provider.Settings.Global, returning read-only value.
03-08 10:11:07.737   413   413 I BpBinder: onLastStrongRef automatically unlinking death recipients:
03-08 10:11:07.815  1130  1918 E OpenGLRenderer: Unable to match the desired swap behavior.
03-08 10:11:07.956   793   845 W WindowOnBackDispatcher: sendCancelIfRunning: isInProgress=falsecallback=android.view.ViewRootImpl$$ExternalSyntheticLambda17@f775d61
03-08 10:11:07.990   569  2007 W InputManager-JNI: Input channel object '773e382 Splash Screen com.example.cmput301w24t33.test (client)' was disposed without first being removed with the input manager!
03-08 10:11:08.031  3125  4701 I Fitness : OnPackageChangedOperation got intent: Intent { act=android.intent.action.PACKAGE_CHANGED dat=package: flg=0x5000010 pkg=com.google.android.gms cmp=com.google.android.gms/.chimera.PersistentIntentOperationService (has extras) } [CONTEXT service_id=17 ]
03-08 10:11:08.041  3125  3854 W ChimeraUtils: Module com.google.android.gms.nearby_en missing resource null(0)
03-08 10:11:08.053  1835  3088 I Icing   : Indexing done com.google.android.gms-apps
03-08 10:11:08.071   569  1813 W AppSearchIcing: icing-search-engine.cc:283: Error: 5, Message: Document (com.google.android.googlequicksearchbox$OneSearchZeroStateGoogleSuggestions/default, zp) not found.
03-08 10:11:08.084  1711  1875 I AiAiEcho: Predicting[0]:
03-08 10:11:08.093  1711  1875 I AiAiEcho: EchoTargets:
03-08 10:11:08.093  1711  1875 I AiAiEcho: Filtered by AiAi flag check:
03-08 10:11:08.093  1711  1875 I AiAiEcho: Ranked targets strategy: SORT, count: 0, ranking metadata:
03-08 10:11:08.103  1711  1875 I AiAiEcho: #postPredictionTargets: Sending updates to UISurface home with targets# 0 (types=[])
03-08 10:11:08.107  1130  2125 D OneSearchSuggestProvider: Created the binder channel successfully for end point service =com.google.android.apps.search.googleapp.search.suggest.plugins.onesearch.server.OneSearchSuggestService , mChannel=z1{delegate=s1{logId=5, target=directaddress:///AndroidComponentAddress%5BIntent%20%7B%20act=grpc.io.action.BIND%20cmp=com.google.android.googlequicksearchbox/com.google.android.apps.search.googleapp.search.suggest.plugins.onesearch.server.OneSearchSuggestService%20%7D%5D}} , mOneSearchConnection=X1.T@76fe289
03-08 10:11:08.109   355   410 I netd    : tetherGetStats() -> {[]} <43.87ms>
03-08 10:11:08.135  1835  3088 I Icing   : Indexing com.google.android.gms-apps from com.google.android.gms
03-08 10:11:08.138  1835  3088 I Icing   : Indexing done com.google.android.gms-apps
03-08 10:11:08.171   355   410 I netd    : bandwidthSetGlobalAlert(2097152) <2.41ms>
03-08 10:11:08.182   569   711 W system_server: Long monitor contention with owner NetworkStats (708) at void android.net.connectivity.com.android.server.net.NetworkStatsService.performPoll(int)(NetworkStatsService.java:2333) waiters=0 in void android.net.connectivity.com.android.server.net.NetworkStatsService.noteUidForeground(int, boolean) for 354ms
03-08 10:11:08.197   569   646 W system_server: Long monitor contention with owner binder:569_14 (2005) at android.app.ContentProviderHolder com.android.server.am.ContentProviderHelper.getContentProviderImpl(android.app.IApplicationThread, java.lang.String, android.os.IBinder, int, java.lang.String, java.lang.String, boolean, int)(ContentProviderHelper.java:614) waiters=5 in int com.android.server.am.ActivityManagerService.getMemoryTrimLevel() for 195ms
03-08 10:11:08.199  3125  3854 W ChimeraUtils: Module com.google.android.gms.nearby_en missing resource null(0)
03-08 10:11:08.200  1835  2297 I Icing   : Indexing com.google.android.gms-apps from com.google.android.gms
03-08 10:11:08.201  1835  2297 I Icing   : Indexing done com.google.android.gms-apps
03-08 10:11:08.238   355   410 I netd    : bandwidthRemoveInterfaceQuota(eth0) <2.94ms>
03-08 10:11:08.255   355   410 I netd    : bandwidthSetInterfaceQuota(eth0, 9223372036854775807) <3.63ms>
03-08 10:11:08.257   793   846 D SplashScreenView: Build android.window.SplashScreenView{8376896 V.E...... ......ID 0,0-0,0}
03-08 10:11:08.257   793   846 D SplashScreenView: Icon: view: null drawable: null size: 0
03-08 10:11:08.257   793   846 D SplashScreenView: Branding: view: android.view.View{b796c17 G.ED..... ......I. 0,0-0,0 #10204ef android:id/splashscreen_branding_view} drawable: null size w: 0 h: 0
03-08 10:11:08.334  4448  4448 D LifecycleMonitor: Lifecycle status change: com.example.cmput301w24t33.activities.Admin@4192968 in: PRE_ON_CREATE
03-08 10:11:08.335  4448  4448 V ActivityScenario: Activity lifecycle changed event received but ignored because the reported transition was not ON_CREATE while the last known transition was PRE_ON_CREATE
03-08 10:11:08.354   793   888 E OpenGLRenderer: Unable to match the desired swap behavior.
03-08 10:11:08.422  3125  4420 W .gms.persistent: Long monitor contention with owner netscheduler-queue-handler (3677) at void bytb.o(int)(:com.google.android.gms@231818047@23.18.18 (190800-535401451):4) waiters=0 in void bytb.t(boolean, awbu) for 1.221s
03-08 10:11:08.444   355   410 I netd    : bandwidthRemoveInterfaceQuota(eth0) <1.13ms>
03-08 10:11:08.448   355   410 I netd    : bandwidthSetInterfaceQuota(eth0, 9223372036854775807) <1.42ms>
03-08 10:11:08.468   569   792 D NetworkStatsObservers: Unregistering RequestInfo from pid/uid:569/1000(android) for DataUsageRequest [ requestId=4, networkTemplate=NetworkTemplate: matchRule=MOBILE, matchSubscriberIds=[310260...], matchWifiNetworkKeys=[], metered=YES, defaultNetwork=NO, thresholdInBytes=10716822 ] accessLevel:3
03-08 10:11:08.474  4448  4448 D LifecycleMonitor: Lifecycle status change: com.example.cmput301w24t33.activities.Admin@4192968 in: CREATED
03-08 10:11:08.475  4448  4448 V ActivityScenario: Update currentActivityStage to CREATED, currentActivity=com.example.cmput301w24t33.activities.Admin@4192968
03-08 10:11:08.480  4448  4448 D LifecycleMonitor: Lifecycle status change: com.example.cmput301w24t33.activities.Admin@4192968 in: STARTED
03-08 10:11:08.481  4448  4448 V ActivityScenario: Update currentActivityStage to STARTED, currentActivity=com.example.cmput301w24t33.activities.Admin@4192968
03-08 10:11:08.486  4448  4448 D ContentValues: ADMIN RESUME
03-08 10:11:08.488  4448  4448 D LifecycleMonitor: Lifecycle status change: com.example.cmput301w24t33.activities.Admin@4192968 in: RESUMED
03-08 10:11:08.489  4448  4448 V ActivityScenario: Update currentActivityStage to RESUMED, currentActivity=com.example.cmput301w24t33.activities.Admin@4192968
03-08 10:11:08.491   569   710 D NetworkStatsObservers: Registering observer for RequestInfo from pid/uid:569/1000(android) for DataUsageRequest [ requestId=5, networkTemplate=NetworkTemplate: matchRule=MOBILE, matchSubscriberIds=[310260...], matchWifiNetworkKeys=[], metered=YES, defaultNetwork=NO, thresholdInBytes=10703040 ] accessLevel:3
03-08 10:11:08.516   569   711 W system_server: Long monitor contention with owner binder:569_18 (2010) at void com.android.server.am.OomAdjuster.performUpdateOomAdjPendingTargetsLocked(int)(OomAdjuster.java:920) waiters=0 in void com.android.server.am.ActivityManagerService$LocalService.notifyNetworkPolicyRulesUpdated(int, long) for 213ms
03-08 10:11:08.605  4448  4576 E OpenGLRenderer: Unable to match the desired swap behavior.
03-08 10:11:08.644   361  4293 D android.hardware.audio@7.1-impl.ranchu: threadLoop: entering standby, frames: 493952
03-08 10:11:08.703   355   410 I netd    : tetherGetStats() -> {[]} <0.71ms>
03-08 10:11:08.703  3125  4420 W .gms.persistent: Long monitor contention with owner netscheduler-queue-handler (3677) at void bytk.e()(:com.google.android.gms@231818047@23.18.18 (190800-535401451):3) waiters=0 in boolean bytk.g() for 280ms
03-08 10:11:08.708   793   888 D EGL_emulation: app_time_stats: avg=49.90ms min=1.65ms max=728.51ms count=27
03-08 10:11:08.724   793   888 D EGL_emulation: app_time_stats: avg=231.65ms min=16.24ms max=1010.37ms count=5
03-08 10:11:08.745   569   594 W ziparchive: Unable to open '/data/app/~~-ZQDh_ej0yOCMvH8Aun0ig==/com.example.cmput301w24t33-2nDa2-hhDMhHHKxFbXujfg==/base.dm': No such file or directory
03-08 10:11:08.757   569   594 I ActivityTaskManager: Displayed com.example.cmput301w24t33/.activities.Admin for user 0: +573ms
03-08 10:11:08.766   569  3073 I ImeTracker: com.example.cmput301w24t33:6037c1c5: onRequestHide at ORIGIN_SERVER_HIDE_INPUT reason HIDE_UNSPECIFIED_WINDOW
03-08 10:11:08.766   569  3073 I ImeTracker: com.example.cmput301w24t33:6037c1c5: onCancelled at PHASE_SERVER_SHOULD_HIDE
03-08 10:11:08.769  1542  1542 I GoogleInputMethodService: GoogleInputMethodService.onFinishInput():3227
03-08 10:11:08.777  1542  1542 I GoogleInputMethodService: GoogleInputMethodService.updateDeviceLockedStatus():2087 repeatCheckTimes = 0, unlocked = true
03-08 10:11:08.777  1542  1542 I GoogleInputMethodService: GoogleInputMethodService.onStartInput():1877 onStartInput(EditorInfo{inputType=0x0(NULL) imeOptions=0x0 privateImeOptions=null actionName=UNSPECIFIED actionLabel=null actionId=0 initialSelStart=-1 initialSelEnd=-1 initialCapsMode=0x0 hintText=null label=null packageName=com.example.cmput301w24t33 fieldId=0 fieldName=null extras=null}, false)
03-08 10:11:08.777  1542  1542 I GoogleInputMethodService: GoogleInputMethodService.shouldHideHeaderOnInitialState():4008 ShouldHideHeaderOnInitialState = false
03-08 10:11:08.780  1542  1542 I GoogleInputMethodService: GoogleInputMethodService.updateDeviceLockedStatus():2087 repeatCheckTimes = 2, unlocked = true
03-08 10:11:08.797  4676  4676 W WindowOnBackDispatcher: sendCancelIfRunning: isInProgress=falsecallback=android.view.ViewRootImpl$$ExternalSyntheticLambda17@4d8eea8
03-08 10:11:08.801   569  3073 W InputManager-JNI: Input channel object '1b7d5f2 com.example.cmput301w24t33.test/androidx.test.core.app.InstrumentationActivityInvoker$EmptyActivity (client)' was disposed without first being removed with the input manager!
03-08 10:11:08.831  1124  1124 D CompatibilityChangeReporter: Compat change id reported: 194532703; UID 10181; state: ENABLED
03-08 10:11:08.831  1124  1124 D CompatibilityChangeReporter: Compat change id reported: 253665015; UID 10181; state: ENABLED
03-08 10:11:08.886  4448  4448 I ViewInteraction: Performing 'single click' action on view view.getId() is <2131231179/com.example.cmput301w24t33:id/profile_arrow_button>
03-08 10:11:08.925   569  3073 I RemoteProvisionSysSvc: getRegistration(android.hardware.security.keymint.IRemotelyProvisionedComponent/default)
03-08 10:11:08.949  4448  4448 D AutofillManager: Fill dialog is enabled:false, hints=[password, passwordAuto, creditCardNumber, creditCardSecurityCode, creditCardExpirationDate]
03-08 10:11:08.997  4448  4448 W WindowOnBackDispatcher: OnBackInvokedCallback is not enabled for the application.
03-08 10:11:08.997  4448  4448 W WindowOnBackDispatcher: Set 'android:enableOnBackInvokedCallback="true"' in the application manifest.
03-08 10:11:09.013   401   444 D audioserver: FGS Logger Transaction failed
03-08 10:11:09.014   401   444 D audioserver: -129
03-08 10:11:09.045  1130  1130 D TaplEvents: TIS / TouchInteractionService.onInputEvent: MotionEvent { action=ACTION_DOWN, actionButton=0, id[0]=0, x[0]=1010.5, y[0]=1029.5, toolType[0]=TOOL_TYPE_UNKNOWN, buttonState=BUTTON_PRIMARY, classification=NONE, metaState=0, flags=0x0, edgeFlags=0x0, pointerCount=1, historySize=0, eventTime=140889, downTime=140889, deviceId=-1, source=0x1002, displayId=0, eventId=-160528974 }
03-08 10:11:09.046  1130  1130 D TaplEvents: TIS / TouchInteractionService.onInputEvent: MotionEvent { action=ACTION_UP, actionButton=0, id[0]=0, x[0]=1010.5, y[0]=1029.5, toolType[0]=TOOL_TYPE_UNKNOWN, buttonState=BUTTON_PRIMARY, classification=NONE, metaState=0, flags=0x0, edgeFlags=0x0, pointerCount=1, historySize=0, eventTime=140973, downTime=140889, deviceId=-1, source=0x1002, displayId=0, eventId=-863403059 }
03-08 10:11:09.066   569   605 W system_server: Long monitor contention with owner android.display (597) at void com.android.server.am.ActivityManagerService.trimApplications(boolean, int)(ActivityManagerService.java:16730) waiters=3 in void com.android.server.am.ContentProviderHelper.handleProviderRemoval(com.android.server.am.ContentProviderConnection, boolean, boolean) for 173ms
03-08 10:11:09.136   793   845 W WindowOnBackDispatcher: sendCancelIfRunning: isInProgress=falsecallback=android.view.ViewRootImpl$$ExternalSyntheticLambda17@3daf46e
03-08 10:11:09.187   569  1335 W InputManager-JNI: Input channel object 'eff80d9 Splash Screen com.example.cmput301w24t33 (client)' was disposed without first being removed with the input manager!
03-08 10:11:09.191   401   526 D audioserver: FGS Logger Transaction failed
03-08 10:11:09.191   401   526 D audioserver: -129
03-08 10:11:09.289   569   569 I RegistrationProxy: onServiceConnected: com.android.rkpdapp.service.RemoteProvisioningService
03-08 10:11:09.292  1130  2125 D OneSearchSuggestProvider: Shut down the binder channel
03-08 10:11:09.313  1130  1210 I ImeTracker: com.google.android.apps.nexuslauncher:5c12f813: onRequestHide at ORIGIN_CLIENT_HIDE_SOFT_INPUT reason HIDE_SOFT_INPUT
03-08 10:11:09.313  1130  1210 I ImeTracker: com.google.android.apps.nexuslauncher:5c12f813: onFailed at PHASE_CLIENT_VIEW_SERVED
03-08 10:11:09.320  3125  4192 I Fitness : FitCleanupIntentOperation received Intent android.intent.action.PACKAGE_CHANGED [CONTEXT service_id=17 ]
03-08 10:11:09.345   569  2005 I RegistrationProxy: IGetRegistrationCallback.onSuccess
03-08 10:11:09.363  4448  4448 W Firestore: (24.10.2) [CustomClassMapper]: No setter/field for uID found on class com.example.cmput301w24t33.users.User
03-08 10:11:09.364  4448  4448 W Firestore: (24.10.2) [CustomClassMapper]: No setter/field for fullName found on class com.example.cmput301w24t33.users.User (fields/setters are case sensitive!)
03-08 10:11:09.389  1971  1971 E A       : [XUiKitFloggerElementsErrorLogger] LOG_TYPE_INVALID_FIELD: Received UNKNOWN mutation type. [clientId=1, featureId=0, veId=0, conversionPath=] [CONTEXT xuikit_metadata="# com.google.protos.az.c.a.b.a.b@bf46da9" ]
03-08 10:11:09.415  3125  3359 I NetworkScheduler.Stats: Task com.google.android.gms/com.google.android.gms.checkin.CheckinService started execution. cause:5 exec_start_elapsed_seconds: 139 [CONTEXT service_id=218 ]
03-08 10:11:09.465  3125  3334 W ChimeraUtils: Module com.google.android.gms.nearby_en missing resource null(0)
03-08 10:11:09.467  4448  4448 I ViewInteraction: Checking 'MatchesViewAssertion{viewMatcher=(view has effective visibility <VISIBLE> and view.getGlobalVisibleRect() to return non-empty rectangle)}' assertion on view view.getId() is <2131230799/com.example.cmput301w24t33:id/admin_view_profiles_fragment>
03-08 10:11:09.468  3125  3174 W .gms.persistent: Cleared Reference was only reachable from finalizer (only reported once)
03-08 10:11:09.471  4448  4448 I ViewInteraction: Performing 'single click' action on view view.getId() is <2131231337/com.example.cmput301w24t33:id/view_profiles_back_button>
03-08 10:11:09.475  1130  1130 D TaplEvents: TIS / TouchInteractionService.onInputEvent: MotionEvent { action=ACTION_DOWN, actionButton=0, id[0]=0, x[0]=54.5, y[0]=134.5, toolType[0]=TOOL_TYPE_UNKNOWN, buttonState=BUTTON_PRIMARY, classification=NONE, metaState=0, flags=0x0, edgeFlags=0x0, pointerCount=1, historySize=0, eventTime=141472, downTime=141472, deviceId=-1, source=0x1002, displayId=0, eventId=-936960288 }
03-08 10:11:09.475  3125  3174 I .gms.persistent: Background young concurrent copying GC freed 87336(5000KB) AllocSpace objects, 3(56KB) LOS objects, 23% free, 14MB/19MB, paused 15.251ms,1.394ms total 256.594ms
03-08 10:11:09.486  3125  3334 W ChimeraUtils: Module com.google.android.gms.nearby_en missing resource null(0)
03-08 10:11:09.516  1130  1130 D TaplEvents: TIS / TouchInteractionService.onInputEvent: MotionEvent { action=ACTION_UP, actionButton=0, id[0]=0, x[0]=54.5, y[0]=134.5, toolType[0]=TOOL_TYPE_UNKNOWN, buttonState=BUTTON_PRIMARY, classification=NONE, metaState=0, flags=0x0, edgeFlags=0x0, pointerCount=1, historySize=0, eventTime=141515, downTime=141472, deviceId=-1, source=0x1002, displayId=0, eventId=-957200198 }
03-08 10:11:09.521   401  2600 D audioserver: FGS Logger Transaction failed
03-08 10:11:09.521   401  2600 D audioserver: -129
03-08 10:11:09.531   401   526 D AudioFlinger: mixer(0x7fc32e5ed930) throttle end: throttle time(39)
03-08 10:11:09.548   569  2005 I RemoteProvisionSysSvc: Fetching key 10126 for client 14691006
03-08 10:11:09.548   569  2005 I RegistrationProxy: getKeyAsync operation started with callback 158091039
03-08 10:11:09.554  3967  4028 I RkpdRegistrationBinder: Key requested for : android.hardware.security.keymint.IRemotelyProvisionedComponent/default, clientUid: 1017, keyId: 10126, callback: 209973339
03-08 10:11:09.562  1777  1777 I GsaVoiceInteractionSrv: Handling ACTION_START_HOTWORD
03-08 10:11:09.563  4448  4448 W Firestore: (24.10.2) [CustomClassMapper]: No setter/field for fullName found on class com.example.cmput301w24t33.users.User (fields/setters are case sensitive!)
03-08 10:11:09.564  1777  2420 I GsaVoiceInteractionSrv: disregardVoiceMatch: false
03-08 10:11:09.564  1777  2420 I GsaVoiceInteractionSrv: Cannot start hotword, hotword has been explicitly disabled.
03-08 10:11:09.564  4448  4448 W Firestore: (24.10.2) [CustomClassMapper]: No setter/field for fullName found on class com.example.cmput301w24t33.users.User (fields/setters are case sensitive!)
03-08 10:11:09.565  4448  4448 W Firestore: (24.10.2) [CustomClassMapper]: No setter/field for fullName found on class com.example.cmput301w24t33.users.User (fields/setters are case sensitive!)
03-08 10:11:09.566  4448  4448 W Firestore: (24.10.2) [CustomClassMapper]: No setter/field for fullName found on class com.example.cmput301w24t33.users.User (fields/setters are case sensitive!)
03-08 10:11:09.567  4448  4448 W Firestore: (24.10.2) [CustomClassMapper]: No setter/field for fullName found on class com.example.cmput301w24t33.users.User (fields/setters are case sensitive!)
03-08 10:11:09.568  4448  4448 W Firestore: (24.10.2) [CustomClassMapper]: No setter/field for fullName found on class com.example.cmput301w24t33.users.User (fields/setters are case sensitive!)
03-08 10:11:09.570  3476  3476 W rules.WifiRx: FenceState currentState is not true
03-08 10:11:09.572  4448  4448 W Firestore: (24.10.2) [CustomClassMapper]: No setter/field for fullName found on class com.example.cmput301w24t33.users.User (fields/setters are case sensitive!)
03-08 10:11:09.574  4448  4448 W Firestore: (24.10.2) [CustomClassMapper]: No setter/field for fullName found on class com.example.cmput301w24t33.users.User (fields/setters are case sensitive!)
03-08 10:11:09.574  4448  4448 W Firestore: (24.10.2) [CustomClassMapper]: No setter/field for fullName found on class com.example.cmput301w24t33.users.User (fields/setters are case sensitive!)
03-08 10:11:09.575  4448  4448 W Firestore: (24.10.2) [CustomClassMapper]: No setter/field for uID found on class com.example.cmput301w24t33.users.User
03-08 10:11:09.575  4448  4448 W Firestore: (24.10.2) [CustomClassMapper]: No setter/field for fullName found on class com.example.cmput301w24t33.users.User (fields/setters are case sensitive!)
03-08 10:11:09.589  4448  4448 W Firestore: (24.10.2) [CustomClassMapper]: No setter/field for fullName found on class com.example.cmput301w24t33.users.User (fields/setters are case sensitive!)
03-08 10:11:09.590  4448  4448 W Firestore: (24.10.2) [CustomClassMapper]: No setter/field for fullName found on class com.example.cmput301w24t33.users.User (fields/setters are case sensitive!)
03-08 10:11:09.591  4448  4448 W Firestore: (24.10.2) [CustomClassMapper]: No setter/field for fullName found on class com.example.cmput301w24t33.users.User (fields/setters are case sensitive!)
03-08 10:11:09.593  3967  4028 I RkpdRegistrationBinder: No key assigned, looking for an available key with expiry of 2024-03-11T17:11:09.582302Z
03-08 10:11:09.594  1835  3088 I WakefulBroadcastRcvr: Processing wakeful broadcast: com.google.android.gms.checkin.CHECKIN_START_ACTION
03-08 10:11:09.602  3967  4028 I RkpdRegistrationBinder: No key assigned, looking for an available key with expiry of 2024-03-08T18:11:09.555060Z
03-08 10:11:09.613  1971  1971 I A       : Created gRPC endpoint to "search" for service class com.google.android.apps.search.googleapp.search.suggest.plugins.onesearch.server.OneSearchSuggestService
03-08 10:11:09.615  3967  4028 I RkpdRegistrationBinder: No keys are available, kicking off provisioning
03-08 10:11:09.617   569  1171 I RegistrationProxy: Provisioning required before keys are available for android.security.rkp.service.RegistrationProxy$2@96c471f
03-08 10:11:09.622  3967  4028 V RkpdServerInterface: Requesting data from server. Attempt 1
03-08 10:11:09.638  1971  1971 W TaskServiceHelper: Not enough time has passed between starts of two 222 periodic tasks.
03-08 10:11:09.677  3125  4420 I NetworkScheduler.Stats: Task com.google.android.gms/com.google.android.gms.checkin.CheckinService finished executing. cause:5 result: 1 elapsed_millis: 1688 uptime_millis: 1688 exec_start_elapsed_seconds: 139 [CONTEXT service_id=218 ]
03-08 10:11:09.687  1835  4671 I Checkin : [EventLogChimeraService] Opted in for usage reporting: false
03-08 10:11:09.693  4448  4448 W Firestore: (24.10.2) [CustomClassMapper]: No setter/field for fullName found on class com.example.cmput301w24t33.users.User (fields/setters are case sensitive!)
03-08 10:11:09.694  4448  4448 W Firestore: (24.10.2) [CustomClassMapper]: No setter/field for fullName found on class com.example.cmput301w24t33.users.User (fields/setters are case sensitive!)
03-08 10:11:09.694  4448  4448 W Firestore: (24.10.2) [CustomClassMapper]: No setter/field for fullName found on class com.example.cmput301w24t33.users.User (fields/setters are case sensitive!)
03-08 10:11:09.695  4448  4448 W Firestore: (24.10.2) [CustomClassMapper]: No setter/field for fullName found on class com.example.cmput301w24t33.users.User (fields/setters are case sensitive!)
03-08 10:11:09.697  4448  4448 W Firestore: (24.10.2) [CustomClassMapper]: No setter/field for fullName found on class com.example.cmput301w24t33.users.User (fields/setters are case sensitive!)
03-08 10:11:09.697  4448  4448 W Firestore: (24.10.2) [CustomClassMapper]: No setter/field for fullName found on class com.example.cmput301w24t33.users.User (fields/setters are case sensitive!)
03-08 10:11:09.698  4448  4448 W Firestore: (24.10.2) [CustomClassMapper]: No setter/field for fullName found on class com.example.cmput301w24t33.users.User (fields/setters are case sensitive!)
03-08 10:11:09.698  4448  4448 W Firestore: (24.10.2) [CustomClassMapper]: No setter/field for fullName found on class com.example.cmput301w24t33.users.User (fields/setters are case sensitive!)
03-08 10:11:09.699  4448  4448 W Firestore: (24.10.2) [CustomClassMapper]: No setter/field for fullName found on class com.example.cmput301w24t33.users.User (fields/setters are case sensitive!)
03-08 10:11:09.700  4448  4448 W Firestore: (24.10.2) [CustomClassMapper]: No setter/field for fullName found on class com.example.cmput301w24t33.users.User (fields/setters are case sensitive!)
03-08 10:11:09.701  4448  4448 W Firestore: (24.10.2) [CustomClassMapper]: No setter/field for fullName found on class com.example.cmput301w24t33.users.User (fields/setters are case sensitive!)
03-08 10:11:09.701  4448  4448 W Firestore: (24.10.2) [CustomClassMapper]: No setter/field for fullName found on class com.example.cmput301w24t33.users.User (fields/setters are case sensitive!)
03-08 10:11:09.727   793   888 D EGL_emulation: app_time_stats: avg=45.11ms min=1.27ms max=176.36ms count=20
03-08 10:11:09.730  3967  4028 V RkpdServerInterface: Network request completed successfully.
03-08 10:11:09.731  3967  4028 I RkpdKeyPoolStats: PoolStats{keysInUse=0, idealTotalSignedKeys=12, keysToGenerate=12, keysUnassigned=0}
03-08 10:11:09.732  3967  4028 I RkpdProvisioner: Requested number of keys for provisioning: 12
03-08 10:11:09.736   401   526 D audioserver: FGS Logger Transaction failed
03-08 10:11:09.738   401   526 D audioserver: -129
03-08 10:11:09.749  4448  4448 I ViewInteraction: Checking 'MatchesViewAssertion{viewMatcher=(view has effective visibility <VISIBLE> and view.getGlobalVisibleRect() to return non-empty rectangle)}' assertion on view view.getId() is <2131230795/com.example.cmput301w24t33:id/admin_activity>
03-08 10:11:09.773  1835  4671 I Checkin : [CheckinOperation] Checkin Operation finished with result: RESCHEDULED finish time: 141773.
03-08 10:11:09.795   793   846 D SplashScreenView: Build android.window.SplashScreenView{a0dfffc V.E...... ......ID 0,0-0,0}
03-08 10:11:09.795   793   846 D SplashScreenView: Icon: view: null drawable: null size: 0
03-08 10:11:09.795   793   846 D SplashScreenView: Branding: view: android.view.View{4dcf685 G.ED..... ......I. 0,0-0,0 #10204ef android:id/splashscreen_branding_view} drawable: null size w: 0 h: 0
03-08 10:11:09.804  4448  4448 D LifecycleMonitor: Lifecycle status change: com.example.cmput301w24t33.activities.Admin@4192968 in: PAUSED
03-08 10:11:09.804  4448  4448 V ActivityScenario: Update currentActivityStage to PAUSED, currentActivity=com.example.cmput301w24t33.activities.Admin@4192968
03-08 10:11:09.825  3967  4028 W RkpdSystemInterface: HAL returned a batch size that's too small (20), defaulting to 20
03-08 10:11:09.830  1835  4671 I Checkin : [ScheduledCheckinGmsTaskService] scheduleCheckinTask
03-08 10:11:09.854   413   413 I BpBinder: onLastStrongRef automatically unlinking death recipients:
03-08 10:11:09.886   793   888 E OpenGLRenderer: Unable to match the desired swap behavior.
03-08 10:11:09.905  3967  4028 I RkpdServerInterface: request_id: 9c752a74-9b6b-4489-8769-b68a257e137e
03-08 10:11:09.905  3967  4028 V RkpdServerInterface: Requesting data from server. Attempt 1
03-08 10:11:09.986  3967  4028 E RkpdServerInterface: Server connection failed for url: https://remoteprovisioning.googleapis.com/v1:signCertificates?challenge=AAABjh8MHUIBILStY-cOSxCf7ySPv7QCbm7FCPw=&request_id=9c752a74-9b6b-4489-8769-b68a257e137e, response code: 400
03-08 10:11:09.986  3967  4028 E RkpdServerInterface: Repeated failure count: 1
03-08 10:11:09.987  3967  4028 E RkpdServerInterface: {
03-08 10:11:09.987  3967  4028 E RkpdServerInterface:   "error": {
03-08 10:11:09.987  3967  4028 E RkpdServerInterface:     "code": 400,
03-08 10:11:09.987  3967  4028 E RkpdServerInterface:     "message": "Invalid request payload: Error encountered with CBOR data\nRequestId: 9c752a74-9b6b-4489-8769-b68a257e137e",
03-08 10:11:09.987  3967  4028 E RkpdServerInterface:     "status": "INVALID_ARGUMENT"
03-08 10:11:09.987  3967  4028 E RkpdServerInterface:   }
03-08 10:11:09.987  3967  4028 E RkpdServerInterface: }
03-08 10:11:09.989  3967  4028 E RkpdRegistrationBinder: RKPD failed to provision keys
03-08 10:11:09.989  3967  4028 E RkpdRegistrationBinder: com.android.rkpdapp.RkpdException: HTTP error status encountered: 400
03-08 10:11:09.989  3967  4028 E RkpdRegistrationBinder: 	at com.android.rkpdapp.interfaces.ServerInterface.requestData(ServerInterface.java:341)
03-08 10:11:09.989  3967  4028 E RkpdRegistrationBinder: 	at com.android.rkpdapp.interfaces.ServerInterface.connectAndGetData(ServerInterface.java:287)
03-08 10:11:09.989  3967  4028 E RkpdRegistrationBinder: 	at com.android.rkpdapp.interfaces.ServerInterface.requestSignedCertificates(ServerInterface.java:121)
03-08 10:11:09.989  3967  4028 E RkpdRegistrationBinder: 	at com.android.rkpdapp.provisioner.Provisioner.batchProvision(Provisioner.java:157)
03-08 10:11:09.989  3967  4028 E RkpdRegistrationBinder: 	at com.android.rkpdapp.provisioner.Provisioner.fetchCertificates(Provisioner.java:136)
03-08 10:11:09.989  3967  4028 E RkpdRegistrationBinder: 	at com.android.rkpdapp.provisioner.Provisioner.provisionKeys(Provisioner.java:89)
03-08 10:11:09.989  3967  4028 E RkpdRegistrationBinder: 	at com.android.rkpdapp.service.RegistrationBinder.fetchGeekAndProvisionKeys(RegistrationBinder.java:151)
03-08 10:11:09.989  3967  4028 E RkpdRegistrationBinder: 	at com.android.rkpdapp.service.RegistrationBinder.getKeyWorker(RegistrationBinder.java:117)
03-08 10:11:09.989  3967  4028 E RkpdRegistrationBinder: 	at com.android.rkpdapp.service.RegistrationBinder.getKeyThreadWorker(RegistrationBinder.java:235)
03-08 10:11:09.989  3967  4028 E RkpdRegistrationBinder: 	at com.android.rkpdapp.service.RegistrationBinder.lambda$getKey$3(RegistrationBinder.java:223)
03-08 10:11:09.989  3967  4028 E RkpdRegistrationBinder: 	at com.android.rkpdapp.service.RegistrationBinder.$r8$lambda$TliFA5y2_wUzHwCyn77kum7XL5E(RegistrationBinder.java:0)
03-08 10:11:09.989  3967  4028 E RkpdRegistrationBinder: 	at com.android.rkpdapp.service.RegistrationBinder$$ExternalSyntheticLambda9.run(R8$$SyntheticClass:0)
03-08 10:11:09.989  3967  4028 E RkpdRegistrationBinder: 	at java.util.concurrent.Executors$RunnableAdapter.call(Executors.java:487)
03-08 10:11:09.989  3967  4028 E RkpdRegistrationBinder: 	at java.util.concurrent.FutureTask.run(FutureTask.java:264)
03-08 10:11:09.989  3967  4028 E RkpdRegistrationBinder: 	at java.util.concurrent.ThreadPoolExecutor.runWorker(ThreadPoolExecutor.java:1145)
03-08 10:11:09.989  3967  4028 E RkpdRegistrationBinder: 	at java.util.concurrent.ThreadPoolExecutor$Worker.run(ThreadPoolExecutor.java:644)
03-08 10:11:09.989  3967  4028 E RkpdRegistrationBinder: 	at java.lang.Thread.run(Thread.java:1012)
03-08 10:11:09.990   569   569 E RemoteProvisionSysSvc: RKP error fetching key for client 14691006: ERROR_UNKNOWN: HTTP error status encountered: 400
03-08 10:11:10.060  3125  3375 W ctxmgr  : [WorkManager] Long workInfo: pkg=com.google.android.gms, lbl=DispatcherDeliver, start=2024-03-08 10:11:05.601-0700, stop=2024-03-08 10:11:09.995-0700, durtn=4394ms [CONTEXT service_id=47 ]
03-08 10:11:10.077  1835  4671 I Checkin : [ExecutionManager] Checkin scheduled at 162865.
03-08 10:11:10.167  1130  1130 D SearchTargetUtil:  query= size=15
03-08 10:11:10.167  1130  1130 D SearchTargetUtil: layoutType=short_icon_row resultType=131072 packageName=com.google.android.googlequicksearchbox extras=Bundle{suggestion_type=33,suggest_truncate_start=false,is_answer=false,is_entity=false,is_personal=false,suggest_raw_text=snow storm weather forecast nyc,group_id=web83479,response_id=509c28d7-3dbe-4904-9685-efbc5fbe630f,support_query_builder=false,} searchAction=snow storm weather forecast nyc searchActionExtras=Bundle{learn_more_url=https://support.google.com/websearch/answer/106230?hl=106230,suggestion_action_text=Report this,should_start_for_result=true,allow_pinning=true,skip_logging_in_target_handler=false,suggestion_action_rpc=2,}ParentID: null targetID: 023fa190-a5e0-4e76-bee2-2df880b71876
03-08 10:11:10.168  1130  1130 D SearchTargetUtil: layoutType=short_icon_row resultType=131072 packageName=com.google.android.googlequicksearchbox extras=Bundle{suggestion_type=33,suggest_truncate_start=false,is_answer=false,is_entity=false,is_personal=false,suggest_raw_text=pakistan elections,group_id=web83479,response_id=509c28d7-3dbe-4904-9685-efbc5fbe630f,support_query_builder=false,} searchAction=pakistan elections searchActionExtras=Bundle{learn_more_url=https://support.google.com/websearch/answer/106230?hl=106230,suggestion_action_text=Report this,should_start_for_result=true,allow_pinning=true,skip_logging_in_target_handler=false,suggestion_action_rpc=2,}ParentID: null targetID: ddef6c12-ea64-4307-bb00-acad7388a7ea
03-08 10:11:10.168  1130  1130 D SearchTargetUtil: layoutType=short_icon_row resultType=131072 packageName=com.google.android.googlequicksearchbox extras=Bundle{suggestion_type=33,suggest_truncate_start=false,is_answer=false,is_entity=false,is_personal=false,suggest_raw_text=sweetpea dog puppy bowl,group_id=web83479,response_id=509c28d7-3dbe-4904-9685-efbc5fbe630f,support_query_builder=false,} searchAction=sweetpea dog puppy bowl searchActionExtras=Bundle{learn_more_url=https://support.google.com/websearch/answer/106230?hl=106230,suggestion_action_text=Report this,should_start_for_result=true,allow_pinning=true,skip_logging_in_target_handler=false,suggestion_action_rpc=2,}ParentID: null targetID: c87f22c3-a957-412a-bfc4-a0c893aaf0ae
03-08 10:11:10.169  1130  1130 D SearchTargetUtil: layoutType=short_icon_row resultType=131072 packageName=com.google.android.googlequicksearchbox extras=Bundle{suggestion_type=33,suggest_truncate_start=false,is_answer=false,is_entity=false,is_personal=false,suggest_raw_text=tartan high school ann bacon,group_id=web83479,response_id=509c28d7-3dbe-4904-9685-efbc5fbe630f,support_query_builder=false,} searchAction=tartan high school ann bacon searchActionExtras=Bundle{learn_more_url=https://support.google.com/websearch/answer/106230?hl=106230,suggestion_action_text=Report this,should_start_for_result=true,allow_pinning=true,skip_logging_in_target_handler=false,suggestion_action_rpc=2,}ParentID: null targetID: a36ee2b9-3a5f-4c04-91f4-345c6fca7cab
03-08 10:11:10.175  1130  1130 D SearchTargetUtil: layoutType=short_icon_row resultType=131072 packageName=com.google.android.googlequicksearchbox extras=Bundle{suggestion_type=33,suggest_truncate_start=false,is_answer=false,is_entity=false,is_personal=false,suggest_raw_text=cdc covid isolation,group_id=web83479,response_id=509c28d7-3dbe-4904-9685-efbc5fbe630f,support_query_builder=false,} searchAction=cdc covid isolation searchActionExtras=Bundle{learn_more_url=https://support.google.com/websearch/answer/106230?hl=106230,suggestion_action_text=Report this,should_start_for_result=true,allow_pinning=true,skip_logging_in_target_handler=false,suggestion_action_rpc=2,}ParentID: null targetID: 690f98f7-5db9-4926-a95a-3a7d48c426d3
03-08 10:11:10.177  1130  1130 D SearchTargetUtil: layoutType=short_icon_row resultType=131072 packageName=com.google.android.googlequicksearchbox extras=Bundle{suggestion_type=33,suggest_truncate_start=false,is_answer=false,is_entity=false,is_personal=false,suggest_raw_text=russia estonian prime minister,group_id=web83479,response_id=509c28d7-3dbe-4904-9685-efbc5fbe630f,support_query_builder=false,} searchAction=russia estonian prime minister searchActionExtras=Bundle{learn_more_url=https://support.google.com/websearch/answer/106230?hl=106230,suggestion_action_text=Report this,should_start_for_result=true,allow_pinning=true,skip_logging_in_target_handler=false,suggestion_action_rpc=2,}ParentID: null targetID: 84df28e3-7623-43df-a326-7515ba7985e8
03-08 10:11:10.177  1130  1130 D SearchTargetUtil: layoutType=short_icon_row resultType=131072 packageName=com.google.android.googlequicksearchbox extras=Bundle{suggestion_type=33,suggest_truncate_start=false,is_answer=false,is_entity=false,is_personal=false,suggest_raw_text=buffalo plane door falls off,group_id=web83479,response_id=509c28d7-3dbe-4904-9685-efbc5fbe630f,support_query_builder=false,} searchAction=buffalo plane door falls off searchActionExtras=Bundle{learn_more_url=https://support.google.com/websearch/answer/106230?hl=106230,suggestion_action_text=Report this,should_start_for_result=true,allow_pinning=true,skip_logging_in_target_handler=false,suggestion_action_rpc=2,}ParentID: null targetID: b8ea8b6b-6663-4afc-b99a-5054f7f39ad4
03-08 10:11:10.178  1130  1130 D SearchTargetUtil: layoutType=short_icon_row resultType=131072 packageName=com.google.android.googlequicksearchbox extras=Bundle{suggestion_type=33,suggest_truncate_start=false,is_answer=false,is_entity=false,is_personal=false,suggest_raw_text=bubonic plague case oregon cat,group_id=web83479,response_id=509c28d7-3dbe-4904-9685-efbc5fbe630f,support_query_builder=false,} searchAction=bubonic plague case oregon cat searchActionExtras=Bundle{learn_more_url=https://support.google.com/websearch/answer/106230?hl=106230,suggestion_action_text=Report this,should_start_for_result=true,allow_pinning=true,skip_logging_in_target_handler=false,suggestion_action_rpc=2,}ParentID: null targetID: 39399ea3-dd53-4d6f-b008-efea263ae22a
03-08 10:11:10.179  1130  1130 D SearchTargetUtil: layoutType=short_icon_row resultType=131072 packageName=com.google.android.googlequicksearchbox extras=Bundle{suggestion_type=33,suggest_truncate_start=false,is_answer=false,is_entity=false,is_personal=false,suggest_raw_text=super bowl jesus ads,group_id=web83479,response_id=509c28d7-3dbe-4904-9685-efbc5fbe630f,support_query_builder=false,} searchAction=super bowl jesus ads searchActionExtras=Bundle{learn_more_url=https://support.google.com/websearch/answer/106230?hl=106230,suggestion_action_text=Report this,should_start_for_result=true,allow_pinning=true,skip_logging_in_target_handler=false,suggestion_action_rpc=2,}ParentID: null targetID: 8ee48081-8f43-426a-ada8-43a87fd5e601
03-08 10:11:10.180  1130  1130 D SearchTargetUtil: layoutType=short_icon_row resultType=131072 packageName=com.google.android.googlequicksearchbox extras=Bundle{suggestion_type=33,suggest_truncate_start=false,is_answer=false,is_entity=false,is_personal=false,suggest_raw_text=nc aquarium pregnant stingray,group_id=web83479,response_id=509c28d7-3dbe-4904-9685-efbc5fbe630f,support_query_builder=false,} searchAction=nc aquarium pregnant stingray searchActionExtras=Bundle{learn_more_url=https://support.google.com/websearch/answer/106230?hl=106230,suggestion_action_text=Report this,should_start_for_result=true,allow_pinning=true,skip_logging_in_target_handler=false,suggestion_action_rpc=2,}ParentID: null targetID: 62caf2e1-15cb-47f3-a695-abdcb88970e0
03-08 10:11:10.181  1130  1489 I IPCThreadState: oneway function results for code 2 on binder at 0x76d39b7f11b0 will be dropped but finished with status UNKNOWN_TRANSACTION
03-08 10:11:10.181  1130  1130 D SearchTargetUtil: layoutType=extra_tall_icon_row resultType=131072 packageName=com.google.android.googlequicksearchbox extras=Bundle{bitmap_url=data:image/jpeg;base64,/9j/4AAQSkZJRgABAQAAAQABAAD/2wCEAAkGBwgHBgkIBwgKCgkLDRYPDQwMDRsUFRAWIB0iIiAdHx8kKDQsJCYxJx8fLT0tMTU3Ojo6Iys/RD84QzQ5OjcBCgoKDQwNGg8PGjclHyU3Nzc3Nzc3Nzc3Nzc3Nzc3Nzc3Nzc3Nzc3Nzc3Nzc3Nzc3Nzc3Nzc3Nzc3Nzc3Nzc3N//AABEIAIYAhgMBEQACEQEDEQH/xAAcAAABBQEBAQAAAAAAAAAAAAAFAgMEBgcBAAj/xABCEAACAQMDAgIHBQQGCwEAAAABAgMABBEFEiEGMRNBIlFhcYGxwQcUMpGhFUJSYiNTY5Ki0RYzNENzk7LC0vDxJP/EABsBAAEFAQEAAAAAAAAAAAAAAAIAAQMEBQYH/8QAOBEAAgECBAQEAwYEBwAAAAAAAAECAxEEEiExBRNBUSJhcbEykcEGFDOBofBSYnLhFSMkNELR8f/aAAwDAQACEQMRAD8A2480DHE7FznAzTWQ92KQBRgdqKOgzF0QxD1C/hsYTJKwGKiq1Y01dklOlKo7IAxm+1G7guLhTFaFsLGe7cdzVKLqVZqT2LzjSpwlFO8iFb6bqBaZ7G/eILKwEb8jvQwp1HdwfUlq1KEcqnHdEgalrtj/ALTZrcIP34jyfhUqq14fErkPIw9T4JW9Qzpt7JfwrI1pNDn+sXFW6dVzV2rFOtR5crXTJpSprkFhtkpxrDLx04NhopRXEJ20rjHNtK4rHCvspxrCStIQSBcnhjVHUtWQrkH0pDT/AJisKBbHDE++nVxWFCRh3GR7KLMxrEGeztZ7uKV13FMnax8/dUMqUJSTZLCrOEGl1HrgenD7H+lHNbDQ2l6A/TSqpdM7qiLM5ZmPAqGi0s1+5YxSbcLdkdOvaPAc/e1c/wASgt+oqXmwXUrqjPseXqfRnbadQhVvUx2/On50O4uTPsTY9QtJhmG5icfysKJVIvZgOEluhxZQxAyCD2INGpANCioqQGw20dK41hsx+ynGsJKUhrHClOITspXES4SACD3qqiwxbZxkU4wjL7jt7e2h1D0OFGPnz6xSsxXR4xF0y34/I0WXQZ+QA1TXv2XP4csbOM91PaqlWvy5WZao4V1o3RG/0g0zUo2tEZ45ZT6IC4Jby+NA6sKkcqJfu9alLM9UiodVaNbHUEt7W1uJcqN1y7gel55Heo3BRejLVOTcbyRXm017S6+7KlyzZwfCPb4e6m1e4TSTtYsmm6HHLECly4cDOGOG/I80KzN7ikoR6BfTLK8hlik0+7aR921o2YsM/SrME9GinVy3aexoYBwN2N2OceutJGWeIpDCCtOKwkrSGEEU4wnbSEdqsTigzD20hhXiZ7rSHFK6+vHvokOKaRAO4ohWZXNU0lNTkLmQKwJABXNVcRQVTUv0MWqCytFfuenjZX1mzOozcJtdDyCCKqclwkrmhDFQrQlZdGTr25uG1uZYofGihVpGAAGT+7k+fr8vKpM15vS9iCEIqlG7tcDXd5cfe1up7T7vbyeg25QcMOx7cDv+lRvV3sWIxjsncsOnruXehVn49ILinjrsQVdNGR7mZrLUp79yVgtyhDHO0k8fPFEk+ZfsRTmlQcerDFp1TBOVUxq+7sYXDZ+Herka/cy3TYZguYp03LvUfzLipozTI2rHprq3hXdJKqges07nFbiytkWTV7FeBMGP8oJoHXguoXLk+hEl16zTPDnAzyMcevmopYymglh5sYl6hhT91Rj+JsVD/iNPoSLCT6hgVaITopCO0hjm7A5pJ2HTG3dcUVw1Ih2b7mckgen2NRXuxpakXqGFp1thACx8cEkeXtqGtFu1u5fwE4wc8z6ETX9Hea6dreeeAbTnwxkOSfMedBOnaTDoVbxV3qVyPpq6nkXxtQuXVWyYvD2Kw9RyScVGo9kWJySV2/38i16Xa7E3niMZAAo6NPqyDEVr6LcBdRy2GousLavFDaQsWn2YHiODx8B86klFLS5UcswCl6u0fSEaLRrZd3Y3Eo5P1NR50tIoXLb1kyMPtFurdEcPFeLMCCjHDRYPqxjnv502eo7x9wo0oaMbsOtpZbK5e/KCaNCUVePEJ7DHsqOcJyTyy3sSJxja6A3+ld0RGu9g6wNFuZudzHluKjeGbbbfW/8AYNVopaLoMy69qLg7GSNWVBiNccL2xSWGprfXf9RnWn0G31a4myZ5GfLFuTxk96ONKMfhAc5S3PoTIHcgZrTM8WMEU4jopCEntTCI8+ApNIRm/Umq6na62EsFkkUqGZEQtn8qo1282hfw9NSjdiU1/XkjaR9PkRS2QzuFAX3HmolOpHVvQsrBOo8sY6lx0Hqm01G0MNw5S6ijLNv43KO7A+6rFDExqrL1HxvDKmE8e8e/mdl1+0G7bkKo5kdSoH+dG6lnaxWVBvW5EuXK6Xd+HKyH7vISx7/gJzUKbSdi0oKpOMH1aX62MGl8W2fZIroQcDeCD8M0dk0UnFxbTI7SEt6TEmiSBbDGqaX+z9MhuFZ/FZVaQHGBuPGMeyoKNbmzaf5E1Wm6cU0ATO5P4s1byoq5mTNPs77U5hHaRM3rbsB8aayFdh6Hpy9trmJJbjG7JygzjFRySCTYVk6fnTBJjlDDO4gr8qhcexIpG1OcvGMnuflWgUhcJygO40hDgJ/ipxA3XdVGk2qzOnibnCgeqoq1Xlq5dwGD+91HC9tCs33VsjLiIKM/wjNU5YmTN6jwWmn4kBpdZklRjMzMSchN3BPln2VXnV0uzShgowdoqwOlupXC75CeDn25+mKicmrNstxoxWyIbjcGXJG5Sp2nBwRgjPuJqNNxeaJLUpxqQcJq6ZbNC0q/ubSJJ51ukkiEkTyNhgPNTgHcMefHatyai6MZNHBTk6OInCL0Ta19QbrltrtoyTz3UaWDq0K26ZOQRxk8Dy9X50OJ8OHeTZlrhKVXGx5j1Wv5oHJMFUJIviW7cSRPyPeKzFNwszralCNVNSWoMvum9LmlcAyWpPZ4sFfiv+RFW1Va3MetwanUWal4X26DutabLH0zMj3EcsaMChjH4eRyePOq8FlrqSX5mdiqFSnScZlb0PRl1K/itlyi95ZD6vZV9SbMlqxf5E07QbAjeI4V74/Gx9lPohtyvWnUjX+tWqY8K13ldh7nPGSaBsewm71zUtNu5rRpVkETlRvXJA8qB72CRuTn+miHv+VXSqO24/ohzSQhyisMDOrrff0vfZHOzf8ABSG+lQ4mN6EvQ0eEzyY2m/O3zVjKS2QPZWKrs71IkadCbm+ij8CSdQdzxxHDMo74PlTqLqTUUr+hFiKnLpOWZJ9G9rkjXJLdjbpa6U2noqsf6SQs8oJxk5GRgg0de2lo2+pDgo1Fmc6ud+Ssl8vUFGobal9Gk2lpJB09pxjk8KZIQyttB48MsQQfdW/CClRUWec4mf8AqqjXd+5J6203xtCk2DLQYkHr4Of8/wA6avBOk49guHVuXi4Tff30MwIyNqgknjA86xZtZT0HbVhBtJ1F4o3+5THjbwucjyoXiqGzkrlRYzDqTWdEdTcadc4dWjkUYdGHcEdj7CDRU6uilF3RLJUsTT01TC8Gh2ug6Q97NGFkjJmdT5oeQv5EVpKNldnCVmlVlGOybKz1JpP3hv2rZyNcWF0u5TnPhN6qCa6oCPYqcTeDKkg4KsD+VMxFh64RBeW93EMfeolc+04p3uJbG2Q38N7KhgYsFzk4x5GrimpbFVprc9Dq9soMZZsqSD6PnQ82K0HysmWt7DcSBIyST7KOM4ydkJxaO66qy6VdxN+FreRT8UNHON4SXkS4STjiKbX8S9zFwa5/qelWFwXE9u5a3mkiY8EoxU/pTU5Si7xYFSlCorTSfqduLq4uiGuZ5ZmUYBkctgfGjnOU/idx
03-08 10:11:10.181  1130  1130 D SearchTargetUtil: layoutType=extra_tall_icon_row resultType=131072 packageName=com.google.android.googlequicksearchbox extras=Bundle{bitmap_url=data:image/jpeg;base64,/9j/4AAQSkZJRgABAQAAAQABAAD/2wCEAAkGBwgHBgkIBwgKCgkLDRYPDQwMDRsUFRAWIB0iIiAdHx8kKDQsJCYxJx8fLT0tMTU3Ojo6Iys/RD84QzQ5OjcBCgoKDQwNGg8PGjclHyU3Nzc3Nzc3Nzc3Nzc3Nzc3Nzc3Nzc3Nzc3Nzc3Nzc3Nzc3Nzc3Nzc3Nzc3Nzc3Nzc3N//AABEIAIYAhgMBIgACEQEDEQH/xAAcAAACAgMBAQAAAAAAAAAAAAADBAACBQYHAQj/xAA+EAABAwMBBgIGBwUJAAAAAAABAAIDBAURIQYSMUFRYYGRBxMUIjJxI0JSkrHB8BVicoKhFiZDRFOywuHx/8QAGQEAAwEBAQAAAAAAAAAAAAAAAAECBAMF/8QAHhEBAAMAAgMBAQAAAAAAAAAAAAECEQMSITFBIhP/2gAMAwEAAhEDEQA/AMc2JEbEmWRIzYuy0OOFGxdkRsPZOsh7IzIOyARbB2RW0/ZZBkCOyn7IDHMpeyMyk7LJsp+yOyAdEBi20fZEFGOiyrYOyuIeyCxiPYx0VHUY6LNmHsqmIdEhjAPouyVlo8clsjoR0S8tOOiYavLS45JOWn7LZ5qYdFjp6fsmGvSQ4PBeLJyw68FEaGRZEjsiRGMR2MSMNkSOyLsiMYjsYkFGRJhkSsxiOxqAoyNGDABrwVw1ab6UrpPRWWGgo3lk1wkMbnN4iMD3sfPIHyJSmcOI0ttL6R6C3b1PZmMr6gaGXexCw/P63hp3Wg1m2e0lwl3nV8rGngyD6No8tfMlMWHZf29pke4tjBwwAdOazztjHZzG73cakBZ7cvxorxTmtPZcayQukfUzNkB1kjlcHeYOVsdi20ulteI6ir/aFM04dHOPpAP3X8/HKb/sXJu7zSRrxwh3DZEmmPqziXdwHbqUXw/5zMOk2yup7rQQ1tI4uilGRkYI6g90Z7Fx3ZvaK6WJzYonmSmicfWUr+B11x0PHVdjpp4qulhqYDvRTMD2HqCMhaK21mtXCssQSFRD2WYe1JzsVpYCaHXgvU7PGMqIArGozAhtRmJGKwI7AhNRmJAVgRmhCYjNQYgXPfTDA/2S1VTPqzuhJ/iG9/wK6EFp3pYP91mtDHOcalhBA+HQ6nzx4pW9HX2T2YhaaOIN4YH4LcqWBpAwtHsldS0FJCypnbGNxowTrwW42uvpapm9T1Ecg/dcCsT0a+j0kDd3HALG1sA3Donpq2nhaTPNGwfvOwkH11NOCKaeOTHHddnCBLk95pRT3OpeDuhzycLq2zET4dnLayRpa4U7SWnlkZ/Nc9v1IXbUwwnLoJJI8jsXarqziCMjgeGFp4mHl9hPSkwTb0pMV2ciMw1XitKdV4mT1qK0oIRGlSY7SjNKXaURpQZphRmFKNcjMcgjIKwe21J7bYpIC/c33bu9jONCsw1yXu0LqmgkZHgvHvAHspvG1ldJ/Ua1eOwMqoMuc9gcN07rsHHJNU1rht0lM2ki3CX4c7GC8fr8E5Z6uJkID9SOXdXgmFbdy172sbEMtb1WLXoRWPYd2oWVz5Y5o9+LG6BjKQt+zjKIhzX554DcAeeT/XmtgEwiq3x7zH51IDskfrCLLLEYvouBT34c1ifLXY7a19+dWuILWxbjRzDuvl+K2UYZG1o4AALF0gEkzy4cHaafr9FPvkWjhj6x88x4iHkjkpK5EkelJXruzyDK7VeoUjtV4gsHBVwUJpVwUjGBRAUAFWBQZhrkVrksHK4cgGmvRGvSgeqVFZBSQumqp44Ym8XyODQPEoBOlji9ZJSSgse12GuHHTh5jCpQ0RdUSxzzREsPuOcC0EfPXBSB2gobuJZrTIZhSPaJJAwhpzvEYJ4/CfNZyk9XWOEsRAJGSVjtHW2N/FbtVJaeSBzWQhryfsHTzRWtEUJMnx7xOPBMOxB7zzkAcVWhoJ7u4+raWxE+/IeDW9B1JS8yq04x1tqonieJr2mVjgXtB1GRp54KYfItB22u5sW38r7Zgx08LKeWMnSQYyQe+Tx5EeC2G1bRW67gNpZsTYyYZPdePDn4LZXxGMF/M6yr3pd7l69yC8qkKPOqiG92q8TBlrkQOSzXK4ckDIcrByXD1cOQDAcsPd9q7RaC5lRVCScf4EHvv8eQ8SFqnpBv1XHVNtdFM+FgYHTOjOC4ng3PEDGvfK0VkQbyAUzKohud19I9xqN5lqpo6RnKST6R/l8I/qtOuNbWXGb11wqpaiTk6V2cfIcB4KOw1uSg4y4dyplTsfobsAuGzFxdIdwTVGGPxw3WjXzJWX/Zk9uqnUs7nwyjgRq1w6hP+jxlTaPR7SCipfX1crHztY47oJcS5oJ7ghYKH0iUNRPHPdK2W4Oa4Yp6WhYWNPRrnEOPzBK52rrpS/VuFn2elrd2are4U/LPF/66rYbxW0uz1hqaxzWsgpYi4M4ZPIeJwPFe2C7C722GrNFVUPrclsNUwNfjkcAniud+nO9blPQ2OJ2sp9pnA+yNGDxOT/KE6xhWt2cguNRLXV81VUO3pZnl7z1JOSkqgmOVpboQAR2KbdhvvO4BKytMr94t3RjAyrQy1s2uutBhskvtUQ+pOcnwdx88raKHbK2VYAnL6WTpIMt+8PzwuelgCgjT0sdabNHNG2SF7Xxu4Oacg+Ki5bTy1NKXOpKiWEu+LccRlRV2Lq6qHq4elA9XD1STYerB6UD1HTCNjnu+FoJKQc32qeJdo654OfpN3yaB+SxoGikkj5nGaT45Hl7vmdSvXHDVDpAE31R3XkYBnjb3XrxlzfkvYBmqaPmkH0PX3CS07FUjI9J3RQ08WNMOc0DPgMnwWE2RY2iulvo4MRURfuuiYAN4nhk/NH2lulJDtFZbRcSY6KopZMS6YZLljWOP3SP5uillppafaalo5h9IyQnTgQAcEdlJupkMaDnXAXzZtxdje9qbhWB+9EJPVQ/wM0GPngnxXbPSDejZtk62ojduzzZih67ztAfAZd4L51dhrQByTgKu4Z5JeZ267db4jorvdu+904ITGlzs80yexszxRgwIjWYC9xz5JgGQluAxu848iVFZmuX/AGuHyUSJ0EPVg9KB6sHrqjTYelrtMWWmtc3iKeTH3SvBIlbw7etNYBzgf+CA5+D8A7/kryIJO7K3PVF4nVcnSFXDUK1I0msYBxKs8e6PmvaY7lU155aoDtO1VBRX2e4WWsLIqiNrBRVB4B4YMtPY5I/7wh+jO7PuFxbb7yHMvVraYwJPiljAxr1IPPnkHXJSG2Dyb3WlriCagkEHUYOizmzBo62/svsj2w3GnpnQVDQMCZmNH/MYx/4FBsF6Zrv7RdaO0xOzHSRCWToXuGniBn7y5q85OiyF8uLrtd6y4O/zEpc3qG8GjwaAFjJOGBxKuCCd9I/TgOCYiZjVeRM3QjBMahOiHLq0M+0dflzV0APDnufnT4R+f67IIRRUc9oUQG3h5Vg8qKLqh7vpe5PP7Nq8f6L/APaVFEpJolQdGnmCisUUXJ1gUjLCq49/ToVFEB0q/TevuckmoL3b3nqsTV3GSi9vdHnL6f1Axy38gn+qiin6bVyVVrc+8VFFZSIF7qFFEEDWSOjgcRxOgQmN4MBwGjCiiAO1gHBRRRAf/9k=,suggestion_type=33,suggest_truncate_start=false,is_answer=false,is_entity=true,is_personal=false,suggest_raw_text=john kirby,group_id=web83479,response_id=509c28d7-3dbe-4904-9685-efbc5fbe630f,support_query_builder=false,} searchAction=John Kirby searchActionExtras=Bundle{lea
03-08 10:11:10.182  1130  1130 D SearchTargetUtil: layoutType=short_icon_row resultType=131072 packageName=com.google.android.googlequicksearchbox extras=Bundle{suggestion_type=33,suggest_truncate_start=false,is_answer=false,is_entity=false,is_personal=false,suggest_raw_text=disney on ice skater accident,group_id=web83479,response_id=509c28d7-3dbe-4904-9685-efbc5fbe630f,support_query_builder=false,} searchAction=disney on ice skater accident searchActionExtras=Bundle{learn_more_url=https://support.google.com/websearch/answer/106230?hl=106230,suggestion_action_text=Report this,should_start_for_result=true,allow_pinning=true,skip_logging_in_target_handler=false,suggestion_action_rpc=2,}ParentID: null targetID: c418b285-ece5-4243-9374-03cecb781c17
03-08 10:11:10.182  1130  1130 D SearchTargetUtil: layoutType=short_icon_row resultType=131072 packageName=com.google.android.googlequicksearchbox extras=Bundle{suggestion_type=33,suggest_truncate_start=false,is_answer=false,is_entity=false,is_personal=false,suggest_raw_text=facebook chirping sounds,group_id=web83479,response_id=509c28d7-3dbe-4904-9685-efbc5fbe630f,support_query_builder=false,} searchAction=facebook chirping sounds searchActionExtras=Bundle{learn_more_url=https://support.google.com/websearch/answer/106230?hl=106230,suggestion_action_text=Report this,should_start_for_result=true,allow_pinning=true,skip_logging_in_target_handler=false,suggestion_action_rpc=2,}ParentID: null targetID: 243cdc18-5dbb-4585-bd59-f65a516b7009
