03-08 10:11:05.186  1971  1971 I BgTaskExecutorImpl: Starting PERIODIC background task RESTORE_SPEAKER_MODEL.
03-08 10:11:05.188  4448  4448 W Firestore: (24.10.2) [CustomClassMapper]: No setter/field for startDateTime found on class com.example.cmput301w24t33.events.Event
03-08 10:11:05.191  4448  4448 W Firestore: (24.10.2) [CustomClassMapper]: No setter/field for startDateTime found on class com.example.cmput301w24t33.events.Event
03-08 10:11:05.195  4448  4448 W Firestore: (24.10.2) [CustomClassMapper]: No setter/field for endDateTime found on class com.example.cmput301w24t33.events.Event
03-08 10:11:05.200  4448  4448 W Firestore: (24.10.2) [CustomClassMapper]: No setter/field for endDateTime found on class com.example.cmput301w24t33.events.Event
03-08 10:11:05.200  4448  4448 W Firestore: (24.10.2) [CustomClassMapper]: No setter/field for startDateTime found on class com.example.cmput301w24t33.events.Event
03-08 10:11:05.201  4448  4448 W Firestore: (24.10.2) [CustomClassMapper]: No setter/field for organizer found on class com.example.cmput301w24t33.events.Event
03-08 10:11:05.202  4448  4448 W Firestore: (24.10.2) [CustomClassMapper]: No setter/field for startDateTime found on class com.example.cmput301w24t33.events.Event
03-08 10:11:05.206  4448  4448 W Firestore: (24.10.2) [CustomClassMapper]: No setter/field for endDateTime found on class com.example.cmput301w24t33.events.Event
03-08 10:11:05.207  4448  4448 W Firestore: (24.10.2) [CustomClassMapper]: No setter/field for endDateTime found on class com.example.cmput301w24t33.events.Event
03-08 10:11:05.208  4448  4448 W Firestore: (24.10.2) [CustomClassMapper]: No setter/field for startDateTime found on class com.example.cmput301w24t33.events.Event
03-08 10:11:05.217  4448  4448 W Firestore: (24.10.2) [CustomClassMapper]: No setter/field for endDateTime found on class com.example.cmput301w24t33.events.Event
03-08 10:11:05.218  4448  4448 W Firestore: (24.10.2) [CustomClassMapper]: No setter/field for startDateTime found on class com.example.cmput301w24t33.events.Event
03-08 10:11:05.218  4448  4448 W Firestore: (24.10.2) [CustomClassMapper]: No setter/field for organizer found on class com.example.cmput301w24t33.events.Event
03-08 10:11:05.219  4448  4448 W Firestore: (24.10.2) [CustomClassMapper]: No setter/field for endDateTime found on class com.example.cmput301w24t33.events.Event
03-08 10:11:05.220  4448  4448 W Firestore: (24.10.2) [CustomClassMapper]: No setter/field for startDateTime found on class com.example.cmput301w24t33.events.Event
03-08 10:11:05.220  4448  4448 W Firestore: (24.10.2) [CustomClassMapper]: No setter/field for organizer found on class com.example.cmput301w24t33.events.Event
03-08 10:11:05.220   355  4657 I resolv  : GetAddrInfoHandler::run: {101 101 101 983141 10192 0}
03-08 10:11:05.221   355  4658 I resolv  : res_nmkquery: (QUERY, IN, AAAA)
03-08 10:11:05.221  4448  4448 W Firestore: (24.10.2) [CustomClassMapper]: No setter/field for startDateTime found on class com.example.cmput301w24t33.events.Event
03-08 10:11:05.224   355  4659 I resolv  : res_nmkquery: (QUERY, IN, A)
03-08 10:11:05.226  4448  4448 W Firestore: (24.10.2) [CustomClassMapper]: No setter/field for endDateTime found on class com.example.cmput301w24t33.events.Event
03-08 10:11:05.227  4448  4448 W Firestore: (24.10.2) [CustomClassMapper]: No setter/field for startDateTime found on class com.example.cmput301w24t33.events.Event
03-08 10:11:05.228   355  4658 I resolv  : res_nsend: used send_dg 70 terrno: 0
03-08 10:11:05.229   355  4658 I resolv  : doQuery: rcode=0, ancount=1, return value=70
03-08 10:11:05.235  4448  4448 W Firestore: (24.10.2) [CustomClassMapper]: No setter/field for endDateTime found on class com.example.cmput301w24t33.events.Event
03-08 10:11:05.236  4448  4448 W Firestore: (24.10.2) [CustomClassMapper]: No setter/field for startDateTime found on class com.example.cmput301w24t33.events.Event
03-08 10:11:05.236  4448  4448 W Firestore: (24.10.2) [CustomClassMapper]: No setter/field for endDateTime found on class com.example.cmput301w24t33.events.Event
03-08 10:11:05.237   355  4659 I resolv  : res_nsend: used send_dg 58 terrno: 0
03-08 10:11:05.238   355  4659 I resolv  : doQuery: rcode=0, ancount=1, return value=58
03-08 10:11:05.241  4448  4448 W Firestore: (24.10.2) [CustomClassMapper]: No setter/field for endDateTime found on class com.example.cmput301w24t33.events.Event
03-08 10:11:05.242  4448  4448 W Firestore: (24.10.2) [CustomClassMapper]: No setter/field for startDateTime found on class com.example.cmput301w24t33.events.Event
03-08 10:11:05.242  4448  4448 W Firestore: (24.10.2) [CustomClassMapper]: No setter/field for organizer found on class com.example.cmput301w24t33.events.Event
03-08 10:11:05.244  4448  4448 W Firestore: (24.10.2) [CustomClassMapper]: No setter/field for endDateTime found on class com.example.cmput301w24t33.events.Event
03-08 10:11:05.250  4448  4448 W Firestore: (24.10.2) [CustomClassMapper]: No setter/field for startDateTime found on class com.example.cmput301w24t33.events.Event
03-08 10:11:05.253  4448  4448 W Firestore: (24.10.2) [CustomClassMapper]: No setter/field for endDateTime found on class com.example.cmput301w24t33.events.Event
03-08 10:11:05.253  4448  4448 W Firestore: (24.10.2) [CustomClassMapper]: No setter/field for startDateTime found on class com.example.cmput301w24t33.events.Event
03-08 10:11:05.255  4448  4448 W Firestore: (24.10.2) [CustomClassMapper]: No setter/field for startDateTime found on class com.example.cmput301w24t33.events.Event
03-08 10:11:05.256  4448  4448 W Firestore: (24.10.2) [CustomClassMapper]: No setter/field for endDateTime found on class com.example.cmput301w24t33.events.Event
03-08 10:11:05.262  4448  4448 W Firestore: (24.10.2) [CustomClassMapper]: No setter/field for startDateTime found on class com.example.cmput301w24t33.events.Event
03-08 10:11:05.265  4448  4448 W Firestore: (24.10.2) [CustomClassMapper]: No setter/field for endDateTime found on class com.example.cmput301w24t33.events.Event
03-08 10:11:05.267  4448  4448 W Firestore: (24.10.2) [CustomClassMapper]: No setter/field for startDateTime found on class com.example.cmput301w24t33.events.Event
03-08 10:11:05.269  4448  4448 W Firestore: (24.10.2) [CustomClassMapper]: No setter/field for endDateTime found on class com.example.cmput301w24t33.events.Event
03-08 10:11:05.274  4448  4448 W Firestore: (24.10.2) [CustomClassMapper]: No setter/field for startDateTime found on class com.example.cmput301w24t33.events.Event
03-08 10:11:05.277  4448  4448 W Firestore: (24.10.2) [CustomClassMapper]: No setter/field for endDateTime found on class com.example.cmput301w24t33.events.Event
03-08 10:11:05.280  4448  4448 W Firestore: (24.10.2) [CustomClassMapper]: No setter/field for startDateTime found on class com.example.cmput301w24t33.events.Event
03-08 10:11:05.282  4448  4448 W Firestore: (24.10.2) [CustomClassMapper]: No setter/field for endDateTime found on class com.example.cmput301w24t33.events.Event
03-08 10:11:05.286  4448  4448 W Firestore: (24.10.2) [CustomClassMapper]: No setter/field for startDateTime found on class com.example.cmput301w24t33.events.Event
03-08 10:11:05.288  4448  4448 W Firestore: (24.10.2) [CustomClassMapper]: No setter/field for endDateTime found on class com.example.cmput301w24t33.events.Event
03-08 10:11:05.291  4448  4448 W Firestore: (24.10.2) [CustomClassMapper]: No setter/field for startDateTime found on class com.example.cmput301w24t33.events.Event
03-08 10:11:05.294  4448  4448 W Firestore: (24.10.2) [CustomClassMapper]: No setter/field for endDateTime found on class com.example.cmput301w24t33.events.Event
03-08 10:11:05.295  4448  4448 W Firestore: (24.10.2) [CustomClassMapper]: No setter/field for startDateTime found on class com.example.cmput301w24t33.events.Event
03-08 10:11:05.296  4448  4448 W Firestore: (24.10.2) [CustomClassMapper]: No setter/field for endDateTime found on class com.example.cmput301w24t33.events.Event
03-08 10:11:05.302  4448  4448 W Firestore: (24.10.2) [CustomClassMapper]: No setter/field for startDateTime found on class com.example.cmput301w24t33.events.Event
03-08 10:11:05.304  4448  4448 W Firestore: (24.10.2) [CustomClassMapper]: No setter/field for endDateTime found on class com.example.cmput301w24t33.events.Event
03-08 10:11:05.307  4448  4448 W Firestore: (24.10.2) [CustomClassMapper]: No setter/field for startDateTime found on class com.example.cmput301w24t33.events.Event
03-08 10:11:05.311  4448  4448 W Firestore: (24.10.2) [CustomClassMapper]: No setter/field for endDateTime found on class com.example.cmput301w24t33.events.Event
03-08 10:11:05.314  4448  4448 W Firestore: (24.10.2) [CustomClassMapper]: No setter/field for startDateTime found on class com.example.cmput301w24t33.events.Event
03-08 10:11:05.317  4448  4448 W Firestore: (24.10.2) [CustomClassMapper]: No setter/field for endDateTime found on class com.example.cmput301w24t33.events.Event
03-08 10:11:05.319  4448  4448 W Firestore: (24.10.2) [CustomClassMapper]: No setter/field for startDateTime found on class com.example.cmput301w24t33.events.Event
03-08 10:11:05.323  4448  4448 W Firestore: (24.10.2) [CustomClassMapper]: No setter/field for endDateTime found on class com.example.cmput301w24t33.events.Event
03-08 10:11:05.325  4448  4448 W Firestore: (24.10.2) [CustomClassMapper]: No setter/field for startDateTime found on class com.example.cmput301w24t33.events.Event
03-08 10:11:05.327  1835  1835 D BoundBrokerSvc: onUnbind: Intent { act=com.google.android.gms.credential.manager.service.operations.checkup.OnDeviceCheckupTaskBoundService.ACTION_TASK_READY dat=chimera-action:/... cmp=com.google.android.gms/.chimera.GmsInternalBoundBrokerService }
03-08 10:11:05.329  4448  4448 W Firestore: (24.10.2) [CustomClassMapper]: No setter/field for endDateTime found on class com.example.cmput301w24t33.events.Event
03-08 10:11:05.331  4448  4448 W Firestore: (24.10.2) [CustomClassMapper]: No setter/field for startDateTime found on class com.example.cmput301w24t33.events.Event
03-08 10:11:05.336  4448  4448 W Firestore: (24.10.2) [CustomClassMapper]: No setter/field for endDateTime found on class com.example.cmput301w24t33.events.Event
03-08 10:11:05.338  4448  4448 W Firestore: (24.10.2) [CustomClassMapper]: No setter/field for startDateTime found on class com.example.cmput301w24t33.events.Event
03-08 10:11:05.341  4448  4448 W Firestore: (24.10.2) [CustomClassMapper]: No setter/field for endDateTime found on class com.example.cmput301w24t33.events.Event
03-08 10:11:05.345  4448  4448 W Firestore: (24.10.2) [CustomClassMapper]: No setter/field for startDateTime found on class com.example.cmput301w24t33.events.Event
03-08 10:11:05.348  4448  4448 W Firestore: (24.10.2) [CustomClassMapper]: No setter/field for endDateTime found on class com.example.cmput301w24t33.events.Event
03-08 10:11:05.353  4448  4448 W Firestore: (24.10.2) [CustomClassMapper]: No setter/field for endDateTime found on class com.example.cmput301w24t33.events.Event
03-08 10:11:05.355  4448  4448 W Firestore: (24.10.2) [CustomClassMapper]: No setter/field for startDateTime found on class com.example.cmput301w24t33.events.Event
03-08 10:11:05.357  4448  4448 W Firestore: (24.10.2) [CustomClassMapper]: No setter/field for startDateTime found on class com.example.cmput301w24t33.events.Event
03-08 10:11:05.358  4448  4448 W Firestore: (24.10.2) [CustomClassMapper]: No setter/field for endDateTime found on class com.example.cmput301w24t33.events.Event
03-08 10:11:05.359  4448  4448 W Firestore: (24.10.2) [CustomClassMapper]: No setter/field for startDateTime found on class com.example.cmput301w24t33.events.Event
03-08 10:11:05.360  4448  4448 W Firestore: (24.10.2) [CustomClassMapper]: No setter/field for endDateTime found on class com.example.cmput301w24t33.events.Event
03-08 10:11:05.364  4448  4448 W Firestore: (24.10.2) [CustomClassMapper]: No setter/field for startDateTime found on class com.example.cmput301w24t33.events.Event
03-08 10:11:05.364   355  4661 I resolv  : GetAddrInfoHandler::run: {101 101 101 983141 10152 0}
03-08 10:11:05.367  4448  4448 W Firestore: (24.10.2) [CustomClassMapper]: No setter/field for endDateTime found on class com.example.cmput301w24t33.events.Event
03-08 10:11:05.368  4448  4448 W Firestore: (24.10.2) [CustomClassMapper]: No setter/field for startDateTime found on class com.example.cmput301w24t33.events.Event
03-08 10:11:05.370  4448  4448 W Firestore: (24.10.2) [CustomClassMapper]: No setter/field for endDateTime found on class com.example.cmput301w24t33.events.Event
03-08 10:11:05.373  4448  4448 W Firestore: (24.10.2) [CustomClassMapper]: No setter/field for startDateTime found on class com.example.cmput301w24t33.events.Event
03-08 10:11:05.374  4448  4448 W Firestore: (24.10.2) [CustomClassMapper]: No setter/field for endDateTime found on class com.example.cmput301w24t33.events.Event
03-08 10:11:05.375  4448  4448 W Firestore: (24.10.2) [CustomClassMapper]: No setter/field for startDateTime found on class com.example.cmput301w24t33.events.Event
03-08 10:11:05.376   355  4663 I resolv  : res_nmkquery: (QUERY, IN, A)
03-08 10:11:05.377   355  4663 I resolv  : resolv_cache_lookup: FOUND IN CACHE entry=0x707790c9f630
03-08 10:11:05.377   355  4663 I resolv  : doQuery: rcode=0, ancount=9, return value=193
03-08 10:11:05.379   355  4662 I resolv  : res_nmkquery: (QUERY, IN, AAAA)
03-08 10:11:05.380   355  4662 I resolv  : resolv_cache_lookup: FOUND IN CACHE entry=0x707790c9ccf0
03-08 10:11:05.383   355  4662 I resolv  : doQuery: rcode=0, ancount=4, return value=161
03-08 10:11:05.389  4448  4448 W Firestore: (24.10.2) [CustomClassMapper]: No setter/field for endDateTime found on class com.example.cmput301w24t33.events.Event
03-08 10:11:05.390  4448  4448 W Firestore: (24.10.2) [CustomClassMapper]: No setter/field for startDateTime found on class com.example.cmput301w24t33.events.Event
03-08 10:11:05.391  4448  4448 W Firestore: (24.10.2) [CustomClassMapper]: No setter/field for endDateTime found on class com.example.cmput301w24t33.events.Event
03-08 10:11:05.397  4448  4448 W Firestore: (24.10.2) [CustomClassMapper]: No setter/field for startDateTime found on class com.example.cmput301w24t33.events.Event
03-08 10:11:05.398  4448  4448 W Firestore: (24.10.2) [CustomClassMapper]: No setter/field for endDateTime found on class com.example.cmput301w24t33.events.Event
03-08 10:11:05.399  4448  4448 W Firestore: (24.10.2) [CustomClassMapper]: No setter/field for startDateTime found on class com.example.cmput301w24t33.events.Event
03-08 10:11:05.399  4448  4448 W Firestore: (24.10.2) [CustomClassMapper]: No setter/field for endDateTime found on class com.example.cmput301w24t33.events.Event
03-08 10:11:05.400  4448  4448 W Firestore: (24.10.2) [CustomClassMapper]: No setter/field for startDateTime found on class com.example.cmput301w24t33.events.Event
03-08 10:11:05.401  4448  4448 W Firestore: (24.10.2) [CustomClassMapper]: No setter/field for endDateTime found on class com.example.cmput301w24t33.events.Event
03-08 10:11:05.409  4448  4448 W Firestore: (24.10.2) [CustomClassMapper]: No setter/field for startDateTime found on class com.example.cmput301w24t33.events.Event
03-08 10:11:05.409  4448  4448 W Firestore: (24.10.2) [CustomClassMapper]: No setter/field for endDateTime found on class com.example.cmput301w24t33.events.Event
03-08 10:11:05.419  1835  1835 D BoundBrokerSvc: onUnbind: Intent { act=com.google.android.gms.people.contactssync.service.START pkg=com.google.android.gms }
03-08 10:11:05.455   569  2282 W system_server: Long monitor contention with owner binder:569_2 (587) at boolean com.android.server.job.JobSchedulerService.isBatteryCharging()(JobSchedulerService.java:4964) waiters=0 in boolean com.android.server.job.JobSchedulerService.cancelJob(int, java.lang.String, int, int, int) for 271ms
03-08 10:11:05.473   569   655 W system_server: Long monitor contention with owner binder:569_2 (587) at boolean com.android.server.job.JobSchedulerService.isBatteryCharging()(JobSchedulerService.java:4964) waiters=3 in void com.android.server.job.JobSchedulerService$JobHandler.handleMessage(android.os.Message) for 103ms
03-08 10:11:05.483  4448  4448 W MotionEvents: Overslept and turned a tap into a long press
03-08 10:11:05.501   793   793 D StatusBarIconController: ignoring old pipeline callbacks, because the new mobile icons are enabled
03-08 10:11:05.504  4448  4667 D ProfileInstaller: Installing profile for com.example.cmput301w24t33
03-08 10:11:05.506  3125  3961 I Fitness : FitCleanupIntentOperation received Intent android.intent.action.PACKAGE_CHANGED [CONTEXT service_id=17 ]
03-08 10:11:05.530   401  2600 D audioserver: FGS Logger Transaction failed
03-08 10:11:05.530   401  2600 D audioserver: -129
03-08 10:11:05.530  1130  1130 D TaplEvents: TIS / TouchInteractionService.onInputEvent: MotionEvent { action=ACTION_UP, actionButton=0, id[0]=0, x[0]=54.5, y[0]=134.5, toolType[0]=TOOL_TYPE_UNKNOWN, buttonState=BUTTON_PRIMARY, classification=NONE, metaState=0, flags=0x0, edgeFlags=0x0, pointerCount=1, historySize=0, eventTime=137483, downTime=137074, deviceId=-1, source=0x1002, displayId=0, eventId=-932090049 }
03-08 10:11:05.569  4448  4668 D TrafficStats: tagSocket(113) with statsTag=0xffffffff, statsUid=-1
03-08 10:11:05.598  4448  4668 W .cmput301w24t33: Accessing hidden field Ljava/net/Socket;->impl:Ljava/net/SocketImpl; (unsupported, reflection, allowed)
03-08 10:11:05.605  3125  3986 I NetworkScheduler.Stats: Task com.google.android.gms/com.google.android.gms.common.systemhealthutils.restart.GmsRestartGmsService started execution. cause:5 exec_start_elapsed_seconds: 136 [CONTEXT service_id=218 ]
03-08 10:11:05.623  1971  1971 I BgTaskExecutorImpl: Starting PERIODIC background task GELLER_PKG_REFRESH_TASK.
03-08 10:11:05.632  4448  4448 I ViewInteraction: Checking 'MatchesViewAssertion{viewMatcher=(view has effective visibility <VISIBLE> and view.getGlobalVisibleRect() to return non-empty rectangle)}' assertion on view view.getId() is <2131230795/com.example.cmput301w24t33:id/admin_activity>
03-08 10:11:05.633  1711  2121 I SP.AiAi : Scheduling: download registered, 0 started, 0 paused, 2 scheduled, 2 pending: manifests:spelling_correction-22110320 * {W:C:I:l, bg}, manifests:webref-2-en-us-19071200 * {m:C:u:l, bg}
03-08 10:11:05.689  1971  2951 I A       : Using proto config with mendel
03-08 10:11:05.693  1971  2951 I A       : Using proto config with mendel
03-08 10:11:05.695  1971  2951 W SearchServiceCore: Abort, client detached.
03-08 10:11:05.699  1971  2191 I A       : Attempting to cache the data for corpora [].
03-08 10:11:05.708   793   846 D SplashScreenView: Build android.window.SplashScreenView{acce9ae V.E...... ......ID 0,0-0,0}
03-08 10:11:05.708   793   846 D SplashScreenView: Icon: view: null drawable: null size: 0
03-08 10:11:05.708   793   846 D SplashScreenView: Branding: view: android.view.View{306b34f G.ED..... ......I. 0,0-0,0 #10204ef android:id/splashscreen_branding_view} drawable: null size w: 0 h: 0
03-08 10:11:05.716  1971  2622 I A       : Canceling restore - user account is null
03-08 10:11:05.745  4448  4448 D LifecycleMonitor: Lifecycle status change: com.example.cmput301w24t33.activities.Admin@46272f7 in: PAUSED
03-08 10:11:05.749  4448  4448 V ActivityScenario: Update currentActivityStage to PAUSED, currentActivity=com.example.cmput301w24t33.activities.Admin@46272f7
03-08 10:11:05.754   401   526 D audioserver: FGS Logger Transaction failed
03-08 10:11:05.754   401   526 D audioserver: -129
03-08 10:11:05.771  3125  3359 I NetworkScheduler.Stats: Task com.google.android.gms/com.google.android.gms.common.systemhealthutils.restart.GmsRestartGmsService finished executing. cause:5 result: 1 elapsed_millis: 1041 uptime_millis: 1041 exec_start_elapsed_seconds: 136 [CONTEXT service_id=218 ]
03-08 10:11:05.773  3125  3854 W ChimeraUtils: Module com.google.android.gms.nearby_en missing resource null(0)
03-08 10:11:05.790  4448  4668 W .cmput301w24t33: Accessing hidden method Ljava/security/spec/ECParameterSpec;->setCurveName(Ljava/lang/String;)V (unsupported, reflection, allowed)
03-08 10:11:05.801  3125  3125 D BoundBrokerSvc: onUnbind: Intent { act=com.google.android.gms.libs.gmscorelogger.service.START dat=chimera-action:/... cmp=com.google.android.gms/.chimera.PersistentDirectBootAwareApiService }
03-08 10:11:05.806   793   888 E OpenGLRenderer: Unable to match the desired swap behavior.
03-08 10:11:05.846  1971  2951 W SearchServiceCore: Abort, client detached.
03-08 10:11:05.872   413   413 I BpBinder: onLastStrongRef automatically unlinking death recipients:
03-08 10:11:05.895   569  2282 W system_server: Long monitor contention with owner binder:569_9 (1164) at com.android.server.pm.Computer com.android.server.pm.PackageManagerService.snapshotComputer(boolean)(PackageManagerService.java:1195) waiters=5 in com.android.server.pm.Computer com.android.server.pm.PackageManagerService.snapshotComputer(boolean) for 110ms
03-08 10:11:05.902  3125  3854 W ChimeraUtils: Module com.google.android.gms.nearby_en missing resource null(0)
03-08 10:11:05.942   793   888 D EGL_emulation: app_time_stats: avg=859.32ms min=13.44ms max=3378.77ms count=4
03-08 10:11:05.971   356   356 D Zygote  : Forked child process 4676
03-08 10:11:06.030  4676  4676 I t301w24t33.test: Late-enabling -Xcheck:jni
03-08 10:11:06.049  1124  1124 I SafetyLabelChangedBroadcastReceiver: received broadcast packageName: com.example.cmput301w24t33.test, current user: UserHandle{0}, packageChangeEvent: NEW_INSTALL, intent user: UserHandle{0}
03-08 10:11:06.080   569   655 W system_server: Long monitor contention with owner binder:569_9 (1164) at void com.android.server.job.controllers.QuotaController$Timer.stopTrackingJob(com.android.server.job.controllers.JobStatus)(QuotaController.java:2172) waiters=0 in void com.android.server.job.JobSchedulerService$JobHandler.handleMessage(android.os.Message) for 345ms
03-08 10:11:06.137  1835  4670 I Auth    : [SupervisedAccountIntentOperation] onHandleIntent(): android.intent.action.PACKAGE_ADDED
03-08 10:11:06.147  4676  4676 I t301w24t33.test: Using CollectorTypeCC GC.
03-08 10:11:06.191   793   888 D EGL_emulation: app_time_stats: avg=145.91ms min=3.31ms max=1984.24ms count=16
03-08 10:11:06.210  4676  4676 W t301w24t33.test: Unexpected CPU variant for x86: x86_64.
03-08 10:11:06.210  4676  4676 W t301w24t33.test: Known variants: atom, sandybridge, silvermont, goldmont, goldmont-plus, tremont, kabylake, default
03-08 10:11:06.235  1835  1835 D BoundBrokerSvc: onBind: Intent { act=com.google.android.gms.common.BIND_SHARED_PREFS pkg=com.google.android.gms }
03-08 10:11:06.235  1835  1835 D BoundBrokerSvc: Loading bound service for intent: Intent { act=com.google.android.gms.common.BIND_SHARED_PREFS pkg=com.google.android.gms }
03-08 10:11:06.285   432   443 I adbd    : jdwp connection from 4676
03-08 10:11:06.290  1835  3411 W SQLiteLog: (28) double-quoted string literal: "com.example.cmput301w24t33"
03-08 10:11:06.309  3125  3125 D BoundBrokerSvc: onUnbind: Intent { act=com.google.android.gms.auth.account.workaccount.START dat=chimera-action:/... cmp=com.google.android.gms/.chimera.PersistentApiService }
03-08 10:11:06.311  2434  2724 I Bugle   : BroadcastReceiverAsyncWorkTracker: Acknowledging broadcast of bdxy@16007e7
03-08 10:11:06.315  2434  2724 I Bugle   : BroadcastReceiverAsyncWorkTracker: Acknowledging broadcast of bdxy@16007e7
03-08 10:11:06.327  3125  3959 I Fitness : FitCleanupIntentOperation received Intent android.intent.action.PACKAGE_REMOVED [CONTEXT service_id=17 ]
03-08 10:11:06.335  3125  3125 D BoundBrokerSvc: onBind: Intent { act=com.google.android.gms.gmscompliance.sync.BackgroundSyncGmsTaskService.ACTION_TASK_READY dat=chimera-action:/... cmp=com.google.android.gms/.chimera.PersistentInternalBoundBrokerService }
03-08 10:11:06.335  3125  3125 D BoundBrokerSvc: Loading bound service for intent: Intent { act=com.google.android.gms.gmscompliance.sync.BackgroundSyncGmsTaskService.ACTION_TASK_READY dat=chimera-action:/... cmp=com.google.android.gms/.chimera.PersistentInternalBoundBrokerService }
03-08 10:11:06.374   356   356 D Zygote  : Forked child process 4691
03-08 10:11:06.381  3476  3476 W rules.WifiRx: FenceState currentState is not true
03-08 10:11:06.398  3125  3961 I ProximityAuth: [RecentAppsMediator] Package added: (user=UserHandle{0}) com.example.cmput301w24t33
03-08 10:11:06.398  1971  1971 I BgTaskExecutorImpl: Starting PERIODIC background task TNG_VOICE_SEARCH_SYNC.
03-08 10:11:06.422  1835  1835 D BoundBrokerSvc: onUnbind: Intent { act=com.google.android.gms.common.BIND_SHARED_PREFS pkg=com.google.android.gms }
03-08 10:11:06.448  3125  4412 I NetworkScheduler.Stats: Task com.google.android.gms/com.google.android.gms.auth.account.be.legacy.AuthCronService started execution. cause:5 exec_start_elapsed_seconds: 137 [CONTEXT service_id=218 ]
03-08 10:11:06.451  4691  4691 I ackageinstaller: Using CollectorTypeCC GC.
03-08 10:11:06.454  4691  4691 W ackageinstaller: Unexpected CPU variant for x86: x86_64.
03-08 10:11:06.454  4691  4691 W ackageinstaller: Known variants: atom, sandybridge, silvermont, goldmont, goldmont-plus, tremont, kabylake, default
03-08 10:11:06.477  4691  4691 E ackageinstaller: Not starting debugger since process cannot load the jdwp agent.
03-08 10:11:06.491  3125  4420 I ConsentLogging: [LogsUploader] User did not optin for usage reporting.
03-08 10:11:06.532  3125  4420 I ConsentLogging: [LogsUploader] User did not optin for usage reporting.
03-08 10:11:06.589  3125  3961 I ProximityAuth: [MessageProcessorManager] MessageProcessorManager instantiated for user UserHandle{0}
03-08 10:11:06.625  4676  4676 D CompatibilityChangeReporter: Compat change id reported: 171979766; UID 10193; state: ENABLED
03-08 10:11:06.625  4676  4676 D CompatibilityChangeReporter: Compat change id reported: 242716250; UID 10193; state: ENABLED
03-08 10:11:06.626   569  4708 W OpenGLRenderer: Failed to choose config with EGL_SWAP_BEHAVIOR_PRESERVED, retrying without...
03-08 10:11:06.640   569  4708 W OpenGLRenderer: Failed to initialize 101010-2 format, error = EGL_SUCCESS
03-08 10:11:06.645  4676  4676 D ApplicationLoaders: Returning zygote-cached class loader: /system/framework/android.test.base.jar
03-08 10:11:06.653  4676  4676 D nativeloader: Configuring clns-6 for other apk /system/framework/android.test.mock.jar. target_sdk_version=34, uses_libraries=ALL, library_path=/data/app/~~_Nd37Na8zgIwkyPPilJqIA==/com.example.cmput301w24t33.test-SUf_2jLyVD0G9Sa48ISbjg==/lib/x86_64, permitted_path=/data:/mnt/expand:/data/user/0/com.example.cmput301w24t33.test
03-08 10:11:06.661  4676  4676 D ApplicationLoaders: Returning zygote-cached class loader: /system/framework/android.test.base.jar
03-08 10:11:06.666  4676  4676 D nativeloader: Configuring clns-7 for other apk /system/framework/android.test.runner.jar. target_sdk_version=34, uses_libraries=ALL, library_path=/data/app/~~_Nd37Na8zgIwkyPPilJqIA==/com.example.cmput301w24t33.test-SUf_2jLyVD0G9Sa48ISbjg==/lib/x86_64, permitted_path=/data:/mnt/expand:/data/user/0/com.example.cmput301w24t33.test
03-08 10:11:06.668  4676  4676 W ziparchive: Unable to open '/data/app/~~_Nd37Na8zgIwkyPPilJqIA==/com.example.cmput301w24t33.test-SUf_2jLyVD0G9Sa48ISbjg==/base.dm': No such file or directory
03-08 10:11:06.668  4676  4676 W ziparchive: Unable to open '/data/app/~~_Nd37Na8zgIwkyPPilJqIA==/com.example.cmput301w24t33.test-SUf_2jLyVD0G9Sa48ISbjg==/base.dm': No such file or directory
03-08 10:11:06.686  4676  4676 D nativeloader: Configuring clns-8 for other apk /data/app/~~_Nd37Na8zgIwkyPPilJqIA==/com.example.cmput301w24t33.test-SUf_2jLyVD0G9Sa48ISbjg==/base.apk. target_sdk_version=34, uses_libraries=, library_path=/data/app/~~_Nd37Na8zgIwkyPPilJqIA==/com.example.cmput301w24t33.test-SUf_2jLyVD0G9Sa48ISbjg==/lib/x86_64, permitted_path=/data:/mnt/expand:/data/user/0/com.example.cmput301w24t33.test
03-08 10:11:06.739  1835  4671 W gle.android.gms: Long monitor contention with owner [com.google.android.gms.chimera.container.intentoperation.GmsIntentOperationChimeraService-Executor] idle (3992) at void hjm.run()(:com.google.android.gms@231818047@23.18.18 (190800-535401451):3) waiters=0 in void hjm.run() for 158ms
03-08 10:11:06.741   569   569 W system_server: Long monitor contention with owner appscheduling.default (655) at void com.android.server.job.JobSchedulerService$JobHandler.handleMessage(android.os.Message)(JobSchedulerService.java:3305) waiters=0 in void com.android.server.job.JobServiceContext.onServiceConnected(android.content.ComponentName, android.os.IBinder) for 295ms
03-08 10:11:06.741   569  1164 W system_server: Long monitor contention with owner appscheduling.default (655) at void com.android.server.job.JobSchedulerService$JobHandler.handleMessage(android.os.Message)(JobSchedulerService.java:3305) waiters=1 in void com.android.server.job.JobServiceContext.doCallback(com.android.server.job.JobServiceContext$JobCallback, boolean, java.lang.String) for 341ms
03-08 10:11:06.744  1971  1971 I BgTaskExecutorImpl: Starting PERIODIC background task GELLER_PKG_ENTITIES_REFRESH_TASK.
03-08 10:11:06.755  1971  1971 I BgTaskExecutorImpl: Starting PERIODIC background task NGA_PRIORITY_DOWNLOAD_TASK.
03-08 10:11:06.767  4691  4691 D CompatibilityChangeReporter: Compat change id reported: 171979766; UID 10083; state: ENABLED
03-08 10:11:06.767  4691  4691 D CompatibilityChangeReporter: Compat change id reported: 242716250; UID 10083; state: ENABLED
03-08 10:11:06.786  4676  4676 V GraphicsEnvironment: Currently set values for:
03-08 10:11:06.786  4676  4676 V GraphicsEnvironment:   angle_gl_driver_selection_pkgs=[]
03-08 10:11:06.787  4676  4676 V GraphicsEnvironment:   angle_gl_driver_selection_values=[]
03-08 10:11:06.792  4676  4676 V GraphicsEnvironment: ANGLE GameManagerService for com.example.cmput301w24t33.test: false
03-08 10:11:06.792  4676  4676 V GraphicsEnvironment: com.example.cmput301w24t33.test is not listed in per-application setting
03-08 10:11:06.792  4676  4676 V GraphicsEnvironment: Neither updatable production driver nor prerelease driver is supported.
03-08 10:11:06.830  4448  4448 W Firestore: (24.10.2) [CustomClassMapper]: No setter/field for endDateTime found on class com.example.cmput301w24t33.events.Event
03-08 10:11:06.831  4448  4448 W Firestore: (24.10.2) [CustomClassMapper]: No setter/field for startDateTime found on class com.example.cmput301w24t33.events.Event
03-08 10:11:06.865  1971  2951 I TngVoiceSearchSync: Syncing TNG:VoiceSearch
03-08 10:11:06.887  4676  4714 D libEGL  : loaded /vendor/lib64/egl/libEGL_emulation.so
03-08 10:11:06.898  4676  4714 D libEGL  : loaded /vendor/lib64/egl/libGLESv1_CM_emulation.so
03-08 10:11:06.900  4691  4691 D nativeloader: Configuring clns-shared-6 for other apk /system/priv-app/GooglePackageInstaller/GooglePackageInstaller.apk. target_sdk_version=34, uses_libraries=, library_path=/system/priv-app/GooglePackageInstaller/lib/x86_64:/system/lib64:/system_ext/lib64, permitted_path=/data:/mnt/expand:/data/user_de/0/com.google.android.packageinstaller:/system/priv-app/GooglePackageInstaller:/system/lib64:/system_ext/lib64
03-08 10:11:06.902  4448  4448 W Firestore: (24.10.2) [CustomClassMapper]: No setter/field for startDateTime found on class com.example.cmput301w24t33.events.Event
03-08 10:11:06.903  4676  4714 D libEGL  : loaded /vendor/lib64/egl/libGLESv2_emulation.so
03-08 10:11:06.915  1971  2951 W SearchServiceCore: Abort, client detached.
03-08 10:11:06.916  1971  2951 W SearchServiceCore: Abort, client detached.
03-08 10:11:06.918  3125  4420 I NetworkScheduler.Stats: Task com.google.android.gms/com.google.android.gms.auth.account.be.legacy.AuthCronService finished executing. cause:5 result: 1 elapsed_millis: 1229 uptime_millis: 1229 exec_start_elapsed_seconds: 137 [CONTEXT service_id=218 ]
03-08 10:11:06.935  4448  4448 W Firestore: (24.10.2) [CustomClassMapper]: No setter/field for endDateTime found on class com.example.cmput301w24t33.events.Event
03-08 10:11:06.937  4691  4691 V GraphicsEnvironment: Currently set values for:
03-08 10:11:06.937  4691  4691 V GraphicsEnvironment:   angle_gl_driver_selection_pkgs=[]
03-08 10:11:06.937  4691  4691 V GraphicsEnvironment:   angle_gl_driver_selection_values=[]
03-08 10:11:06.939  4691  4691 V GraphicsEnvironment: ANGLE GameManagerService for com.google.android.packageinstaller: false
03-08 10:11:06.939  4691  4691 V GraphicsEnvironment: com.google.android.packageinstaller is not listed in per-application setting
03-08 10:11:06.940  4691  4691 V GraphicsEnvironment: Neither updatable production driver nor prerelease driver is supported.
03-08 10:11:06.943  4448  4448 W Firestore: (24.10.2) [CustomClassMapper]: No setter/field for startDateTime found on class com.example.cmput301w24t33.events.Event
03-08 10:11:06.944  4448  4448 W Firestore: (24.10.2) [CustomClassMapper]: No setter/field for endDateTime found on class com.example.cmput301w24t33.events.Event
03-08 10:11:06.945  4448  4448 W Firestore: (24.10.2) [CustomClassMapper]: No setter/field for startDateTime found on class com.example.cmput301w24t33.events.Event
03-08 10:11:06.946  4448  4448 W Firestore: (24.10.2) [CustomClassMapper]: No setter/field for endDateTime found on class com.example.cmput301w24t33.events.Event
03-08 10:11:06.949  4448  4448 W Firestore: (24.10.2) [CustomClassMapper]: No setter/field for endDateTime found on class com.example.cmput301w24t33.events.Event
03-08 10:11:06.949  4448  4448 W Firestore: (24.10.2) [CustomClassMapper]: No setter/field for startDateTime found on class com.example.cmput301w24t33.events.Event
03-08 10:11:06.962  4448  4448 W Firestore: (24.10.2) [CustomClassMapper]: No setter/field for startDateTime found on class com.example.cmput301w24t33.events.Event
03-08 10:11:06.963  4448  4448 W Firestore: (24.10.2) [CustomClassMapper]: No setter/field for endDateTime found on class com.example.cmput301w24t33.events.Event
03-08 10:11:06.965  4448  4448 W Firestore: (24.10.2) [CustomClassMapper]: No setter/field for endDateTime found on class com.example.cmput301w24t33.events.Event
03-08 10:11:06.966  4448  4448 W Firestore: (24.10.2) [CustomClassMapper]: No setter/field for startDateTime found on class com.example.cmput301w24t33.events.Event
03-08 10:11:06.966  4448  4448 W Firestore: (24.10.2) [CustomClassMapper]: No setter/field for organizer found on class com.example.cmput301w24t33.events.Event
03-08 10:11:06.967  4448  4448 W Firestore: (24.10.2) [CustomClassMapper]: No setter/field for startDateTime found on class com.example.cmput301w24t33.events.Event
03-08 10:11:06.973  4448  4448 W Firestore: (24.10.2) [CustomClassMapper]: No setter/field for endDateTime found on class com.example.cmput301w24t33.events.Event
03-08 10:11:06.975  4448  4448 W Firestore: (24.10.2) [CustomClassMapper]: No setter/field for endDateTime found on class com.example.cmput301w24t33.events.Event
03-08 10:11:06.976  4448  4448 W Firestore: (24.10.2) [CustomClassMapper]: No setter/field for startDateTime found on class com.example.cmput301w24t33.events.Event
03-08 10:11:06.978  4448  4448 W Firestore: (24.10.2) [CustomClassMapper]: No setter/field for endDateTime found on class com.example.cmput301w24t33.events.Event
03-08 10:11:06.979  4448  4448 W Firestore: (24.10.2) [CustomClassMapper]: No setter/field for startDateTime found on class com.example.cmput301w24t33.events.Event
03-08 10:11:06.979  4448  4448 W Firestore: (24.10.2) [CustomClassMapper]: No setter/field for organizer found on class com.example.cmput301w24t33.events.Event
03-08 10:11:06.983  1971  2622 I A       : No accounts found for [PKG_ENTITIES], not syncing anything.
03-08 10:11:06.985  4448  4448 W Firestore: (24.10.2) [CustomClassMapper]: No setter/field for endDateTime found on class com.example.cmput301w24t33.events.Event
03-08 10:11:06.986  4448  4448 W Firestore: (24.10.2) [CustomClassMapper]: No setter/field for startDateTime found on class com.example.cmput301w24t33.events.Event
03-08 10:11:06.986  4448  4448 W Firestore: (24.10.2) [CustomClassMapper]: No setter/field for organizer found on class com.example.cmput301w24t33.events.Event
03-08 10:11:06.995  4448  4448 W Firestore: (24.10.2) [CustomClassMapper]: No setter/field for startDateTime found on class com.example.cmput301w24t33.events.Event
03-08 10:11:06.998  4448  4448 W Firestore: (24.10.2) [CustomClassMapper]: No setter/field for endDateTime found on class com.example.cmput301w24t33.events.Event
03-08 10:11:06.999  4448  4448 W Firestore: (24.10.2) [CustomClassMapper]: No setter/field for startDateTime found on class com.example.cmput301w24t33.events.Event
03-08 10:11:07.000  4448  4448 W Firestore: (24.10.2) [CustomClassMapper]: No setter/field for endDateTime found on class com.example.cmput301w24t33.events.Event
03-08 10:11:07.012  4448  4448 W Firestore: (24.10.2) [CustomClassMapper]: No setter/field for startDateTime found on class com.example.cmput301w24t33.events.Event
03-08 10:11:07.013  4448  4448 W Firestore: (24.10.2) [CustomClassMapper]: No setter/field for endDateTime found on class com.example.cmput301w24t33.events.Event
03-08 10:11:07.020  4448  4448 W Firestore: (24.10.2) [CustomClassMapper]: No setter/field for endDateTime found on class com.example.cmput301w24t33.events.Event
03-08 10:11:07.027  4448  4448 W Firestore: (24.10.2) [CustomClassMapper]: No setter/field for startDateTime found on class com.example.cmput301w24t33.events.Event
03-08 10:11:07.027  4448  4448 W Firestore: (24.10.2) [CustomClassMapper]: No setter/field for organizer found on class com.example.cmput301w24t33.events.Event
03-08 10:11:07.031  4448  4448 W Firestore: (24.10.2) [CustomClassMapper]: No setter/field for endDateTime found on class com.example.cmput301w24t33.events.Event
03-08 10:11:07.032  4448  4448 W Firestore: (24.10.2) [CustomClassMapper]: No setter/field for startDateTime found on class com.example.cmput301w24t33.events.Event
03-08 10:11:07.035  4448  4448 W Firestore: (24.10.2) [CustomClassMapper]: No setter/field for endDateTime found on class com.example.cmput301w24t33.events.Event
03-08 10:11:07.035  4448  4448 W Firestore: (24.10.2) [CustomClassMapper]: No setter/field for startDateTime found on class com.example.cmput301w24t33.events.Event
03-08 10:11:07.061  4448  4448 W Firestore: (24.10.2) [CustomClassMapper]: No setter/field for startDateTime found on class com.example.cmput301w24t33.events.Event
03-08 10:11:07.062  4448  4448 W Firestore: (24.10.2) [CustomClassMapper]: No setter/field for endDateTime found on class com.example.cmput301w24t33.events.Event
03-08 10:11:07.078  3125  3125 D BoundBrokerSvc: onBind: Intent { act=com.google.android.gms.nearby.exposurenotification.START dat=chimera-action:/... cmp=com.google.android.gms/.chimera.PersistentApiServiceNoInstantApps }
03-08 10:11:07.079  3125  3125 D BoundBrokerSvc: Loading bound service for intent: Intent { act=com.google.android.gms.nearby.exposurenotification.START dat=chimera-action:/... cmp=com.google.android.gms/.chimera.PersistentApiServiceNoInstantApps }
03-08 10:11:07.083  4448  4448 W Firestore: (24.10.2) [CustomClassMapper]: No setter/field for startDateTime found on class com.example.cmput301w24t33.events.Event
03-08 10:11:07.093  4448  4448 W Firestore: (24.10.2) [CustomClassMapper]: No setter/field for endDateTime found on class com.example.cmput301w24t33.events.Event
03-08 10:11:07.095  4448  4448 W Firestore: (24.10.2) [CustomClassMapper]: No setter/field for startDateTime found on class com.example.cmput301w24t33.events.Event
03-08 10:11:07.096  4448  4448 W Firestore: (24.10.2) [CustomClassMapper]: No setter/field for endDateTime found on class com.example.cmput301w24t33.events.Event
03-08 10:11:07.113  1971  1971 W TaskServiceHelper: Not enough time has passed between starts of two 180 periodic tasks.
03-08 10:11:07.118  4448  4448 W Firestore: (24.10.2) [CustomClassMapper]: No setter/field for startDateTime found on class com.example.cmput301w24t33.events.Event
03-08 10:11:07.119  4448  4448 W Firestore: (24.10.2) [CustomClassMapper]: No setter/field for endDateTime found on class com.example.cmput301w24t33.events.Event
03-08 10:11:07.121  4448  4448 W Firestore: (24.10.2) [CustomClassMapper]: No setter/field for startDateTime found on class com.example.cmput301w24t33.events.Event
03-08 10:11:07.123  4448  4448 W Firestore: (24.10.2) [CustomClassMapper]: No setter/field for endDateTime found on class com.example.cmput301w24t33.events.Event
03-08 10:11:07.125  4448  4448 W Firestore: (24.10.2) [CustomClassMapper]: No setter/field for startDateTime found on class com.example.cmput301w24t33.events.Event
03-08 10:11:07.126  4448  4448 W Firestore: (24.10.2) [CustomClassMapper]: No setter/field for endDateTime found on class com.example.cmput301w24t33.events.Event
03-08 10:11:07.128  4448  4448 W Firestore: (24.10.2) [CustomClassMapper]: No setter/field for startDateTime found on class com.example.cmput301w24t33.events.Event
03-08 10:11:07.129  4448  4448 W Firestore: (24.10.2) [CustomClassMapper]: No setter/field for endDateTime found on class com.example.cmput301w24t33.events.Event
03-08 10:11:07.131  4448  4448 W Firestore: (24.10.2) [CustomClassMapper]: No setter/field for startDateTime found on class com.example.cmput301w24t33.events.Event
03-08 10:11:07.132  4448  4448 W Firestore: (24.10.2) [CustomClassMapper]: No setter/field for endDateTime found on class com.example.cmput301w24t33.events.Event
03-08 10:11:07.135  4448  4448 W Firestore: (24.10.2) [CustomClassMapper]: No setter/field for startDateTime found on class com.example.cmput301w24t33.events.Event
03-08 10:11:07.136  4676  4676 D CompatibilityChangeReporter: Compat change id reported: 237531167; UID 10193; state: DISABLED
03-08 10:11:07.136  4448  4448 W Firestore: (24.10.2) [CustomClassMapper]: No setter/field for endDateTime found on class com.example.cmput301w24t33.events.Event
03-08 10:11:07.138  4676  4676 W OpenGLRenderer: Unknown dataspace 0
03-08 10:11:07.141  4448  4448 W Firestore: (24.10.2) [CustomClassMapper]: No setter/field for startDateTime found on class com.example.cmput301w24t33.events.Event
03-08 10:11:07.142  4448  4448 W Firestore: (24.10.2) [CustomClassMapper]: No setter/field for endDateTime found on class com.example.cmput301w24t33.events.Event
03-08 10:11:07.146  4448  4448 W Firestore: (24.10.2) [CustomClassMapper]: No setter/field for startDateTime found on class com.example.cmput301w24t33.events.Event
03-08 10:11:07.147  4448  4448 W Firestore: (24.10.2) [CustomClassMapper]: No setter/field for endDateTime found on class com.example.cmput301w24t33.events.Event
03-08 10:11:07.148  4448  4448 W Firestore: (24.10.2) [CustomClassMapper]: No setter/field for startDateTime found on class com.example.cmput301w24t33.events.Event
03-08 10:11:07.149  4448  4448 W Firestore: (24.10.2) [CustomClassMapper]: No setter/field for endDateTime found on class com.example.cmput301w24t33.events.Event
03-08 10:11:07.150  4448  4448 W Firestore: (24.10.2) [CustomClassMapper]: No setter/field for startDateTime found on class com.example.cmput301w24t33.events.Event
03-08 10:11:07.151  4448  4448 W Firestore: (24.10.2) [CustomClassMapper]: No setter/field for endDateTime found on class com.example.cmput301w24t33.events.Event
03-08 10:11:07.151  4448  4448 W Firestore: (24.10.2) [CustomClassMapper]: No setter/field for startDateTime found on class com.example.cmput301w24t33.events.Event
03-08 10:11:07.152  4448  4448 W Firestore: (24.10.2) [CustomClassMapper]: No setter/field for endDateTime found on class com.example.cmput301w24t33.events.Event
03-08 10:11:07.158  4448  4448 W Firestore: (24.10.2) [CustomClassMapper]: No setter/field for startDateTime found on class com.example.cmput301w24t33.events.Event
03-08 10:11:07.159  4448  4448 W Firestore: (24.10.2) [CustomClassMapper]: No setter/field for endDateTime found on class com.example.cmput301w24t33.events.Event
03-08 10:11:07.160  4448  4448 W Firestore: (24.10.2) [CustomClassMapper]: No setter/field for startDateTime found on class com.example.cmput301w24t33.events.Event
03-08 10:11:07.160  4448  4448 W Firestore: (24.10.2) [CustomClassMapper]: No setter/field for endDateTime found on class com.example.cmput301w24t33.events.Event
03-08 10:11:07.161  3125  4604 W ChimeraUtils: Module com.google.android.gms.nearby_en missing resource null(0)
03-08 10:11:07.166  4448  4448 W Firestore: (24.10.2) [CustomClassMapper]: No setter/field for endDateTime found on class com.example.cmput301w24t33.events.Event
03-08 10:11:07.166  4448  4448 W Firestore: (24.10.2) [CustomClassMapper]: No setter/field for startDateTime found on class com.example.cmput301w24t33.events.Event
03-08 10:11:07.177  4448  4448 W Firestore: (24.10.2) [CustomClassMapper]: No setter/field for startDateTime found on class com.example.cmput301w24t33.events.Event
03-08 10:11:07.178  4448  4448 W Firestore: (24.10.2) [CustomClassMapper]: No setter/field for endDateTime found on class com.example.cmput301w24t33.events.Event
03-08 10:11:07.179  4448  4448 W Firestore: (24.10.2) [CustomClassMapper]: No setter/field for startDateTime found on class com.example.cmput301w24t33.events.Event
03-08 10:11:07.181  1835  3992 I Auth    : [SupervisedAccountIntentOperation] onHandleIntent(): android.intent.action.PACKAGE_ADDED
03-08 10:11:07.184  4448  4448 W Firestore: (24.10.2) [CustomClassMapper]: No setter/field for endDateTime found on class com.example.cmput301w24t33.events.Event
03-08 10:11:07.185  3125  4604 W ChimeraUtils: Module com.google.android.gms.nearby_en missing resource null(0)
03-08 10:11:07.191  4448  4448 W Firestore: (24.10.2) [CustomClassMapper]: No setter/field for startDateTime found on class com.example.cmput301w24t33.events.Event
03-08 10:11:07.192  4448  4448 W Firestore: (24.10.2) [CustomClassMapper]: No setter/field for endDateTime found on class com.example.cmput301w24t33.events.Event
03-08 10:11:07.195   413   685 W ServiceManagerCppClient: Permission failure: android.permission.ROTATE_SURFACE_FLINGER from uid=10193 pid=4676
03-08 10:11:07.196   413   685 D PermissionCache: checking android.permission.ROTATE_SURFACE_FLINGER for uid=10193 => denied (514 us)
03-08 10:11:07.196  4448  4448 W Firestore: (24.10.2) [CustomClassMapper]: No setter/field for startDateTime found on class com.example.cmput301w24t33.events.Event
03-08 10:11:07.197  3125  4420 I NetworkScheduler.Stats: Task com.google.android.gms/com.google.android.gms.gmscompliance.sync.BackgroundSyncGmsTaskService started execution. cause:5 exec_start_elapsed_seconds: 138 [CONTEXT service_id=218 ]
03-08 10:11:07.197   413   437 W ServiceManagerCppClient: Permission failure: android.permission.ROTATE_SURFACE_FLINGER from uid=10193 pid=0
03-08 10:11:07.197   413   437 D PermissionCache: checking android.permission.ROTATE_SURFACE_FLINGER for uid=10193 => denied (3583 us)
03-08 10:11:07.197   413   437 W ServiceManagerCppClient: Permission failure: android.permission.INTERNAL_SYSTEM_WINDOW from uid=10193 pid=0
03-08 10:11:07.197   413   437 D PermissionCache: checking android.permission.INTERNAL_SYSTEM_WINDOW for uid=10193 => denied (165 us)
03-08 10:11:07.197   413   437 W ServiceManagerCppClient: Permission failure: android.permission.ACCESS_SURFACE_FLINGER from uid=10193 pid=0
03-08 10:11:07.198   413   437 D PermissionCache: checking android.permission.ACCESS_SURFACE_FLINGER for uid=10193 => denied (465 us)
03-08 10:11:07.198  4448  4448 W Firestore: (24.10.2) [CustomClassMapper]: No setter/field for endDateTime found on class com.example.cmput301w24t33.events.Event
03-08 10:11:07.199   413   685 W ServiceManagerCppClient: Permission failure: android.permission.INTERNAL_SYSTEM_WINDOW from uid=10193 pid=4676
03-08 10:11:07.199   413   685 D PermissionCache: checking android.permission.INTERNAL_SYSTEM_WINDOW for uid=10193 => denied (3628 us)
03-08 10:11:07.202  4448  4448 W Firestore: (24.10.2) [CustomClassMapper]: No setter/field for startDateTime found on class com.example.cmput301w24t33.events.Event
03-08 10:11:07.202  4448  4448 W Firestore: (24.10.2) [CustomClassMapper]: No setter/field for endDateTime found on class com.example.cmput301w24t33.events.Event
03-08 10:11:07.208  4448  4448 W Firestore: (24.10.2) [CustomClassMapper]: No setter/field for startDateTime found on class com.example.cmput301w24t33.events.Event
03-08 10:11:07.209  4676  4712 W OpenGLRenderer: Failed to choose config with EGL_SWAP_BEHAVIOR_PRESERVED, retrying without...
03-08 10:11:07.210  4448  4448 W Firestore: (24.10.2) [CustomClassMapper]: No setter/field for endDateTime found on class com.example.cmput301w24t33.events.Event
03-08 10:11:07.210  4676  4712 W OpenGLRenderer: Failed to initialize 101010-2 format, error = EGL_SUCCESS
03-08 10:11:07.211  4448  4448 W Firestore: (24.10.2) [CustomClassMapper]: No setter/field for startDateTime found on class com.example.cmput301w24t33.events.Event
03-08 10:11:07.214  4448  4448 W Firestore: (24.10.2) [CustomClassMapper]: No setter/field for endDateTime found on class com.example.cmput301w24t33.events.Event
03-08 10:11:07.217  4448  4448 W Firestore: (24.10.2) [CustomClassMapper]: No setter/field for startDateTime found on class com.example.cmput301w24t33.events.Event
03-08 10:11:07.217  1835  4673 I BlockstoreStorage: Clearing Blockstore Data for package com.example.cmput301w24t33.test [CONTEXT service_id=258 ]
03-08 10:11:07.218  4448  4448 W Firestore: (24.10.2) [CustomClassMapper]: No setter/field for endDateTime found on class com.example.cmput301w24t33.events.Event
03-08 10:11:07.219  4448  4448 W Firestore: (24.10.2) [CustomClassMapper]: No setter/field for startDateTime found on class com.example.cmput301w24t33.events.Event
